07-30 12:58:06.681  1000  2741  2767 I am_proc_start: [0,12284,10027,com.rock.gota,service,com.rock.gota/.RemoteService]
07-30 13:08:26.322  1000  2741  2741 I am_proc_start: [0,12518,10020,com.google.android.partnersetup,service,com.google.android.partnersetup/.InstalledAppJobService]
07-30 13:08:50.920  1000  2741  2767 I am_proc_start: [0,12642,10001,com.android.calllogbackup,broadcast,com.android.calllogbackup/.CallLogChangeReceiver]
07-30 13:10:34.025  1000  2741  2767 I am_proc_start: [0,12988,10100,com.quora.android,broadcast,com.quora.android/.networking.NetworkChangeReceiver]
07-30 13:10:42.535  1000  2741  2741 I am_proc_start: [0,13127,10072,com.google.android.apps.messaging,service,com.google.android.apps.messaging/.shared.datamodel.action.ActionJobService]
07-30 13:16:31.490  1000  2741  6925 I am_proc_start: [0,14353,10061,com.google.process.gapps,content provider,com.google.android.syncadapters.contacts/.ProxyGalProvider]
07-30 13:19:09.537  1000  2741  3593 I am_proc_start: [0,14680,10073,com.google.android.apps.maps,broadcast,com.google.android.apps.maps/com.google.android.apps.gmm.transit.TransitStationService]
07-30 13:21:16.486  1000  2741  3163 I am_proc_start: [0,15412,10114,com.tencent.mm:tools,content provider,com.tencent.mm/.lib.riskscanner.RiskScannerReqBufferProvider]
07-30 13:21:17.382  1000  2741 11532 I am_proc_start: [0,15452,10114,com.tencent.mm:sandbox,service,com.tencent.mm/.sandbox.updater.UpdaterService]
07-30 13:24:21.644  1000  2741  2767 I am_proc_start: [0,15910,10116,com.google.android.apps.nbu.paisa.user,broadcast,com.google.android.apps.nbu.paisa.user/com.google.apps.tiktok.experiments.phenotype.ConfigurationUpdatedReceiver_Receiver]
07-30 13:24:51.187  1000  2741  3961 I am_proc_start: [0,16090,10041,com.smartron.tronx,content provider,com.smartron.tronx/.provider.ProfileCP]
07-30 13:30:18.606  1000  2741  2741 I am_proc_start: [0,16362,10044,com.google.android.googlequicksearchbox:search,service,com.google.android.googlequicksearchbox/com.google.android.apps.gsa.tasks.BackgroundTasksJobService]
07-30 13:32:33.573  1000  2741  3593 I am_proc_start: [0,16711,10004,com.android.providers.calendar,content provider,com.android.providers.calendar/.CalendarProvider2]
07-30 13:33:30.528  1000  2741  3593 I am_proc_start: [0,16935,99027,com.android.chrome:sandboxed_process11,webview_service,com.google.android.gm/org.chromium.content.app.SandboxedProcessService11]
07-30 13:50:01.475  1000  2741 15709 I am_proc_start: [0,18547,99028,com.android.chrome:sandboxed_process0,webview_service,com.google.android.calendar/org.chromium.content.app.SandboxedProcessService0]
07-30 13:50:51.037  1000  2741  2767 I am_proc_start: [0,18754,10013,com.smartron.synctron,service,com.smartron.synctron/.service.TCloudFileObserverService]
07-30 14:04:26.332  1000  2741  3242 I am_proc_start: [0,19915,99029,com.android.chrome:sandboxed_process12,webview_service,com.google.android.gm/org.chromium.content.app.SandboxedProcessService12]
07-30 14:07:35.168  1000  2741 21978 I am_proc_start: [0,20463,99030,com.android.chrome:sandboxed_process13,webview_service,com.google.android.gm/org.chromium.content.app.SandboxedProcessService13]
07-30 14:07:42.374  1000  2741 21977 I am_proc_start: [0,20513,99031,com.android.chrome:sandboxed_process14,webview_service,com.google.android.gm/org.chromium.content.app.SandboxedProcessService14]
07-30 14:13:32.861  1000  2741  2741 I am_proc_start: [0,21029,10081,com.google.android.apps.photos,service,com.google.android.apps.photos/com.google.android.libraries.social.mediamonitor.MediaMonitorJobSchedulerService]
07-30 14:13:33.136  1000  2741  6894 I am_proc_start: [0,21053,10116,com.google.android.apps.nbu.paisa.user,service,com.google.android.apps.nbu.paisa.user/com.firebase.jobdispatcher.GooglePlayReceiver]
07-30 14:13:33.324  1000  2741  8423 I am_proc_start: [0,21076,10013,android.process.media,broadcast,com.android.providers.media/.MtpReceiver]
07-30 14:13:34.682  1000  2741 16381 I am_proc_start: [0,21155,10086,com.google.android.videos,service,com.google.android.videos/com.google.android.apps.play.movies.common.service.drm.RefreshLicenseTaskService]
07-30 14:13:35.704  1000  2741  7470 I am_proc_start: [0,21193,10028,com.android.vending,service,com.android.vending/com.google.android.finsky.contentfilterui.ContentFiltersService]
07-30 14:16:20.409  1000  2741  2767 I am_proc_start: [0,21613,10100,com.quora.android,broadcast,com.quora.android/.networking.NetworkChangeReceiver]
07-30 14:16:21.361  1000  2741 16369 I am_proc_start: [0,21682,10109,in.gov.umang.negd.g2c,broadcast,in.gov.umang.negd.g2c/in.spicedigital.umang.broadcastreceiver.NetworkChangeReceiver]
07-30 14:20:33.721  1000  2741  2767 I am_proc_start: [0,22031,10121,com.linkedin.android.lite,broadcast,com.linkedin.android.lite/com.google.firebase.iid.FirebaseInstanceIdReceiver]
07-30 14:24:27.332  1000  2741  7470 I am_proc_start: [0,22484,10041,com.smartron.tronx,content provider,com.smartron.tronx/.provider.ProfileCP]
07-30 14:52:00.474  1000  2741  3960 I am_proc_start: [0,23962,10114,com.tencent.mm:tools,service,com.tencent.mm/.plugin.websearch.api.ToolsProcessStarterService]
07-30 14:52:01.274  1000  2741  7024 I am_proc_start: [0,24004,10114,com.tencent.mm:sandbox,service,com.tencent.mm/.sandbox.updater.UpdaterService]
07-30 14:52:02.705  1000  2741 16381 I am_proc_start: [0,24121,10055,com.google.android.calendar,service,com.google.android.calendar/.timely.CalendarOobeService]
07-30 14:52:03.715  1000  2741  3960 I am_proc_start: [0,24161,10004,com.android.providers.calendar,content provider,com.android.providers.calendar/.CalendarProvider2]
07-30 14:52:04.096  1000  2741  3003 I am_proc_start: [0,24191,99032,com.android.chrome:sandboxed_process0,webview_service,com.tencent.mm/org.chromium.content.app.SandboxedProcessService0]
07-30 14:52:17.393  1000  2741  3960 I am_proc_start: [0,24291,99033,com.android.chrome:sandboxed_process15,webview_service,com.google.android.gm/org.chromium.content.app.SandboxedProcessService15]
07-30 14:54:53.093  1000  2741  2741 I am_proc_start: [0,24694,10063,com.google.android.apps.tachyon,service,com.google.android.apps.tachyon/.jobs.NativeJobSchedulerJobService]
07-30 14:54:54.172  1000  2741  3323 I am_proc_start: [0,24748,10016,com.google.android.gms.unstable,service,com.google.android.gms/.droidguard.DroidGuardService]
07-30 15:14:30.333  1000  2741  2741 I am_proc_start: [0,25207,10020,com.google.android.partnersetup,service,com.google.android.partnersetup/.InstalledAppJobService]
07-30 15:19:53.529  1000  2741  2767 I am_proc_start: [0,25700,10013,com.smartron.synctron,service,com.smartron.synctron/.service.TCloudFileObserverService]
07-30 15:22:30.216  1000  2741  3961 I am_proc_start: [0,26068,10121,com.linkedin.android.lite,activity,com.linkedin.android.lite/.activities.DeeplinkActivity]
07-30 15:22:31.059  1000  2741  8423 I am_proc_start: [0,26100,99034,com.android.chrome:sandboxed_process0,webview_service,com.linkedin.android.lite/org.chromium.content.app.SandboxedProcessService0]
07-30 15:27:29.673  1000  2741 16381 I am_proc_start: [0,26641,10021,com.google.android.packageinstaller,activity,com.google.android.packageinstaller/com.android.packageinstaller.UninstallerActivity]
07-30 15:27:31.638  1000  2741  2785 I am_proc_start: [0,26665,10009,com.android.defcontainer,service,com.android.defcontainer/.DefaultContainerService]
07-30 15:27:31.675  1000  2741  2767 I am_proc_start: [0,26679,10025,com.android.musicfx,broadcast,com.android.musicfx/.Compatibility$Receiver]
07-30 15:27:31.983  1000  2741  2755 I am_proc_start: [0,26701,10028,com.android.vending,broadcast,com.android.vending/com.google.android.finsky.packagemanager.impl.PackageMonitorReceiverImpl$RegisteredReceiver]
07-30 15:27:32.083  1000  2741  2741 I am_proc_start: [0,26717,1000,com.android.keychain,service,com.android.keychain/.KeyChainService]
07-30 15:27:33.409  1000  2741  2756 I am_proc_start: [0,26807,10028,com.android.vending:instant_app_installer,broadcast,com.android.vending/com.google.android.finsky.instantapps.appmanagement.InstantAppRemoveMonitor]
07-30 15:27:33.894  1000  2741  2756 I am_proc_start: [0,26845,10012,com.android.documentsui,broadcast,com.android.documentsui/.PackageReceiver]
07-30 15:27:34.298  1000  2741  3163 I am_proc_start: [0,26874,10032,com.android.externalstorage,content provider,com.android.externalstorage/.ExternalStorageProvider]
07-30 15:27:34.355  1000  2741  2756 I am_proc_start: [0,26886,10022,com.microsoft.office.excel,broadcast,com.microsoft.office.excel/com.microsoft.office.asyncdatapointreporting.InstallBroadcastReceiver]
07-30 15:27:34.936  1000  2741  3324 I am_proc_start: [0,26921,10022,com.microsoft.office.powerpoint,broadcast,com.microsoft.office.powerpoint/com.microsoft.office.asyncdatapointreporting.InstallBroadcastReceiver]
07-30 15:27:35.054  1000  2741  6524 I am_proc_start: [0,26936,10013,com.android.mtp,content provider,com.android.mtp/.MtpDocumentsProvider]
07-30 15:27:35.408  1000  2741  3163 I am_proc_start: [0,26967,10022,com.microsoft.office.word,broadcast,com.microsoft.office.word/com.microsoft.office.asyncdatapointreporting.InstallBroadcastReceiver]
07-30 15:27:35.448  1000  2741  2756 I am_proc_start: [0,26979,2000,com.android.shell,content provider,com.android.shell/.BugreportStorageProvider]
07-30 15:27:35.631  1000  2741  3163 I am_proc_start: [0,27001,10062,com.google.android.apps.docs,content provider,com.google.android.apps.docs/.storagebackend.StorageBackendContentProvider]
07-30 15:28:17.301  1000  2741  2767 I am_proc_start: [0,27114,10072,com.google.android.apps.messaging,broadcast,com.google.android.apps.messaging/.shared.receiver.StorageStatusReceiver]
07-30 15:28:17.710  1000  2741  2766 I am_proc_start: [0,27133,10061,com.google.process.gapps,service,com.google.android.syncadapters.contacts/.ContactsSyncAdapterService]
07-30 15:28:17.833  1000  2741  3163 I am_proc_start: [0,27151,10016,com.google.process.gapps,content provider,com.google.android.gsf/.subscribedfeeds.SubscribedFeedsProvider]
07-30 15:28:17.888  1000  2741  3293 I am_proc_start: [0,27174,10016,com.google.android.play.games.ui,content provider,com.google.android.gms/.games.provider.NotificationStubContentProvider]
07-30 15:28:17.923  1000  2741 15709 I am_proc_start: [0,27188,10041,com.smartron.tronx,service,com.smartron.tronx/.service.AIDLAccountService]
07-30 15:28:18.222  1000  2741  3003 I am_proc_start: [0,27228,10081,com.google.android.apps.photos,broadcast,com.google.android.apps.photos/.devicemanagement.service.DeviceManagementReceiver]
07-30 15:28:18.763  1000  2741  3163 I am_proc_start: [0,27284,10001,android.process.acore,content provider,com.android.providers.contacts/.ContactsProvider2]
07-30 15:28:18.875  1000  2741  2756 I am_proc_start: [0,27306,2000,com.qualcomm.qti.perfdump,broadcast,com.qualcomm.qti.perfdump/.StaticReceiver]
07-30 15:28:19.458  1000  2741  2766 I am_proc_start: [0,27355,10055,com.google.android.calendar,service,com.google.android.calendar/com.google.android.syncadapters.calendar.CalendarSyncAdapterService]
07-30 15:28:19.564  1000  2741  2766 I am_proc_start: [0,27373,10013,com.smartron.synctron:syncMessages,service,com.smartron.synctron/.service.MessageSyncService]
07-30 15:28:19.845  1000  2741  7470 I am_proc_start: [0,27408,10004,com.android.providers.calendar,content provider,com.android.providers.calendar/.CalendarProvider2]
07-30 15:28:20.173  1000  2741  2766 I am_proc_start: [0,27448,10013,com.smartron.synctron:syncContacts,service,com.smartron.synctron/.service.ContactSyncService]
07-30 15:28:20.267  1000  2741  2766 I am_proc_start: [0,27473,10013,com.smartron.synctron:syncCallogs,service,com.smartron.synctron/.service.CallLogSyncService]
07-30 15:28:20.605  1000  2741  2766 I am_proc_start: [0,27523,10013,com.smartron.synctron:sync,service,com.smartron.synctron/.service.SyncService]
07-30 15:30:08.143  1000  2741  3242 I am_proc_start: [0,27827,10116,com.google.android.apps.nbu.paisa.user,service,com.google.android.apps.nbu.paisa.user/com.firebase.jobdispatcher.GooglePlayReceiver]
07-30 15:30:17.004  1000  2741  2767 I am_proc_start: [0,27924,10100,com.quora.android,broadcast,com.quora.android/.networking.NetworkChangeReceiver]
07-30 15:30:17.681  1000  2741  2741 I am_proc_start: [0,27981,10028,com.android.vending,service,com.android.vending/com.google.android.finsky.scheduler.JobSchedulerEngine$PhoneskyJobSchedulerJobService]
07-30 15:30:17.707  1000  2741  3242 I am_proc_start: [0,27992,10109,in.gov.umang.negd.g2c,broadcast,in.gov.umang.negd.g2c/in.spicedigital.umang.broadcastreceiver.NetworkChangeReceiver]
07-30 15:30:26.683  1000  2741  6524 I am_proc_start: [0,28163,10028,com.android.vending:instant_app_installer,service,com.android.vending/com.google.android.finsky.instantapps.statussync.StatusSyncService]
07-30 15:30:46.962  1000  2741 16369 I am_proc_start: [0,28281,10101,com.myairtelapp,service,com.myairtelapp/com.firebase.jobdispatcher.GooglePlayReceiver]
07-30 15:31:24.347  1000  2741  2741 I am_proc_start: [0,28499,10081,com.google.android.apps.photos,service,com.google.android.apps.photos/com.google.android.libraries.social.mediamonitor.MediaMonitorJobSchedulerService]
07-30 15:31:24.398  1000  2741  2766 I am_proc_start: [0,28514,10070,com.google.android.keep,service,com.google.android.keep/.syncadapter.KeepSyncAdapterService]
07-30 15:31:26.935  1000  2741  2756 I am_proc_start: [0,28640,10081,com.google.android.apps.photos:mediametadataservice,service,com.google.android.apps.photos/.mediametadataservice.MediaMetadataService]
07-30 15:31:28.535  1000  2741  2756 I am_proc_start: [0,28725,10086,com.google.android.videos,service,com.google.android.videos/com.google.android.apps.play.movies.common.service.drm.RefreshLicenseTaskService]
07-30 15:31:52.846  1000  2741  2741 I am_proc_start: [0,28879,10015,com.android.dialer,service,com.android.dialer/com.android.incallui.InCallServiceImpl]
07-30 15:31:53.779  1000  2741  8423 I am_proc_start: [0,28915,10061,com.google.process.gapps,content provider,com.google.android.syncadapters.contacts/.ProxyGalProvider]
07-30 15:31:59.053  1000  2741  2767 I am_proc_start: [0,28939,10001,com.android.calllogbackup,broadcast,com.android.calllogbackup/.CallLogChangeReceiver]
07-30 15:32:18.509  1000  2741  2741 I am_proc_start: [0,28974,10072,com.google.android.apps.messaging,service,com.google.android.apps.messaging/.shared.datamodel.action.ActionJobService]
07-30 15:32:47.431  1000  2741  3003 I am_proc_start: [0,29040,10028,com.android.vending:instant_app_installer,broadcast,com.android.vending/com.google.android.finsky.instantapps.dna.ArchiveDownloadBroadcastReceiver]
07-30 15:33:30.669  1000  2741  3003 I am_proc_start: [0,29166,10073,com.google.android.apps.maps,broadcast,com.google.android.apps.maps/com.google.android.apps.gmm.ugc.ataplace.AtAPlaceService]
07-30 15:33:37.564  1000  2741  2785 I am_proc_start: [0,29319,10009,com.android.defcontainer,service,com.android.defcontainer/.DefaultContainerService]
07-30 15:33:56.665  1000  2741  2768 I am_proc_start: [0,29401,10034,com.android.systemui:screenshot,service,com.android.systemui/.screenshot.TakeScreenshotService]
07-30 15:34:11.986  1000  2741 21977 I am_proc_start: [0,29465,10030,com.google.android.setupwizard,content provider,com.google.android.setupwizard/.deferred.DeferredSuggestionSummaryProvider]
07-30 15:34:13.296  1000  2741 21978 I am_proc_start: [0,29492,10005,com.android.cellbroadcastreceiver,content provider,com.android.cellbroadcastreceiver/.CellBroadcastSearchIndexableProvider]
07-30 15:34:13.576  1000  2741 21978 I am_proc_start: [0,29507,10014,com.android.emergency,content provider,com.android.emergency/.EmergencySearchIndexablesProvider]
07-30 15:35:37.941  1000  2741 15709 I am_proc_start: [0,29828,10081,com.google.android.apps.photos:mediametadataservice,service,com.google.android.apps.photos/.mediametadataservice.MediaMetadataService]
07-30 15:41:11.789  1000  2741  3632 I am_proc_start: [0,30269,10044,com.google.android.googlequicksearchbox:search,service,com.google.android.googlequicksearchbox/com.google.android.apps.gsa.search.core.service.SearchService]
07-30 15:41:13.275  1000  2741  3242 I am_proc_start: [0,30329,10020,com.google.android.partnersetup,content provider,com.google.android.partnersetup/.RlzAppProvider]
07-30 15:41:27.551  1000  2741  3960 I am_proc_start: [0,30368,10055,com.google.android.calendar,service,com.google.android.calendar/.timely.CalendarOobeService]
07-30 15:41:28.074  1000  2741  3960 I am_proc_start: [0,30405,10004,com.android.providers.calendar,content provider,com.android.providers.calendar/.CalendarProvider2]
07-30 15:41:28.346  1000  2741  3960 I am_proc_start: [0,30431,10001,android.process.acore,content provider,com.android.providers.contacts/.ContactsProvider2]
07-30 15:41:37.906  1000  2741  6925 I am_proc_start: [0,30471,10021,com.google.android.packageinstaller,activity,com.google.android.packageinstaller/com.android.packageinstaller.UninstallerActivity]
07-30 15:41:40.420  1000  2741  2767 I am_proc_start: [0,30515,10025,com.android.musicfx,broadcast,com.android.musicfx/.Compatibility$Receiver]
07-30 15:41:40.765  1000  2741  6520 I am_proc_start: [0,30534,10028,com.android.vending,broadcast,com.android.vending/com.google.android.finsky.packagemanager.impl.PackageMonitorReceiverImpl$RegisteredReceiver]
07-30 15:41:40.810  1000  2741  2741 I am_proc_start: [0,30539,1000,com.android.keychain,service,com.android.keychain/.KeyChainService]
07-30 15:41:42.181  1000  2741  3960 I am_proc_start: [0,30618,10028,com.android.vending:instant_app_installer,broadcast,com.android.vending/com.google.android.finsky.instantapps.appmanagement.InstantAppRemoveMonitor]
07-30 15:41:42.580  1000  2741 21976 I am_proc_start: [0,30653,10012,com.android.documentsui,broadcast,com.android.documentsui/.PackageReceiver]
07-30 15:41:42.891  1000  2741  3960 I am_proc_start: [0,30686,10032,com.android.externalstorage,content provider,com.android.externalstorage/.ExternalStorageProvider]
07-30 15:41:42.938  1000  2741 16381 I am_proc_start: [0,30699,10022,com.microsoft.office.excel,broadcast,com.microsoft.office.excel/com.microsoft.office.asyncdatapointreporting.InstallBroadcastReceiver]
07-30 15:41:43.363  1000  2741  3960 I am_proc_start: [0,30728,10022,com.microsoft.office.powerpoint,broadcast,com.microsoft.office.powerpoint/com.microsoft.office.asyncdatapointreporting.InstallBroadcastReceiver]
07-30 15:41:43.464  1000  2741 11532 I am_proc_start: [0,30746,10013,com.android.mtp,content provider,com.android.mtp/.MtpDocumentsProvider]
07-30 15:41:43.627  1000  2741  3163 I am_proc_start: [0,30766,2000,com.android.shell,content provider,com.android.shell/.BugreportStorageProvider]
07-30 15:41:43.728  1000  2741 11532 I am_proc_start: [0,30788,10022,com.microsoft.office.word,broadcast,com.microsoft.office.word/com.microsoft.office.asyncdatapointreporting.InstallBroadcastReceiver]
07-30 15:41:43.753  1000  2741  3163 I am_proc_start: [0,30802,10062,com.google.android.apps.docs,content provider,com.google.android.apps.docs/.storagebackend.StorageBackendContentProvider]
07-30 15:42:23.871  1000  2741 15709 I am_proc_start: [0,30942,10030,com.google.android.setupwizard,content provider,com.google.android.setupwizard/.deferred.DeferredSuggestionSummaryProvider]
07-30 15:42:25.576  1000  2741 21977 I am_proc_start: [0,30968,10005,com.android.cellbroadcastreceiver,content provider,com.android.cellbroadcastreceiver/.CellBroadcastSearchIndexableProvider]
07-30 15:42:25.745  1000  2741 21977 I am_proc_start: [0,30985,10014,com.android.emergency,content provider,com.android.emergency/.EmergencySearchIndexablesProvider]
07-30 15:44:57.664  1000  2741  2785 I am_proc_start: [0,31256,10009,com.android.defcontainer,service,com.android.defcontainer/.DefaultContainerService]
07-30 15:45:08.846  1000  2741  3242 I am_proc_start: [0,31310,10116,com.google.android.apps.nbu.paisa.user,service,com.google.android.apps.nbu.paisa.user/com.firebase.jobdispatcher.GooglePlayReceiver]
07-30 15:45:41.054  1000  2741  2767 I am_proc_start: [0,31454,10016,com.google.android.gms,broadcast,com.google.android.gms/.statementservice.IntentFilterVerificationReceiver]
07-30 15:45:41.245  1000  2741  3593 I am_proc_start: [0,31469,10016,com.google.android.gms.persistent,content provider,com.google.android.gms/.instantapps.routing.InstantAppsContentProvider]
07-30 15:45:41.573  1000  2741  2767 I am_proc_start: [0,31489,10025,com.android.musicfx,broadcast,com.android.musicfx/.Compatibility$Receiver]
07-30 15:45:41.603  1000  2741 11532 I am_proc_start: [0,31503,10016,com.google.android.gms.persistent,service,com.google.android.gms/.chimera.PersistentDirectBootAwareApiService]
07-30 15:45:41.634  1000  2741  3593 I am_proc_start: [0,31516,10016,com.google.android.gms,service,com.google.android.gms/.cast.media.CastMediaRouteProviderService]
07-30 15:45:41.751  1000  2741 16369 I am_proc_start: [0,31539,10072,com.google.android.apps.messaging,service,com.google.android.apps.messaging/.rcsmigration.RcsMigrationService]
07-30 15:45:41.984  1000  2741  3163 I am_proc_start: [0,31568,10094,com.ideacellular.myidea,broadcast,com.ideacellular.myidea/.more.AppListner]
07-30 15:45:47.942  1000  2741  8423 I am_proc_start: [0,31745,10001,android.process.acore,content provider,com.android.providers.contacts/.ContactsProvider2]
07-30 15:45:52.146  1000  2741  5381 I am_proc_start: [0,31807,10064,com.google.android.gm,content provider,com.google.android.gm/.provider.SearchQuery$Provider]
07-30 15:45:52.742  1000  2741 21976 I am_proc_start: [0,31863,10074,com.google.android.music:main,content provider,com.google.android.music/.search.IcingContentProvider]
07-30 15:45:53.133  1000  2741 16381 I am_proc_start: [0,31884,10086,com.google.android.videos,content provider,com.google.android.videos/com.google.android.apps.play.movies.common.service.search.IcingContentProvider]
07-30 15:45:53.349  1000  2741  8423 I am_proc_start: [0,31908,10058,com.android.chrome,content provider,com.android.chrome/com.google.android.apps.chrome.icing.IcingProvider]
07-30 15:45:55.607  1000  2741  2767 I am_proc_start: [0,32053,10096,com.twitter.android,broadcast,com.twitter.android/com.google.firebase.iid.FirebaseInstanceIdReceiver]
07-30 15:45:56.752  1000  2741  3593 I am_proc_start: [0,32110,99035,com.android.chrome:sandboxed_process0,webview_service,com.twitter.android/org.chromium.content.app.SandboxedProcessService0]
07-30 15:45:57.765  1000  2741  3960 I am_proc_start: [0,32182,10016,com.google.android.gms.learning,service,com.google.android.gms/.learning.training.background.TrainingGcmTaskService]
07-30 15:45:57.897  1000  2741  5381 I am_proc_start: [0,32206,10016,com.google.android.gms.feedback,service,com.google.android.gms/.feedback.OfflineReportSendTaskService]
07-30 15:46:00.359  1000  2741  5381 I am_proc_start: [0,32388,10016,com.google.android.gms.unstable,service,com.google.android.gms/.droidguard.DroidGuardService]
07-30 15:46:00.381  1000  2741 16381 I am_proc_start: [0,32395,99036,com.android.chrome:sandboxed_process0,webview_service,com.android.chrome/org.chromium.content.app.SandboxedProcessService0]
07-30 15:46:00.570  1000  2741 16369 I am_proc_start: [0,32433,10058,com.android.chrome:privileged_process0,service,com.android.chrome/org.chromium.content.app.PrivilegedProcessService0]
07-30 15:46:03.775  1000  2741 16381 I am_proc_start: [0,32533,10016,com.google.android.gms:car,service,com.google.android.gms/.chimera.CarBoundBrokerService]
07-30 15:46:04.405  1000  2741  3242 I am_proc_start: [0,32573,10073,com.google.android.apps.maps,broadcast,com.google.android.apps.maps/com.google.android.apps.gmm.transit.TransitStationService]
07-30 15:46:07.884  1000  2741  3593 I am_proc_start: [0,32726,10016,com.google.android.gms.ui,service,com.google.android.gms/.chimera.UiIntentOperationService]
07-30 15:46:15.765  1000  2741  2767 I am_proc_start: [0,476,10044,com.google.android.googlequicksearchbox:search,broadcast,com.google.android.googlequicksearchbox/com.google.android.apps.gsa.configuration.PhenotypeBroadcastReceiver]
07-30 15:46:16.616  1000  2741  7024 I am_proc_start: [0,504,10116,com.google.android.apps.nbu.paisa.user,broadcast,com.google.android.apps.nbu.paisa.user/com.google.apps.tiktok.experiments.phenotype.ConfigurationUpdatedReceiver_Receiver]
07-30 15:46:16.913  1000  2741 16369 I am_proc_start: [0,573,10020,com.google.android.partnersetup,content provider,com.google.android.partnersetup/.RlzAppProvider]
07-30 15:46:17.283  1000  2741  2741 I am_proc_start: [0,605,1000,com.android.keychain,service,com.android.keychain/.KeyChainService]
07-30 15:46:19.041  1000  2741  3163 I am_proc_start: [0,696,10025,com.android.musicfx,broadcast,com.android.musicfx/.Compatibility$Receiver]
07-30 15:46:19.247  1000  2741  3593 I am_proc_start: [0,729,10094,com.ideacellular.myidea,broadcast,com.ideacellular.myidea/.more.AppListner]
07-30 15:46:19.981  1000  2741  2767 I am_proc_start: [0,811,10063,com.google.android.apps.tachyon,broadcast,com.google.android.apps.tachyon/.receiver.AppUpdateReceiver]
07-30 15:47:07.474  1000  2741  2767 I am_proc_start: [0,1045,10096,com.twitter.android,broadcast,com.twitter.android/com.google.firebase.iid.FirebaseInstanceIdReceiver]
07-30 15:47:08.005  1000  2741  3593 I am_proc_start: [0,1083,99037,com.android.chrome:sandboxed_process0,webview_service,com.twitter.android/org.chromium.content.app.SandboxedProcessService0]
07-30 15:47:08.560  1000  2741  3593 I am_proc_start: [0,1169,10058,com.android.chrome,service,com.android.chrome/org.chromium.chrome.browser.customtabs.CustomTabsConnectionService]
07-30 15:47:09.356  1000  2741  3163 I am_proc_start: [0,1241,99038,com.android.chrome:sandboxed_process0,webview_service,com.android.chrome/org.chromium.content.app.SandboxedProcessService0]
07-30 15:47:09.464  1000  2741  2755 I am_proc_start: [0,1259,10058,com.android.chrome:privileged_process0,service,com.android.chrome/org.chromium.content.app.PrivilegedProcessService0]
07-30 15:47:10.188  1000  2741  3100 I am_proc_start: [0,1299,10071,com.google.android.inputmethod.latin,service,com.google.android.inputmethod.latin/com.android.inputmethod.latin.LatinIME]
07-30 15:47:11.796  1000  2741 21978 I am_proc_start: [0,1354,10001,android.process.acore,content provider,com.android.providers.userdictionary/.UserDictionaryProvider]
07-30 15:47:24.204  1000  2741  2755 I am_proc_start: [0,1408,10073,com.google.android.apps.maps,broadcast,com.google.android.apps.maps/com.google.android.apps.gmm.transit.TransitStationService]
07-30 15:47:36.941  1000  2741  2766 I am_proc_start: [0,1519,10064,com.google.android.gm,service,com.google.android.gm/.provider.MailSyncAdapterService]
07-30 15:47:44.148  1000  2741  3960 I am_proc_start: [0,1624,10016,com.google.android.gms.ui,service,com.google.android.gms/.chimera.UiIntentOperationService]
07-30 15:47:50.512  1000  2741  2785 I am_proc_start: [0,1690,10009,com.android.defcontainer,service,com.android.defcontainer/.DefaultContainerService]
07-30 15:47:56.366  1000  2741  2767 I am_proc_start: [0,1743,10025,com.android.musicfx,broadcast,com.android.musicfx/.Compatibility$Receiver]
07-30 15:47:56.401  1000  2741  2741 I am_proc_start: [0,1756,1000,com.android.keychain,service,com.android.keychain/.KeyChainService]
07-30 15:47:56.430  1000  2741  3960 I am_proc_start: [0,1770,10072,com.google.android.apps.messaging,service,com.google.android.apps.messaging/.rcsmigration.RcsMigrationService]
07-30 15:47:56.681  1000  2741  3632 I am_proc_start: [0,1810,10094,com.ideacellular.myidea,broadcast,com.ideacellular.myidea/.more.AppListner]
07-30 15:47:57.496  1000  2741  2767 I am_proc_start: [0,1893,10070,com.google.android.keep,broadcast,com.google.android.keep/.notification.ReminderNotificationReceiver]
07-30 15:48:34.714  1000  2741  6406 I am_proc_start: [0,1999,10073,com.google.android.apps.maps,broadcast,com.google.android.apps.maps/com.google.android.apps.gmm.transit.TransitStationService]
07-30 15:49:01.607  1000  2741  2755 I am_proc_start: [0,2136,10030,com.google.android.setupwizard,content provider,com.google.android.setupwizard/.deferred.DeferredSuggestionSummaryProvider]
07-30 15:49:02.808  1000  2741  6406 I am_proc_start: [0,2167,10005,com.android.cellbroadcastreceiver,content provider,com.android.cellbroadcastreceiver/.CellBroadcastSearchIndexableProvider]
07-30 15:49:03.033  1000  2741  6406 I am_proc_start: [0,2183,10014,com.android.emergency,content provider,com.android.emergency/.EmergencySearchIndexablesProvider]
07-30 15:49:57.164  1000  2741  6925 I am_proc_start: [0,2253,10001,android.process.acore,content provider,com.android.providers.contacts/.ContactsProvider2]
07-30 15:50:00.024  1000  2741  2767 I am_proc_start: [0,2283,10004,com.android.providers.calendar,broadcast,com.android.providers.calendar/.CalendarProviderBroadcastReceiver]
07-30 15:50:00.318  1000  2741  6925 I am_proc_start: [0,2353,10055,com.google.android.calendar,broadcast,com.google.android.calendar/.alerts.AlertReceiver]
07-30 15:50:01.298  1000  2741  2741 I am_proc_start: [0,2466,10044,com.google.android.googlequicksearchbox:search,service,com.google.android.googlequicksearchbox/com.google.android.apps.gsa.tasks.BackgroundTasksJobService]
07-30 15:50:01.543  1000  2741 21977 I am_proc_start: [0,2596,99039,com.android.chrome:sandboxed_process0,webview_service,com.google.android.calendar/org.chromium.content.app.SandboxedProcessService0]
07-30 15:50:02.035  1000  2741  3293 I am_proc_start: [0,2764,10020,com.google.android.partnersetup,content provider,com.google.android.partnersetup/.RlzAppProvider]
07-30 15:50:04.007  1000  2741  2767 I am_proc_start: [0,2952,10100,com.quora.android,broadcast,com.quora.android/.networking.NetworkChangeReceiver]
07-30 15:50:04.475  1000  2741  7470 I am_proc_start: [0,3037,10109,in.gov.umang.negd.g2c,broadcast,in.gov.umang.negd.g2c/in.spicedigital.umang.broadcastreceiver.NetworkChangeReceiver]
07-30 15:50:05.651  1000  2741  2766 I am_proc_start: [0,3124,10064,com.google.android.gm,service,com.google.android.gm/.provider.MailSyncAdapterService]
07-30 15:50:35.294  1000  2741  2767 I am_proc_start: [0,3363,10058,com.android.chrome,service,com.android.chrome/org.chromium.chrome.browser.customtabs.CustomTabsConnectionService]
07-30 15:50:36.068  1000  2741  3293 I am_proc_start: [0,3468,99040,com.android.chrome:sandboxed_process0,webview_service,com.android.chrome/org.chromium.content.app.SandboxedProcessService0]
07-30 15:50:36.159  1000  2741  3962 I am_proc_start: [0,3498,10058,com.android.chrome:privileged_process0,service,com.android.chrome/org.chromium.content.app.PrivilegedProcessService0]
07-30 15:50:36.535  1000  2741  6406 I am_proc_start: [0,3556,10016,com.google.android.gms.unstable,service,com.google.android.gms/.droidguard.DroidGuardService]
07-30 15:51:05.589  1000  2741  6520 I am_proc_start: [0,3651,10081,com.google.android.apps.photos:mediametadataservice,service,com.google.android.apps.photos/.mediametadataservice.MediaMetadataService]
07-30 15:51:28.902  1000  2741  2767 I am_proc_start: [0,3692,10096,com.twitter.android,broadcast,com.twitter.android/com.google.firebase.iid.FirebaseInstanceIdReceiver]
07-30 15:51:29.373  1000  2741  6406 I am_proc_start: [0,3724,99041,com.android.chrome:sandboxed_process0,webview_service,com.twitter.android/org.chromium.content.app.SandboxedProcessService0]
07-30 15:51:54.624  1000  2741  2767 I am_proc_start: [0,3860,10063,com.google.android.apps.tachyon,broadcast,com.google.android.apps.tachyon/.InstallReceiver]
07-30 15:51:54.651  1000  2741  2741 I am_proc_start: [0,3875,10101,com.myairtelapp,service,com.myairtelapp/com.moengage.core.DataSyncJob]
07-30 15:52:02.384  1000  2741  2741 I am_proc_start: [0,4089,10072,com.google.android.apps.messaging,service,com.google.android.apps.messaging/.shared.datamodel.action.ActionJobService]
07-30 15:52:12.817  1000  2741  2767 I am_proc_start: [0,4148,1000,com.qualcomm.qti.callenhancement,service,com.qualcomm.qti.callenhancement/.CallEnhancementService]
07-30 15:53:21.470  1000  2741  2785 I am_proc_start: [0,4237,10009,com.android.defcontainer,service,com.android.defcontainer/.DefaultContainerService]
07-30 15:53:48.986  1000  2741  2767 I am_proc_start: [0,4314,10025,com.android.musicfx,broadcast,com.android.musicfx/.Compatibility$Receiver]
07-30 15:53:49.020  1000  2741  2741 I am_proc_start: [0,4329,1000,com.android.keychain,service,com.android.keychain/.KeyChainService]
07-30 15:53:49.259  1000  2741  7024 I am_proc_start: [0,4373,10094,com.ideacellular.myidea,broadcast,com.ideacellular.myidea/.more.AppListner]
07-30 15:53:50.475  1000  2741  2766 I am_proc_start: [0,4441,10044,com.google.android.googlequicksearchbox:interactor,service,com.google.android.googlequicksearchbox/com.google.android.voiceinteraction.GsaVoiceInteractionService]
07-30 15:53:50.751  1000  2741  2767 I am_proc_start: [0,4480,10044,com.google.android.googlequicksearchbox:search,broadcast,com.google.android.googlequicksearchbox/com.google.android.apps.gsa.googlequicksearchbox.GelStubAppWatcher]
07-30 15:53:51.629  1000  2741  3163 I am_proc_start: [0,4519,10020,com.google.android.partnersetup,content provider,com.google.android.partnersetup/.RlzAppProvider]
07-30 15:53:51.867  1000  2741  8423 I am_proc_start: [0,4546,10004,com.android.providers.calendar,content provider,com.android.providers.calendar/.CalendarProvider2]
07-30 15:53:52.898  1000  2741  3960 I am_proc_start: [0,4594,10058,com.android.chrome:webview_service,service,com.android.chrome/org.chromium.android_webview.services.VariationsSeedServer]
07-30 15:54:24.343  1000  2741  2741 I am_proc_start: [0,4680,10015,com.android.dialer,service,com.android.dialer/com.android.voicemail.impl.StatusCheckJobService]
07-30 15:54:25.954  1000  2741  3779 I am_proc_start: [0,4706,10073,com.google.android.apps.maps,backup,com.google.android.apps.maps/com.google.android.apps.gmm.backup.GmmPersistentBackupAgentHelper]
07-30 15:54:27.568  1000  2741  3779 I am_proc_start: [0,4768,10070,com.google.android.keep,backup,com.google.android.keep/com.google.android.apps.keep.shared.backup.KeepBackupAgent]
07-30 15:54:32.709  1000  2741  3779 I am_proc_start: [0,4803,10005,com.android.cellbroadcastreceiver,backup,com.android.cellbroadcastreceiver/.CellBroadcastBackupAgent]
07-30 15:54:32.874  1000  2741  3779 I am_proc_start: [0,4820,10086,com.google.android.videos,backup,com.google.android.videos/com.google.android.apps.play.movies.common.service.backup.VideosBackupAgent]
07-30 15:54:35.137  1000  2741  3779 I am_proc_start: [0,4875,10044,com.google.android.googlequicksearchbox,backup,com.google.android.googlequicksearchbox/com.google.android.apps.gsa.staticplugins.backup.AgsaBackupAgentHelper]
07-30 15:54:37.831  1000  2741  3779 I am_proc_start: [0,4895,10091,com.google.android.marvin.talkback,backup,com.google.android.marvin.talkback/com.google.android.accessibility.talkback.TalkBackBackupAgent]
07-30 15:54:38.010  1000  2741  3779 I am_proc_start: [0,4926,10001,com.android.calllogbackup,backup,com.android.calllogbackup/.CallLogBackupAgent]
07-30 15:54:38.107  1000  2741  7024 I am_proc_start: [0,4951,10001,android.process.acore,content provider,com.android.providers.contacts/.CallLogProvider]
07-30 15:54:41.160  1000  2741  3779 I am_proc_start: [0,5009,10057,com.google.android.deskclock,backup,com.google.android.deskclock/com.android.deskclock.data.ClockBackupAgent]
07-30 15:54:43.119  1000  2741  3779 I am_proc_start: [0,5046,10064,com.google.android.gm,backup,com.google.android.gm/.persistence.GmailBackupAgent]
07-30 15:54:46.644  1000  2741  2785 I am_proc_start: [0,5178,10009,com.android.defcontainer,service,com.android.defcontainer/.DefaultContainerService]
07-30 15:54:47.326  1000  2741  3779 I am_proc_start: [0,5205,10062,com.google.android.apps.docs,backup,com.google.android.apps.docs/.drive.app.backup.DriveBackupAgent]
07-30 15:54:49.848  1000  2741  3779 I am_proc_start: [0,5267,10090,com.google.android.youtube,backup,com.google.android.youtube/com.google.android.apps.youtube.app.application.backup.YouTubeBackupAgent]
07-30 15:54:52.178  1000  2741  3779 I am_proc_start: [0,5407,10074,com.google.android.music:main,backup,com.google.android.music/.preferences.MusicPreferencesBackupAgent]
07-30 15:54:52.599  1000  2741  2767 I am_proc_start: [0,5429,10025,com.android.musicfx,broadcast,com.android.musicfx/.Compatibility$Receiver]
07-30 15:54:52.648  1000  2741  2741 I am_proc_start: [0,5435,1000,com.android.keychain,service,com.android.keychain/.KeyChainService]
07-30 15:54:52.698  1000  2741  3324 I am_proc_start: [0,5456,10072,com.google.android.apps.messaging,service,com.google.android.apps.messaging/.rcsmigration.RcsMigrationService]
07-30 15:54:52.855  1000  2741  5381 I am_proc_start: [0,5480,10028,com.android.vending:instant_app_installer,broadcast,com.android.vending/com.google.android.finsky.instantapps.appmanagement.InstantAppRemoveMonitor]
07-30 15:54:53.566  1000  2741  3960 I am_proc_start: [0,5566,10094,com.ideacellular.myidea,broadcast,com.ideacellular.myidea/.more.AppListner]
07-30 15:54:54.372  1000  2741  2767 I am_proc_start: [0,5648,10023,com.skype.raider,broadcast,com.skype.raider/com.microsoft.react.push.PushReceiver]
07-30 15:54:54.822  1000  2741  3779 I am_proc_start: [0,5669,10055,com.google.android.calendar,backup,com.google.android.calendar/.backup.CalendarBackupAgent]
07-30 15:54:55.182  1000  2741 16369 I am_proc_start: [0,5698,10004,com.android.providers.calendar,content provider,com.android.providers.calendar/.CalendarProvider2]
07-30 15:54:55.609  1000  2741  2767 I am_proc_start: [0,5742,10013,com.smartron.synctron,service,com.smartron.synctron/.service.TCloudFileObserverService]
07-30 15:55:13.460  1000  2741  2767 I am_proc_start: [0,5886,10016,com.google.process.gapps,broadcast,com.google.android.gsf/.subscribedfeeds.SubscribedFeedsGCMBroadcastReceiver]
07-30 15:55:13.742  1000  2741  2766 I am_proc_start: [0,5903,10064,com.google.android.gm,service,com.google.android.gm/.provider.MailSyncAdapterService]
07-30 15:55:14.758  1000  2741  2767 I am_proc_start: [0,5961,10058,com.android.chrome,service,com.android.chrome/org.chromium.chrome.browser.customtabs.CustomTabsConnectionService]
07-30 15:55:15.747  1000  2741 21976 I am_proc_start: [0,6006,99042,com.android.chrome:sandboxed_process0,webview_service,com.android.chrome/org.chromium.content.app.SandboxedProcessService0]
07-30 15:55:15.900  1000  2741 21976 I am_proc_start: [0,6024,10058,com.android.chrome:privileged_process0,service,com.android.chrome/org.chromium.content.app.PrivilegedProcessService0]
07-30 15:55:20.980  1000  2741  2741 I am_proc_start: [0,6072,10096,com.twitter.android,service,com.twitter.android/com.evernote.android.job.v21.PlatformJobService]
07-30 15:55:21.669  1000  2741  8423 I am_proc_start: [0,6101,99043,com.android.chrome:sandboxed_process0,webview_service,com.twitter.android/org.chromium.content.app.SandboxedProcessService0]
07-30 15:55:38.451  1000  2741  2767 I am_proc_start: [0,6238,10100,com.quora.android,broadcast,com.quora.android/.networking.NetworkChangeReceiver]
07-30 15:55:39.073  1000  2741  8423 I am_proc_start: [0,6303,10109,in.gov.umang.negd.g2c,broadcast,in.gov.umang.negd.g2c/in.spicedigital.umang.broadcastreceiver.NetworkChangeReceiver]
07-30 15:55:54.425  1000  2741  6894 I am_proc_start: [0,6401,10090,com.google.android.youtube,service,com.google.android.youtube/com.google.android.libraries.youtube.common.gcore.gcoreclient.gcm.impl.GcmTaskServiceDelegator]
07-30 15:55:55.961  1000  2741  6524 I am_proc_start: [0,6554,10028,com.android.vending:instant_app_installer,broadcast,com.android.vending/com.google.android.finsky.instantapps.dna.ArchiveDownloadBroadcastReceiver]
07-30 15:56:16.720  1000  2741  2767 I am_proc_start: [0,6631,10114,com.tencent.mm:tools,service,com.tencent.mm/.plugin.websearch.api.ToolsProcessStarterService]
07-30 15:56:17.614  1000  2741  3632 I am_proc_start: [0,6671,10114,com.tencent.mm:sandbox,service,com.tencent.mm/.sandbox.updater.UpdaterService]
07-30 15:56:17.802  1000  2741  2767 I am_proc_start: [0,6723,1001,com.qualcomm.simcontacts,service,com.qualcomm.simcontacts/.SimContactsService]
07-30 15:56:53.194  1000  2741  6925 I am_proc_start: [0,6863,10001,android.process.acore,content provider,com.android.providers.contacts/.ContactsProvider2]
07-30 15:56:54.273  1000  2741  2767 I am_proc_start: [0,6885,10084,com.qualcomm.qti.StatsPollManager,service,com.qualcomm.qti.StatsPollManager/.StatsPollManagerService]
07-30 15:57:05.862  1000  2741  2785 I am_proc_start: [0,6929,10009,com.android.defcontainer,service,com.android.defcontainer/.DefaultContainerService]
07-30 15:57:22.861  1000  2741  2767 I am_proc_start: [0,7006,10025,com.android.musicfx,broadcast,com.android.musicfx/.Compatibility$Receiver]
07-30 15:57:22.888  1000  2741  2741 I am_proc_start: [0,7014,1000,com.android.keychain,service,com.android.keychain/.KeyChainService]
07-30 15:57:23.130  1000  2741  7470 I am_proc_start: [0,7066,10094,com.ideacellular.myidea,broadcast,com.ideacellular.myidea/.more.AppListner]
07-30 15:57:23.940  1000  2741  2767 I am_proc_start: [0,7140,10096,com.twitter.android,broadcast,com.twitter.android/.platform.AppUpdateReceiver]
07-30 15:57:24.350  1000  2741 21977 I am_proc_start: [0,7173,99044,com.android.chrome:sandboxed_process0,webview_service,com.twitter.android/org.chromium.content.app.SandboxedProcessService0]
07-30 16:00:46.591  1000  2741  3003 I am_proc_start: [0,7587,10116,com.google.android.apps.nbu.paisa.user,service,com.google.android.apps.nbu.paisa.user/com.firebase.jobdispatcher.GooglePlayReceiver]
07-30 16:01:16.646  1000  2741  2767 I am_proc_start: [0,7725,10016,com.google.process.gapps,broadcast,com.google.android.gsf/.subscribedfeeds.SubscribedFeedsGCMBroadcastReceiver]
07-30 16:01:16.904  1000  2741  2766 I am_proc_start: [0,7742,10064,com.google.android.gm,service,com.google.android.gm/.provider.MailSyncAdapterService]
07-30 16:01:23.298  1000  2741  2756 I am_proc_start: [0,7835,10001,android.process.acore,content provider,com.android.providers.contacts/.ContactsProvider2]
07-30 16:03:05.384  1000  2741 11532 I am_proc_start: [0,8050,1000,com.fota.pro,activity,com.fota.pro/.DownloadActivity]
07-30 16:03:24.023  1000  2741  6925 I am_proc_start: [0,8118,10058,com.android.chrome:privileged_process1,service,com.android.chrome/org.chromium.content.app.PrivilegedProcessService1]
07-30 16:03:24.811  1000  2741  3003 I am_proc_start: [0,8145,10030,com.google.android.setupwizard,content provider,com.google.android.setupwizard/.deferred.DeferredSuggestionSummaryProvider]
07-30 16:03:26.073  1000  2741  6925 I am_proc_start: [0,8180,10005,com.android.cellbroadcastreceiver,content provider,com.android.cellbroadcastreceiver/.CellBroadcastSearchIndexableProvider]
07-30 16:03:26.218  1000  2741  3962 I am_proc_start: [0,8196,10014,com.android.emergency,content provider,com.android.emergency/.EmergencySearchIndexablesProvider]
07-30 16:03:32.431  1000  2741  6925 I am_proc_start: [0,8249,1000,com.fota.pro,activity,com.fota.pro/.MainActivity]
07-30 16:05:02.397  1000  2741  3953 I am_proc_start: [0,8473,10004,com.android.providers.calendar,content provider,com.android.providers.calendar/.CalendarProvider2]
07-30 16:14:18.770  1000  2741  2741 I am_proc_start: [0,8823,10028,com.android.vending:instant_app_installer,service,com.android.vending/com.google.android.finsky.instantapps.metrics.LogFlushJob]
07-30 16:14:30.616  1000  2741  2741 I am_proc_start: [0,8858,10020,com.google.android.partnersetup,service,com.google.android.partnersetup/.InstalledAppJobService]
07-30 16:14:44.205  1000  2741  2741 I am_proc_start: [0,8891,10015,com.android.dialer,service,com.android.dialer/com.android.incallui.InCallServiceImpl]
07-30 16:14:45.182  1000  2741  3961 I am_proc_start: [0,8927,10061,com.google.process.gapps,content provider,com.google.android.syncadapters.contacts/.ProxyGalProvider]
07-30 16:14:47.491  1000  2741  3961 I am_proc_start: [0,8982,10101,com.myairtelapp,broadcast,com.myairtelapp/com.airtel.agilelab.dartsdk.receiver.ServiceStateReceiver]
07-30 16:14:48.119  1000  2741  2767 I am_proc_start: [0,9067,10100,com.quora.android,broadcast,com.quora.android/.networking.NetworkChangeReceiver]
07-30 16:14:48.363  1000  2741  8423 I am_proc_start: [0,9096,10109,in.gov.umang.negd.g2c,broadcast,in.gov.umang.negd.g2c/in.spicedigital.umang.broadcastreceiver.NetworkChangeReceiver]
07-30 16:14:55.744  1000  2741  2767 I am_proc_start: [0,9188,10001,com.android.calllogbackup,broadcast,com.android.calllogbackup/.CallLogChangeReceiver]
07-30 16:16:51.830  1000  2741 21976 I am_proc_start: [0,9576,10116,com.google.android.apps.nbu.paisa.user,service,com.google.android.apps.nbu.paisa.user/com.firebase.jobdispatcher.GooglePlayReceiver]
07-30 16:19:16.116  1000  2741 16381 I am_proc_start: [0,9873,99045,com.android.chrome:sandboxed_process0,webview_service,com.google.android.googlequicksearchbox/org.chromium.content.app.SandboxedProcessService0]
07-30 16:19:37.428  1000  2741 16381 I am_proc_start: [0,9993,10030,com.google.android.setupwizard,content provider,com.google.android.setupwizard/.deferred.DeferredSuggestionSummaryProvider]
07-30 16:19:38.465  1000  2741 16381 I am_proc_start: [0,10022,10005,com.android.cellbroadcastreceiver,content provider,com.android.cellbroadcastreceiver/.CellBroadcastSearchIndexableProvider]
07-30 16:19:38.646  1000  2741 16381 I am_proc_start: [0,10040,10014,com.android.emergency,content provider,com.android.emergency/.EmergencySearchIndexablesProvider]
07-30 16:20:41.559  1000  2741  2767 I am_proc_start: [0,10114,10073,com.google.android.apps.maps,broadcast,com.google.android.apps.maps/com.google.android.apps.gmm.ugc.ataplace.AtAPlaceService]
07-30 16:30:00.493  1000  2741 16369 I am_proc_start: [0,10396,10004,com.android.providers.calendar,content provider,com.android.providers.calendar/.CalendarProvider2]
07-30 16:33:30.338  1000  2741  2767 I am_proc_start: [0,10572,10013,android.process.media,broadcast,com.android.providers.media/.MediaScannerReceiver]
07-30 16:33:35.706  1000  2741  2768 I am_proc_start: [0,10595,10034,com.android.systemui:screenshot,service,com.android.systemui/.screenshot.TakeScreenshotService]
07-30 16:35:24.634  1000  2741  3960 I am_proc_start: [0,10733,10032,com.android.externalstorage,content provider,com.android.externalstorage/.ExternalStorageProvider]
07-30 16:41:26.776  1000  2741  2767 I am_proc_start: [0,11092,2000,com.android.shell,broadcast,com.android.shell/.BugreportReceiver]
