05-05 17:53:37.647  logd   423   423 I auditd  : type=2000 audit(0.0:1): initialized
05-05 17:53:40.489  logd   423   423 I auditd  : type=1403 audit(0.0:2): policy loaded auid=4294967295 ses=4294967295
05-05 17:53:40.489  logd   423   423 I auditd  : type=1404 audit(0.0:3): enforcing=1 old_enforcing=0 auid=4294967295 ses=4294967295
05-05 17:53:41.009  root    83    83 I auditd  : type=1400 audit(0.0:4): avc: denied { read } for comm="kworker/0:1" name="status" dev="sysfs" ino=25940 scontext=u:r:kernel:s0 tcontext=u:object_r:sysfs:s0 tclass=file permissive=0
05-05 17:53:42.308  1000   426   426 I auditd  : SELinux: Loaded service_contexts from:
05-05 17:53:42.309  1000   424   424 I auditd  : SELinux: Loaded service_contexts from:
05-05 17:53:42.311  1000   426   426 I auditd  :     /vendor/etc/selinux/vndservice_contexts
05-05 17:53:42.311  1000   424   424 I auditd  :     /system/etc/selinux/plat_service_contexts
07-30 08:01:34.837  logd   942   942 I auditd  : type=1400 audit(0.0:5): avc: denied { execute_no_trans } for comm="rild" path="/vendor/bin/sh" dev="dm-1" ino=267 scontext=u:r:rild:s0 tcontext=u:object_r:vendor_shell_exec:s0 tclass=file permissive=0
07-30 08:01:34.837 radio   945   945 I auditd  : type=1400 audit(0.0:6): avc: denied { execute_no_trans } for comm="rild" path="/vendor/bin/sh" dev="dm-1" ino=267 scontext=u:r:rild:s0 tcontext=u:object_r:vendor_shell_exec:s0 tclass=file permissive=0
07-30 08:01:41.847  1000  1705  1705 I auditd  : type=1400 audit(0.0:7): avc: denied { ioctl } for comm="Thread-2" path="socket:[21627]" dev="sockfs" ino=21627 ioctlcmd=8927 scontext=u:r:system_app:s0 tcontext=u:r:system_app:s0 tclass=tcp_socket permissive=0
07-30 08:01:45.667 u0_a7  2097  2097 I auditd  : type=1400 audit(0.0:8): avc: denied { read } for comm="putmethod.latin" name="stat" dev="proc" ino=4026532302 scontext=u:r:untrusted_app:s0:c512,c768 tcontext=u:object_r:proc_stat:s0 tclass=file permissive=0
07-30 08:01:45.817 u0_a7  2097  2097 I auditd  : type=1400 audit(0.0:9): avc: denied { read } for comm="putmethod.latin" name="stat" dev="proc" ino=4026532302 scontext=u:r:untrusted_app:s0:c512,c768 tcontext=u:object_r:proc_stat:s0 tclass=file permissive=0
07-30 08:02:53.307 10096  3825  3825 I auditd  : type=1400 audit(0.0:10): avc: denied { read } for comm="twitter.android" name="vmstat" dev="proc" ino=4026532356 scontext=u:r:untrusted_app:s0:c512,c768 tcontext=u:object_r:proc:s0 tclass=file permissive=0
07-30 08:02:53.337 u0_i0  4117  4117 I auditd  : type=1400 audit(0.0:11): avc: denied { search } for comm="dboxed_process0" name="/" dev="mmcblk0p27" ino=2 scontext=u:r:isolated_app:s0:c512,c768 tcontext=u:object_r:persist_file:s0 tclass=dir permissive=0
07-30 08:02:58.612 u0_a1  4297  4297 I auditd  : type=1400 audit(0.0:12): avc: denied { search } for comm="Worker-1" name="zram0" dev="sysfs" ino=23518 scontext=u:r:untrusted_app:s0:c512,c768 tcontext=u:object_r:sysfs_zram:s0 tclass=dir permissive=0
07-30 08:02:58.612 u0_a1  4297  4297 I auditd  : type=1400 audit(0.0:13): avc: denied { search } for comm="Worker-1" name="zram0" dev="sysfs" ino=23518 scontext=u:r:untrusted_app:s0:c512,c768 tcontext=u:object_r:sysfs_zram:s0 tclass=dir permissive=0
07-30 08:02:59.712 10058  3846  3846 I auditd  : type=1400 audit(0.0:14): avc: denied { read } for comm=".android.chrome" name="vmstat" dev="proc" ino=4026532356 scontext=u:r:untrusted_app:s0:c512,c768 tcontext=u:object_r:proc:s0 tclass=file permissive=0
07-30 08:03:00.262 u0_i1  4739  4739 I auditd  : type=1400 audit(0.0:15): avc: denied { search } for comm="dboxed_process0" name="/" dev="mmcblk0p27" ino=2 scontext=u:r:isolated_app:s0:c512,c768 tcontext=u:object_r:persist_file:s0 tclass=dir permissive=0
07-30 08:03:00.812 10114  4598  4598 I auditd  : type=1400 audit(0.0:16): avc: denied { read } for comm="parallels-0" name="u:object_r:qemu_hw_mainkeys_prop:s0" dev="tmpfs" ino=12184 scontext=u:r:untrusted_app_25:s0:c512,c768 tcontext=u:object_r:qemu_hw_mainkeys_prop:s0 tclass=file permissive=0
07-30 08:03:03.622 10114  5017  5017 I auditd  : type=1400 audit(0.0:17): avc: denied { read } for comm="tencent.mm:push" name="anr" dev="dm-2" ino=81921 scontext=u:r:untrusted_app_25:s0:c512,c768 tcontext=u:object_r:anr_data_file:s0 tclass=dir permissive=0
07-30 08:03:05.242 10114  4598  4598 I auditd  : type=1400 audit(0.0:18): avc: denied { getattr } for comm="Binder:4598_4" path="/system/bin/adbd" dev="dm-0" ino=554 scontext=u:r:untrusted_app_25:s0:c512,c768 tcontext=u:object_r:adbd_exec:s0 tclass=file permissive=0
07-30 08:03:05.242 10114  4598  4598 I auditd  : type=1400 audit(0.0:19): avc: denied { getattr } for comm="Binder:4598_4" path="/system/bin/atrace" dev="dm-0" ino=563 scontext=u:r:untrusted_app_25:s0:c512,c768 tcontext=u:object_r:atrace_exec:s0 tclass=file permissive=0
07-30 08:03:05.242 10114  4598  4598 I auditd  : type=1400 audit(0.0:20): avc: denied { getattr } for comm="Binder:4598_4" path="/system/bin/audioserver" dev="dm-0" ino=564 scontext=u:r:untrusted_app_25:s0:c512,c768 tcontext=u:object_r:audioserver_exec:s0 tclass=file permissive=0
07-30 08:03:05.242 10114  4598  4598 I auditd  : type=1400 audit(0.0:21): avc: denied { getattr } for comm="Binder:4598_4" path="/system/bin/blkid" dev="dm-0" ino=568 scontext=u:r:untrusted_app_25:s0:c512,c768 tcontext=u:object_r:blkid_exec:s0 tclass=file permissive=0
07-30 08:03:05.242 10114  4598  4598 I auditd  : type=1400 audit(0.0:22): avc: denied { getattr } for comm="Binder:4598_4" path="/system/bin/bootanimation" dev="dm-0" ino=571 scontext=u:r:untrusted_app_25:s0:c512,c768 tcontext=u:object_r:bootanim_exec:s0 tclass=file permissive=0
07-30 08:03:05.242 10114  4598  4598 I auditd  : type=1400 audit(0.0:23): avc: denied { getattr } for comm="Binder:4598_4" path="/system/bin/bootstat" dev="dm-0" ino=572 scontext=u:r:untrusted_app_25:s0:c512,c768 tcontext=u:object_r:bootstat_exec:s0 tclass=file permissive=0
07-30 08:03:05.242 10114  4598  4598 I auditd  : type=1400 audit(0.0:24): avc: denied { getattr } for comm="Binder:4598_4" path="/system/bin/cameraserver" dev="dm-0" ino=581 scontext=u:r:untrusted_app_25:s0:c512,c768 tcontext=u:object_r:cameraserver_exec:s0 tclass=file permissive=0
07-30 08:03:05.242 10114  4598  4598 I auditd  : type=1400 audit(0.0:25): avc: denied { getattr } for comm="Binder:4598_4" path="/system/bin/clatd" dev="dm-0" ino=590 scontext=u:r:untrusted_app_25:s0:c512,c768 tcontext=u:object_r:clatd_exec:s0 tclass=file permissive=0
07-30 08:03:05.252 10114  4598  4598 I auditd  : type=1400 audit(0.0:26): avc: denied { getattr } for comm="Binder:4598_4" path="/system/bin/dexoptanalyzer" dev="dm-0" ino=612 scontext=u:r:untrusted_app_25:s0:c512,c768 tcontext=u:object_r:dexoptanalyzer_exec:s0 tclass=file permissive=0
07-30 08:03:05.252 10114  4598  4598 I auditd  : type=1400 audit(0.0:27): avc: denied { getattr } for comm="Binder:4598_4" path="/system/bin/dnsmasq" dev="dm-0" ino=617 scontext=u:r:untrusted_app_25:s0:c512,c768 tcontext=u:object_r:dnsmasq_exec:s0 tclass=file permissive=0
07-30 08:03:05.252 10114  4598  4598 I auditd  : type=1400 audit(0.0:28): avc: denied { getattr } for comm="Binder:4598_4" path="/system/bin/dpmd" dev="dm-0" ino=620 scontext=u:r:untrusted_app_25:s0:c512,c768 tcontext=u:object_r:dpmd_exec:s0 tclass=file permissive=0
07-30 08:03:05.252 10114  4598  4598 I auditd  : type=1400 audit(0.0:29): avc: denied { getattr } for comm="Binder:4598_4" path="/system/bin/drmserver" dev="dm-0" ino=621 scontext=u:r:untrusted_app_25:s0:c512,c768 tcontext=u:object_r:drmserver_exec:s0 tclass=file permissive=0
07-30 08:03:05.252 10114  4598  4598 I auditd  : type=1400 audit(0.0:30): avc: denied { getattr } for comm="Binder:4598_4" path="/system/bin/dumpstate" dev="dm-0" ino=623 scontext=u:r:untrusted_app_25:s0:c512,c768 tcontext=u:object_r:dumpstate_exec:s0 tclass=file permissive=0
07-30 08:03:05.252 10114  4598  4598 I auditd  : type=1400 audit(0.0:31): avc: denied { getattr } for comm="Binder:4598_4" path="/system/bin/dun-server" dev="dm-0" ino=625 scontext=u:r:untrusted_app_25:s0:c512,c768 tcontext=u:object_r:dun-server_exec:s0 tclass=file permissive=0
07-30 08:03:05.262 10114  4598  4598 I auditd  : type=1400 audit(0.0:32): avc: denied { getattr } for comm="Binder:4598_4" path="/system/bin/e2fsck" dev="dm-0" ino=626 scontext=u:r:untrusted_app_25:s0:c512,c768 tcontext=u:object_r:fsck_exec:s0 tclass=file permissive=0
07-30 08:03:05.262 10114  4598  4598 I auditd  : type=1400 audit(0.0:33): avc: denied { getattr } for comm="Binder:4598_4" path="/system/bin/e2fsdroid" dev="dm-0" ino=627 scontext=u:r:untrusted_app_25:s0:c512,c768 tcontext=u:object_r:e2fs_exec:s0 tclass=file permissive=0
07-30 08:03:05.262 10114  4598  4598 I auditd  : type=1400 audit(0.0:34): avc: denied { getattr } for comm="Binder:4598_4" path="/system/bin/fsck.f2fs" dev="dm-0" ino=644 scontext=u:r:untrusted_app_25:s0:c512,c768 tcontext=u:object_r:fsck_exec:s0 tclass=file permissive=0
07-30 08:03:05.262 10114  4598  4598 I auditd  : type=1400 audit(0.0:35): avc: denied { getattr } for comm="Binder:4598_4" path="/system/bin/fsck_msdos" dev="dm-0" ino=645 scontext=u:r:untrusted_app_25:s0:c512,c768 tcontext=u:object_r:fsck_exec:s0 tclass=file permissive=0
07-30 08:03:05.262 10114  4598  4598 I auditd  : type=1400 audit(0.0:36): avc: denied { getattr } for comm="Binder:4598_4" path="/system/bin/gatekeeperd" dev="dm-0" ino=646 scontext=u:r:untrusted_app_25:s0:c512,c768 tcontext=u:object_r:gatekeeperd_exec:s0 tclass=file permissive=0
07-30 08:03:05.262 10114  4598  4598 I auditd  : type=1400 audit(0.0:37): avc: denied { getattr } for comm="Binder:4598_4" path="/system/bin/healthd" dev="dm-0" ino=655 scontext=u:r:untrusted_app_25:s0:c512,c768 tcontext=u:object_r:healthd_exec:s0 tclass=file permissive=0
07-30 08:03:05.262 10114  4598  4598 I auditd  : type=1400 audit(0.0:38): avc: denied { getattr } for comm="Binder:4598_4" path="/system/bin/hwservicemanager" dev="dm-0" ino=662 scontext=u:r:untrusted_app_25:s0:c512,c768 tcontext=u:object_r:hwservicemanager_exec:s0 tclass=file permissive=0
07-30 08:03:05.262 10114  4598  4598 I auditd  : type=1400 audit(0.0:39): avc: denied { getattr } for comm="Binder:4598_4" path="/system/bin/idmap" dev="dm-0" ino=664 scontext=u:r:untrusted_app_25:s0:c512,c768 tcontext=u:object_r:idmap_exec:s0 tclass=file permissive=0
07-30 08:03:05.262 10114  4598  4598 I auditd  : type=1400 audit(0.0:40): avc: denied { getattr } for comm="Binder:4598_4" path="/system/bin/incident" dev="dm-0" ino=667 scontext=u:r:untrusted_app_25:s0:c512,c768 tcontext=u:object_r:incident_exec:s0 tclass=file permissive=0
07-30 08:03:05.262 10114  4598  4598 I auditd  : type=1400 audit(0.0:41): avc: denied { getattr } for comm="Binder:4598_4" path="/system/bin/incidentd" dev="dm-0" ino=668 scontext=u:r:untrusted_app_25:s0:c512,c768 tcontext=u:object_r:incidentd_exec:s0 tclass=file permissive=0
07-30 08:03:05.262 10114  4598  4598 I auditd  : type=1400 audit(0.0:42): avc: denied { getattr } for comm="Binder:4598_4" path="/system/bin/install-recovery.sh" dev="dm-0" ino=672 scontext=u:r:untrusted_app_25:s0:c512,c768 tcontext=u:object_r:install_recovery_exec:s0 tclass=file permissive=0
07-30 08:03:05.262 10114  4598  4598 I auditd  : type=1400 audit(0.0:43): avc: denied { getattr } for comm="Binder:4598_4" path="/system/bin/installd" dev="dm-0" ino=673 scontext=u:r:untrusted_app_25:s0:c512,c768 tcontext=u:object_r:installd_exec:s0 tclass=file permissive=0
07-30 08:03:12.955  1000   424   424 I auditd  : avc:  denied  { find } for service=regionalization pid=4313 uid=10013 scontext=u:r:mediaprovider:s0:c512,c768 tcontext=u:object_r:regionalization_service:s0 tclass=service_manager permissive=0
07-30 08:03:13.642 10013  4313  4313 I auditd  : type=1400 audit(0.0:354): avc: denied { connectto } for comm="TcmReceiver" path="/dev/socket/tcm" scontext=u:r:mediaprovider:s0:c512,c768 tcontext=u:r:dpmd:s0 tclass=unix_stream_socket permissive=0
07-30 08:03:14.642 10013  4313  4313 I auditd  : type=1400 audit(0.0:355): avc: denied { connectto } for comm="TcmReceiver" path="/dev/socket/tcm" scontext=u:r:mediaprovider:s0:c512,c768 tcontext=u:r:dpmd:s0 tclass=unix_stream_socket permissive=0
07-30 08:03:15.642 10013  4313  4313 I auditd  : type=1400 audit(0.0:356): avc: denied { connectto } for comm="TcmReceiver" path="/dev/socket/tcm" scontext=u:r:mediaprovider:s0:c512,c768 tcontext=u:r:dpmd:s0 tclass=unix_stream_socket permissive=0
07-30 08:03:16.642 10013  4313  4313 I auditd  : type=1400 audit(0.0:357): avc: denied { connectto } for comm="TcmReceiver" path="/dev/socket/tcm" scontext=u:r:mediaprovider:s0:c512,c768 tcontext=u:r:dpmd:s0 tclass=unix_stream_socket permissive=0
07-30 08:03:17.642 10013  4313  4313 I auditd  : type=1400 audit(0.0:358): avc: denied { connectto } for comm="TcmReceiver" path="/dev/socket/tcm" scontext=u:r:mediaprovider:s0:c512,c768 tcontext=u:r:dpmd:s0 tclass=unix_stream_socket permissive=0
07-30 08:03:18.642 10013  4313  4313 I auditd  : type=1400 audit(0.0:359): avc: denied { connectto } for comm="TcmReceiver" path="/dev/socket/tcm" scontext=u:r:mediaprovider:s0:c512,c768 tcontext=u:r:dpmd:s0 tclass=unix_stream_socket permissive=0
07-30 08:03:18.712 10016  6260  6260 I auditd  : type=1400 audit(0.0:360): avc: denied { read } for comm="IntentService[D" name="modules" dev="proc" ino=4026532351 scontext=u:r:priv_app:s0:c512,c768 tcontext=u:object_r:proc_modules:s0 tclass=file permissive=0
07-30 08:03:19.652 10013  4313  4313 I auditd  : type=1400 audit(0.0:361): avc: denied { connectto } for comm="TcmReceiver" path="/dev/socket/tcm" scontext=u:r:mediaprovider:s0:c512,c768 tcontext=u:r:dpmd:s0 tclass=unix_stream_socket permissive=0
07-30 08:03:19.702 10016  6260  6260 I auditd  : type=1400 audit(0.0:362): avc: denied { read } for comm="IntentService[D" name="/" dev="tmpfs" ino=614 scontext=u:r:priv_app:s0:c512,c768 tcontext=u:object_r:device:s0 tclass=dir permissive=0
07-30 08:03:19.702 10016  6260  6260 I auditd  : type=1400 audit(0.0:363): avc: denied { read } for comm="IntentService[D" name="interrupts" dev="proc" ino=4026532299 scontext=u:r:priv_app:s0:c512,c768 tcontext=u:object_r:proc_interrupts:s0 tclass=file permissive=0
07-30 08:03:20.662 10013  4313  4313 I auditd  : type=1400 audit(0.0:364): avc: denied { connectto } for comm="TcmReceiver" path="/dev/socket/tcm" scontext=u:r:mediaprovider:s0:c512,c768 tcontext=u:r:dpmd:s0 tclass=unix_stream_socket permissive=0
07-30 08:03:21.662 10013  4313  4313 I auditd  : type=1400 audit(0.0:365): avc: denied { connectto } for comm="TcmReceiver" path="/dev/socket/tcm" scontext=u:r:mediaprovider:s0:c512,c768 tcontext=u:r:dpmd:s0 tclass=unix_stream_socket permissive=0
07-30 08:03:21.782 10016  6260  6260 I auditd  : type=1400 audit(0.0:366): avc: denied { read } for comm="Binder:6260_3" name="modules" dev="proc" ino=4026532351 scontext=u:r:priv_app:s0:c512,c768 tcontext=u:object_r:proc_modules:s0 tclass=file permissive=0
07-30 08:03:21.952 10016  6260  6260 I auditd  : type=1400 audit(0.0:367): avc: denied { read } for comm="Binder:6260_3" name="/" dev="tmpfs" ino=614 scontext=u:r:priv_app:s0:c512,c768 tcontext=u:object_r:device:s0 tclass=dir permissive=0
07-30 08:03:21.952 10016  6260  6260 I auditd  : type=1400 audit(0.0:368): avc: denied { read } for comm="Binder:6260_3" name="interrupts" dev="proc" ino=4026532299 scontext=u:r:priv_app:s0:c512,c768 tcontext=u:object_r:proc_interrupts:s0 tclass=file permissive=0
07-30 08:03:22.662 10013  4313  4313 I auditd  : type=1400 audit(0.0:369): avc: denied { connectto } for comm="TcmReceiver" path="/dev/socket/tcm" scontext=u:r:mediaprovider:s0:c512,c768 tcontext=u:r:dpmd:s0 tclass=unix_stream_socket permissive=0
07-30 08:03:23.662 10013  4313  4313 I auditd  : type=1400 audit(0.0:370): avc: denied { connectto } for comm="TcmReceiver" path="/dev/socket/tcm" scontext=u:r:mediaprovider:s0:c512,c768 tcontext=u:r:dpmd:s0 tclass=unix_stream_socket permissive=0
07-30 08:03:24.662 10013  4313  4313 I auditd  : type=1400 audit(0.0:371): avc: denied { connectto } for comm="TcmReceiver" path="/dev/socket/tcm" scontext=u:r:mediaprovider:s0:c512,c768 tcontext=u:r:dpmd:s0 tclass=unix_stream_socket permissive=0
07-30 08:03:25.672 10013  4313  4313 I auditd  : type=1400 audit(0.0:372): avc: denied { connectto } for comm="TcmReceiver" path="/dev/socket/tcm" scontext=u:r:mediaprovider:s0:c512,c768 tcontext=u:r:dpmd:s0 tclass=unix_stream_socket permissive=0
07-30 08:03:26.672 10013  4313  4313 I auditd  : type=1400 audit(0.0:373): avc: denied { connectto } for comm="TcmReceiver" path="/dev/socket/tcm" scontext=u:r:mediaprovider:s0:c512,c768 tcontext=u:r:dpmd:s0 tclass=unix_stream_socket permissive=0
07-30 08:03:27.672 10013  4313  4313 I auditd  : type=1400 audit(0.0:374): avc: denied { connectto } for comm="TcmReceiver" path="/dev/socket/tcm" scontext=u:r:mediaprovider:s0:c512,c768 tcontext=u:r:dpmd:s0 tclass=unix_stream_socket permissive=0
07-30 08:03:28.672 10013  4313  4313 I auditd  : type=1400 audit(0.0:375): avc: denied { connectto } for comm="TcmReceiver" path="/dev/socket/tcm" scontext=u:r:mediaprovider:s0:c512,c768 tcontext=u:r:dpmd:s0 tclass=unix_stream_socket permissive=0
07-30 08:03:29.062 u0_i2  7609  7609 I auditd  : type=1400 audit(0.0:376): avc: denied { search } for comm="dboxed_process0" name="/" dev="mmcblk0p27" ino=2 scontext=u:r:isolated_app:s0:c512,c768 tcontext=u:object_r:persist_file:s0 tclass=dir permissive=0
07-30 08:03:29.112 10096  7584  7584 I auditd  : type=1400 audit(0.0:377): avc: denied { read } for comm="twitter.android" name="vmstat" dev="proc" ino=4026532356 scontext=u:r:untrusted_app:s0:c512,c768 tcontext=u:object_r:proc:s0 tclass=file permissive=0
07-30 08:03:29.682 10013  4313  4313 I auditd  : type=1400 audit(0.0:378): avc: denied { connectto } for comm="TcmReceiver" path="/dev/socket/tcm" scontext=u:r:mediaprovider:s0:c512,c768 tcontext=u:r:dpmd:s0 tclass=unix_stream_socket permissive=0
07-30 08:03:30.532 10058  7699  7699 I auditd  : type=1400 audit(0.0:379): avc: denied { read } for comm=".android.chrome" name="vmstat" dev="proc" ino=4026532356 scontext=u:r:untrusted_app:s0:c512,c768 tcontext=u:object_r:proc:s0 tclass=file permissive=0
07-30 08:03:30.692 10013  4313  4313 I auditd  : type=1400 audit(0.0:380): avc: denied { connectto } for comm="TcmReceiver" path="/dev/socket/tcm" scontext=u:r:mediaprovider:s0:c512,c768 tcontext=u:r:dpmd:s0 tclass=unix_stream_socket permissive=0
07-30 08:03:31.222 u0_i3  7864  7864 I auditd  : type=1400 audit(0.0:381): avc: denied { search } for comm="dboxed_process0" name="/" dev="mmcblk0p27" ino=2 scontext=u:r:isolated_app:s0:c512,c768 tcontext=u:object_r:persist_file:s0 tclass=dir permissive=0
07-30 08:03:31.692 10013  4313  4313 I auditd  : type=1400 audit(0.0:382): avc: denied { connectto } for comm="TcmReceiver" path="/dev/socket/tcm" scontext=u:r:mediaprovider:s0:c512,c768 tcontext=u:r:dpmd:s0 tclass=unix_stream_socket permissive=0
07-30 08:03:32.692 10013  4313  4313 I auditd  : type=1400 audit(0.0:383): avc: denied { connectto } for comm="TcmReceiver" path="/dev/socket/tcm" scontext=u:r:mediaprovider:s0:c512,c768 tcontext=u:r:dpmd:s0 tclass=unix_stream_socket permissive=0
07-30 08:03:32.942 10016  6260  6260 I auditd  : type=1400 audit(0.0:384): avc: denied { read } for comm="Binder:6260_5" name="modules" dev="proc" ino=4026532351 scontext=u:r:priv_app:s0:c512,c768 tcontext=u:object_r:proc_modules:s0 tclass=file permissive=0
07-30 08:03:33.112 10016  6260  6260 I auditd  : type=1400 audit(0.0:385): avc: denied { read } for comm="Binder:6260_5" name="/" dev="tmpfs" ino=614 scontext=u:r:priv_app:s0:c512,c768 tcontext=u:object_r:device:s0 tclass=dir permissive=0
07-30 08:03:33.112 10016  6260  6260 I auditd  : type=1400 audit(0.0:386): avc: denied { read } for comm="Binder:6260_5" name="interrupts" dev="proc" ino=4026532299 scontext=u:r:priv_app:s0:c512,c768 tcontext=u:object_r:proc_interrupts:s0 tclass=file permissive=0
07-30 08:03:33.692 10013  4313  4313 I auditd  : type=1400 audit(0.0:387): avc: denied { connectto } for comm="TcmReceiver" path="/dev/socket/tcm" scontext=u:r:mediaprovider:s0:c512,c768 tcontext=u:r:dpmd:s0 tclass=unix_stream_socket permissive=0
07-30 08:03:34.702 10013  4313  4313 I auditd  : type=1400 audit(0.0:388): avc: denied { connectto } for comm="TcmReceiver" path="/dev/socket/tcm" scontext=u:r:mediaprovider:s0:c512,c768 tcontext=u:r:dpmd:s0 tclass=unix_stream_socket permissive=0
07-30 08:03:35.122 10016  6260  6260 I auditd  : type=1400 audit(0.0:389): avc: denied { read } for comm="Binder:6260_3" name="modules" dev="proc" ino=4026532351 scontext=u:r:priv_app:s0:c512,c768 tcontext=u:object_r:proc_modules:s0 tclass=file permissive=0
07-30 08:03:35.282 10016  6260  6260 I auditd  : type=1400 audit(0.0:390): avc: denied { read } for comm="Binder:6260_3" name="/" dev="tmpfs" ino=614 scontext=u:r:priv_app:s0:c512,c768 tcontext=u:object_r:device:s0 tclass=dir permissive=0
07-30 08:03:35.292 10016  6260  6260 I auditd  : type=1400 audit(0.0:391): avc: denied { read } for comm="Binder:6260_3" name="interrupts" dev="proc" ino=4026532299 scontext=u:r:priv_app:s0:c512,c768 tcontext=u:object_r:proc_interrupts:s0 tclass=file permissive=0
07-30 08:03:35.702 10013  4313  4313 I auditd  : type=1400 audit(0.0:392): avc: denied { connectto } for comm="TcmReceiver" path="/dev/socket/tcm" scontext=u:r:mediaprovider:s0:c512,c768 tcontext=u:r:dpmd:s0 tclass=unix_stream_socket permissive=0
07-30 08:03:36.702 10013  4313  4313 I auditd  : type=1400 audit(0.0:393): avc: denied { connectto } for comm="TcmReceiver" path="/dev/socket/tcm" scontext=u:r:mediaprovider:s0:c512,c768 tcontext=u:r:dpmd:s0 tclass=unix_stream_socket permissive=0
07-30 08:03:37.472 10114  8228  8228 I auditd  : type=1400 audit(0.0:394): avc: denied { read } for comm="parallels-2" name="u:object_r:qemu_hw_mainkeys_prop:s0" dev="tmpfs" ino=12184 scontext=u:r:untrusted_app_25:s0:c512,c768 tcontext=u:object_r:qemu_hw_mainkeys_prop:s0 tclass=file permissive=0
07-30 08:03:37.702 10013  4313  4313 I auditd  : type=1400 audit(0.0:395): avc: denied { connectto } for comm="TcmReceiver" path="/dev/socket/tcm" scontext=u:r:mediaprovider:s0:c512,c768 tcontext=u:r:dpmd:s0 tclass=unix_stream_socket permissive=0
07-30 08:03:39.292 u0_i4  8467  8467 I auditd  : type=1400 audit(0.0:396): avc: denied { search } for comm="dboxed_process1" name="/" dev="mmcblk0p27" ino=2 scontext=u:r:isolated_app:s0:c512,c768 tcontext=u:object_r:persist_file:s0 tclass=dir permissive=0
07-30 08:03:44.783  1000   425   425 I auditd  : avc:  denied  { find } for interface=android.hardware.memtrack::IMemtrack pid=4884 scontext=u:r:untrusted_app:s0:c512,c768 tcontext=u:object_r:hal_memtrack_hwservice:s0 tclass=hwservice_manager permissive=0
07-30 08:03:47.712 10016  6260  6260 I auditd  : type=1400 audit(0.0:397): avc: denied { read } for comm="Binder:6260_3" name="modules" dev="proc" ino=4026532351 scontext=u:r:priv_app:s0:c512,c768 tcontext=u:object_r:proc_modules:s0 tclass=file permissive=0
07-30 08:03:48.032 10016  6260  6260 I auditd  : type=1400 audit(0.0:398): avc: denied { read } for comm="Binder:6260_3" name="/" dev="tmpfs" ino=614 scontext=u:r:priv_app:s0:c512,c768 tcontext=u:object_r:device:s0 tclass=dir permissive=0
07-30 08:03:48.032 10016  6260  6260 I auditd  : type=1400 audit(0.0:399): avc: denied { read } for comm="Binder:6260_3" name="interrupts" dev="proc" ino=4026532299 scontext=u:r:priv_app:s0:c512,c768 tcontext=u:object_r:proc_interrupts:s0 tclass=file permissive=0
07-30 08:04:05.492 10114  8228  8228 I auditd  : type=1400 audit(0.0:400): avc: denied { getattr } for comm="Binder:8228_5" path="/system/bin/adbd" dev="dm-0" ino=554 scontext=u:r:untrusted_app_25:s0:c512,c768 tcontext=u:object_r:adbd_exec:s0 tclass=file permissive=0
07-30 08:04:05.492 10114  8228  8228 I auditd  : type=1400 audit(0.0:401): avc: denied { getattr } for comm="Binder:8228_5" path="/system/bin/atrace" dev="dm-0" ino=563 scontext=u:r:untrusted_app_25:s0:c512,c768 tcontext=u:object_r:atrace_exec:s0 tclass=file permissive=0
07-30 08:04:05.492 10114  8228  8228 I auditd  : type=1400 audit(0.0:402): avc: denied { getattr } for comm="Binder:8228_5" path="/system/bin/audioserver" dev="dm-0" ino=564 scontext=u:r:untrusted_app_25:s0:c512,c768 tcontext=u:object_r:audioserver_exec:s0 tclass=file permissive=0
07-30 08:04:05.492 10114  8228  8228 I auditd  : type=1400 audit(0.0:403): avc: denied { getattr } for comm="Binder:8228_5" path="/system/bin/blkid" dev="dm-0" ino=568 scontext=u:r:untrusted_app_25:s0:c512,c768 tcontext=u:object_r:blkid_exec:s0 tclass=file permissive=0
07-30 08:04:05.492 10114  8228  8228 I auditd  : type=1400 audit(0.0:404): avc: denied { getattr } for comm="Binder:8228_5" path="/system/bin/bootanimation" dev="dm-0" ino=571 scontext=u:r:untrusted_app_25:s0:c512,c768 tcontext=u:object_r:bootanim_exec:s0 tclass=file permissive=0
07-30 08:04:05.492 10114  8228  8228 I auditd  : type=1400 audit(0.0:405): avc: denied { getattr } for comm="Binder:8228_5" path="/system/bin/bootstat" dev="dm-0" ino=572 scontext=u:r:untrusted_app_25:s0:c512,c768 tcontext=u:object_r:bootstat_exec:s0 tclass=file permissive=0
07-30 08:04:05.492 10114  8228  8228 I auditd  : type=1400 audit(0.0:406): avc: denied { getattr } for comm="Binder:8228_5" path="/system/bin/cameraserver" dev="dm-0" ino=581 scontext=u:r:untrusted_app_25:s0:c512,c768 tcontext=u:object_r:cameraserver_exec:s0 tclass=file permissive=0
07-30 08:04:05.492 10114  8228  8228 I auditd  : type=1400 audit(0.0:407): avc: denied { getattr } for comm="Binder:8228_5" path="/system/bin/clatd" dev="dm-0" ino=590 scontext=u:r:untrusted_app_25:s0:c512,c768 tcontext=u:object_r:clatd_exec:s0 tclass=file permissive=0
07-30 08:04:05.502 10114  8228  8228 I auditd  : type=1400 audit(0.0:408): avc: denied { getattr } for comm="Binder:8228_5" path="/system/bin/dexoptanalyzer" dev="dm-0" ino=612 scontext=u:r:untrusted_app_25:s0:c512,c768 tcontext=u:object_r:dexoptanalyzer_exec:s0 tclass=file permissive=0
07-30 08:04:05.502 10114  8228  8228 I auditd  : type=1400 audit(0.0:409): avc: denied { getattr } for comm="Binder:8228_5" path="/system/bin/dnsmasq" dev="dm-0" ino=617 scontext=u:r:untrusted_app_25:s0:c512,c768 tcontext=u:object_r:dnsmasq_exec:s0 tclass=file permissive=0
07-30 08:04:05.502 10114  8228  8228 I auditd  : type=1400 audit(0.0:410): avc: denied { getattr } for comm="Binder:8228_5" path="/system/bin/dpmd" dev="dm-0" ino=620 scontext=u:r:untrusted_app_25:s0:c512,c768 tcontext=u:object_r:dpmd_exec:s0 tclass=file permissive=0
07-30 08:04:05.502 10114  8228  8228 I auditd  : type=1400 audit(0.0:411): avc: denied { getattr } for comm="Binder:8228_5" path="/system/bin/drmserver" dev="dm-0" ino=621 scontext=u:r:untrusted_app_25:s0:c512,c768 tcontext=u:object_r:drmserver_exec:s0 tclass=file permissive=0
07-30 08:04:05.502 10114  8228  8228 I auditd  : type=1400 audit(0.0:412): avc: denied { getattr } for comm="Binder:8228_5" path="/system/bin/dumpstate" dev="dm-0" ino=623 scontext=u:r:untrusted_app_25:s0:c512,c768 tcontext=u:object_r:dumpstate_exec:s0 tclass=file permissive=0
07-30 08:04:05.502 10114  8228  8228 I auditd  : type=1400 audit(0.0:413): avc: denied { getattr } for comm="Binder:8228_5" path="/system/bin/dun-server" dev="dm-0" ino=625 scontext=u:r:untrusted_app_25:s0:c512,c768 tcontext=u:object_r:dun-server_exec:s0 tclass=file permissive=0
07-30 08:04:05.502 10114  8228  8228 I auditd  : type=1400 audit(0.0:414): avc: denied { getattr } for comm="Binder:8228_5" path="/system/bin/e2fsck" dev="dm-0" ino=626 scontext=u:r:untrusted_app_25:s0:c512,c768 tcontext=u:object_r:fsck_exec:s0 tclass=file permissive=0
07-30 08:04:05.502 10114  8228  8228 I auditd  : type=1400 audit(0.0:415): avc: denied { getattr } for comm="Binder:8228_5" path="/system/bin/e2fsdroid" dev="dm-0" ino=627 scontext=u:r:untrusted_app_25:s0:c512,c768 tcontext=u:object_r:e2fs_exec:s0 tclass=file permissive=0
07-30 08:04:05.502 10114  8228  8228 I auditd  : type=1400 audit(0.0:416): avc: denied { getattr } for comm="Binder:8228_5" path="/system/bin/fsck.f2fs" dev="dm-0" ino=644 scontext=u:r:untrusted_app_25:s0:c512,c768 tcontext=u:object_r:fsck_exec:s0 tclass=file permissive=0
07-30 08:04:05.502 10114  8228  8228 I auditd  : type=1400 audit(0.0:417): avc: denied { getattr } for comm="Binder:8228_5" path="/system/bin/fsck_msdos" dev="dm-0" ino=645 scontext=u:r:untrusted_app_25:s0:c512,c768 tcontext=u:object_r:fsck_exec:s0 tclass=file permissive=0
07-30 08:04:05.502 10114  8228  8228 I auditd  : type=1400 audit(0.0:418): avc: denied { getattr } for comm="Binder:8228_5" path="/system/bin/gatekeeperd" dev="dm-0" ino=646 scontext=u:r:untrusted_app_25:s0:c512,c768 tcontext=u:object_r:gatekeeperd_exec:s0 tclass=file permissive=0
07-30 08:04:05.502 10114  8228  8228 I auditd  : type=1400 audit(0.0:419): avc: denied { getattr } for comm="Binder:8228_5" path="/system/bin/healthd" dev="dm-0" ino=655 scontext=u:r:untrusted_app_25:s0:c512,c768 tcontext=u:object_r:healthd_exec:s0 tclass=file permissive=0
07-30 08:04:05.502 10114  8228  8228 I auditd  : type=1400 audit(0.0:420): avc: denied { getattr } for comm="Binder:8228_5" path="/system/bin/hwservicemanager" dev="dm-0" ino=662 scontext=u:r:untrusted_app_25:s0:c512,c768 tcontext=u:object_r:hwservicemanager_exec:s0 tclass=file permissive=0
07-30 08:04:05.502 10114  8228  8228 I auditd  : type=1400 audit(0.0:421): avc: denied { getattr } for comm="Binder:8228_5" path="/system/bin/idmap" dev="dm-0" ino=664 scontext=u:r:untrusted_app_25:s0:c512,c768 tcontext=u:object_r:idmap_exec:s0 tclass=file permissive=0
07-30 08:04:05.502 10114  8228  8228 I auditd  : type=1400 audit(0.0:422): avc: denied { getattr } for comm="Binder:8228_5" path="/system/bin/incident" dev="dm-0" ino=667 scontext=u:r:untrusted_app_25:s0:c512,c768 tcontext=u:object_r:incident_exec:s0 tclass=file permissive=0
07-30 08:04:05.502 10114  8228  8228 I auditd  : type=1400 audit(0.0:423): avc: denied { getattr } for comm="Binder:8228_5" path="/system/bin/incidentd" dev="dm-0" ino=668 scontext=u:r:untrusted_app_25:s0:c512,c768 tcontext=u:object_r:incidentd_exec:s0 tclass=file permissive=0
07-30 08:04:05.502 10114  8228  8228 I auditd  : type=1400 audit(0.0:424): avc: denied { getattr } for comm="Binder:8228_5" path="/system/bin/install-recovery.sh" dev="dm-0" ino=672 scontext=u:r:untrusted_app_25:s0:c512,c768 tcontext=u:object_r:install_recovery_exec:s0 tclass=file permissive=0
07-30 08:04:05.502 10114  8228  8228 I auditd  : type=1400 audit(0.0:425): avc: denied { getattr } for comm="Binder:8228_5" path="/system/bin/installd" dev="dm-0" ino=673 scontext=u:r:untrusted_app_25:s0:c512,c768 tcontext=u:object_r:installd_exec:s0 tclass=file permissive=0
07-30 08:04:05.502 10114  8228  8228 I auditd  : type=1400 audit(0.0:426): avc: denied { getattr } for comm="Binder:8228_5" path="/system/bin/netutils-wrapper-1.0" dev="dm-0" ino=742 scontext=u:r:untrusted_app_25:s0:c512,c768 tcontext=u:object_r:netutils_wrapper_exec:s0 tclass=file permissive=0
07-30 08:04:05.502 10114  8228  8228 I auditd  : type=1400 audit(0.0:428): avc: denied { getattr } for comm="Binder:8228_5" path="/system/bin/netutils-wrapper-1.0" dev="dm-0" ino=742 scontext=u:r:untrusted_app_25:s0:c512,c768 tcontext=u:object_r:netutils_wrapper_exec:s0 tclass=file permissive=0
07-30 08:04:05.502 10114  8228  8228 I auditd  : type=1400 audit(0.0:429): avc: denied { getattr } for comm="Binder:8228_5" path="/system/bin/keystore" dev="dm-0" ino=688 scontext=u:r:untrusted_app_25:s0:c512,c768 tcontext=u:object_r:keystore_exec:s0 tclass=file permissive=0
07-30 08:04:05.502 10114  8228  8228 I auditd  : type=1400 audit(0.0:430): avc: denied { getattr } for comm="Binder:8228_5" path="/system/bin/lmkd" dev="dm-0" ino=696 scontext=u:r:untrusted_app_25:s0:c512,c768 tcontext=u:object_r:lmkd_exec:s0 tclass=file permissive=0
07-30 08:04:05.502 10114  8228  8228 I auditd  : type=1400 audit(0.0:431): avc: denied { getattr } for comm="Binder:8228_5" path="/system/bin/logd" dev="dm-0" ino=702 scontext=u:r:untrusted_app_25:s0:c512,c768 tcontext=u:object_r:logd_exec:s0 tclass=file permissive=0
07-30 08:04:05.502 10114  8228  8228 I auditd  : type=1400 audit(0.0:432): avc: denied { getattr } for comm="Binder:8228_5" path="/system/bin/make_f2fs" dev="dm-0" ino=713 scontext=u:r:untrusted_app_25:s0:c512,c768 tcontext=u:object_r:fsck_exec:s0 tclass=file permissive=0
07-30 08:04:05.502 10114  8228  8228 I auditd  : type=1400 audit(0.0:433): avc: denied { getattr } for comm="Binder:8228_5" path="/system/bin/mdnsd" dev="dm-0" ino=715 scontext=u:r:untrusted_app_25:s0:c512,c768 tcontext=u:object_r:mdnsd_exec:s0 tclass=file permissive=0
07-30 08:08:20.825 10063  9815  9815 I auditd  : type=1400 audit(0.0:735): avc: denied { execute } for comm=44756F4267546872656164202331 name="thermal-engine" dev="dm-1" ino=296 scontext=u:r:untrusted_app:s0:c512,c768 tcontext=u:object_r:thermal-engine_exec:s0 tclass=file permissive=0
07-30 08:08:20.845 10063  9817  9817 I auditd  : type=1400 audit(0.0:736): avc: denied { execute } for comm=44756F4267546872656164202331 name="thermal-engine" dev="dm-1" ino=296 scontext=u:r:untrusted_app:s0:c512,c768 tcontext=u:object_r:thermal-engine_exec:s0 tclass=file permissive=0
07-30 08:08:25.695 10114  8228  8228 I auditd  : type=1400 audit(0.0:737): avc: denied { getattr } for comm="Binder:8228_5" path="/system/bin/adbd" dev="dm-0" ino=554 scontext=u:r:untrusted_app_25:s0:c512,c768 tcontext=u:object_r:adbd_exec:s0 tclass=file permissive=0
07-30 08:08:25.695 10114  8228  8228 I auditd  : type=1400 audit(0.0:738): avc: denied { getattr } for comm="Binder:8228_5" path="/system/bin/atrace" dev="dm-0" ino=563 scontext=u:r:untrusted_app_25:s0:c512,c768 tcontext=u:object_r:atrace_exec:s0 tclass=file permissive=0
07-30 08:08:25.695 10114  8228  8228 I auditd  : type=1400 audit(0.0:739): avc: denied { getattr } for comm="Binder:8228_5" path="/system/bin/audioserver" dev="dm-0" ino=564 scontext=u:r:untrusted_app_25:s0:c512,c768 tcontext=u:object_r:audioserver_exec:s0 tclass=file permissive=0
07-30 08:08:25.695 10114  8228  8228 I auditd  : type=1400 audit(0.0:740): avc: denied { getattr } for comm="Binder:8228_5" path="/system/bin/blkid" dev="dm-0" ino=568 scontext=u:r:untrusted_app_25:s0:c512,c768 tcontext=u:object_r:blkid_exec:s0 tclass=file permissive=0
07-30 08:08:25.695 10114  8228  8228 I auditd  : type=1400 audit(0.0:741): avc: denied { getattr } for comm="Binder:8228_5" path="/system/bin/bootanimation" dev="dm-0" ino=571 scontext=u:r:untrusted_app_25:s0:c512,c768 tcontext=u:object_r:bootanim_exec:s0 tclass=file permissive=0
07-30 08:08:25.695 10114  8228  8228 I auditd  : type=1400 audit(0.0:742): avc: denied { getattr } for comm="Binder:8228_5" path="/system/bin/bootstat" dev="dm-0" ino=572 scontext=u:r:untrusted_app_25:s0:c512,c768 tcontext=u:object_r:bootstat_exec:s0 tclass=file permissive=0
07-30 08:08:25.695 10114  8228  8228 I auditd  : type=1400 audit(0.0:743): avc: denied { getattr } for comm="Binder:8228_5" path="/system/bin/cameraserver" dev="dm-0" ino=581 scontext=u:r:untrusted_app_25:s0:c512,c768 tcontext=u:object_r:cameraserver_exec:s0 tclass=file permissive=0
07-30 08:08:25.695 10114  8228  8228 I auditd  : type=1400 audit(0.0:744): avc: denied { getattr } for comm="Binder:8228_5" path="/system/bin/clatd" dev="dm-0" ino=590 scontext=u:r:untrusted_app_25:s0:c512,c768 tcontext=u:object_r:clatd_exec:s0 tclass=file permissive=0
07-30 08:08:25.695 10114  8228  8228 I auditd  : type=1400 audit(0.0:745): avc: denied { getattr } for comm="Binder:8228_5" path="/system/bin/dexoptanalyzer" dev="dm-0" ino=612 scontext=u:r:untrusted_app_25:s0:c512,c768 tcontext=u:object_r:dexoptanalyzer_exec:s0 tclass=file permissive=0
07-30 08:08:25.695 10114  8228  8228 I auditd  : type=1400 audit(0.0:746): avc: denied { getattr } for comm="Binder:8228_5" path="/system/bin/dnsmasq" dev="dm-0" ino=617 scontext=u:r:untrusted_app_25:s0:c512,c768 tcontext=u:object_r:dnsmasq_exec:s0 tclass=file permissive=0
07-30 08:08:25.695 10114  8228  8228 I auditd  : type=1400 audit(0.0:747): avc: denied { getattr } for comm="Binder:8228_5" path="/system/bin/dpmd" dev="dm-0" ino=620 scontext=u:r:untrusted_app_25:s0:c512,c768 tcontext=u:object_r:dpmd_exec:s0 tclass=file permissive=0
07-30 08:08:25.695 10114  8228  8228 I auditd  : type=1400 audit(0.0:748): avc: denied { getattr } for comm="Binder:8228_5" path="/system/bin/drmserver" dev="dm-0" ino=621 scontext=u:r:untrusted_app_25:s0:c512,c768 tcontext=u:object_r:drmserver_exec:s0 tclass=file permissive=0
07-30 08:08:25.695 10114  8228  8228 I auditd  : type=1400 audit(0.0:749): avc: denied { getattr } for comm="Binder:8228_5" path="/system/bin/dumpstate" dev="dm-0" ino=623 scontext=u:r:untrusted_app_25:s0:c512,c768 tcontext=u:object_r:dumpstate_exec:s0 tclass=file permissive=0
07-30 08:08:25.695 10114  8228  8228 I auditd  : type=1400 audit(0.0:750): avc: denied { getattr } for comm="Binder:8228_5" path="/system/bin/dun-server" dev="dm-0" ino=625 scontext=u:r:untrusted_app_25:s0:c512,c768 tcontext=u:object_r:dun-server_exec:s0 tclass=file permissive=0
07-30 08:08:25.695 10114  8228  8228 I auditd  : type=1400 audit(0.0:751): avc: denied { getattr } for comm="Binder:8228_5" path="/system/bin/e2fsck" dev="dm-0" ino=626 scontext=u:r:untrusted_app_25:s0:c512,c768 tcontext=u:object_r:fsck_exec:s0 tclass=file permissive=0
07-30 08:08:25.695 10114  8228  8228 I auditd  : type=1400 audit(0.0:752): avc: denied { getattr } for comm="Binder:8228_5" path="/system/bin/e2fsdroid" dev="dm-0" ino=627 scontext=u:r:untrusted_app_25:s0:c512,c768 tcontext=u:object_r:e2fs_exec:s0 tclass=file permissive=0
07-30 08:08:25.695 10114  8228  8228 I auditd  : type=1400 audit(0.0:753): avc: denied { getattr } for comm="Binder:8228_5" path="/system/bin/fsck.f2fs" dev="dm-0" ino=644 scontext=u:r:untrusted_app_25:s0:c512,c768 tcontext=u:object_r:fsck_exec:s0 tclass=file permissive=0
07-30 08:08:25.695 10114  8228  8228 I auditd  : type=1400 audit(0.0:754): avc: denied { getattr } for comm="Binder:8228_5" path="/system/bin/fsck_msdos" dev="dm-0" ino=645 scontext=u:r:untrusted_app_25:s0:c512,c768 tcontext=u:object_r:fsck_exec:s0 tclass=file permissive=0
07-30 08:08:25.695 10114  8228  8228 I auditd  : type=1400 audit(0.0:755): avc: denied { getattr } for comm="Binder:8228_5" path="/system/bin/gatekeeperd" dev="dm-0" ino=646 scontext=u:r:untrusted_app_25:s0:c512,c768 tcontext=u:object_r:gatekeeperd_exec:s0 tclass=file permissive=0
07-30 08:08:25.695 10114  8228  8228 I auditd  : type=1400 audit(0.0:756): avc: denied { getattr } for comm="Binder:8228_5" path="/system/bin/healthd" dev="dm-0" ino=655 scontext=u:r:untrusted_app_25:s0:c512,c768 tcontext=u:object_r:healthd_exec:s0 tclass=file permissive=0
07-30 08:08:25.695 10114  8228  8228 I auditd  : type=1400 audit(0.0:757): avc: denied { getattr } for comm="Binder:8228_5" path="/system/bin/hwservicemanager" dev="dm-0" ino=662 scontext=u:r:untrusted_app_25:s0:c512,c768 tcontext=u:object_r:hwservicemanager_exec:s0 tclass=file permissive=0
07-30 08:08:25.695 10114  8228  8228 I auditd  : type=1400 audit(0.0:758): avc: denied { getattr } for comm="Binder:8228_5" path="/system/bin/idmap" dev="dm-0" ino=664 scontext=u:r:untrusted_app_25:s0:c512,c768 tcontext=u:object_r:idmap_exec:s0 tclass=file permissive=0
07-30 08:08:25.695 10114  8228  8228 I auditd  : type=1400 audit(0.0:759): avc: denied { getattr } for comm="Binder:8228_5" path="/system/bin/incident" dev="dm-0" ino=667 scontext=u:r:untrusted_app_25:s0:c512,c768 tcontext=u:object_r:incident_exec:s0 tclass=file permissive=0
07-30 08:08:25.695 10114  8228  8228 I auditd  : type=1400 audit(0.0:760): avc: denied { getattr } for comm="Binder:8228_5" path="/system/bin/incidentd" dev="dm-0" ino=668 scontext=u:r:untrusted_app_25:s0:c512,c768 tcontext=u:object_r:incidentd_exec:s0 tclass=file permissive=0
07-30 08:08:25.695 10114  8228  8228 I auditd  : type=1400 audit(0.0:761): avc: denied { getattr } for comm="Binder:8228_5" path="/system/bin/install-recovery.sh" dev="dm-0" ino=672 scontext=u:r:untrusted_app_25:s0:c512,c768 tcontext=u:object_r:install_recovery_exec:s0 tclass=file permissive=0
07-30 08:08:25.695 10114  8228  8228 I auditd  : type=1400 audit(0.0:762): avc: denied { getattr } for comm="Binder:8228_5" path="/system/bin/installd" dev="dm-0" ino=673 scontext=u:r:untrusted_app_25:s0:c512,c768 tcontext=u:object_r:installd_exec:s0 tclass=file permissive=0
07-30 08:08:25.695 10114  8228  8228 I auditd  : type=1400 audit(0.0:763): avc: denied { getattr } for comm="Binder:8228_5" path="/system/bin/netutils-wrapper-1.0" dev="dm-0" ino=742 scontext=u:r:untrusted_app_25:s0:c512,c768 tcontext=u:object_r:netutils_wrapper_exec:s0 tclass=file permissive=0
07-30 08:08:25.695 10114  8228  8228 I auditd  : type=1400 audit(0.0:765): avc: denied { getattr } for comm="Binder:8228_5" path="/system/bin/netutils-wrapper-1.0" dev="dm-0" ino=742 scontext=u:r:untrusted_app_25:s0:c512,c768 tcontext=u:object_r:netutils_wrapper_exec:s0 tclass=file permissive=0
07-30 08:08:25.695 10114  8228  8228 I auditd  : type=1400 audit(0.0:766): avc: denied { getattr } for comm="Binder:8228_5" path="/system/bin/keystore" dev="dm-0" ino=688 scontext=u:r:untrusted_app_25:s0:c512,c768 tcontext=u:object_r:keystore_exec:s0 tclass=file permissive=0
07-30 08:08:25.695 10114  8228  8228 I auditd  : type=1400 audit(0.0:767): avc: denied { getattr } for comm="Binder:8228_5" path="/system/bin/lmkd" dev="dm-0" ino=696 scontext=u:r:untrusted_app_25:s0:c512,c768 tcontext=u:object_r:lmkd_exec:s0 tclass=file permissive=0
07-30 08:08:25.695 10114  8228  8228 I auditd  : type=1400 audit(0.0:768): avc: denied { getattr } for comm="Binder:8228_5" path="/system/bin/logd" dev="dm-0" ino=702 scontext=u:r:untrusted_app_25:s0:c512,c768 tcontext=u:object_r:logd_exec:s0 tclass=file permissive=0
07-30 08:08:25.695 10114  8228  8228 I auditd  : type=1400 audit(0.0:769): avc: denied { getattr } for comm="Binder:8228_5" path="/system/bin/make_f2fs" dev="dm-0" ino=713 scontext=u:r:untrusted_app_25:s0:c512,c768 tcontext=u:object_r:fsck_exec:s0 tclass=file permissive=0
07-30 08:08:25.695 10114  8228  8228 I auditd  : type=1400 audit(0.0:770): avc: denied { getattr } for comm="Binder:8228_5" path="/system/bin/mdnsd" dev="dm-0" ino=715 scontext=u:r:untrusted_app_25:s0:c512,c768 tcontext=u:object_r:mdnsd_exec:s0 tclass=file permissive=0
07-30 08:08:25.695 10114  8228  8228 I auditd  : type=1400 audit(0.0:771): avc: denied { getattr } for comm="Binder:8228_5" path="/system/bin/mediadrmserver" dev="dm-0" ino=717 scontext=u:r:untrusted_app_25:s0:c512,c768 tcontext=u:object_r:mediadrmserver_exec:s0 tclass=file permissive=0
07-30 08:08:25.695 10114  8228  8228 I auditd  : type=1400 audit(0.0:772): avc: denied { getattr } for comm="Binder:8228_5" path="/system/bin/mediaextractor" dev="dm-0" ino=718 scontext=u:r:untrusted_app_25:s0:c512,c768 tcontext=u:object_r:mediaextractor_exec:s0 tclass=file permissive=0
07-30 08:08:25.695 10114  8228  8228 I auditd  : type=1400 audit(0.0:773): avc: denied { getattr } for comm="Binder:8228_5" path="/system/bin/mediametrics" dev="dm-0" ino=719 scontext=u:r:untrusted_app_25:s0:c512,c768 tcontext=u:object_r:mediametrics_exec:s0 tclass=file permissive=0
07-30 08:08:25.695 10114  8228  8228 I auditd  : type=1400 audit(0.0:774): avc: denied { getattr } for comm="Binder:8228_5" path="/system/bin/mediaserver" dev="dm-0" ino=720 scontext=u:r:untrusted_app_25:s0:c512,c768 tcontext=u:object_r:mediaserver_exec:s0 tclass=file permissive=0
07-30 08:12:02.045 u0_i5 10539 10539 I auditd  : type=1400 audit(0.0:1072): avc: denied { search } for comm="dboxed_process2" name="/" dev="mmcblk0p27" ino=2 scontext=u:r:isolated_app:s0:c512,c768 tcontext=u:object_r:persist_file:s0 tclass=dir permissive=0
07-30 08:12:44.895 10114  8228  8228 I auditd  : type=1400 audit(0.0:1073): avc: denied { getattr } for comm="Binder:8228_3" path="/system/bin/adbd" dev="dm-0" ino=554 scontext=u:r:untrusted_app_25:s0:c512,c768 tcontext=u:object_r:adbd_exec:s0 tclass=file permissive=0
07-30 08:12:44.895 10114  8228  8228 I auditd  : type=1400 audit(0.0:1074): avc: denied { getattr } for comm="Binder:8228_3" path="/system/bin/atrace" dev="dm-0" ino=563 scontext=u:r:untrusted_app_25:s0:c512,c768 tcontext=u:object_r:atrace_exec:s0 tclass=file permissive=0
07-30 08:12:44.895 10114  8228  8228 I auditd  : type=1400 audit(0.0:1075): avc: denied { getattr } for comm="Binder:8228_3" path="/system/bin/audioserver" dev="dm-0" ino=564 scontext=u:r:untrusted_app_25:s0:c512,c768 tcontext=u:object_r:audioserver_exec:s0 tclass=file permissive=0
07-30 08:12:44.895 10114  8228  8228 I auditd  : type=1400 audit(0.0:1076): avc: denied { getattr } for comm="Binder:8228_3" path="/system/bin/blkid" dev="dm-0" ino=568 scontext=u:r:untrusted_app_25:s0:c512,c768 tcontext=u:object_r:blkid_exec:s0 tclass=file permissive=0
07-30 08:12:44.895 10114  8228  8228 I auditd  : type=1400 audit(0.0:1077): avc: denied { getattr } for comm="Binder:8228_3" path="/system/bin/bootanimation" dev="dm-0" ino=571 scontext=u:r:untrusted_app_25:s0:c512,c768 tcontext=u:object_r:bootanim_exec:s0 tclass=file permissive=0
07-30 08:12:44.895 10114  8228  8228 I auditd  : type=1400 audit(0.0:1078): avc: denied { getattr } for comm="Binder:8228_3" path="/system/bin/bootstat" dev="dm-0" ino=572 scontext=u:r:untrusted_app_25:s0:c512,c768 tcontext=u:object_r:bootstat_exec:s0 tclass=file permissive=0
07-30 08:12:44.895 10114  8228  8228 I auditd  : type=1400 audit(0.0:1079): avc: denied { getattr } for comm="Binder:8228_3" path="/system/bin/cameraserver" dev="dm-0" ino=581 scontext=u:r:untrusted_app_25:s0:c512,c768 tcontext=u:object_r:cameraserver_exec:s0 tclass=file permissive=0
07-30 08:12:44.895 10114  8228  8228 I auditd  : type=1400 audit(0.0:1080): avc: denied { getattr } for comm="Binder:8228_3" path="/system/bin/clatd" dev="dm-0" ino=590 scontext=u:r:untrusted_app_25:s0:c512,c768 tcontext=u:object_r:clatd_exec:s0 tclass=file permissive=0
07-30 08:12:44.895 10114  8228  8228 I auditd  : type=1400 audit(0.0:1081): avc: denied { getattr } for comm="Binder:8228_3" path="/system/bin/dexoptanalyzer" dev="dm-0" ino=612 scontext=u:r:untrusted_app_25:s0:c512,c768 tcontext=u:object_r:dexoptanalyzer_exec:s0 tclass=file permissive=0
07-30 08:12:44.895 10114  8228  8228 I auditd  : type=1400 audit(0.0:1082): avc: denied { getattr } for comm="Binder:8228_3" path="/system/bin/dnsmasq" dev="dm-0" ino=617 scontext=u:r:untrusted_app_25:s0:c512,c768 tcontext=u:object_r:dnsmasq_exec:s0 tclass=file permissive=0
07-30 08:12:44.895 10114  8228  8228 I auditd  : type=1400 audit(0.0:1083): avc: denied { getattr } for comm="Binder:8228_3" path="/system/bin/dpmd" dev="dm-0" ino=620 scontext=u:r:untrusted_app_25:s0:c512,c768 tcontext=u:object_r:dpmd_exec:s0 tclass=file permissive=0
07-30 08:12:44.895 10114  8228  8228 I auditd  : type=1400 audit(0.0:1084): avc: denied { getattr } for comm="Binder:8228_3" path="/system/bin/drmserver" dev="dm-0" ino=621 scontext=u:r:untrusted_app_25:s0:c512,c768 tcontext=u:object_r:drmserver_exec:s0 tclass=file permissive=0
07-30 08:12:44.905 10114  8228  8228 I auditd  : type=1400 audit(0.0:1085): avc: denied { getattr } for comm="Binder:8228_3" path="/system/bin/dumpstate" dev="dm-0" ino=623 scontext=u:r:untrusted_app_25:s0:c512,c768 tcontext=u:object_r:dumpstate_exec:s0 tclass=file permissive=0
07-30 08:12:44.905 10114  8228  8228 I auditd  : type=1400 audit(0.0:1086): avc: denied { getattr } for comm="Binder:8228_3" path="/system/bin/dun-server" dev="dm-0" ino=625 scontext=u:r:untrusted_app_25:s0:c512,c768 tcontext=u:object_r:dun-server_exec:s0 tclass=file permissive=0
07-30 08:12:44.905 10114  8228  8228 I auditd  : type=1400 audit(0.0:1087): avc: denied { getattr } for comm="Binder:8228_3" path="/system/bin/e2fsck" dev="dm-0" ino=626 scontext=u:r:untrusted_app_25:s0:c512,c768 tcontext=u:object_r:fsck_exec:s0 tclass=file permissive=0
07-30 08:12:44.905 10114  8228  8228 I auditd  : type=1400 audit(0.0:1088): avc: denied { getattr } for comm="Binder:8228_3" path="/system/bin/e2fsdroid" dev="dm-0" ino=627 scontext=u:r:untrusted_app_25:s0:c512,c768 tcontext=u:object_r:e2fs_exec:s0 tclass=file permissive=0
07-30 08:12:44.905 10114  8228  8228 I auditd  : type=1400 audit(0.0:1089): avc: denied { getattr } for comm="Binder:8228_3" path="/system/bin/fsck.f2fs" dev="dm-0" ino=644 scontext=u:r:untrusted_app_25:s0:c512,c768 tcontext=u:object_r:fsck_exec:s0 tclass=file permissive=0
07-30 08:12:44.905 10114  8228  8228 I auditd  : type=1400 audit(0.0:1090): avc: denied { getattr } for comm="Binder:8228_3" path="/system/bin/fsck_msdos" dev="dm-0" ino=645 scontext=u:r:untrusted_app_25:s0:c512,c768 tcontext=u:object_r:fsck_exec:s0 tclass=file permissive=0
07-30 08:12:44.905 10114  8228  8228 I auditd  : type=1400 audit(0.0:1091): avc: denied { getattr } for comm="Binder:8228_3" path="/system/bin/gatekeeperd" dev="dm-0" ino=646 scontext=u:r:untrusted_app_25:s0:c512,c768 tcontext=u:object_r:gatekeeperd_exec:s0 tclass=file permissive=0
07-30 08:12:44.905 10114  8228  8228 I auditd  : type=1400 audit(0.0:1092): avc: denied { getattr } for comm="Binder:8228_3" path="/system/bin/healthd" dev="dm-0" ino=655 scontext=u:r:untrusted_app_25:s0:c512,c768 tcontext=u:object_r:healthd_exec:s0 tclass=file permissive=0
07-30 08:12:44.905 10114  8228  8228 I auditd  : type=1400 audit(0.0:1093): avc: denied { getattr } for comm="Binder:8228_3" path="/system/bin/hwservicemanager" dev="dm-0" ino=662 scontext=u:r:untrusted_app_25:s0:c512,c768 tcontext=u:object_r:hwservicemanager_exec:s0 tclass=file permissive=0
07-30 08:12:44.905 10114  8228  8228 I auditd  : type=1400 audit(0.0:1094): avc: denied { getattr } for comm="Binder:8228_3" path="/system/bin/idmap" dev="dm-0" ino=664 scontext=u:r:untrusted_app_25:s0:c512,c768 tcontext=u:object_r:idmap_exec:s0 tclass=file permissive=0
