07-30 15:58:06.063  1000  2741 16381 I notification_visibility: [0|com.android.chrome|-1|p#https://m.facebook.com/#11532927786193865|10058,0,18688062,18688062,0,13]
07-30 15:58:06.063  1000  2741 16381 I notification_visibility: [0|com.google.android.gm|-790578037|gig:1087497431:^sq_ig_i_personal|10064,0,1781488,1781488,0,8]
07-30 15:58:06.063  1000  2741 16381 I notification_visibility: [0|com.google.android.gm|0|gig:1087497431:^sq_ig_i_personal|10064,0,1781610,1781610,0,6]
07-30 15:58:06.063  1000  2741 16381 I notification_visibility: [0|com.google.android.gm|397820464|gig:1087497431:^sq_ig_i_personal|10064,0,1781469,1781469,0,7]
07-30 15:58:06.569  1000  2741 16381 I notification_visibility: [0|com.google.android.gm|-1710392393|gig:483594645:^sq_ig_i_personal|10064,0,348263,348263,0,2]
07-30 15:58:06.570  1000  2741 16381 I notification_visibility: [0|com.google.android.gm|1973609307|gig:483594645:^sq_ig_i_personal|10064,0,472612,348273,0,3]
07-30 15:58:13.372  1000  2741 15709 I notification_visibility: [0|com.android.providers.downloads|0|2:com.android.vending|10013,1,1191,740,0,0]
07-30 15:58:13.373  1000  2741 15709 I notification_visibility: [0|com.google.android.gm|0|gig:483594645:^sq_ig_i_personal|10064,0,627515,355128,0,1]
07-30 15:58:17.293  1000  2741  2756 I notification_visibility: [0|com.google.android.gm|-2127815615|gig:483594645:^sq_ig_i_personal|10064,1,631391,359033,0,5]
07-30 15:58:17.293  1000  2741  2756 I notification_visibility: [0|com.mygate.user|0|FCM-Notification:16583206|10095,1,6229814,6229814,0,6]
07-30 15:58:17.294  1000  2741  2756 I notification_visibility: [0|com.google.android.gm|-1710392393|gig:483594645:^sq_ig_i_personal|10064,1,358987,358987,0,3]
07-30 15:58:17.294  1000  2741  2756 I notification_visibility: [0|com.google.android.gm|0|gig:483594645:^sq_ig_i_personal|10064,1,631437,359050,0,2]
07-30 15:58:17.294  1000  2741  2756 I notification_visibility: [0|com.google.android.gm|1973609307|gig:483594645:^sq_ig_i_personal|10064,1,483337,358998,0,4]
07-30 15:58:17.294  1000  2741  2756 I notification_visibility: [0|com.google.android.gm|0|gig:1087497431:^sq_ig_i_personal|10064,1,1792841,1792841,0,7]
07-30 15:58:17.295  1000  2741  2756 I notification_visibility: [0|com.google.android.gm|397820464|gig:1087497431:^sq_ig_i_personal|10064,1,1792700,1792700,0,8]
07-30 15:58:18.848  1000  2741  3003 I notification_visibility: [0|com.google.android.gm|-790578037|gig:1087497431:^sq_ig_i_personal|10064,1,1794272,1794272,0,9]
07-30 15:58:19.361  1000  2741  3003 I notification_visibility: [0|com.google.android.gm|-571045837|gig:1087497431:^sq_ig_i_personal|10064,1,1794823,1794823,0,10]
07-30 15:58:19.361  1000  2741  3003 I notification_visibility: [0|com.whatsapp|1|919866777960-1400346898@g.us|10115,1,495113,28271,0,17]
07-30 15:58:19.361  1000  2741  3003 I notification_visibility: [0|com.android.chrome|-1|p#https://m.facebook.com/#11532927786193865|10058,1,18701361,18701361,0,14]
07-30 15:58:19.362  1000  2741  3003 I notification_visibility: [0|com.android.chrome|-1|p#https://m.facebook.com/#11532916151486090|10058,1,28478154,28478154,0,15]
07-30 15:58:19.362  1000  2741  3003 I notification_visibility: [0|com.whatsapp|1|null|10115,1,711714,28263,0,16]
07-30 15:58:19.362  1000  2741  3003 I notification_visibility: [0|com.android.providers.downloads|0|2:com.android.vending|10013,0,7182,6731,0,0]
07-30 15:58:19.362  1000  2741  3003 I notification_visibility: [0|com.google.android.calendar|536870912|276-1532946600000-1532950200000-1532946000000|10055,0,497574,491665,0,1]
07-30 15:58:20.405  1000  2741  2756 I notification_visibility: [0|com.whatsapp|1|919866777960-1400346898@g.us|10115,0,496157,29315,0,17]
07-30 15:58:20.406  1000  2741  2756 I notification_visibility: [0|com.android.chrome|-1|p#https://m.facebook.com/#11532916151486090|10058,0,28479198,28479198,0,15]
07-30 15:58:20.406  1000  2741  2756 I notification_visibility: [0|com.whatsapp|1|null|10115,0,712758,29307,0,16]
07-30 15:58:20.907  1000  2741  3003 I notification_visibility: [0|com.google.android.gm|-571045837|gig:1087497431:^sq_ig_i_personal|10064,0,1796368,1796368,0,10]
07-30 15:58:20.907  1000  2741  3003 I notification_visibility: [0|com.android.chrome|-1|p#https://m.facebook.com/#11532927786193865|10058,0,18702907,18702907,0,14]
07-30 15:58:20.907  1000  2741  3003 I notification_visibility: [0|com.google.android.gm|-790578037|gig:1087497431:^sq_ig_i_personal|10064,0,1796332,1796332,0,9]
07-30 15:58:20.908  1000  2741  3003 I notification_visibility: [0|com.google.android.gm|397820464|gig:1087497431:^sq_ig_i_personal|10064,0,1796313,1796313,0,8]
07-30 15:58:22.011  1000  2741  3003 I notification_visibility: [0|com.google.android.gm|397820464|gig:1087497431:^sq_ig_i_personal|10064,1,1797416,1797416,0,8]
07-30 15:58:22.512  1000  2741  3003 I notification_visibility: [0|com.google.android.gm|-571045837|gig:1087497431:^sq_ig_i_personal|10064,1,1797973,1797973,0,10]
07-30 15:58:22.512  1000  2741  3003 I notification_visibility: [0|com.whatsapp|1|919866777960-1400346898@g.us|10115,1,498264,31422,0,17]
07-30 15:58:22.513  1000  2741  3003 I notification_visibility: [0|com.android.chrome|-1|p#https://m.facebook.com/#11532927786193865|10058,1,18704512,18704512,0,14]
07-30 15:58:22.513  1000  2741  3003 I notification_visibility: [0|com.google.android.gm|-790578037|gig:1087497431:^sq_ig_i_personal|10064,1,1797938,1797938,0,9]
07-30 15:58:22.513  1000  2741  3003 I notification_visibility: [0|com.android.chrome|-1|p#https://m.facebook.com/#11532916151486090|10058,1,28481306,28481306,0,15]
07-30 15:58:22.514  1000  2741  3003 I notification_visibility: [0|com.whatsapp|1|null|10115,1,714865,31414,0,16]
07-30 15:58:23.024  1000  2741  3003 I notification_visibility: [0|com.whatsapp|1|919966429222-1483261573@g.us|10115,1,715386,31950,0,18]
07-30 15:58:23.025  1000  2741  3003 I notification_visibility: [0|com.android.systemui|1|null|10034,1,1465909,1465491,0,21]
07-30 15:58:23.025  1000  2741  3003 I notification_visibility: [0|com.whatsapp|1|919848330390-1434389344@g.us|10115,1,715422,31979,0,19]
07-30 15:58:23.025  1000  2741  3003 I notification_visibility: [0|com.google.android.gm|-2127815615|gig:483594645:^sq_ig_i_personal|10064,0,637123,364765,0,5]
07-30 15:58:23.025  1000  2741  3003 I notification_visibility: [0|com.google.android.gm|-1710392393|gig:483594645:^sq_ig_i_personal|10064,0,364719,364719,0,3]
07-30 15:58:23.025  1000  2741  3003 I notification_visibility: [0|com.google.android.gm|0|gig:483594645:^sq_ig_i_personal|10064,0,637168,364781,0,2]
07-30 15:58:23.026  1000  2741  3003 I notification_visibility: [0|com.google.android.gm|1973609307|gig:483594645:^sq_ig_i_personal|10064,0,489069,364730,0,4]
07-30 15:58:23.539  1000  2741  2756 I notification_visibility: [0|com.android.vending|874755343|null|10028,1,726237,60335,0,23]
07-30 15:58:23.539  1000  2741  2756 I notification_visibility: [0|com.ideacellular.myidea|22|null|10094,1,19389282,19389282,0,22]
07-30 15:58:23.539  1000  2741  2756 I notification_visibility: [0|com.google.android.gm|-571045837|gig:1087497431:^sq_ig_i_personal|10064,0,1799001,1799001,0,10]
07-30 15:58:23.539  1000  2741  2756 I notification_visibility: [0|com.mygate.user|0|FCM-Notification:16583206|10095,0,6236060,6236060,0,6]
07-30 15:58:23.540  1000  2741  2756 I notification_visibility: [0|com.google.android.gm|-790578037|gig:1087497431:^sq_ig_i_personal|10064,0,1798964,1798964,0,9]
07-30 15:58:23.540  1000  2741  2756 I notification_visibility: [0|com.google.android.gm|0|gig:1087497431:^sq_ig_i_personal|10064,0,1799087,1799087,0,7]
07-30 15:58:23.540  1000  2741  2756 I notification_visibility: [0|com.google.android.gm|397820464|gig:1087497431:^sq_ig_i_personal|10064,0,1798946,1798946,0,8]
07-30 15:58:25.131  1000  2741 15709 I notification_visibility: [0|com.android.vending|874755343|null|10028,0,727830,61928,0,23]
07-30 15:58:25.132  1000  2741 15709 I notification_visibility: [0|com.whatsapp|1|919966429222-1483261573@g.us|10115,0,717493,34057,0,18]
07-30 15:58:25.132  1000  2741 15709 I notification_visibility: [0|com.whatsapp|1|919866777960-1400346898@g.us|10115,0,500884,34042,0,17]
07-30 15:58:25.132  1000  2741 15709 I notification_visibility: [0|com.android.systemui|1|null|10034,0,1468017,1467599,0,21]
07-30 15:58:25.132  1000  2741 15709 I notification_visibility: [0|com.android.chrome|-1|p#https://m.facebook.com/#11532927786193865|10058,0,18707132,18707132,0,14]
07-30 15:58:25.133  1000  2741 15709 I notification_visibility: [0|com.whatsapp|1|919848330390-1434389344@g.us|10115,0,717529,34086,0,19]
07-30 15:58:25.133  1000  2741 15709 I notification_visibility: [0|com.ideacellular.myidea|22|null|10094,0,19390876,19390876,0,22]
07-30 15:58:25.133  1000  2741 15709 I notification_visibility: [0|com.android.chrome|-1|p#https://m.facebook.com/#11532916151486090|10058,0,28483926,28483926,0,15]
07-30 15:58:25.133  1000  2741 15709 I notification_visibility: [0|com.whatsapp|1|null|10115,0,717485,34034,0,16]
07-30 16:00:45.471  1000  2741 15709 I notification_visibility: [0|com.google.android.gm|-2127815615|gig:483594645:^sq_ig_i_personal|10064,1,779568,507210,0,6]
07-30 16:00:45.471  1000  2741 15709 I notification_visibility: [0|com.mygate.user|0|FCM-Notification:16583206|10095,1,6377992,6377992,0,7]
07-30 16:00:45.471  1000  2741 15709 I notification_visibility: [0|com.android.providers.downloads|0|2:com.android.vending|10013,1,153291,152840,0,2]
07-30 16:00:45.472  1000  2741 15709 I notification_visibility: [0|com.google.android.gm|-1710392393|gig:483594645:^sq_ig_i_personal|10064,1,507166,507166,0,4]
07-30 16:00:45.472  1000  2741 15709 I notification_visibility: [0|com.google.android.gm|0|gig:483594645:^sq_ig_i_personal|10064,1,779615,507228,0,3]
07-30 16:00:45.473  1000  2741 15709 I notification_visibility: [0|com.google.android.gm|1973609307|gig:483594645:^sq_ig_i_personal|10064,1,631515,507176,0,5]
07-30 16:00:45.473  1000  2741 15709 I notification_visibility: [0|com.twitter.android|1|null|10096,1,72615,72489,0,1]
07-30 16:00:45.473  1000  2741 15709 I notification_visibility: [0|com.google.android.calendar|536870912|276-1532946600000-1532950200000-1532946000000|10055,1,643685,637776,0,0]
07-30 16:00:46.848  1000  2741 15709 I notification_visibility: [0|com.google.android.gm|-2127815615|gig:483594645:^sq_ig_i_personal|10064,0,780946,508588,0,6]
07-30 16:00:46.848  1000  2741 15709 I notification_visibility: [0|com.mygate.user|0|FCM-Notification:16583206|10095,0,6379369,6379369,0,7]
07-30 16:00:46.849  1000  2741 15709 I notification_visibility: [0|com.android.providers.downloads|0|2:com.android.vending|10013,0,154668,154217,0,2]
07-30 16:00:46.849  1000  2741 15709 I notification_visibility: [0|com.google.android.gm|-1710392393|gig:483594645:^sq_ig_i_personal|10064,0,508543,508543,0,4]
07-30 16:00:46.849  1000  2741 15709 I notification_visibility: [0|com.google.android.gm|0|gig:483594645:^sq_ig_i_personal|10064,0,780992,508605,0,3]
07-30 16:00:46.850  1000  2741 15709 I notification_visibility: [0|com.google.android.gm|1973609307|gig:483594645:^sq_ig_i_personal|10064,0,632892,508553,0,5]
07-30 16:00:48.582  1000  2741 15709 I notification_visibility: [0|com.twitter.android|2|null|10096,1,1328,1216,0,4]
07-30 16:00:48.582  1000  2741 15709 I notification_visibility: [0|com.twitter.android|3|null|10096,1,1277,1091,0,3]
07-30 16:00:48.583  1000  2741 15709 I notification_visibility: [0|com.twitter.android|4|null|10096,1,1159,977,0,2]
07-30 16:00:48.583  1000  2741 15709 I notification_visibility: [0|com.twitter.android|5|null|10096,1,1045,1045,0,1]
07-30 16:00:48.583  1000  2741 15709 I notification_visibility: [0|com.twitter.android|2147483647|ranker_group|10096|ranker_group,1,1134,1134,0,0]
07-30 16:00:54.216  1000  2741 16381 I notification_visibility: [0|com.google.android.gm|-2127815615|gig:483594645:^sq_ig_i_personal|10064,1,788313,515955,0,11]
07-30 16:00:54.216  1000  2741 16381 I notification_visibility: [0|com.mygate.user|0|FCM-Notification:16583206|10095,1,6386737,6386737,0,12]
07-30 16:00:54.216  1000  2741 16381 I notification_visibility: [0|com.android.providers.downloads|0|2:com.android.vending|10013,1,162036,161585,0,7]
07-30 16:00:54.216  1000  2741 16381 I notification_visibility: [0|com.google.android.gm|-1710392393|gig:483594645:^sq_ig_i_personal|10064,1,515910,515910,0,9]
07-30 16:00:54.217  1000  2741 16381 I notification_visibility: [0|com.google.android.gm|0|gig:483594645:^sq_ig_i_personal|10064,1,788359,515972,0,8]
07-30 16:00:54.217  1000  2741 16381 I notification_visibility: [0|com.google.android.gm|1973609307|gig:483594645:^sq_ig_i_personal|10064,1,640260,515921,0,10]
07-30 16:00:57.035  1000  2741 16381 I notification_visibility: [0|com.google.android.gm|0|gig:1087497431:^sq_ig_i_personal|10064,1,1952582,1952582,0,13]
07-30 16:00:57.553  1000  2741 16381 I notification_visibility: [0|com.google.android.gm|-571045837|gig:1087497431:^sq_ig_i_personal|10064,1,1953015,1953015,0,16]
07-30 16:00:57.553  1000  2741 16381 I notification_visibility: [0|com.google.android.gm|-790578037|gig:1087497431:^sq_ig_i_personal|10064,1,1952978,1952978,0,15]
07-30 16:00:57.554  1000  2741 16381 I notification_visibility: [0|com.google.android.gm|397820464|gig:1087497431:^sq_ig_i_personal|10064,1,1952960,1952960,0,14]
07-30 16:00:58.054  1000  2741 16381 I notification_visibility: [0|com.android.chrome|-1|p#https://m.facebook.com/#11532927786193865|10058,1,18860053,18860053,0,20]
07-30 16:00:58.054  1000  2741 16381 I notification_visibility: [0|com.twitter.android|2|null|10096,0,10800,10688,0,4]
07-30 16:00:58.054  1000  2741 16381 I notification_visibility: [0|com.twitter.android|3|null|10096,0,10749,10563,0,3]
07-30 16:00:58.054  1000  2741 16381 I notification_visibility: [0|com.twitter.android|4|null|10096,0,10631,10449,0,2]
07-30 16:00:58.055  1000  2741 16381 I notification_visibility: [0|com.twitter.android|5|null|10096,0,10516,10516,0,1]
07-30 16:00:58.055  1000  2741 16381 I notification_visibility: [0|com.twitter.android|2147483647|ranker_group|10096|ranker_group,0,10606,10606,0,0]
07-30 16:00:58.055  1000  2741 16381 I notification_visibility: [0|com.twitter.android|1|null|10096,0,85197,85071,0,6]
07-30 16:00:59.190  1000  2741 16381 I notification_visibility: [0|com.android.chrome|-1|p#https://m.facebook.com/#11532916151486090|10058,1,28637983,28637983,0,21]
07-30 16:00:59.190  1000  2741 16381 I notification_visibility: [0|com.google.android.calendar|536870912|276-1532946600000-1532950200000-1532946000000|10055,0,657402,651493,0,0]
07-30 16:01:01.596  1000  2741 16381 I notification_visibility: [0|com.android.vending|874755343|null|10028,1,884294,218392,0,29]
07-30 16:01:01.596  1000  2741 16381 I notification_visibility: [0|com.whatsapp|1|919966429222-1483261573@g.us|10115,1,873958,135351,0,24]
07-30 16:01:01.596  1000  2741 16381 I notification_visibility: [0|com.whatsapp|1|919866777960-1400346898@g.us|10115,1,657348,135334,0,23]
07-30 16:01:01.596  1000  2741 16381 I notification_visibility: [0|com.android.systemui|1|null|10034,1,1624481,1624063,0,27]
07-30 16:01:01.597  1000  2741 16381 I notification_visibility: [0|com.whatsapp|1|919848330390-1434389344@g.us|10115,1,873993,135379,0,25]
07-30 16:01:01.597  1000  2741 16381 I notification_visibility: [0|com.ideacellular.myidea|22|null|10094,1,19547340,19547340,0,28]
07-30 16:01:01.597  1000  2741 16381 I notification_visibility: [0|com.whatsapp|1|null|10115,1,873949,135329,0,22]
07-30 16:01:01.597  1000  2741 16381 I notification_visibility: [0|com.google.android.gm|-2127815615|gig:483594645:^sq_ig_i_personal|10064,0,795695,523337,0,11]
07-30 16:01:01.597  1000  2741 16381 I notification_visibility: [0|com.mygate.user|0|FCM-Notification:16583206|10095,0,6394118,6394118,0,12]
07-30 16:01:01.597  1000  2741 16381 I notification_visibility: [0|com.android.providers.downloads|0|2:com.android.vending|10013,0,169417,168966,0,7]
07-30 16:01:01.598  1000  2741 16381 I notification_visibility: [0|com.google.android.gm|-1710392393|gig:483594645:^sq_ig_i_personal|10064,0,523292,523292,0,9]
07-30 16:01:01.598  1000  2741 16381 I notification_visibility: [0|com.google.android.gm|0|gig:483594645:^sq_ig_i_personal|10064,0,795741,523354,0,8]
07-30 16:01:01.598  1000  2741 16381 I notification_visibility: [0|com.google.android.gm|1973609307|gig:483594645:^sq_ig_i_personal|10064,0,647641,523302,0,10]
07-30 16:01:02.097  1000  2741 16381 I notification_visibility: [0|com.google.android.gm|-571045837|gig:1087497431:^sq_ig_i_personal|10064,0,1957558,1957558,0,16]
07-30 16:01:02.097  1000  2741 16381 I notification_visibility: [0|com.google.android.gm|-790578037|gig:1087497431:^sq_ig_i_personal|10064,0,1957522,1957522,0,15]
07-30 16:01:02.097  1000  2741 16381 I notification_visibility: [0|com.google.android.gm|0|gig:1087497431:^sq_ig_i_personal|10064,0,1957644,1957644,0,13]
07-30 16:01:02.097  1000  2741 16381 I notification_visibility: [0|com.google.android.gm|397820464|gig:1087497431:^sq_ig_i_personal|10064,0,1957503,1957503,0,14]
07-30 16:01:03.634  1000  2741  7470 I notification_visibility: [0|com.android.vending|874755343|null|10028,0,886333,220431,0,29]
07-30 16:01:03.635  1000  2741  7470 I notification_visibility: [0|com.whatsapp|1|919966429222-1483261573@g.us|10115,0,875996,137389,0,24]
07-30 16:01:03.635  1000  2741  7470 I notification_visibility: [0|com.whatsapp|1|919866777960-1400346898@g.us|10115,0,659387,137373,0,23]
07-30 16:01:03.635  1000  2741  7470 I notification_visibility: [0|com.android.systemui|1|null|10034,0,1626520,1626102,0,27]
07-30 16:01:03.635  1000  2741  7470 I notification_visibility: [0|com.whatsapp|1|919848330390-1434389344@g.us|10115,0,876032,137418,0,25]
07-30 16:01:03.635  1000  2741  7470 I notification_visibility: [0|com.ideacellular.myidea|22|null|10094,0,19549378,19549378,0,28]
07-30 16:01:03.635  1000  2741  7470 I notification_visibility: [0|com.whatsapp|1|null|10115,0,875987,137367,0,22]
07-30 16:01:03.931  1000  2741  7470 I notification_visibility: [0|com.android.chrome|-1|p#https://m.facebook.com/#11532927786193865|10058,0,18865931,18865931,0,20]
07-30 16:01:03.932  1000  2741  7470 I notification_visibility: [0|com.android.chrome|-1|p#https://m.facebook.com/#11532916151486090|10058,0,28642724,28642724,0,21]
07-30 16:02:15.218  1000  2741 16381 I notification_visibility: [0|com.whatsapp|1|919966429222-1483261573@g.us|10115,1,947579,1020,0,3]
07-30 16:02:15.218  1000  2741 16381 I notification_visibility: [0|com.whatsapp|1|919866777960-1400346898@g.us|10115,1,730970,988,0,2]
07-30 16:02:15.219  1000  2741 16381 I notification_visibility: [0|com.whatsapp|1|919205918030-1518137774@g.us|10115,1,964,964,0,1]
07-30 16:02:15.219  1000  2741 16381 I notification_visibility: [0|com.whatsapp|1|919848330390-1434389344@g.us|10115,1,947616,1068,0,4]
07-30 16:02:15.220  1000  2741 16381 I notification_visibility: [0|com.whatsapp|1|null|10115,1,947571,961,0,0]
07-30 16:02:15.220  1000  2741 16381 I notification_visibility: [0|com.whatsapp|1|919036640705-1521441719@g.us|10115,1,947656,1102,0,5]
07-30 16:02:19.885  1000  2741 16381 I notification_visibility: [0|com.whatsapp|1|919966429222-1483261573@g.us|10115,0,952247,5688,0,3]
07-30 16:02:19.886  1000  2741 16381 I notification_visibility: [0|com.whatsapp|1|919866777960-1400346898@g.us|10115,0,735637,5655,0,2]
07-30 16:02:19.886  1000  2741 16381 I notification_visibility: [0|com.whatsapp|1|919205918030-1518137774@g.us|10115,0,5632,5632,0,1]
07-30 16:02:19.886  1000  2741 16381 I notification_visibility: [0|com.whatsapp|1|919848330390-1434389344@g.us|10115,0,952283,5735,0,4]
07-30 16:02:19.887  1000  2741 16381 I notification_visibility: [0|com.whatsapp|1|null|10115,0,952238,5628,0,0]
07-30 16:02:19.887  1000  2741 16381 I notification_visibility: [0|com.whatsapp|1|919036640705-1521441719@g.us|10115,0,952323,5769,0,5]
07-30 16:03:16.500  1000  2741  3960 I notification_visibility: [0|com.twitter.android|6|null|10096,1,129552,129498,0,4]
07-30 16:03:16.501  1000  2741  3960 I notification_visibility: [0|com.twitter.android|7|null|10096,1,10690,10540,0,3]
07-30 16:03:16.501  1000  2741  3960 I notification_visibility: [0|com.twitter.android|8|null|10096,1,10609,10490,0,2]
07-30 16:03:16.502  1000  2741  3960 I notification_visibility: [0|com.google.android.gm|-2127815615|gig:483594645:^sq_ig_i_personal|10064,1,930599,112333,0,14]
07-30 16:03:16.502  1000  2741  3960 I notification_visibility: [0|com.mygate.user|0|FCM-Notification:16583206|10095,1,6529023,6529023,0,15]
07-30 16:03:16.502  1000  2741  3960 I notification_visibility: [0|com.google.android.gm|-226085283|gig:483594645:^sq_ig_i_personal|10064,1,112304,112304,0,12]
07-30 16:03:16.502  1000  2741  3960 I notification_visibility: [0|com.android.providers.downloads|0|2:com.android.vending|10013,1,304322,303871,0,10]
07-30 16:03:16.503  1000  2741  3960 I notification_visibility: [0|com.twitter.android|2147483647|ranker_group|10096|ranker_group,1,149054,149054,0,1]
07-30 16:03:16.503  1000  2741  3960 I notification_visibility: [0|com.google.android.gm|0|gig:483594645:^sq_ig_i_personal|10064,1,930646,112348,0,11]
07-30 16:03:16.503  1000  2741  3960 I notification_visibility: [0|com.google.android.gm|1973609307|gig:483594645:^sq_ig_i_personal|10064,1,782546,112320,0,13]
07-30 16:03:16.504  1000  2741  3960 I notification_visibility: [0|com.google.android.calendar|536870912|276-1532946600000-1532950200000-1532946000000|10055,1,794715,788806,0,0]
07-30 16:03:17.659  1000  2741  3960 I notification_visibility: [0|com.google.android.gm|-571045837|gig:1087497431:^sq_ig_i_personal|10064,1,2093121,2093121,0,19]
07-30 16:03:17.660  1000  2741  3960 I notification_visibility: [0|com.android.chrome|-1|p#https://m.facebook.com/#11532927786193865|10058,1,18999659,18999659,0,23]
07-30 16:03:17.660  1000  2741  3960 I notification_visibility: [0|com.google.android.gm|-790578037|gig:1087497431:^sq_ig_i_personal|10064,1,2093085,2093085,0,18]
07-30 16:03:17.660  1000  2741  3960 I notification_visibility: [0|com.google.android.gm|0|gig:1087497431:^sq_ig_i_personal|10064,1,2093207,2093207,0,16]
07-30 16:03:17.661  1000  2741  3960 I notification_visibility: [0|com.google.android.gm|397820464|gig:1087497431:^sq_ig_i_personal|10064,1,2093066,2093066,0,17]
07-30 16:03:17.661  1000  2741  3960 I notification_visibility: [0|com.google.android.calendar|536870912|276-1532946600000-1532950200000-1532946000000|10055,0,795873,789964,0,0]
07-30 16:03:18.176  1000  2741  3960 I notification_visibility: [0|com.android.chrome|-1|p#https://m.facebook.com/#11532916151486090|10058,1,28776968,28776968,0,24]
07-30 16:03:18.676  1000  2741  3960 I notification_visibility: [0|com.twitter.android|6|null|10096,0,131727,131673,0,4]
07-30 16:03:18.676  1000  2741  3960 I notification_visibility: [0|com.twitter.android|7|null|10096,0,12865,12715,0,3]
07-30 16:03:18.676  1000  2741  3960 I notification_visibility: [0|com.twitter.android|8|null|10096,0,12784,12665,0,2]
07-30 16:03:18.676  1000  2741  3960 I notification_visibility: [0|com.twitter.android|2147483647|ranker_group|10096|ranker_group,0,151227,151227,0,1]
07-30 16:03:19.203  1000  2741  3960 I notification_visibility: [0|com.android.systemui|1|null|10034,1,1762087,1761669,0,25]
07-30 16:03:19.204  1000  2741  3960 I notification_visibility: [0|com.android.providers.downloads|0|2:com.android.vending|10013,0,307023,306572,0,10]
07-30 16:03:19.716  1000  2741  3960 I notification_visibility: [0|com.android.vending|874755343|null|10028,1,1022415,356513,0,27]
07-30 16:03:19.717  1000  2741  3960 I notification_visibility: [0|com.ideacellular.myidea|22|null|10094,1,19685460,19685460,0,26]
07-30 16:03:19.717  1000  2741  3960 I notification_visibility: [0|com.google.android.gm|-2127815615|gig:483594645:^sq_ig_i_personal|10064,0,933815,115549,0,14]
07-30 16:03:19.717  1000  2741  3960 I notification_visibility: [0|com.mygate.user|0|FCM-Notification:16583206|10095,0,6532238,6532238,0,15]
07-30 16:03:19.718  1000  2741  3960 I notification_visibility: [0|com.google.android.gm|-226085283|gig:483594645:^sq_ig_i_personal|10064,0,115519,115519,0,12]
07-30 16:03:19.718  1000  2741  3960 I notification_visibility: [0|com.google.android.gm|0|gig:483594645:^sq_ig_i_personal|10064,0,933861,115563,0,11]
07-30 16:03:19.718  1000  2741  3960 I notification_visibility: [0|com.google.android.gm|1973609307|gig:483594645:^sq_ig_i_personal|10064,0,785761,115535,0,13]
07-30 16:03:21.768  1000  2741  3960 I notification_visibility: [0|com.google.android.gm|-2127815615|gig:483594645:^sq_ig_i_personal|10064,1,935865,117599,0,14]
07-30 16:03:21.768  1000  2741  3960 I notification_visibility: [0|com.mygate.user|0|FCM-Notification:16583206|10095,1,6534289,6534289,0,15]
07-30 16:03:21.769  1000  2741  3960 I notification_visibility: [0|com.google.android.gm|-226085283|gig:483594645:^sq_ig_i_personal|10064,1,117570,117570,0,12]
07-30 16:03:21.769  1000  2741  3960 I notification_visibility: [0|com.android.providers.downloads|0|2:com.android.vending|10013,1,309589,309138,0,10]
07-30 16:03:21.769  1000  2741  3960 I notification_visibility: [0|com.google.android.gm|0|gig:483594645:^sq_ig_i_personal|10064,1,935912,117614,0,11]
07-30 16:03:21.770  1000  2741  3960 I notification_visibility: [0|com.google.android.gm|1973609307|gig:483594645:^sq_ig_i_personal|10064,1,787812,117586,0,13]
07-30 16:03:21.770  1000  2741  3960 I notification_visibility: [0|com.android.vending|874755343|null|10028,0,1024469,358567,0,27]
07-30 16:03:21.770  1000  2741  3960 I notification_visibility: [0|com.ideacellular.myidea|22|null|10094,0,19687513,19687513,0,26]
07-30 16:03:22.268  1000  2741  3960 I notification_visibility: [0|com.android.systemui|1|null|10034,0,1765152,1764734,0,25]
07-30 16:03:22.785  1000  2741  3960 I notification_visibility: [0|com.twitter.android|6|null|10096,1,135836,135782,0,4]
07-30 16:03:22.785  1000  2741  3960 I notification_visibility: [0|com.twitter.android|7|null|10096,1,16974,16824,0,3]
07-30 16:03:22.785  1000  2741  3960 I notification_visibility: [0|com.twitter.android|8|null|10096,1,16893,16774,0,2]
07-30 16:03:22.786  1000  2741  3960 I notification_visibility: [0|com.twitter.android|2147483647|ranker_group|10096|ranker_group,1,155336,155336,0,1]
07-30 16:03:22.786  1000  2741  3960 I notification_visibility: [0|com.android.chrome|-1|p#https://m.facebook.com/#11532916151486090|10058,0,28781579,28781579,0,24]
07-30 16:03:23.289  1000  2741  3960 I notification_visibility: [0|com.google.android.calendar|536870912|276-1532946600000-1532950200000-1532946000000|10055,1,801500,795591,0,0]
07-30 16:03:23.289  1000  2741  3960 I notification_visibility: [0|com.google.android.gm|-571045837|gig:1087497431:^sq_ig_i_personal|10064,0,2098751,2098751,0,19]
07-30 16:03:23.289  1000  2741  3960 I notification_visibility: [0|com.android.chrome|-1|p#https://m.facebook.com/#11532927786193865|10058,0,19005289,19005289,0,23]
07-30 16:03:25.033  1000  2741  3960 I notification_visibility: [0|com.twitter.android|6|null|10096,0,138085,138031,0,4]
07-30 16:03:25.033  1000  2741  3960 I notification_visibility: [0|com.twitter.android|7|null|10096,0,19222,19072,0,3]
07-30 16:03:25.034  1000  2741  3960 I notification_visibility: [0|com.twitter.android|8|null|10096,0,19142,19023,0,2]
07-30 16:03:25.034  1000  2741  3960 I notification_visibility: [0|com.google.android.gm|-2127815615|gig:483594645:^sq_ig_i_personal|10064,0,939132,120866,0,14]
07-30 16:03:25.034  1000  2741  3960 I notification_visibility: [0|com.mygate.user|0|FCM-Notification:16583206|10095,0,6537555,6537555,0,15]
07-30 16:03:25.034  1000  2741  3960 I notification_visibility: [0|com.google.android.gm|-226085283|gig:483594645:^sq_ig_i_personal|10064,0,120836,120836,0,12]
07-30 16:03:25.034  1000  2741  3960 I notification_visibility: [0|com.android.providers.downloads|0|2:com.android.vending|10013,0,312854,312403,0,10]
07-30 16:03:25.035  1000  2741  3960 I notification_visibility: [0|com.google.android.gm|-790578037|gig:1087497431:^sq_ig_i_personal|10064,0,2100459,2100459,0,18]
07-30 16:03:25.035  1000  2741  3960 I notification_visibility: [0|com.twitter.android|2147483647|ranker_group|10096|ranker_group,0,157586,157586,0,1]
07-30 16:03:25.035  1000  2741  3960 I notification_visibility: [0|com.google.android.gm|0|gig:483594645:^sq_ig_i_personal|10064,0,939178,120880,0,11]
07-30 16:03:25.035  1000  2741  3960 I notification_visibility: [0|com.google.android.gm|1973609307|gig:483594645:^sq_ig_i_personal|10064,0,791078,120852,0,13]
07-30 16:03:25.035  1000  2741  3960 I notification_visibility: [0|com.google.android.gm|0|gig:1087497431:^sq_ig_i_personal|10064,0,2100582,2100582,0,16]
07-30 16:03:25.036  1000  2741  3960 I notification_visibility: [0|com.google.android.gm|397820464|gig:1087497431:^sq_ig_i_personal|10064,0,2100441,2100441,0,17]
07-30 16:03:25.091  1000  2741  3960 I notification_visibility: [0|com.google.android.calendar|536870912|276-1532946600000-1532950200000-1532946000000|10055,0,803302,797393,0,0]
07-30 16:10:17.975  1000  2741  3953 I notification_visibility: [0|com.whatsapp|1|919966429222-1483261573@g.us|10115,1,1341,1341,0,3]
07-30 16:10:17.976  1000  2741  3953 I notification_visibility: [0|com.whatsapp|1|919866777960-1400346898@g.us|10115,1,1320,1320,0,2]
07-30 16:10:17.976  1000  2741  3953 I notification_visibility: [0|com.whatsapp|1|919848330390-1434389344@g.us|10115,1,1376,1376,0,4]
07-30 16:10:17.976  1000  2741  3953 I notification_visibility: [0|com.whatsapp|1|919133999269-1532171318@g.us|10115,1,1298,1298,0,1]
07-30 16:10:17.976  1000  2741  3953 I notification_visibility: [0|com.whatsapp|1|null|10115,1,1293,1293,0,0]
07-30 16:10:17.977  1000  2741  3953 I notification_visibility: [0|com.whatsapp|1|919036640705-1521441719@g.us|10115,1,1401,1401,0,5]
07-30 16:10:23.075  1000  2741  3961 I notification_visibility: [0|com.whatsapp|1|919966429222-1483261573@g.us|10115,0,6441,6441,0,3]
07-30 16:10:23.076  1000  2741  3961 I notification_visibility: [0|com.whatsapp|1|919866777960-1400346898@g.us|10115,0,6420,6420,0,2]
07-30 16:10:23.076  1000  2741  3961 I notification_visibility: [0|com.whatsapp|1|919848330390-1434389344@g.us|10115,0,6476,6476,0,4]
07-30 16:10:23.076  1000  2741  3961 I notification_visibility: [0|com.whatsapp|1|919133999269-1532171318@g.us|10115,0,6398,6398,0,1]
07-30 16:10:23.076  1000  2741  3961 I notification_visibility: [0|com.whatsapp|1|null|10115,0,6393,6393,0,0]
07-30 16:10:23.077  1000  2741  3961 I notification_visibility: [0|com.whatsapp|1|919036640705-1521441719@g.us|10115,0,6500,6500,0,5]
07-30 16:10:47.324  1000  2741  3953 I notification_visibility: [0|com.whatsapp|1|919966429222-1483261573@g.us|10115,1,30689,30689,0,4]
07-30 16:10:47.324  1000  2741  3953 I notification_visibility: [0|com.twitter.android|8|null|10096,1,461432,461313,0,10]
07-30 16:10:47.324  1000  2741  3953 I notification_visibility: [0|com.whatsapp|1|919866777960-1400346898@g.us|10115,1,30669,30669,0,3]
07-30 16:10:47.325  1000  2741  3953 I notification_visibility: [0|com.twitter.android|9|null|10096,1,338584,338532,0,9]
07-30 16:10:47.325  1000  2741  3953 I notification_visibility: [0|com.android.providers.downloads|0|2:com.android.vending|10013,1,755145,754694,0,18]
07-30 16:10:47.325  1000  2741  3953 I notification_visibility: [0|com.twitter.android|2147483647|ranker_group|10096|ranker_group,1,599876,599876,0,7]
07-30 16:10:47.326  1000  2741  3953 I notification_visibility: [0|com.google.android.gm|0|gig:483594645:^sq_ig_i_personal|10064,1,1381468,26709,0,19]
07-30 16:10:47.326  1000  2741  3953 I notification_visibility: [0|com.whatsapp|1|919133999269-1532171318@g.us|10115,1,30648,30648,0,2]
07-30 16:10:47.327  1000  2741  3953 I notification_visibility: [0|com.twitter.android|10|null|10096,1,128694,128694,0,8]
07-30 16:10:47.327  1000  2741  3953 I notification_visibility: [0|com.whatsapp|1|null|10115,1,30644,30644,0,1]
07-30 16:10:47.327  1000  2741  3953 I notification_visibility: [0|com.google.android.calendar|536870912|276-1532946600000-1532950200000-1532946000000|10055,1,1245539,1239630,0,0]
07-30 16:10:48.502  1000  2741  6925 I notification_visibility: [0|com.twitter.android|8|null|10096,0,462610,462491,0,10]
07-30 16:10:48.503  1000  2741  6925 I notification_visibility: [0|com.twitter.android|9|null|10096,0,339762,339710,0,9]
07-30 16:10:48.503  1000  2741  6925 I notification_visibility: [0|com.android.providers.downloads|0|2:com.android.vending|10013,0,756323,755872,0,18]
07-30 16:10:48.503  1000  2741  6925 I notification_visibility: [0|com.google.android.gm|0|gig:483594645:^sq_ig_i_personal|10064,0,1382646,27887,0,19]
07-30 16:10:48.503  1000  2741  6925 I notification_visibility: [0|com.twitter.android|10|null|10096,0,129871,129871,0,8]
07-30 16:10:49.019  1000  2741  3953 I notification_visibility: [0|com.whatsapp|1|919966429222-1483261573@g.us|10115,0,32384,32384,0,4]
07-30 16:10:49.019  1000  2741  3953 I notification_visibility: [0|com.whatsapp|1|919866777960-1400346898@g.us|10115,0,32364,32364,0,3]
07-30 16:10:49.019  1000  2741  3953 I notification_visibility: [0|com.twitter.android|2147483647|ranker_group|10096|ranker_group,0,601570,601570,0,7]
07-30 16:10:49.020  1000  2741  3953 I notification_visibility: [0|com.whatsapp|1|919133999269-1532171318@g.us|10115,0,32341,32341,0,2]
07-30 16:10:51.034  1000  2741  3961 I notification_visibility: [0|com.whatsapp|1|919966429222-1483261573@g.us|10115,1,34399,34399,0,4]
07-30 16:10:51.034  1000  2741  3961 I notification_visibility: [0|com.twitter.android|8|null|10096,1,465142,465023,0,10]
07-30 16:10:51.034  1000  2741  3961 I notification_visibility: [0|com.whatsapp|1|919866777960-1400346898@g.us|10115,1,34379,34379,0,3]
07-30 16:10:51.034  1000  2741  3961 I notification_visibility: [0|com.twitter.android|9|null|10096,1,342294,342242,0,9]
07-30 16:10:51.035  1000  2741  3961 I notification_visibility: [0|com.android.providers.downloads|0|2:com.android.vending|10013,1,758854,758403,0,18]
07-30 16:10:51.035  1000  2741  3961 I notification_visibility: [0|com.twitter.android|2147483647|ranker_group|10096|ranker_group,1,603586,603586,0,7]
07-30 16:10:51.035  1000  2741  3961 I notification_visibility: [0|com.whatsapp|1|919133999269-1532171318@g.us|10115,1,34357,34357,0,2]
07-30 16:10:51.035  1000  2741  3961 I notification_visibility: [0|com.twitter.android|10|null|10096,1,132403,132403,0,8]
07-30 16:10:51.535  1000  2741  3961 I notification_visibility: [0|com.google.android.gm|0|gig:483594645:^sq_ig_i_personal|10064,1,1385678,30919,0,19]
07-30 16:10:54.656  1000  2741  3961 I notification_visibility: [0|com.whatsapp|1|919966429222-1483261573@g.us|10115,0,38021,38021,0,4]
07-30 16:10:54.656  1000  2741  3961 I notification_visibility: [0|com.twitter.android|8|null|10096,0,468764,468645,0,10]
07-30 16:10:54.656  1000  2741  3961 I notification_visibility: [0|com.whatsapp|1|919866777960-1400346898@g.us|10115,0,38001,38001,0,3]
07-30 16:10:54.657  1000  2741  3961 I notification_visibility: [0|com.twitter.android|9|null|10096,0,345916,345864,0,9]
07-30 16:10:54.657  1000  2741  3961 I notification_visibility: [0|com.android.providers.downloads|0|2:com.android.vending|10013,0,762477,762026,0,18]
07-30 16:10:54.657  1000  2741  3961 I notification_visibility: [0|com.twitter.android|2147483647|ranker_group|10096|ranker_group,0,607208,607208,0,7]
07-30 16:10:54.657  1000  2741  3961 I notification_visibility: [0|com.google.android.gm|0|gig:483594645:^sq_ig_i_personal|10064,0,1388800,34041,0,19]
07-30 16:10:54.658  1000  2741  3961 I notification_visibility: [0|com.whatsapp|1|919133999269-1532171318@g.us|10115,0,37979,37979,0,2]
07-30 16:10:54.659  1000  2741  3961 I notification_visibility: [0|com.twitter.android|10|null|10096,0,136026,136026,0,8]
07-30 16:10:54.659  1000  2741  3961 I notification_visibility: [0|com.whatsapp|1|null|10115,0,37976,37976,0,1]
07-30 16:10:54.659  1000  2741  3961 I notification_visibility: [0|com.google.android.calendar|536870912|276-1532946600000-1532950200000-1532946000000|10055,0,1252871,1246962,0,0]
07-30 16:11:16.767  1000  2741  3961 I notification_visibility: [0|com.whatsapp|1|919966429222-1483261573@g.us|10115,1,1371,1371,0,3]
07-30 16:11:16.767  1000  2741  3961 I notification_visibility: [0|com.whatsapp|1|919866777960-1400346898@g.us|10115,1,1356,1356,0,2]
07-30 16:11:16.768  1000  2741  3961 I notification_visibility: [0|com.whatsapp|1|919848330390-1434389344@g.us|10115,1,1414,1414,0,4]
07-30 16:11:16.768  1000  2741  3961 I notification_visibility: [0|com.whatsapp|1|919133999269-1532171318@g.us|10115,1,1337,1337,0,1]
07-30 16:11:16.768  1000  2741  3961 I notification_visibility: [0|com.whatsapp|1|null|10115,1,1327,1327,0,0]
07-30 16:11:16.769  1000  2741  3961 I notification_visibility: [0|com.whatsapp|1|919036640705-1521441719@g.us|10115,1,1444,1444,0,5]
07-30 16:11:21.855  1000  2741  2755 I notification_visibility: [0|com.whatsapp|1|919966429222-1483261573@g.us|10115,0,6459,6459,0,3]
07-30 16:11:21.855  1000  2741  2755 I notification_visibility: [0|com.whatsapp|1|919866777960-1400346898@g.us|10115,0,6444,6444,0,2]
07-30 16:11:21.855  1000  2741  2755 I notification_visibility: [0|com.whatsapp|1|919848330390-1434389344@g.us|10115,0,6502,6502,0,4]
07-30 16:11:21.855  1000  2741  2755 I notification_visibility: [0|com.whatsapp|1|919133999269-1532171318@g.us|10115,0,6424,6424,0,1]
07-30 16:11:21.856  1000  2741  2755 I notification_visibility: [0|com.whatsapp|1|null|10115,0,6414,6414,0,0]
07-30 16:11:21.856  1000  2741  2755 I notification_visibility: [0|com.whatsapp|1|919036640705-1521441719@g.us|10115,0,6532,6532,0,5]
07-30 16:19:19.190  1000  2741  3962 I notification_visibility: [0|com.android.dialer|1|STATUS_BAR_NOTIFIER|10015,1,998,998,0,0]
07-30 16:19:35.687  1000  2741  6520 I notification_visibility: [0|com.twitter.android|18|null|10096,1,152899,152832,0,5]
07-30 16:19:35.687  1000  2741  6520 I notification_visibility: [0|com.twitter.android|19|null|10096,1,28429,28429,0,4]
07-30 16:19:35.688  1000  2741  6520 I notification_visibility: [0|com.mygate.user|0|FCM-Notification:16583206|10095,1,7508208,7508208,0,24]
07-30 16:19:35.688  1000  2741  6520 I notification_visibility: [0|com.android.providers.downloads|0|2:com.android.vending|10013,1,1283508,1283057,0,23]
07-30 16:19:35.689  1000  2741  6520 I notification_visibility: [0|com.twitter.android|2147483647|ranker_group|10096|ranker_group,1,1128239,1128239,0,3]
07-30 16:19:35.689  1000  2741  6520 I notification_visibility: [0|com.google.android.gm|-1710392393|gig:483594645:^sq_ig_i_personal|10064,1,273874,273874,0,2]
07-30 16:19:35.689  1000  2741  6520 I notification_visibility: [0|com.twitter.android|17|null|10096,1,163755,163650,0,6]
07-30 16:19:35.690  1000  2741  6520 I notification_visibility: [0|com.google.android.calendar|536870912|276-1532946600000-1532950200000-1532946000000|10055,1,1773901,1767992,0,0]
07-30 16:19:36.198  1000  2741 16381 I notification_visibility: [0|com.twitter.android|18|null|10096,0,153411,153344,0,5]
07-30 16:19:36.199  1000  2741 16381 I notification_visibility: [0|com.twitter.android|19|null|10096,0,28940,28940,0,4]
07-30 16:19:36.199  1000  2741 16381 I notification_visibility: [0|com.mygate.user|0|FCM-Notification:16583206|10095,0,7508720,7508720,0,24]
07-30 16:19:36.199  1000  2741 16381 I notification_visibility: [0|com.android.providers.downloads|0|2:com.android.vending|10013,0,1284019,1283568,0,23]
07-30 16:19:36.199  1000  2741 16381 I notification_visibility: [0|com.twitter.android|2147483647|ranker_group|10096|ranker_group,0,1128750,1128750,0,3]
07-30 16:19:36.199  1000  2741 16381 I notification_visibility: [0|com.twitter.android|17|null|10096,0,164265,164160,0,6]
07-30 16:19:37.210  1000  2741 15709 I notification_visibility: [0|com.google.android.gm|-1710392393|gig:483594645:^sq_ig_i_personal|10064,0,275395,275395,0,2]
07-30 16:19:37.632  1000  2741 15709 I notification_visibility: [0|com.google.android.calendar|536870912|276-1532946600000-1532950200000-1532946000000|10055,0,1775844,1769935,0,0]
07-30 16:20:03.125  1000  2741 16381 I notification_visibility: [0|com.whatsapp|1|919966429222-1483261573@g.us|10115,1,1448,1448,0,3]
07-30 16:20:03.125  1000  2741 16381 I notification_visibility: [0|com.whatsapp|1|919866777960-1400346898@g.us|10115,1,1414,1414,0,2]
07-30 16:20:03.125  1000  2741 16381 I notification_visibility: [0|com.whatsapp|1|919848330390-1434389344@g.us|10115,1,1498,1498,0,4]
07-30 16:20:03.125  1000  2741 16381 I notification_visibility: [0|com.whatsapp|1|919133999269-1532171318@g.us|10115,1,1398,1398,0,1]
07-30 16:20:03.126  1000  2741 16381 I notification_visibility: [0|com.whatsapp|1|null|10115,1,1386,1386,0,0]
07-30 16:20:03.126  1000  2741 16381 I notification_visibility: [0|com.whatsapp|1|919036640705-1521441719@g.us|10115,1,1534,1534,0,5]
07-30 16:20:08.153  1000  2741  3962 I notification_visibility: [0|com.whatsapp|1|919966429222-1483261573@g.us|10115,0,6476,6476,0,3]
07-30 16:20:08.153  1000  2741  3962 I notification_visibility: [0|com.whatsapp|1|919866777960-1400346898@g.us|10115,0,6442,6442,0,2]
07-30 16:20:08.153  1000  2741  3962 I notification_visibility: [0|com.whatsapp|1|919848330390-1434389344@g.us|10115,0,6526,6526,0,4]
07-30 16:20:08.153  1000  2741  3962 I notification_visibility: [0|com.whatsapp|1|919133999269-1532171318@g.us|10115,0,6426,6426,0,1]
07-30 16:20:08.153  1000  2741  3962 I notification_visibility: [0|com.whatsapp|1|null|10115,0,6414,6414,0,0]
07-30 16:20:08.154  1000  2741  3962 I notification_visibility: [0|com.whatsapp|1|919036640705-1521441719@g.us|10115,0,6561,6561,0,5]
07-30 16:20:39.714  1000  2741 21976 I notification_visibility: [0|com.whatsapp|1|919966429222-1483261573@g.us|10115,1,38037,1153,0,4]
07-30 16:20:39.714  1000  2741 21976 I notification_visibility: [0|com.whatsapp|1|919866777960-1400346898@g.us|10115,1,38003,1132,0,3]
07-30 16:20:39.715  1000  2741 21976 I notification_visibility: [0|com.whatsapp|1|919848330390-1434389344@g.us|10115,1,38087,1185,0,5]
07-30 16:20:39.715  1000  2741 21976 I notification_visibility: [0|com.whatsapp|1|919133999269-1532171318@g.us|10115,1,37988,1112,0,2]
07-30 16:20:39.716  1000  2741 21976 I notification_visibility: [0|com.whatsapp|1|919652797973-1526561049@g.us|10115,1,1072,1072,0,1]
07-30 16:20:39.716  1000  2741 21976 I notification_visibility: [0|com.whatsapp|1|null|10115,1,37977,1065,0,0]
07-30 16:20:39.716  1000  2741 21976 I notification_visibility: [0|com.whatsapp|1|919036640705-1521441719@g.us|10115,1,38124,1207,0,6]
07-30 16:20:44.898  1000  2741 21976 I notification_visibility: [0|com.whatsapp|1|919966429222-1483261573@g.us|10115,0,43221,6337,0,4]
07-30 16:20:44.898  1000  2741 21976 I notification_visibility: [0|com.whatsapp|1|919866777960-1400346898@g.us|10115,0,43187,6316,0,3]
07-30 16:20:44.898  1000  2741 21976 I notification_visibility: [0|com.whatsapp|1|919848330390-1434389344@g.us|10115,0,43271,6369,0,5]
07-30 16:20:44.898  1000  2741 21976 I notification_visibility: [0|com.whatsapp|1|919133999269-1532171318@g.us|10115,0,43171,6295,0,2]
07-30 16:20:44.899  1000  2741 21976 I notification_visibility: [0|com.whatsapp|1|919652797973-1526561049@g.us|10115,0,6255,6255,0,1]
07-30 16:20:44.899  1000  2741 21976 I notification_visibility: [0|com.whatsapp|1|null|10115,0,43160,6248,0,0]
07-30 16:20:44.899  1000  2741 21976 I notification_visibility: [0|com.whatsapp|1|919036640705-1521441719@g.us|10115,0,43307,6390,0,6]
07-30 16:30:08.134  1000  2741 15709 I notification_visibility: [0|com.whatsapp|1|919966429222-1483261573@g.us|10115,1,606458,1113,0,4]
07-30 16:30:08.134  1000  2741 15709 I notification_visibility: [0|com.whatsapp|1|919866777960-1400346898@g.us|10115,1,606423,1092,0,3]
07-30 16:30:08.135  1000  2741 15709 I notification_visibility: [0|com.whatsapp|1|919848330390-1434389344@g.us|10115,1,606508,1143,0,5]
07-30 16:30:08.135  1000  2741 15709 I notification_visibility: [0|com.whatsapp|1|919133999269-1532171318@g.us|10115,1,606408,1054,0,1]
07-30 16:30:08.135  1000  2741 15709 I notification_visibility: [0|com.whatsapp|1|919652797973-1526561049@g.us|10115,1,569492,1074,0,2]
07-30 16:30:08.136  1000  2741 15709 I notification_visibility: [0|com.whatsapp|1|null|10115,1,606396,1047,0,0]
07-30 16:30:08.136  1000  2741 15709 I notification_visibility: [0|com.whatsapp|1|919036640705-1521441719@g.us|10115,1,606544,1161,0,6]
07-30 16:30:12.320  1000  2741 15709 I notification_visibility: [0|com.whatsapp|1|919966429222-1483261573@g.us|10115,0,610643,562,0,4]
07-30 16:30:12.320  1000  2741 15709 I notification_visibility: [0|com.whatsapp|1|919866777960-1400346898@g.us|10115,0,610609,539,0,3]
07-30 16:30:12.320  1000  2741 15709 I notification_visibility: [0|com.whatsapp|1|919848330390-1434389344@g.us|10115,0,610693,599,0,5]
07-30 16:30:12.321  1000  2741 15709 I notification_visibility: [0|com.whatsapp|1|919133999269-1532171318@g.us|10115,0,610593,503,0,1]
07-30 16:30:12.321  1000  2741 15709 I notification_visibility: [0|com.whatsapp|1|919652797973-1526561049@g.us|10115,0,573678,528,0,2]
07-30 16:30:12.321  1000  2741 15709 I notification_visibility: [0|com.whatsapp|1|null|10115,0,610582,493,0,0]
07-30 16:30:12.321  1000  2741 15709 I notification_visibility: [0|com.whatsapp|1|919036640705-1521441719@g.us|10115,0,610729,629,0,6]
07-30 16:34:29.297  1000  2741  6520 I notification_visibility: [0|com.whatsapp|1|919966429222-1483261573@g.us|10115,1,1357,1357,0,2]
07-30 16:34:29.297  1000  2741  6520 I notification_visibility: [0|com.whatsapp|1|919848330390-1434389344@g.us|10115,1,1405,1405,0,3]
07-30 16:34:29.298  1000  2741  6520 I notification_visibility: [0|com.whatsapp|1|919133999269-1532171318@g.us|10115,1,1334,1334,0,1]
07-30 16:34:29.298  1000  2741  6520 I notification_visibility: [0|com.whatsapp|1|null|10115,1,1319,1319,0,0]
07-30 16:34:29.298  1000  2741  6520 I notification_visibility: [0|com.whatsapp|1|919036640705-1521441719@g.us|10115,1,1434,1434,0,4]
07-30 16:34:30.876  1000  2741  6925 I notification_visibility: [0|com.whatsapp|1|919966429222-1483261573@g.us|10115,0,2937,2937,0,2]
07-30 16:34:30.877  1000  2741  6925 I notification_visibility: [0|com.whatsapp|1|919848330390-1434389344@g.us|10115,0,2984,2984,0,3]
07-30 16:34:30.877  1000  2741  6925 I notification_visibility: [0|com.whatsapp|1|919133999269-1532171318@g.us|10115,0,2914,2914,0,1]
07-30 16:34:30.877  1000  2741  6925 I notification_visibility: [0|com.whatsapp|1|null|10115,0,2898,2898,0,0]
07-30 16:34:30.877  1000  2741  6925 I notification_visibility: [0|com.whatsapp|1|919036640705-1521441719@g.us|10115,0,3013,3013,0,4]
07-30 16:35:06.442  1000  2741  6520 I notification_visibility: [0|com.mygate.user|0|FCM-Notification:16583206|10095,1,8438962,8438962,0,30]
07-30 16:35:06.442  1000  2741  6520 I notification_visibility: [0|com.android.providers.downloads|0|2:com.android.vending|10013,1,2214262,2213811,0,29]
07-30 16:35:06.443  1000  2741  6520 I notification_visibility: [0|com.twitter.android|2147483647|ranker_group|10096|ranker_group,1,2058993,2058993,0,1]
07-30 16:35:06.443  1000  2741  6520 I notification_visibility: [0|com.google.android.gm|0|gig:1087497431:^sq_ig_i_personal|10064,1,4001990,4001990,0,31]
07-30 16:35:06.444  1000  2741  6520 I notification_visibility: [0|com.twitter.android|25|null|10096,1,255633,255560,0,4]
07-30 16:35:06.444  1000  2741  6520 I notification_visibility: [0|com.google.android.gm|397820464|gig:1087497431:^sq_ig_i_personal|10064,1,4001850,4001850,0,32]
07-30 16:35:06.445  1000  2741  6520 I notification_visibility: [0|com.twitter.android|26|null|10096,1,245317,245262,0,3]
07-30 16:35:06.445  1000  2741  6520 I notification_visibility: [0|com.twitter.android|27|null|10096,1,185481,185481,0,2]
07-30 16:35:06.445  1000  2741  6520 I notification_visibility: [0|com.google.android.calendar|536870912|276-1532946600000-1532950200000-1532946000000|10055,1,2704657,2698748,0,0]
07-30 16:35:09.884  1000  2741  2756 I notification_visibility: [0|com.mygate.user|0|FCM-Notification:16583206|10095,0,8442405,8442405,0,30]
07-30 16:35:09.884  1000  2741  2756 I notification_visibility: [0|com.google.android.gm|0|gig:1087497431:^sq_ig_i_personal|10064,0,4005431,4005431,0,31]
07-30 16:35:09.885  1000  2741  2756 I notification_visibility: [0|com.google.android.gm|397820464|gig:1087497431:^sq_ig_i_personal|10064,0,4005290,4005290,0,32]
07-30 16:35:10.276  1000  2741  3293 I notification_visibility: [0|com.android.providers.downloads|0|2:com.android.vending|10013,0,2218096,2217645,0,29]
07-30 16:35:10.277  1000  2741  3293 I notification_visibility: [0|com.twitter.android|2147483647|ranker_group|10096|ranker_group,0,2062827,2062827,0,1]
07-30 16:35:10.277  1000  2741  3293 I notification_visibility: [0|com.twitter.android|25|null|10096,0,259467,259394,0,4]
07-30 16:35:10.277  1000  2741  3293 I notification_visibility: [0|com.twitter.android|26|null|10096,0,249150,249095,0,3]
07-30 16:35:10.277  1000  2741  3293 I notification_visibility: [0|com.twitter.android|27|null|10096,0,189313,189313,0,2]
07-30 16:35:10.278  1000  2741  3293 I notification_visibility: [0|com.google.android.calendar|536870912|276-1532946600000-1532950200000-1532946000000|10055,0,2708489,2702580,0,0]
07-30 16:36:12.558  1000  2741 21980 I notification_visibility: [0|com.whatsapp|1|919848330390-1434389344@g.us|10115,1,1335,1335,0,2]
07-30 16:36:12.558  1000  2741 21980 I notification_visibility: [0|com.whatsapp|1|919133999269-1532171318@g.us|10115,1,1318,1318,0,1]
07-30 16:36:12.558  1000  2741 21980 I notification_visibility: [0|com.whatsapp|1|null|10115,1,1292,1292,0,0]
07-30 16:36:12.559  1000  2741 21980 I notification_visibility: [0|com.whatsapp|1|919036640705-1521441719@g.us|10115,1,1353,1353,0,3]
07-30 16:36:17.631  1000  2741 21980 I notification_visibility: [0|com.whatsapp|1|919848330390-1434389344@g.us|10115,0,6409,6409,0,2]
