07-30 08:03:40.980  1000  2741  3953 I notification_visibility: [0|com.whatsapp|1|919866777960-1400346898@g.us|10115,1,1481,1481,0,2]
07-30 08:03:40.981  1000  2741  3953 I notification_visibility: [0|com.whatsapp|1|919848330390-1434389344@g.us|10115,1,1637,1637,0,3]
07-30 08:03:40.981  1000  2741  3953 I notification_visibility: [0|com.whatsapp|1|919652797973-1526561049@g.us|10115,1,1443,1443,0,1]
07-30 08:03:40.981  1000  2741  3953 I notification_visibility: [0|com.whatsapp|1|null|10115,1,1409,1409,0,0]
07-30 08:03:40.982  1000  2741  3953 I notification_visibility: [0|com.whatsapp|1|919036640705-1521441719@g.us|10115,1,1765,1765,0,4]
07-30 08:03:46.088  1000  2741  3960 I notification_visibility: [0|com.whatsapp|1|919866777960-1400346898@g.us|10115,0,6589,6589,0,2]
07-30 08:03:46.089  1000  2741  3960 I notification_visibility: [0|com.whatsapp|1|919848330390-1434389344@g.us|10115,0,6745,6745,0,3]
07-30 08:03:46.089  1000  2741  3960 I notification_visibility: [0|com.whatsapp|1|919652797973-1526561049@g.us|10115,0,6551,6551,0,1]
07-30 08:03:46.089  1000  2741  3960 I notification_visibility: [0|com.whatsapp|1|null|10115,0,6517,6517,0,0]
07-30 08:03:46.089  1000  2741  3960 I notification_visibility: [0|com.whatsapp|1|919036640705-1521441719@g.us|10115,0,6873,6873,0,4]
07-30 08:17:43.195  1000  2741  7470 I notification_visibility: [0|com.google.android.apps.messaging|0|com.google.android.apps.messaging:sms:116|10072,1,993,993,0,0]
07-30 08:17:48.421  1000  2741  3323 I notification_visibility: [0|com.google.android.apps.messaging|0|com.google.android.apps.messaging:sms:116|10072,0,6218,6218,0,0]
07-30 08:25:38.932  1000  2741  3100 I notification_visibility: [0|com.google.android.apps.messaging|0|com.google.android.apps.messaging:sms:116|10072,1,476729,476729,0,0]
07-30 08:25:38.932  1000  2741  3100 I notification_visibility: [0|com.mygate.user|0|FCM-Notification:113192|10095,1,1335458,1335458,0,3]
07-30 08:25:38.932  1000  2741  3100 I notification_visibility: [-1|android|23|41217664-9172-527a-b3d5-edabb50a7d69|1000,1,1311775,1311775,0,2]
07-30 08:25:38.932  1000  2741  3100 I notification_visibility: [0|com.google.android.gm|785431737|gig:483594645:^sq_ig_i_personal|10064,1,1338549,1307126,0,10]
07-30 08:25:38.933  1000  2741  3100 I notification_visibility: [0|com.google.android.gm|1839693335|gig:483594645:^sq_ig_i_personal|10064,1,1306945,1306945,0,6]
07-30 08:25:38.933  1000  2741  3100 I notification_visibility: [0|com.google.android.gm|-1639636639|gig:483594645:^sq_ig_i_personal|10064,1,1306969,1306969,0,7]
07-30 08:25:38.933  1000  2741  3100 I notification_visibility: [0|com.google.android.gm|2071495403|gig:483594645:^sq_ig_i_personal|10064,1,1338530,1307050,0,9]
07-30 08:25:38.933  1000  2741  3100 I notification_visibility: [0|com.google.android.gm|0|gig:483594645:^sq_ig_i_personal|10064,1,1338583,1307171,0,5]
07-30 08:25:38.933  1000  2741  3100 I notification_visibility: [0|com.google.android.gm|1180847539|gig:483594645:^sq_ig_i_personal|10064,1,1338494,1307027,0,8]
07-30 08:25:38.934  1000  2741  3100 I notification_visibility: [0|com.android.chrome|-1|p#https://m.facebook.com/#11532916151486090|10058,1,1317727,1317727,0,4]
07-30 08:25:38.934  1000  2741  3100 I notification_visibility: [0|com.twitter.android|0|null|10096,1,1310024,86337,0,1]
07-30 08:25:39.386  1000  2741  3100 I notification_visibility: [0|com.google.android.apps.messaging|0|com.google.android.apps.messaging:sms:116|10072,0,477183,477183,0,0]
07-30 08:25:39.386  1000  2741  3100 I notification_visibility: [0|com.mygate.user|0|FCM-Notification:113192|10095,0,1335912,1335912,0,3]
07-30 08:25:39.386  1000  2741  3100 I notification_visibility: [-1|android|23|41217664-9172-527a-b3d5-edabb50a7d69|1000,0,1312229,1312229,0,2]
07-30 08:25:39.386  1000  2741  3100 I notification_visibility: [0|com.google.android.gm|785431737|gig:483594645:^sq_ig_i_personal|10064,0,1339003,1307580,0,10]
07-30 08:25:39.386  1000  2741  3100 I notification_visibility: [0|com.google.android.gm|1839693335|gig:483594645:^sq_ig_i_personal|10064,0,1307399,1307399,0,6]
07-30 08:25:39.386  1000  2741  3100 I notification_visibility: [0|com.google.android.gm|-1639636639|gig:483594645:^sq_ig_i_personal|10064,0,1307422,1307422,0,7]
07-30 08:25:39.386  1000  2741  3100 I notification_visibility: [0|com.google.android.gm|2071495403|gig:483594645:^sq_ig_i_personal|10064,0,1338983,1307503,0,9]
07-30 08:25:39.387  1000  2741  3100 I notification_visibility: [0|com.google.android.gm|0|gig:483594645:^sq_ig_i_personal|10064,0,1339036,1307624,0,5]
07-30 08:25:39.387  1000  2741  3100 I notification_visibility: [0|com.google.android.gm|1180847539|gig:483594645:^sq_ig_i_personal|10064,0,1338948,1307481,0,8]
07-30 08:25:39.387  1000  2741  3100 I notification_visibility: [0|com.android.chrome|-1|p#https://m.facebook.com/#11532916151486090|10058,0,1318180,1318180,0,4]
07-30 08:25:39.387  1000  2741  3100 I notification_visibility: [0|com.twitter.android|0|null|10096,0,1310477,86790,0,1]
07-30 08:32:11.337  1000  2741 11532 I notification_visibility: [0|com.whatsapp|1|919848330390-1434389344@g.us|10115,1,1151,1151,0,2]
07-30 08:32:11.338  1000  2741 11532 I notification_visibility: [0|com.whatsapp|1|919886746176-1526224840@g.us|10115,1,1132,1132,0,1]
07-30 08:32:11.339  1000  2741 11532 I notification_visibility: [0|com.whatsapp|1|null|10115,1,1123,1123,0,0]
07-30 08:32:11.339  1000  2741 11532 I notification_visibility: [0|com.whatsapp|1|919036640705-1521441719@g.us|10115,1,1175,1175,0,3]
07-30 08:32:12.383  1000  2741  6894 I notification_visibility: [0|com.whatsapp|1|919949777709-1443694452@g.us|10115,1,578,578,0,1]
07-30 08:32:15.847  1000  2741  3323 I notification_visibility: [0|com.whatsapp|1|919949777709-1443694452@g.us|10115,0,4042,528,0,1]
07-30 08:32:15.848  1000  2741  3323 I notification_visibility: [0|com.whatsapp|1|919848330390-1434389344@g.us|10115,0,5661,553,0,3]
07-30 08:32:15.848  1000  2741  3323 I notification_visibility: [0|com.whatsapp|1|919886746176-1526224840@g.us|10115,0,5643,491,0,2]
07-30 08:32:15.848  1000  2741  3323 I notification_visibility: [0|com.whatsapp|1|null|10115,0,5633,484,0,0]
07-30 08:32:15.848  1000  2741  3323 I notification_visibility: [0|com.whatsapp|1|919036640705-1521441719@g.us|10115,0,5684,581,0,4]
07-30 08:32:30.202  1000  2741  7470 I notification_visibility: [0|com.whatsapp|1|919949777709-1443694452@g.us|10115,1,1190,1190,0,2]
07-30 08:32:30.202  1000  2741  7470 I notification_visibility: [0|com.whatsapp|1|919949749828@s.whatsapp.net|10115,1,1163,1163,0,1]
07-30 08:32:30.202  1000  2741  7470 I notification_visibility: [0|com.whatsapp|1|919848330390-1434389344@g.us|10115,1,1231,1231,0,3]
07-30 08:32:30.203  1000  2741  7470 I notification_visibility: [0|com.whatsapp|1|null|10115,1,1156,1156,0,0]
07-30 08:32:30.203  1000  2741  7470 I notification_visibility: [0|com.whatsapp|1|919036640705-1521441719@g.us|10115,1,1254,1254,0,4]
07-30 08:32:32.477  1000  2741  6894 I notification_visibility: [0|com.whatsapp|1|919949777709-1443694452@g.us|10115,0,3466,368,0,1]
07-30 08:32:32.478  1000  2741  6894 I notification_visibility: [0|com.whatsapp|1|919848330390-1434389344@g.us|10115,0,3506,391,0,2]
07-30 08:32:32.478  1000  2741  6894 I notification_visibility: [0|com.whatsapp|1|null|10115,0,3431,349,0,0]
07-30 08:32:32.478  1000  2741  6894 I notification_visibility: [0|com.whatsapp|1|919036640705-1521441719@g.us|10115,0,3529,455,0,3]
07-30 08:32:38.371  1000  2741  6520 I notification_visibility: [0|com.whatsapp|1|919949777709-1443694452@g.us|10115,1,9358,833,0,1]
07-30 08:32:38.371  1000  2741  6520 I notification_visibility: [0|com.whatsapp|1|919848330390-1434389344@g.us|10115,1,9400,863,0,2]
07-30 08:32:38.372  1000  2741  6520 I notification_visibility: [0|com.whatsapp|1|null|10115,1,9324,822,0,0]
07-30 08:32:38.372  1000  2741  6520 I notification_visibility: [0|com.whatsapp|1|919036640705-1521441719@g.us|10115,1,9423,890,0,3]
07-30 08:32:43.611  1000  2741  6520 I notification_visibility: [0|com.whatsapp|1|919949777709-1443694452@g.us|10115,0,14599,6074,0,1]
07-30 08:32:43.611  1000  2741  6520 I notification_visibility: [0|com.whatsapp|1|919848330390-1434389344@g.us|10115,0,14640,6103,0,2]
07-30 08:32:43.612  1000  2741  6520 I notification_visibility: [0|com.whatsapp|1|null|10115,0,14564,6062,0,0]
07-30 08:32:43.612  1000  2741  6520 I notification_visibility: [0|com.whatsapp|1|919036640705-1521441719@g.us|10115,0,14663,6130,0,3]
07-30 09:09:39.585  1000  2741  3962 I notification_visibility: [0|com.whatsapp|1|919949777709-1443694452@g.us|10115,1,2230574,1007,0,4]
07-30 09:09:39.586  1000  2741  3962 I notification_visibility: [0|com.whatsapp|1|917386666713-1387638010@g.us|10115,1,886,886,0,1]
07-30 09:09:39.586  1000  2741  3962 I notification_visibility: [0|com.whatsapp|1|919848330390-1434389344@g.us|10115,1,2230615,1050,0,5]
07-30 09:09:39.586  1000  2741  3962 I notification_visibility: [0|com.whatsapp|1|919849598108-1494592111@g.us|10115,1,2029661,981,0,3]
07-30 09:09:39.587  1000  2741  3962 I notification_visibility: [0|com.whatsapp|1|919652797973-1526561049@g.us|10115,1,229901,950,0,2]
07-30 09:09:39.587  1000  2741  3962 I notification_visibility: [0|com.whatsapp|1|null|10115,1,2230540,880,0,0]
07-30 09:09:39.587  1000  2741  3962 I notification_visibility: [0|com.whatsapp|1|919036640705-1521441719@g.us|10115,1,2230638,1089,0,6]
07-30 09:09:40.360  1000  2741  3962 I notification_visibility: [0|com.whatsapp|1|919949777709-1443694452@g.us|10115,0,2231349,561,0,4]
07-30 09:09:40.361  1000  2741  3962 I notification_visibility: [0|com.whatsapp|1|917386666713-1387638010@g.us|10115,0,1661,473,0,1]
07-30 09:09:40.361  1000  2741  3962 I notification_visibility: [0|com.whatsapp|1|919848330390-1434389344@g.us|10115,0,2231390,603,0,5]
07-30 09:09:40.361  1000  2741  3962 I notification_visibility: [0|com.whatsapp|1|919849598108-1494592111@g.us|10115,0,2030436,538,0,3]
07-30 09:09:40.361  1000  2741  3962 I notification_visibility: [0|com.whatsapp|1|919652797973-1526561049@g.us|10115,0,230676,518,0,2]
07-30 09:09:40.362  1000  2741  3962 I notification_visibility: [0|com.whatsapp|1|null|10115,0,2231315,457,0,0]
07-30 09:09:40.362  1000  2741  3962 I notification_visibility: [0|com.whatsapp|1|919036640705-1521441719@g.us|10115,0,2231413,621,0,6]
07-30 09:12:39.071  1000  2741  3962 I notification_visibility: [-1|com.android.systemui|3|low_battery|10034,1,916,916,0,0]
07-30 09:12:49.564  1000  2741  3953 I notification_visibility: [0|com.google.android.apps.messaging|0|com.google.android.apps.messaging:sms:116|10072,1,3307362,3307362,0,0]
07-30 09:12:49.875  1000  2741  3953 I notification_visibility: [0|com.google.android.apps.messaging|0|com.google.android.apps.messaging:sms:116|10072,0,3307673,3307673,0,0]
07-30 09:25:35.907  1000  2741  3324 I notification_visibility: [0|com.whatsapp|1|919949777709-1443694452@g.us|10115,1,3186895,1053,0,4]
07-30 09:25:35.907  1000  2741  3324 I notification_visibility: [0|com.whatsapp|1|917386666713-1387638010@g.us|10115,1,957208,999,0,2]
07-30 09:25:35.908  1000  2741  3324 I notification_visibility: [0|com.whatsapp|1|919848330390-1434389344@g.us|10115,1,3186936,1091,0,5]
07-30 09:25:35.910  1000  2741  3324 I notification_visibility: [0|com.whatsapp|1|919849598108-1494592111@g.us|10115,1,2985983,1028,0,3]
07-30 09:25:35.910  1000  2741  3324 I notification_visibility: [0|com.whatsapp|1|919652797973-1526561049@g.us|10115,1,1186225,976,0,1]
07-30 09:25:35.910  1000  2741  3324 I notification_visibility: [0|com.whatsapp|1|null|10115,1,3186863,966,0,0]
07-30 09:25:35.911  1000  2741  3324 I notification_visibility: [0|com.whatsapp|1|919036640705-1521441719@g.us|10115,1,3186961,1115,0,6]
07-30 09:25:38.068  1000  2741  8423 I notification_visibility: [0|com.whatsapp|1|919949777709-1443694452@g.us|10115,0,3189057,3215,0,4]
07-30 09:25:38.068  1000  2741  8423 I notification_visibility: [0|com.whatsapp|1|917386666713-1387638010@g.us|10115,0,959369,3160,0,2]
07-30 09:25:38.068  1000  2741  8423 I notification_visibility: [0|com.whatsapp|1|919848330390-1434389344@g.us|10115,0,3189097,3252,0,5]
07-30 09:25:38.069  1000  2741  8423 I notification_visibility: [0|com.whatsapp|1|919849598108-1494592111@g.us|10115,0,2988144,3189,0,3]
07-30 09:25:38.069  1000  2741  8423 I notification_visibility: [0|com.whatsapp|1|919652797973-1526561049@g.us|10115,0,1188384,3135,0,1]
07-30 09:25:38.069  1000  2741  8423 I notification_visibility: [0|com.whatsapp|1|null|10115,0,3189022,3125,0,0]
07-30 09:25:38.069  1000  2741  8423 I notification_visibility: [0|com.whatsapp|1|919036640705-1521441719@g.us|10115,0,3189120,3274,0,6]
07-30 11:26:39.214  1000  2741  2756 I notification_visibility: [-1|com.android.systemui|3|low_battery|10034,1,909,888,0,0]
07-30 11:26:41.563  1000  2741  3632 I notification_visibility: [0|com.google.android.apps.messaging|0|com.google.android.apps.messaging:sms:117|10072,1,889,889,0,0]
07-30 11:26:44.457  1000  2741  3632 I notification_visibility: [-1|com.android.systemui|3|low_battery|10034,0,6153,3176,0,1]
07-30 11:26:46.664  1000  2741  3632 I notification_visibility: [0|com.google.android.apps.messaging|0|com.google.android.apps.messaging:sms:117|10072,0,5990,5990,0,0]
07-30 11:27:07.395  1000  2741  2756 I notification_visibility: [0|com.whatsapp|1|919966429222-1483261573@g.us|10115,1,1493,1493,0,3]
07-30 11:27:07.395  1000  2741  2756 I notification_visibility: [0|com.whatsapp|1|919949777709-1443694452@g.us|10115,1,1586,1586,0,6]
07-30 11:27:07.395  1000  2741  2756 I notification_visibility: [0|com.whatsapp|1|918008066449-1389674036@g.us|10115,1,1523,1523,0,4]
07-30 11:27:07.396  1000  2741  2756 I notification_visibility: [0|com.whatsapp|1|919866777960-1400346898@g.us|10115,1,1556,1556,0,5]
07-30 11:27:07.396  1000  2741  2756 I notification_visibility: [0|com.whatsapp|1|917893161221@s.whatsapp.net|10115,1,1469,1469,0,2]
07-30 11:27:07.397  1000  2741  2756 I notification_visibility: [0|com.whatsapp|1|919848330390-1434389344@g.us|10115,1,1637,1637,0,7]
07-30 11:27:07.397  1000  2741  2756 I notification_visibility: [0|com.whatsapp|1|null|10115,1,1459,1459,0,0]
07-30 11:27:12.422  1000  2741  3632 I notification_visibility: [0|com.whatsapp|1|919966429222-1483261573@g.us|10115,0,6521,6521,0,3]
07-30 11:27:12.423  1000  2741  3632 I notification_visibility: [0|com.whatsapp|1|919949777709-1443694452@g.us|10115,0,6614,6614,0,6]
07-30 11:27:12.423  1000  2741  3632 I notification_visibility: [0|com.whatsapp|1|918008066449-1389674036@g.us|10115,0,6551,6551,0,4]
07-30 11:27:12.423  1000  2741  3632 I notification_visibility: [0|com.whatsapp|1|919866777960-1400346898@g.us|10115,0,6583,6583,0,5]
07-30 11:27:12.423  1000  2741  3632 I notification_visibility: [0|com.whatsapp|1|917893161221@s.whatsapp.net|10115,0,6496,6496,0,2]
07-30 11:27:12.424  1000  2741  3632 I notification_visibility: [0|com.whatsapp|1|919848330390-1434389344@g.us|10115,0,6664,6664,0,7]
07-30 11:27:12.424  1000  2741  3632 I notification_visibility: [0|com.whatsapp|1|null|10115,0,6486,6486,0,0]
07-30 11:27:16.730  1000  2741  3632 I notification_visibility: [0|com.whatsapp|1|919966429222-1483261573@g.us|10115,1,10829,1041,0,3]
07-30 11:27:16.731  1000  2741  3632 I notification_visibility: [0|com.whatsapp|1|919949777709-1443694452@g.us|10115,1,10921,1107,0,6]
07-30 11:27:16.731  1000  2741  3632 I notification_visibility: [0|com.whatsapp|1|918008066449-1389674036@g.us|10115,1,10859,1067,0,4]
07-30 11:27:16.731  1000  2741  3632 I notification_visibility: [0|com.whatsapp|1|919866777960-1400346898@g.us|10115,1,10891,1085,0,5]
07-30 11:27:16.732  1000  2741  3632 I notification_visibility: [0|com.whatsapp|1|917893161221@s.whatsapp.net|10115,1,10805,1025,0,2]
07-30 11:27:16.732  1000  2741  3632 I notification_visibility: [0|com.whatsapp|1|919848330390-1434389344@g.us|10115,1,10973,1153,0,7]
07-30 11:27:16.733  1000  2741  3632 I notification_visibility: [0|com.whatsapp|1|null|10115,1,10794,1013,0,0]
07-30 11:27:18.762  1000  2741  7470 I notification_visibility: [0|com.whatsapp|1|919966429222-1483261573@g.us|10115,0,12860,3072,0,3]
07-30 11:27:18.762  1000  2741  7470 I notification_visibility: [0|com.whatsapp|1|919949777709-1443694452@g.us|10115,0,12953,3139,0,6]
07-30 11:27:18.762  1000  2741  7470 I notification_visibility: [0|com.whatsapp|1|918008066449-1389674036@g.us|10115,0,12890,3098,0,4]
07-30 11:27:18.762  1000  2741  7470 I notification_visibility: [0|com.whatsapp|1|919866777960-1400346898@g.us|10115,0,12922,3116,0,5]
07-30 11:27:18.762  1000  2741  7470 I notification_visibility: [0|com.whatsapp|1|917893161221@s.whatsapp.net|10115,0,12835,3055,0,2]
07-30 11:27:18.762  1000  2741  7470 I notification_visibility: [0|com.whatsapp|1|919848330390-1434389344@g.us|10115,0,13003,3183,0,7]
07-30 11:27:18.763  1000  2741  7470 I notification_visibility: [0|com.whatsapp|1|null|10115,0,12825,3044,0,0]
07-30 11:28:25.314  1000  2741  3100 I notification_visibility: [-1|com.android.systemui|3|low_battery|10034,1,107009,347,0,0]
07-30 11:28:25.314  1000  2741  3100 I notification_visibility: [0|com.google.android.gm|-1327682998|gig:483594645:^sq_ig_i_personal|10064,1,778280,778280,0,4]
07-30 11:28:25.314  1000  2741  3100 I notification_visibility: [0|com.google.android.calendar|536870912|214-1532926800000-1532930400000-1532926200000|10055,1,4103808,499784,0,1]
07-30 11:28:25.315  1000  2741  3100 I notification_visibility: [0|com.google.android.gm|1965099541|gig:483594645:^sq_ig_i_personal|10064,1,778308,778308,0,6]
07-30 11:28:25.315  1000  2741  3100 I notification_visibility: [0|com.google.android.gm|1918686884|gig:483594645:^sq_ig_i_personal|10064,1,917880,778294,0,5]
07-30 11:28:25.316  1000  2741  3100 I notification_visibility: [0|com.google.android.gm|0|gig:483594645:^sq_ig_i_personal|10064,1,1634996,778380,0,3]
07-30 11:28:25.316  1000  2741  3100 I notification_visibility: [0|com.mygate.user|0|FCM-Notification:3425169|10095,1,7322884,7322884,0,10]
07-30 11:28:25.316  1000  2741  3100 I notification_visibility: [0|com.twitter.android|0|null|10096,1,12276406,309094,0,2]
07-30 11:28:26.348  1000  2741  7024 I notification_visibility: [0|com.mygate.user|0|FCM-Notification:113192|10095,1,12302874,12302874,0,10]
07-30 11:28:32.511  1000  2741  6925 I notification_visibility: [0|com.mygate.user|0|FCM-Notification:113192|10095,0,12309036,12309036,0,10]
07-30 11:28:32.511  1000  2741  6925 I notification_visibility: [0|com.google.android.gm|-1327682998|gig:483594645:^sq_ig_i_personal|10064,0,785477,785477,0,3]
07-30 11:28:32.512  1000  2741  6925 I notification_visibility: [0|com.google.android.calendar|536870912|214-1532926800000-1532930400000-1532926200000|10055,0,4111005,506981,0,0]
07-30 11:28:32.512  1000  2741  6925 I notification_visibility: [0|com.google.android.gm|1965099541|gig:483594645:^sq_ig_i_personal|10064,0,785506,785506,0,5]
07-30 11:28:32.512  1000  2741  6925 I notification_visibility: [0|com.google.android.gm|1918686884|gig:483594645:^sq_ig_i_personal|10064,0,925077,785491,0,4]
07-30 11:28:32.512  1000  2741  6925 I notification_visibility: [0|com.google.android.gm|0|gig:483594645:^sq_ig_i_personal|10064,0,1642193,785577,0,2]
07-30 11:28:32.513  1000  2741  6925 I notification_visibility: [0|com.mygate.user|0|FCM-Notification:3425169|10095,0,7330080,7330080,0,9]
07-30 11:28:32.513  1000  2741  6925 I notification_visibility: [0|com.twitter.android|0|null|10096,0,12283603,316291,0,1]
07-30 11:34:38.711  1000  2741  2756 I notification_visibility: [0|com.google.android.gm|-468572132|gig:483594645:^sq_ig_i_personal|10064,1,1759332,204271,0,7]
07-30 11:34:38.711  1000  2741  2756 I notification_visibility: [0|com.mygate.user|0|FCM-Notification:113192|10095,1,12675237,12675237,0,10]
07-30 11:34:38.711  1000  2741  2756 I notification_visibility: [0|com.google.android.gm|-1327682998|gig:483594645:^sq_ig_i_personal|10064,1,1151677,204184,0,4]
07-30 11:34:38.711  1000  2741  2756 I notification_visibility: [0|com.google.android.gm|-677389870|gig:483594645:^sq_ig_i_personal|10064,1,204137,204137,0,2]
07-30 11:34:38.712  1000  2741  2756 I notification_visibility: [0|com.google.android.gm|1796411068|gig:483594645:^sq_ig_i_personal|10064,1,2008374,204288,0,8]
07-30 11:34:38.712  1000  2741  2756 I notification_visibility: [0|com.android.chrome|-1|p#https://m.facebook.com/#11532927786193865|10058,1,2880712,2880712,0,11]
07-30 11:34:38.712  1000  2741  2756 I notification_visibility: [0|com.google.android.gm|1965099541|gig:483594645:^sq_ig_i_personal|10064,1,1151706,204156,0,3]
07-30 11:34:38.712  1000  2741  2756 I notification_visibility: [0|com.google.android.gm|1918686884|gig:483594645:^sq_ig_i_personal|10064,1,1291277,204250,0,5]
07-30 11:34:38.713  1000  2741  2756 I notification_visibility: [0|com.google.android.gm|0|gig:483594645:^sq_ig_i_personal|10064,1,2008393,204317,0,1]
07-30 11:34:38.713  1000  2741  2756 I notification_visibility: [0|com.ideacellular.myidea|22|null|10094,1,3564456,3564456,0,13]
07-30 11:34:38.713  1000  2741  2756 I notification_visibility: [0|com.android.chrome|-1|p#https://m.facebook.com/#11532916151486090|10058,1,12657506,12657506,0,12]
07-30 11:34:38.713  1000  2741  2756 I notification_visibility: [0|com.google.android.gm|-1100726788|gig:483594645:^sq_ig_i_personal|10064,1,1325937,204263,0,6]
07-30 11:34:38.714  1000  2741  2756 I notification_visibility: [0|com.mygate.user|0|FCM-Notification:3425169|10095,1,7696281,7696281,0,9]
07-30 11:34:38.714  1000  2741  2756 I notification_visibility: [0|com.twitter.android|0|null|10096,1,12649804,266335,0,0]
07-30 11:34:38.766  1000  2741  2756 I notification_visibility: [0|com.google.android.gm|-468572132|gig:483594645:^sq_ig_i_personal|10064,0,1759387,204326,0,7]
07-30 11:34:38.766  1000  2741  2756 I notification_visibility: [0|com.mygate.user|0|FCM-Notification:113192|10095,0,12675292,12675292,0,10]
07-30 11:34:38.766  1000  2741  2756 I notification_visibility: [0|com.google.android.gm|-1327682998|gig:483594645:^sq_ig_i_personal|10064,0,1151732,204239,0,4]
07-30 11:34:38.766  1000  2741  2756 I notification_visibility: [0|com.google.android.gm|-677389870|gig:483594645:^sq_ig_i_personal|10064,0,204192,204192,0,2]
07-30 11:34:38.767  1000  2741  2756 I notification_visibility: [0|com.google.android.gm|1796411068|gig:483594645:^sq_ig_i_personal|10064,0,2008429,204343,0,8]
07-30 11:34:38.767  1000  2741  2756 I notification_visibility: [0|com.android.chrome|-1|p#https://m.facebook.com/#11532927786193865|10058,0,2880767,2880767,0,11]
07-30 11:34:38.767  1000  2741  2756 I notification_visibility: [0|com.google.android.gm|1965099541|gig:483594645:^sq_ig_i_personal|10064,0,1151761,204211,0,3]
07-30 11:34:38.767  1000  2741  2756 I notification_visibility: [0|com.google.android.gm|1918686884|gig:483594645:^sq_ig_i_personal|10064,0,1291332,204305,0,5]
07-30 11:34:38.767  1000  2741  2756 I notification_visibility: [0|com.google.android.gm|0|gig:483594645:^sq_ig_i_personal|10064,0,2008448,204372,0,1]
07-30 11:34:38.768  1000  2741  2756 I notification_visibility: [0|com.ideacellular.myidea|22|null|10094,0,3564510,3564510,0,13]
07-30 11:34:38.768  1000  2741  2756 I notification_visibility: [0|com.android.chrome|-1|p#https://m.facebook.com/#11532916151486090|10058,0,12657561,12657561,0,12]
07-30 11:34:38.768  1000  2741  2756 I notification_visibility: [0|com.google.android.gm|-1100726788|gig:483594645:^sq_ig_i_personal|10064,0,1325992,204318,0,6]
07-30 11:34:38.768  1000  2741  2756 I notification_visibility: [0|com.mygate.user|0|FCM-Notification:3425169|10095,0,7696336,7696336,0,9]
07-30 11:34:38.768  1000  2741  2756 I notification_visibility: [0|com.twitter.android|0|null|10096,0,12649858,266389,0,0]
07-30 11:36:26.117  1000  2741  3953 I notification_visibility: [0|com.google.android.gm|-468572132|gig:483594645:^sq_ig_i_personal|10064,1,1866739,311678,0,7]
07-30 11:36:26.117  1000  2741  3953 I notification_visibility: [0|com.mygate.user|0|FCM-Notification:113192|10095,1,12782643,12782643,0,10]
07-30 11:36:26.118  1000  2741  3953 I notification_visibility: [0|com.google.android.gm|-1327682998|gig:483594645:^sq_ig_i_personal|10064,1,1259083,311590,0,4]
07-30 11:36:26.118  1000  2741  3953 I notification_visibility: [0|com.google.android.gm|-677389870|gig:483594645:^sq_ig_i_personal|10064,1,311544,311544,0,2]
07-30 11:36:26.118  1000  2741  3953 I notification_visibility: [0|com.google.android.gm|1796411068|gig:483594645:^sq_ig_i_personal|10064,1,2115781,311695,0,8]
07-30 11:36:26.119  1000  2741  3953 I notification_visibility: [0|com.android.chrome|-1|p#https://m.facebook.com/#11532927786193865|10058,1,2988118,2988118,0,11]
07-30 11:36:26.119  1000  2741  3953 I notification_visibility: [0|com.google.android.gm|1965099541|gig:483594645:^sq_ig_i_personal|10064,1,1259113,311563,0,3]
07-30 11:36:26.119  1000  2741  3953 I notification_visibility: [0|com.google.android.gm|1918686884|gig:483594645:^sq_ig_i_personal|10064,1,1398684,311657,0,5]
07-30 11:36:26.119  1000  2741  3953 I notification_visibility: [0|com.google.android.gm|0|gig:483594645:^sq_ig_i_personal|10064,1,2115800,311724,0,1]
07-30 11:36:26.120  1000  2741  3953 I notification_visibility: [0|com.ideacellular.myidea|22|null|10094,1,3671862,3671862,0,13]
07-30 11:36:26.120  1000  2741  3953 I notification_visibility: [0|com.android.chrome|-1|p#https://m.facebook.com/#11532916151486090|10058,1,12764913,12764913,0,12]
07-30 11:36:26.120  1000  2741  3953 I notification_visibility: [0|com.google.android.gm|-1100726788|gig:483594645:^sq_ig_i_personal|10064,1,1433344,311670,0,6]
07-30 11:36:26.120  1000  2741  3953 I notification_visibility: [0|com.mygate.user|0|FCM-Notification:3425169|10095,1,7803688,7803688,0,9]
07-30 11:36:26.121  1000  2741  3953 I notification_visibility: [0|com.twitter.android|0|null|10096,1,12757210,102550,0,0]
07-30 11:36:26.173  1000  2741  2756 I notification_visibility: [0|com.google.android.gm|-468572132|gig:483594645:^sq_ig_i_personal|10064,0,1866795,311734,0,7]
07-30 11:36:26.173  1000  2741  2756 I notification_visibility: [0|com.mygate.user|0|FCM-Notification:113192|10095,0,12782699,12782699,0,10]
07-30 11:36:26.174  1000  2741  2756 I notification_visibility: [0|com.google.android.gm|-1327682998|gig:483594645:^sq_ig_i_personal|10064,0,1259139,311646,0,4]
07-30 11:36:26.174  1000  2741  2756 I notification_visibility: [0|com.google.android.gm|-677389870|gig:483594645:^sq_ig_i_personal|10064,0,311600,311600,0,2]
07-30 11:36:26.174  1000  2741  2756 I notification_visibility: [0|com.google.android.gm|1796411068|gig:483594645:^sq_ig_i_personal|10064,0,2115837,311751,0,8]
07-30 11:36:26.174  1000  2741  2756 I notification_visibility: [0|com.android.chrome|-1|p#https://m.facebook.com/#11532927786193865|10058,0,2988174,2988174,0,11]
07-30 11:36:26.175  1000  2741  2756 I notification_visibility: [0|com.google.android.gm|1965099541|gig:483594645:^sq_ig_i_personal|10064,0,1259168,311618,0,3]
07-30 11:36:26.175  1000  2741  2756 I notification_visibility: [0|com.google.android.gm|1918686884|gig:483594645:^sq_ig_i_personal|10064,0,1398740,311713,0,5]
07-30 11:36:26.175  1000  2741  2756 I notification_visibility: [0|com.google.android.gm|0|gig:483594645:^sq_ig_i_personal|10064,0,2115856,311780,0,1]
07-30 11:36:26.175  1000  2741  2756 I notification_visibility: [0|com.ideacellular.myidea|22|null|10094,0,3671918,3671918,0,13]
07-30 11:36:26.175  1000  2741  2756 I notification_visibility: [0|com.android.chrome|-1|p#https://m.facebook.com/#11532916151486090|10058,0,12764968,12764968,0,12]
07-30 11:36:26.176  1000  2741  2756 I notification_visibility: [0|com.google.android.gm|-1100726788|gig:483594645:^sq_ig_i_personal|10064,0,1433399,311725,0,6]
07-30 11:36:26.176  1000  2741  2756 I notification_visibility: [0|com.mygate.user|0|FCM-Notification:3425169|10095,0,7803744,7803744,0,9]
07-30 11:36:26.176  1000  2741  2756 I notification_visibility: [0|com.twitter.android|0|null|10096,0,12757266,102606,0,0]
07-30 11:38:29.022  1000  2741 15709 I notification_visibility: [0|com.google.android.apps.messaging|0|com.google.android.apps.messaging:sms:118|10072,1,893,893,0,0]
07-30 11:38:34.269  1000  2741 15709 I notification_visibility: [0|com.google.android.apps.messaging|0|com.google.android.apps.messaging:sms:118|10072,0,6140,6140,0,0]
07-30 11:38:57.648  1000  2741  3242 I notification_visibility: [0|com.google.android.apps.messaging|0|com.google.android.apps.messaging:sms:113|10072,1,889,889,0,0]
07-30 11:39:02.693  1000  2741 21980 I notification_visibility: [0|com.google.android.apps.messaging|0|com.google.android.apps.messaging:sms:113|10072,0,5934,5934,0,0]
07-30 11:39:31.064  1000  2741  3163 I notification_visibility: [-1|com.android.systemui|3|low_battery|10034,1,894,872,0,0]
07-30 11:39:36.325  1000  2741  3962 I notification_visibility: [-1|com.android.systemui|3|low_battery|10034,0,6155,6133,0,0]
07-30 11:39:39.519  1000  2741  3962 I notification_visibility: [-1|com.android.systemui|3|low_battery|10034,1,836,836,0,0]
07-30 11:39:45.414  1000  2741  3953 I notification_visibility: [-1|com.android.systemui|3|low_battery|10034,0,5360,5360,0,0]
07-30 11:43:40.873  1000  2741 16369 I notification_visibility: [-1|com.android.systemui|3|low_battery|10034,1,914,887,0,0]
07-30 11:43:46.135  1000  2741  3632 I notification_visibility: [-1|com.android.systemui|3|low_battery|10034,0,6175,6148,0,0]
07-30 11:43:48.898  1000  2741 16369 I notification_visibility: [-1|com.android.systemui|3|low_battery|10034,1,849,849,0,0]
07-30 11:43:53.572  1000  2741  3323 I notification_visibility: [-1|com.android.systemui|3|low_battery|10034,1,845,845,0,0]
07-30 11:43:59.270  1000  2741  3324 I notification_visibility: [-1|com.android.systemui|3|low_battery|10034,1,894,863,0,0]
07-30 11:49:04.142  1000  2741  3323 I notification_visibility: [0|com.whatsapp|1|919966429222-1483261573@g.us|10115,1,1288,1288,0,2]
07-30 11:49:04.142  1000  2741  3323 I notification_visibility: [0|com.whatsapp|1|919949777709-1443694452@g.us|10115,1,1325,1325,0,4]
07-30 11:49:04.142  1000  2741  3323 I notification_visibility: [0|com.whatsapp|1|918008066449-1389674036@g.us|10115,1,1309,1309,0,3]
07-30 11:49:04.145  1000  2741  3323 I notification_visibility: [0|com.whatsapp|1|917893161221@s.whatsapp.net|10115,1,1267,1267,0,1]
07-30 11:49:04.145  1000  2741  3323 I notification_visibility: [0|com.whatsapp|1|919848330390-1434389344@g.us|10115,1,1353,1353,0,5]
07-30 11:49:04.146  1000  2741  3323 I notification_visibility: [0|com.whatsapp|1|null|10115,1,1257,1257,0,0]
07-30 11:49:04.146  1000  2741  3323 I notification_visibility: [0|com.whatsapp|1|919036640705-1521441719@g.us|10115,1,1387,1387,0,6]
07-30 11:49:07.482  1000  2741  3960 I notification_visibility: [0|com.whatsapp|1|919966429222-1483261573@g.us|10115,0,4628,4628,0,2]
07-30 11:49:07.482  1000  2741  3960 I notification_visibility: [0|com.whatsapp|1|919949777709-1443694452@g.us|10115,0,4665,4665,0,4]
07-30 11:49:07.482  1000  2741  3960 I notification_visibility: [0|com.whatsapp|1|918008066449-1389674036@g.us|10115,0,4649,4649,0,3]
07-30 11:49:07.483  1000  2741  3960 I notification_visibility: [0|com.whatsapp|1|917893161221@s.whatsapp.net|10115,0,4607,4607,0,1]
07-30 11:49:07.483  1000  2741  3960 I notification_visibility: [0|com.whatsapp|1|919848330390-1434389344@g.us|10115,0,4691,4691,0,5]
07-30 11:49:07.483  1000  2741  3960 I notification_visibility: [0|com.whatsapp|1|null|10115,0,4595,4595,0,0]
07-30 11:49:07.483  1000  2741  3960 I notification_visibility: [0|com.whatsapp|1|919036640705-1521441719@g.us|10115,0,4724,4724,0,6]
07-30 11:58:13.492  1000  2741  7470 I notification_visibility: [0|com.whatsapp|1|919966429222-1483261573@g.us|10115,1,1376,1376,0,3]
07-30 11:58:13.492  1000  2741  7470 I notification_visibility: [0|com.whatsapp|1|919949777709-1443694452@g.us|10115,1,1420,1420,0,5]
07-30 11:58:13.492  1000  2741  7470 I notification_visibility: [0|com.whatsapp|1|918008066449-1389674036@g.us|10115,1,1394,1394,0,4]
07-30 11:58:13.493  1000  2741  7470 I notification_visibility: [0|com.whatsapp|1|919848330390-1434389344@g.us|10115,1,1451,1451,0,6]
07-30 11:58:13.493  1000  2741  7470 I notification_visibility: [0|com.whatsapp|1|919908277644-1519541367@g.us|10115,1,1349,1349,0,2]
07-30 11:58:13.493  1000  2741  7470 I notification_visibility: [0|com.whatsapp|1|null|10115,1,1340,1340,0,0]
07-30 11:58:13.494  1000  2741  7470 I notification_visibility: [0|com.whatsapp|1|919036640705-1521441719@g.us|10115,1,1474,1474,0,7]
07-30 11:58:16.695  1000  2741  5381 I notification_visibility: [0|com.whatsapp|1|919966429222-1483261573@g.us|10115,0,4579,4579,0,3]
07-30 11:58:16.695  1000  2741  5381 I notification_visibility: [0|com.whatsapp|1|919949777709-1443694452@g.us|10115,0,4623,4623,0,5]
07-30 11:58:16.695  1000  2741  5381 I notification_visibility: [0|com.whatsapp|1|918008066449-1389674036@g.us|10115,0,4597,4597,0,4]
07-30 11:58:16.696  1000  2741  5381 I notification_visibility: [0|com.whatsapp|1|919848330390-1434389344@g.us|10115,0,4654,4654,0,6]
07-30 11:58:16.696  1000  2741  5381 I notification_visibility: [0|com.whatsapp|1|919908277644-1519541367@g.us|10115,0,4552,4552,0,2]
07-30 11:58:16.696  1000  2741  5381 I notification_visibility: [0|com.whatsapp|1|null|10115,0,4543,4543,0,0]
07-30 11:58:16.696  1000  2741  5381 I notification_visibility: [0|com.whatsapp|1|919036640705-1521441719@g.us|10115,0,4676,4676,0,7]
07-30 12:04:28.821  1000  2741 21977 I notification_visibility: [0|com.whatsapp|1|919949777709-1443694452@g.us|10115,1,1520,888,0,4]
07-30 12:04:28.822  1000  2741 21977 I notification_visibility: [0|com.whatsapp|1|918008066449-1389674036@g.us|10115,1,1491,873,0,3]
07-30 12:04:28.822  1000  2741 21977 I notification_visibility: [0|com.whatsapp|1|919848330390-1434389344@g.us|10115,1,1547,768,0,5]
07-30 12:04:28.823  1000  2741 21977 I notification_visibility: [0|com.whatsapp|1|919652797973-1526561049@g.us|10115,1,1004,835,0,13]
07-30 12:04:28.823  1000  2741 21977 I notification_visibility: [0|com.whatsapp|1|919908277644-1519541367@g.us|10115,1,1475,848,0,2]
07-30 12:04:28.824  1000  2741 21977 I notification_visibility: [0|com.whatsapp|1|null|10115,1,1462,827,0,0]
07-30 12:04:29.029  1000  2741 21977 I notification_visibility: [0|com.whatsapp|1|919949777709-1443694452@g.us|10115,0,1728,1096,0,4]
07-30 12:04:29.030  1000  2741 21977 I notification_visibility: [0|com.whatsapp|1|918008066449-1389674036@g.us|10115,0,1699,1081,0,3]
07-30 12:04:29.030  1000  2741 21977 I notification_visibility: [0|com.whatsapp|1|917893161221@s.whatsapp.net|10115,0,391,391,0,13]
07-30 12:04:29.030  1000  2741 21977 I notification_visibility: [0|com.whatsapp|1|919848330390-1434389344@g.us|10115,0,1755,976,0,5]
07-30 12:04:29.030  1000  2741 21977 I notification_visibility: [0|com.whatsapp|1|919652797973-1526561049@g.us|10115,0,1212,1043,0,14]
07-30 12:04:29.030  1000  2741 21977 I notification_visibility: [0|com.whatsapp|1|919908277644-1519541367@g.us|10115,0,1682,1055,0,2]
07-30 12:04:29.031  1000  2741 21977 I notification_visibility: [0|com.whatsapp|1|null|10115,0,1669,1034,0,0]
07-30 12:04:29.321  1000  2741 15709 I notification_visibility: [0|com.whatsapp|1|917893161221@s.whatsapp.net|10115,1,682,682,0,13]
07-30 12:12:33.848  1000  2741  2755 I notification_visibility: [-1|android|26|null|1000,1,212300,212300,0,11]
07-30 12:12:33.849  1000  2741  2755 I notification_visibility: [0|com.google.android.gm|-741485890|gig:483594645:^sq_ig_i_personal|10064,1,118549,95704,0,7]
07-30 12:12:33.850  1000  2741  2755 I notification_visibility: [0|com.android.chrome|-1|p#https://m.facebook.com/#11532927786193865|10058,1,5155849,5155849,0,9]
07-30 12:12:33.850  1000  2741  2755 I notification_visibility: [0|com.google.android.gm|2071495403|gig:483594645:^sq_ig_i_personal|10064,1,95675,95675,0,5]
07-30 12:12:33.851  1000  2741  2755 I notification_visibility: [0|com.google.android.apps.messaging|0|com.google.android.apps.messaging:sms:113|10072,1,2017092,2017092,0,1]
07-30 12:12:33.851  1000  2741  2755 I notification_visibility: [0|com.google.android.apps.messaging|0|com.google.android.apps.messaging:sms:118|10072,1,2045723,2017013,0,2]
07-30 12:12:33.851  1000  2741  2755 I notification_visibility: [0|com.google.android.gm|0|gig:483594645:^sq_ig_i_personal|10064,1,118592,95748,0,4]
07-30 12:12:33.852  1000  2741  2755 I notification_visibility: [0|com.google.android.gm|-683616795|gig:483594645:^sq_ig_i_personal|10064,1,118534,95694,0,6]
07-30 12:12:33.852  1000  2741  2755 I notification_visibility: [0|com.android.chrome|-1|p#https://m.facebook.com/#11532916151486090|10058,1,14932645,14932645,0,10]
07-30 12:12:33.853  1000  2741  2755 I notification_visibility: [0|com.google.android.apps.messaging|0|com.google.android.apps.messaging:sms|10072,1,2016999,2016999,0,0]
07-30 12:12:33.853  1000  2741  2755 I notification_visibility: [0|com.twitter.android|0|null|10096,1,14924943,143395,0,3]
07-30 12:12:34.355  1000  2741  3293 I notification_visibility: [-1|android|26|null|1000,0,212807,212807,0,11]
07-30 12:12:34.355  1000  2741  3293 I notification_visibility: [0|com.google.android.gm|-741485890|gig:483594645:^sq_ig_i_personal|10064,0,119056,96211,0,7]
07-30 12:12:34.355  1000  2741  3293 I notification_visibility: [0|com.android.chrome|-1|p#https://m.facebook.com/#11532927786193865|10058,0,5156355,5156355,0,9]
07-30 12:12:34.355  1000  2741  3293 I notification_visibility: [0|com.google.android.gm|2071495403|gig:483594645:^sq_ig_i_personal|10064,0,96180,96180,0,5]
07-30 12:12:34.355  1000  2741  3293 I notification_visibility: [0|com.google.android.gm|0|gig:483594645:^sq_ig_i_personal|10064,0,119096,96252,0,4]
07-30 12:12:34.356  1000  2741  3293 I notification_visibility: [0|com.google.android.gm|-683616795|gig:483594645:^sq_ig_i_personal|10064,0,119038,96198,0,6]
07-30 12:12:34.356  1000  2741  3293 I notification_visibility: [0|com.android.chrome|-1|p#https://m.facebook.com/#11532916151486090|10058,0,14933149,14933149,0,10]
07-30 12:12:35.380  1000  2741  2755 I notification_visibility: [0|com.google.android.gm|-741485890|gig:483594645:^sq_ig_i_personal|10064,1,120080,97235,0,7]
07-30 12:12:35.380  1000  2741  2755 I notification_visibility: [0|com.android.chrome|-1|p#https://m.facebook.com/#11532927786193865|10058,1,5157380,5157380,0,9]
07-30 12:12:35.380  1000  2741  2755 I notification_visibility: [0|com.google.android.gm|2071495403|gig:483594645:^sq_ig_i_personal|10064,1,97205,97205,0,5]
07-30 12:12:35.380  1000  2741  2755 I notification_visibility: [0|com.google.android.gm|0|gig:483594645:^sq_ig_i_personal|10064,1,120121,97277,0,4]
07-30 12:12:35.380  1000  2741  2755 I notification_visibility: [0|com.google.android.gm|-683616795|gig:483594645:^sq_ig_i_personal|10064,1,120063,97223,0,6]
07-30 12:12:35.880  1000  2741  2755 I notification_visibility: [-1|android|26|null|1000,1,214333,214333,0,11]
07-30 12:12:35.880  1000  2741  2755 I notification_visibility: [0|com.android.chrome|-1|p#https://m.facebook.com/#11532916151486090|10058,1,14934673,14934673,0,10]
07-30 12:12:40.680  1000  2741  2755 I notification_visibility: [-1|android|26|null|1000,0,219132,219132,0,11]
07-30 12:12:40.680  1000  2741  2755 I notification_visibility: [0|com.android.chrome|-1|p#https://m.facebook.com/#11532927786193865|10058,0,5162680,5162680,0,9]
07-30 12:12:40.680  1000  2741  2755 I notification_visibility: [0|com.android.chrome|-1|p#https://m.facebook.com/#11532916151486090|10058,0,14939473,14939473,0,10]
07-30 12:12:44.313  1000  2741  3293 I notification_visibility: [0|com.google.android.gm|-741485890|gig:483594645:^sq_ig_i_personal|10064,0,129014,106169,0,7]
07-30 12:12:44.313  1000  2741  3293 I notification_visibility: [0|com.google.android.gm|2071495403|gig:483594645:^sq_ig_i_personal|10064,0,106138,106138,0,5]
07-30 12:12:44.313  1000  2741  3293 I notification_visibility: [0|com.google.android.gm|-683616795|gig:483594645:^sq_ig_i_personal|10064,0,128996,106156,0,6]
07-30 12:12:44.822  1000  2741  2755 I notification_visibility: [0|com.google.android.gm|0|gig:483594645:^sq_ig_i_personal|10064,0,129563,106719,0,4]
07-30 12:12:44.823  1000  2741  2755 I notification_visibility: [0|com.twitter.android|0|null|10096,0,14935912,154364,0,3]
07-30 12:12:46.079  1000  2741  3632 I notification_visibility: [0|com.google.android.apps.messaging|0|com.google.android.apps.messaging:sms:113|10072,0,2029321,2029321,0,1]
07-30 12:12:46.079  1000  2741  3632 I notification_visibility: [0|com.google.android.apps.messaging|0|com.google.android.apps.messaging:sms:118|10072,0,2057951,2029241,0,2]
07-30 12:12:46.079  1000  2741  3632 I notification_visibility: [0|com.google.android.apps.messaging|0|com.google.android.apps.messaging:sms|10072,0,2029226,2029226,0,0]
07-30 12:13:20.547  1000  2741  3962 I notification_visibility: [0|com.whatsapp|1|919949777709-1443694452@g.us|10115,1,1299,1299,0,3]
07-30 12:13:20.548  1000  2741  3962 I notification_visibility: [0|com.whatsapp|1|918008066449-1389674036@g.us|10115,1,1272,1272,0,2]
07-30 12:13:20.548  1000  2741  3962 I notification_visibility: [0|com.whatsapp|1|919848330390-1434389344@g.us|10115,1,1330,1330,0,4]
07-30 12:13:20.548  1000  2741  3962 I notification_visibility: [0|com.whatsapp|1|919908277644-1519541367@g.us|10115,1,1252,1252,0,1]
07-30 12:13:20.549  1000  2741  3962 I notification_visibility: [0|com.whatsapp|1|null|10115,1,1240,1240,0,0]
07-30 12:13:20.549  1000  2741  3962 I notification_visibility: [0|com.whatsapp|1|919036640705-1521441719@g.us|10115,1,1354,1354,0,5]
07-30 12:13:25.658  1000  2741 21976 I notification_visibility: [0|com.whatsapp|1|919949777709-1443694452@g.us|10115,0,6410,6410,0,3]
07-30 12:13:25.659  1000  2741 21976 I notification_visibility: [0|com.whatsapp|1|918008066449-1389674036@g.us|10115,0,6383,6383,0,2]
07-30 12:13:25.659  1000  2741 21976 I notification_visibility: [0|com.whatsapp|1|919848330390-1434389344@g.us|10115,0,6441,6441,0,4]
07-30 12:13:25.659  1000  2741 21976 I notification_visibility: [0|com.whatsapp|1|919908277644-1519541367@g.us|10115,0,6363,6363,0,1]
07-30 12:13:25.659  1000  2741 21976 I notification_visibility: [0|com.whatsapp|1|null|10115,0,6351,6351,0,0]
07-30 12:13:25.660  1000  2741 21976 I notification_visibility: [0|com.whatsapp|1|919036640705-1521441719@g.us|10115,0,6464,6464,0,5]
07-30 12:30:26.208  1000  2741  2756 I notification_visibility: [0|com.google.android.apps.messaging|0|com.google.android.apps.messaging:sms:119|10072,1,860,860,0,0]
07-30 12:30:31.470  1000  2741 16369 I notification_visibility: [0|com.google.android.apps.messaging|0|com.google.android.apps.messaging:sms:119|10072,0,6122,6122,0,0]
07-30 12:30:58.985  1000  2741 21980 I notification_visibility: [-1|android|23|41217664-9172-527a-b3d5-edabb50a7d69|1000,1,209881,209881,0,2]
07-30 12:30:58.985  1000  2741 21980 I notification_visibility: [0|com.google.android.gm|215572926|gig:483594645:^sq_ig_i_personal|10064,1,275235,275235,0,4]
07-30 12:30:58.985  1000  2741 21980 I notification_visibility: [0|com.google.android.gm|0|gig:483594645:^sq_ig_i_personal|10064,1,275271,275271,0,3]
07-30 12:30:58.986  1000  2741 21980 I notification_visibility: [0|com.google.android.apps.messaging|0|com.google.android.apps.messaging:sms:119|10072,1,33637,33637,0,1]
07-30 12:30:58.986  1000  2741 21980 I notification_visibility: [0|com.twitter.android|0|null|10096,1,16030076,2644,0,0]
07-30 12:30:58.986  1000  2741 21980 I notification_visibility: [0|com.google.android.gm|901958100|gig:483594645:^sq_ig_i_personal|10064,1,275253,275253,0,5]
07-30 12:31:02.510  1000  2741 16369 I notification_visibility: [0|com.android.chrome|-1|p#https://m.facebook.com/#11532927786193865|10058,1,6264509,6264509,0,6]
07-30 12:31:02.510  1000  2741 16369 I notification_visibility: [0|com.android.chrome|-1|p#https://m.facebook.com/#11532916151486090|10058,1,16041303,16041303,0,7]
07-30 12:31:03.032  1000  2741 16369 I notification_visibility: [-1|android|26|null|1000,1,1321485,1321485,0,8]
07-30 12:31:03.033  1000  2741 16369 I notification_visibility: [0|com.twitter.android|0|null|10096,0,16034122,6690,0,0]
07-30 12:31:04.046  1000  2741 16369 I notification_visibility: [0|com.ideacellular.myidea|22|null|10094,1,6949789,6949789,0,9]
07-30 12:31:04.046  1000  2741 16369 I notification_visibility: [-1|android|32|null|1000,1,1322501,1322501,0,10]
07-30 12:31:04.047  1000  2741 16369 I notification_visibility: [-1|android|23|41217664-9172-527a-b3d5-edabb50a7d69|1000,0,214943,214943,0,2]
07-30 12:31:04.047  1000  2741 16369 I notification_visibility: [0|com.google.android.apps.messaging|0|com.google.android.apps.messaging:sms:119|10072,0,38699,38699,0,1]
07-30 12:31:05.584  1000  2741 16369 I notification_visibility: [-1|android|23|41217664-9172-527a-b3d5-edabb50a7d69|1000,1,216481,216481,0,2]
07-30 12:31:05.584  1000  2741 16369 I notification_visibility: [0|com.google.android.apps.messaging|0|com.google.android.apps.messaging:sms:119|10072,1,40236,40236,0,1]
07-30 12:31:05.585  1000  2741 16369 I notification_visibility: [0|com.twitter.android|0|null|10096,1,16036674,9242,0,0]
07-30 12:31:05.585  1000  2741 16369 I notification_visibility: [-1|android|26|null|1000,0,1324038,1324038,0,8]
07-30 12:31:05.585  1000  2741 16369 I notification_visibility: [0|com.ideacellular.myidea|22|null|10094,0,6951328,6951328,0,9]
07-30 12:31:05.585  1000  2741 16369 I notification_visibility: [0|com.android.chrome|-1|p#https://m.facebook.com/#11532916151486090|10058,0,16044378,16044378,0,7]
07-30 12:31:05.585  1000  2741 16369 I notification_visibility: [-1|android|32|null|1000,0,1324040,1324040,0,10]
07-30 12:31:06.085  1000  2741 16369 I notification_visibility: [0|com.android.chrome|-1|p#https://m.facebook.com/#11532927786193865|10058,0,6268085,6268085,0,6]
07-30 12:31:08.737  1000  2741 16369 I notification_visibility: [-1|android|23|41217664-9172-527a-b3d5-edabb50a7d69|1000,0,219634,219634,0,2]
07-30 12:31:08.738  1000  2741 16369 I notification_visibility: [0|com.google.android.gm|215572926|gig:483594645:^sq_ig_i_personal|10064,0,284987,284987,0,4]
07-30 12:31:08.738  1000  2741 16369 I notification_visibility: [0|com.google.android.gm|0|gig:483594645:^sq_ig_i_personal|10064,0,285024,285024,0,3]
07-30 12:31:08.738  1000  2741 16369 I notification_visibility: [0|com.google.android.apps.messaging|0|com.google.android.apps.messaging:sms:119|10072,0,43390,43390,0,0]
07-30 12:31:08.738  1000  2741 16369 I notification_visibility: [0|com.twitter.android|0|null|10096,0,16039828,12396,0,1]
07-30 12:31:08.739  1000  2741 16369 I notification_visibility: [0|com.google.android.gm|901958100|gig:483594645:^sq_ig_i_personal|10064,0,285005,285005,0,5]
07-30 12:31:11.282  1000  2741  5381 I notification_visibility: [-1|android|23|41217664-9172-527a-b3d5-edabb50a7d69|1000,1,222178,222178,0,2]
07-30 12:31:11.283  1000  2741  5381 I notification_visibility: [0|com.google.android.gm|215572926|gig:483594645:^sq_ig_i_personal|10064,1,287532,287532,0,4]
07-30 12:31:11.284  1000  2741  5381 I notification_visibility: [0|com.google.android.gm|0|gig:483594645:^sq_ig_i_personal|10064,1,287569,287569,0,3]
07-30 12:31:11.284  1000  2741  5381 I notification_visibility: [0|com.google.android.apps.messaging|0|com.google.android.apps.messaging:sms:119|10072,1,45936,45936,0,0]
07-30 12:31:11.284  1000  2741  5381 I notification_visibility: [0|com.twitter.android|0|null|10096,1,16042374,14942,0,1]
07-30 12:31:11.285  1000  2741  5381 I notification_visibility: [0|com.google.android.gm|901958100|gig:483594645:^sq_ig_i_personal|10064,1,287551,287551,0,5]
07-30 12:31:11.781  1000  2741  3324 I notification_visibility: [0|com.android.chrome|-1|p#https://m.facebook.com/#11532927786193865|10058,1,6273781,6273781,0,6]
07-30 12:31:12.296  1000  2741 21976 I notification_visibility: [-1|android|23|41217664-9172-527a-b3d5-edabb50a7d69|1000,0,223193,223193,0,2]
07-30 12:31:12.296  1000  2741 21976 I notification_visibility: [0|com.google.android.gm|215572926|gig:483594645:^sq_ig_i_personal|10064,0,288546,288546,0,4]
07-30 12:31:12.296  1000  2741 21976 I notification_visibility: [0|com.android.chrome|-1|p#https://m.facebook.com/#11532927786193865|10058,0,6274296,6274296,0,6]
07-30 12:31:12.297  1000  2741 21976 I notification_visibility: [0|com.google.android.gm|0|gig:483594645:^sq_ig_i_personal|10064,0,288582,288582,0,3]
07-30 12:31:12.297  1000  2741 21976 I notification_visibility: [0|com.google.android.apps.messaging|0|com.google.android.apps.messaging:sms:119|10072,0,46949,46949,0,0]
07-30 12:31:12.297  1000  2741 21976 I notification_visibility: [0|com.twitter.android|0|null|10096,0,16043387,15955,0,1]
07-30 12:31:12.297  1000  2741 21976 I notification_visibility: [0|com.google.android.gm|901958100|gig:483594645:^sq_ig_i_personal|10064,0,288564,288564,0,5]
07-30 12:34:39.937  1000  2741  6894 I notification_visibility: [0|com.google.android.apps.messaging|0|com.google.android.apps.messaging:sms:120|10072,1,842,842,0,0]
07-30 12:34:45.003  1000  2741  3242 I notification_visibility: [0|com.google.android.apps.messaging|0|com.google.android.apps.messaging:sms:120|10072,0,5907,5907,0,0]
07-30 12:35:35.026  1000  2741  3953 I notification_visibility: [0|com.fota.pro|10|null|1000,1,253995,253995,0,10]
07-30 12:35:35.026  1000  2741  3953 I notification_visibility: [-1|android|26|null|1000,1,1593479,1593479,0,11]
07-30 12:35:35.026  1000  2741  3953 I notification_visibility: [-1|android|23|41217664-9172-527a-b3d5-edabb50a7d69|1000,1,485923,485923,0,4]
07-30 12:35:35.026  1000  2741  3953 I notification_visibility: [0|com.google.android.gm|215572926|gig:483594645:^sq_ig_i_personal|10064,1,551276,551276,0,6]
07-30 12:35:35.027  1000  2741  3953 I notification_visibility: [0|com.google.android.apps.messaging|0|com.google.android.apps.messaging:sms:120|10072,1,55931,55931,0,1]
