07-30 12:35:35.027  1000  2741  3953 I notification_visibility: [0|com.android.chrome|-1|p#https://m.facebook.com/#11532927786193865|10058,1,6537027,6537027,0,8]
07-30 12:35:35.027  1000  2741  3953 I notification_visibility: [0|com.google.android.gm|0|gig:483594645:^sq_ig_i_personal|10064,1,551313,551313,0,5]
07-30 12:35:35.027  1000  2741  3953 I notification_visibility: [0|com.google.android.apps.messaging|0|com.google.android.apps.messaging:sms:119|10072,1,309679,55867,0,2]
07-30 12:35:35.028  1000  2741  3953 I notification_visibility: [0|com.ideacellular.myidea|22|null|10094,1,7220770,7220770,0,12]
07-30 12:35:35.028  1000  2741  3953 I notification_visibility: [0|com.android.chrome|-1|p#https://m.facebook.com/#11532916151486090|10058,1,16313821,16313821,0,9]
07-30 12:35:35.028  1000  2741  3953 I notification_visibility: [0|com.google.android.apps.messaging|0|com.google.android.apps.messaging:sms|10072,1,55810,55810,0,0]
07-30 12:35:35.028  1000  2741  3953 I notification_visibility: [-1|android|32|null|1000,1,1593483,1593483,0,13]
07-30 12:35:35.029  1000  2741  3953 I notification_visibility: [0|com.twitter.android|0|null|10096,1,16306118,278686,0,3]
07-30 12:35:35.029  1000  2741  3953 I notification_visibility: [0|com.google.android.gm|901958100|gig:483594645:^sq_ig_i_personal|10064,1,551296,551296,0,7]
07-30 12:35:35.115  1000  2741  3960 I notification_visibility: [0|com.fota.pro|10|null|1000,0,254085,254085,0,10]
07-30 12:35:35.115  1000  2741  3960 I notification_visibility: [-1|android|26|null|1000,0,1593568,1593568,0,11]
07-30 12:35:35.115  1000  2741  3960 I notification_visibility: [-1|android|23|41217664-9172-527a-b3d5-edabb50a7d69|1000,0,486012,486012,0,4]
07-30 12:35:35.116  1000  2741  3960 I notification_visibility: [0|com.google.android.gm|215572926|gig:483594645:^sq_ig_i_personal|10064,0,551365,551365,0,6]
07-30 12:35:35.116  1000  2741  3960 I notification_visibility: [0|com.google.android.apps.messaging|0|com.google.android.apps.messaging:sms:120|10072,0,56021,56021,0,1]
07-30 12:35:35.116  1000  2741  3960 I notification_visibility: [0|com.android.chrome|-1|p#https://m.facebook.com/#11532927786193865|10058,0,6537116,6537116,0,8]
07-30 12:35:35.116  1000  2741  3960 I notification_visibility: [0|com.google.android.gm|0|gig:483594645:^sq_ig_i_personal|10064,0,551402,551402,0,5]
07-30 12:35:35.116  1000  2741  3960 I notification_visibility: [0|com.google.android.apps.messaging|0|com.google.android.apps.messaging:sms:119|10072,0,309768,55956,0,2]
07-30 12:35:35.116  1000  2741  3960 I notification_visibility: [0|com.ideacellular.myidea|22|null|10094,0,7220859,7220859,0,12]
07-30 12:35:35.117  1000  2741  3960 I notification_visibility: [0|com.android.chrome|-1|p#https://m.facebook.com/#11532916151486090|10058,0,16313909,16313909,0,9]
07-30 12:35:35.117  1000  2741  3960 I notification_visibility: [0|com.google.android.apps.messaging|0|com.google.android.apps.messaging:sms|10072,0,55899,55899,0,0]
07-30 12:35:35.117  1000  2741  3960 I notification_visibility: [-1|android|32|null|1000,0,1593572,1593572,0,13]
07-30 12:35:35.117  1000  2741  3960 I notification_visibility: [0|com.twitter.android|0|null|10096,0,16306207,278775,0,3]
07-30 12:35:35.117  1000  2741  3960 I notification_visibility: [0|com.google.android.gm|901958100|gig:483594645:^sq_ig_i_personal|10064,0,551384,551384,0,7]
07-30 13:12:53.444  1000  2741  3962 I notification_visibility: [0|com.whatsapp|1|919949777709-1443694452@g.us|10115,1,1266,1266,0,3]
07-30 13:12:53.444  1000  2741  3962 I notification_visibility: [0|com.whatsapp|1|919866777960-1400346898@g.us|10115,1,1247,1247,0,2]
07-30 13:12:53.445  1000  2741  3962 I notification_visibility: [0|com.whatsapp|1|919848330390-1434389344@g.us|10115,1,1294,1294,0,4]
07-30 13:12:53.445  1000  2741  3962 I notification_visibility: [0|com.whatsapp|1|null|10115,1,1237,1237,0,0]
07-30 13:12:53.445  1000  2741  3962 I notification_visibility: [0|com.whatsapp|1|919036640705-1521441719@g.us|10115,1,1316,1316,0,5]
07-30 13:12:57.954  1000  2741  6520 I notification_visibility: [0|com.whatsapp|1|919949777709-1443694452@g.us|10115,0,5776,5776,0,3]
07-30 13:12:57.954  1000  2741  6520 I notification_visibility: [0|com.whatsapp|1|919866777960-1400346898@g.us|10115,0,5757,5757,0,2]
07-30 13:12:57.954  1000  2741  6520 I notification_visibility: [0|com.whatsapp|1|919848330390-1434389344@g.us|10115,0,5804,5804,0,4]
07-30 13:12:57.955  1000  2741  6520 I notification_visibility: [0|com.whatsapp|1|null|10115,0,5746,5746,0,0]
07-30 13:12:57.955  1000  2741  6520 I notification_visibility: [0|com.whatsapp|1|919036640705-1521441719@g.us|10115,0,5826,5826,0,5]
07-30 13:13:30.844  1000  2741 16381 I notification_visibility: [-1|com.android.systemui|3|low_battery|10034,1,1703153,129582,0,0]
07-30 13:13:31.268  1000  2741  3163 I notification_visibility: [-1|com.android.systemui|3|low_battery|10034,0,1703577,130006,0,0]
07-30 13:15:38.233  1000  2741 21980 I notification_visibility: [-1|com.android.systemui|3|low_battery|10034,1,1830543,9632,0,0]
07-30 13:15:38.234  1000  2741 21980 I notification_visibility: [-1|android|23|41217664-9172-527a-b3d5-edabb50a7d69|1000,1,2889130,2889130,0,3]
07-30 13:15:38.234  1000  2741 21980 I notification_visibility: [0|com.android.dialer|1|STATUS_BAR_NOTIFIER|10015,1,135753,120018,0,1]
07-30 13:15:38.234  1000  2741 21980 I notification_visibility: [0|com.android.chrome|-1|p#https://m.facebook.com/#11532927786193865|10058,1,8940234,8940234,0,4]
07-30 13:15:38.235  1000  2741 21980 I notification_visibility: [0|com.twitter.android|0|null|10096,1,18709324,140253,0,2]
07-30 13:15:46.938  1000  2741 21977 I notification_visibility: [0|com.android.chrome|-1|p#https://m.facebook.com/#11532916151486090|10058,1,18725731,18725731,0,5]
07-30 13:16:24.024  1000  2741  6894 I notification_visibility: [-1|com.android.systemui|3|low_battery|10034,0,1876333,2733,0,0]
07-30 13:16:24.026  1000  2741  6894 I notification_visibility: [-1|android|23|41217664-9172-527a-b3d5-edabb50a7d69|1000,0,2934923,2934923,0,3]
07-30 13:16:24.027  1000  2741  6894 I notification_visibility: [0|com.android.dialer|1|STATUS_BAR_NOTIFIER|10015,0,181546,165811,0,1]
07-30 13:16:24.027  1000  2741  6894 I notification_visibility: [0|com.android.chrome|-1|p#https://m.facebook.com/#11532927786193865|10058,0,8986027,8986027,0,4]
07-30 13:16:24.027  1000  2741  6894 I notification_visibility: [0|com.android.chrome|-1|p#https://m.facebook.com/#11532916151486090|10058,0,18762820,18762820,0,5]
07-30 13:16:24.028  1000  2741  6894 I notification_visibility: [0|com.twitter.android|0|null|10096,0,18755118,186047,0,2]
07-30 13:16:32.280  1000  2741 21976 I notification_visibility: [0|com.android.dialer|1|STATUS_BAR_NOTIFIER|10015,1,901,901,0,0]
07-30 13:16:48.928  1000  2741  6925 I notification_visibility: [0|com.android.dialer|1|STATUS_BAR_NOTIFIER|10015,0,17548,17548,0,0]
07-30 13:17:38.854  1000  2741  6894 I notification_visibility: [0|com.android.dialer|1|MissedCall_content://call_log/calls/136?allow_voicemails=true|10015,1,35952,35952,0,2]
07-30 13:17:38.854  1000  2741  6894 I notification_visibility: [-1|android|23|41217664-9172-527a-b3d5-edabb50a7d69|1000,1,3009751,3009751,0,4]
07-30 13:17:38.855  1000  2741  6894 I notification_visibility: [0|com.android.dialer|1|STATUS_BAR_NOTIFIER|10015,1,67475,36373,0,0]
07-30 13:17:38.855  1000  2741  6894 I notification_visibility: [0|com.twitter.android|0|null|10096,1,18829945,260874,0,3]
07-30 13:17:39.354  1000  2741  6925 I notification_visibility: [0|com.android.chrome|-1|p#https://m.facebook.com/#11532927786193865|10058,1,9061354,9061354,0,5]
07-30 13:17:52.648  1000  2741 21976 I notification_visibility: [0|com.android.chrome|-1|p#https://m.facebook.com/#11532927786193865|10058,0,9074648,9074648,0,5]
07-30 13:17:53.149  1000  2741  6520 I notification_visibility: [0|com.android.chrome|-1|p#https://m.facebook.com/#11532927786193865|10058,1,9075149,9075149,0,5]
07-30 13:18:01.070  1000  2741 15709 I notification_visibility: [-1|android|23|41217664-9172-527a-b3d5-edabb50a7d69|1000,0,3031967,3031967,0,4]
07-30 13:18:01.070  1000  2741 15709 I notification_visibility: [0|com.android.chrome|-1|p#https://m.facebook.com/#11532927786193865|10058,0,9083070,9083070,0,5]
07-30 13:18:01.571  1000  2741 11532 I notification_visibility: [0|com.twitter.android|0|null|10096,0,18852660,283589,0,3]
07-30 13:18:12.665  1000  2741 11532 I notification_visibility: [-1|android|23|41217664-9172-527a-b3d5-edabb50a7d69|1000,1,3043562,3043562,0,4]
07-30 13:18:12.666  1000  2741 11532 I notification_visibility: [0|com.android.chrome|-1|p#https://m.facebook.com/#11532927786193865|10058,1,9094665,9094665,0,5]
07-30 13:18:12.666  1000  2741 11532 I notification_visibility: [0|com.twitter.android|0|null|10096,1,18863756,294685,0,3]
07-30 13:18:23.465  1000  2741  6925 I notification_visibility: [0|com.android.dialer|1|MissedCall_content://call_log/calls/136?allow_voicemails=true|10015,0,80564,80564,0,2]
07-30 13:18:23.465  1000  2741  6925 I notification_visibility: [-1|android|23|41217664-9172-527a-b3d5-edabb50a7d69|1000,0,3054362,3054362,0,4]
07-30 13:18:23.466  1000  2741  6925 I notification_visibility: [0|com.android.dialer|1|STATUS_BAR_NOTIFIER|10015,0,112086,80984,0,0]
07-30 13:18:23.466  1000  2741  6925 I notification_visibility: [0|com.android.chrome|-1|p#https://m.facebook.com/#11532927786193865|10058,0,9105466,9105466,0,5]
07-30 13:18:23.466  1000  2741  6925 I notification_visibility: [0|com.twitter.android|0|null|10096,0,18874556,305485,0,3]
07-30 13:40:10.403  1000  2741  3163 I notification_visibility: [0|com.android.dialer|1|MissedCall_content://call_log/calls/136?allow_voicemails=true|10015,1,1387502,1387502,0,3]
07-30 13:40:10.404  1000  2741  3163 I notification_visibility: [-1|android|23|41217664-9172-527a-b3d5-edabb50a7d69|1000,1,4361300,4361300,0,4]
07-30 13:40:10.404  1000  2741  3163 I notification_visibility: [0|com.google.android.apps.messaging|0|com.google.android.apps.messaging:sms:106|10072,1,919624,919624,0,0]
07-30 13:40:10.404  1000  2741  3163 I notification_visibility: [0|com.twitter.android|0|null|10096,1,20181494,149555,0,1]
07-30 13:40:36.197  1000  2741  6524 I notification_visibility: [-1|android|23|41217664-9172-527a-b3d5-edabb50a7d69|1000,0,4387093,4387093,0,4]
07-30 13:40:36.693  1000  2741  6524 I notification_visibility: [0|com.android.dialer|1|MissedCall_content://call_log/calls/136?allow_voicemails=true|10015,0,1413792,1413792,0,3]
07-30 13:40:36.694  1000  2741  6524 I notification_visibility: [0|com.twitter.android|0|null|10096,0,20207783,23628,0,1]
07-30 13:40:40.041  1000  2741  6524 I notification_visibility: [0|com.android.dialer|1|MissedCall_content://call_log/calls/136?allow_voicemails=true|10015,1,1417139,1417139,0,3]
07-30 13:40:40.041  1000  2741  6524 I notification_visibility: [-1|android|23|41217664-9172-527a-b3d5-edabb50a7d69|1000,1,4390938,4390938,0,4]
07-30 13:40:40.041  1000  2741  6524 I notification_visibility: [0|com.twitter.android|0|null|10096,1,20211131,26976,0,1]
07-30 13:40:41.051  1000  2741  3163 I notification_visibility: [0|com.android.chrome|-1|p#https://m.facebook.com/#11532927786193865|10058,1,10443050,10443050,0,5]
07-30 13:40:41.561  1000  2741  6524 I notification_visibility: [0|com.android.chrome|-1|p#https://m.facebook.com/#11532916151486090|10058,1,20220354,20220354,0,6]
07-30 13:40:42.061  1000  2741  6524 I notification_visibility: [0|android|17303299|null|1000,1,54166,54166,0,7]
07-30 13:40:42.061  1000  2741  6524 I notification_visibility: [0|com.google.android.apps.messaging|0|com.google.android.apps.messaging:sms:106|10072,0,951281,951281,0,0]
07-30 13:40:42.578  1000  2741  3163 I notification_visibility: [0|com.fota.pro|10|null|1000,1,4161548,4161548,0,8]
07-30 13:40:42.579  1000  2741  3163 I notification_visibility: [0|com.ideacellular.myidea|22|null|10094,1,11128321,11128321,0,9]
07-30 13:40:42.579  1000  2741  3163 I notification_visibility: [0|com.android.dialer|1|MissedCall_content://call_log/calls/136?allow_voicemails=true|10015,0,1419678,1419678,0,3]
07-30 13:40:42.579  1000  2741  3163 I notification_visibility: [0|com.twitter.android|0|null|10096,0,20213669,29514,0,1]
07-30 13:40:44.639  1000  2741  6524 I notification_visibility: [0|com.fota.pro|10|null|1000,0,4163608,4163608,0,8]
07-30 13:40:44.639  1000  2741  6524 I notification_visibility: [0|com.android.chrome|-1|p#https://m.facebook.com/#11532927786193865|10058,0,10446639,10446639,0,5]
07-30 13:40:44.639  1000  2741  6524 I notification_visibility: [0|com.ideacellular.myidea|22|null|10094,0,11130382,11130382,0,9]
07-30 13:40:44.639  1000  2741  6524 I notification_visibility: [0|com.android.chrome|-1|p#https://m.facebook.com/#11532916151486090|10058,0,20223432,20223432,0,6]
07-30 13:40:44.640  1000  2741  6524 I notification_visibility: [0|android|17303299|null|1000,0,56746,56746,0,7]
07-30 13:40:44.719  1000  2741  6524 I notification_visibility: [-1|android|23|41217664-9172-527a-b3d5-edabb50a7d69|1000,0,4395616,4395616,0,4]
07-30 13:42:29.373  1000  2741  7470 I notification_visibility: [0|com.google.android.apps.messaging|0|com.google.android.apps.messaging:sms:106|10072,1,1058593,1058593,0,0]
07-30 13:42:29.791  1000  2741  7470 I notification_visibility: [0|com.google.android.apps.messaging|0|com.google.android.apps.messaging:sms:106|10072,0,1059010,1059010,0,0]
07-30 13:50:02.849  1000  2741 16369 I notification_visibility: [0|com.google.android.calendar|536870912|282-1532939400000-1532943000000-1532938800000|10055,1,945,945,0,0]
07-30 13:50:08.129  1000  2741  8423 I notification_visibility: [0|com.google.android.calendar|536870912|282-1532939400000-1532943000000-1532938800000|10055,0,6225,2515,0,0]
07-30 14:08:23.127  1000  2741  7470 I notification_visibility: [0|com.whatsapp|1|919949777709-1443694452@g.us|10115,1,1304,1304,0,2]
07-30 14:08:23.128  1000  2741  7470 I notification_visibility: [0|com.whatsapp|1|919848330390-1434389344@g.us|10115,1,1361,1361,0,3]
07-30 14:08:23.128  1000  2741  7470 I notification_visibility: [0|com.whatsapp|1|919849598108-1494592111@g.us|10115,1,1274,1274,0,1]
07-30 14:08:23.129  1000  2741  7470 I notification_visibility: [0|com.whatsapp|1|null|10115,1,1263,1263,0,0]
07-30 14:08:23.129  1000  2741  7470 I notification_visibility: [0|com.whatsapp|1|919036640705-1521441719@g.us|10115,1,1406,1406,0,4]
07-30 14:08:28.258  1000  2741  6520 I notification_visibility: [0|com.whatsapp|1|919949777709-1443694452@g.us|10115,0,6436,6436,0,2]
07-30 14:08:28.259  1000  2741  6520 I notification_visibility: [0|com.whatsapp|1|919848330390-1434389344@g.us|10115,0,6492,6492,0,3]
07-30 14:08:28.259  1000  2741  6520 I notification_visibility: [0|com.whatsapp|1|919849598108-1494592111@g.us|10115,0,6405,6405,0,1]
07-30 14:08:28.259  1000  2741  6520 I notification_visibility: [0|com.whatsapp|1|null|10115,0,6394,6394,0,0]
07-30 14:08:28.260  1000  2741  6520 I notification_visibility: [0|com.whatsapp|1|919036640705-1521441719@g.us|10115,0,6536,6536,0,4]
07-30 14:24:28.024  1000  2741  7470 I notification_visibility: [0|com.google.android.apps.messaging|0|com.google.android.apps.messaging:sms:69|10072,1,1054,1054,0,0]
07-30 14:24:32.684  1000  2741 21976 I notification_visibility: [0|com.google.android.apps.messaging|0|com.google.android.apps.messaging:sms:69|10072,0,5714,5714,0,0]
07-30 15:19:15.919  1000  2741  3323 I notification_visibility: [0|com.whatsapp|1|919966429222-1483261573@g.us|10115,1,1158,1158,0,2]
07-30 15:19:15.919  1000  2741  3323 I notification_visibility: [0|com.whatsapp|1|919949777709-1443694452@g.us|10115,1,1179,1179,0,3]
07-30 15:19:15.921  1000  2741  3323 I notification_visibility: [0|com.whatsapp|1|919848330390-1434389344@g.us|10115,1,1219,1219,0,4]
07-30 15:19:15.921  1000  2741  3323 I notification_visibility: [0|com.whatsapp|1|null|10115,1,1151,1151,0,0]
07-30 15:19:15.921  1000  2741  3323 I notification_visibility: [0|com.whatsapp|1|919036640705-1521441719@g.us|10115,1,1253,1253,0,5]
07-30 15:19:21.051  1000  2741  3323 I notification_visibility: [0|com.whatsapp|1|919966429222-1483261573@g.us|10115,0,6289,6289,0,2]
07-30 15:19:21.051  1000  2741  3323 I notification_visibility: [0|com.whatsapp|1|919949777709-1443694452@g.us|10115,0,6311,6311,0,3]
07-30 15:19:21.051  1000  2741  3323 I notification_visibility: [0|com.whatsapp|1|919848330390-1434389344@g.us|10115,0,6351,6351,0,4]
07-30 15:19:21.051  1000  2741  3323 I notification_visibility: [0|com.whatsapp|1|null|10115,0,6281,6281,0,0]
07-30 15:19:21.052  1000  2741  3323 I notification_visibility: [0|com.whatsapp|1|919036640705-1521441719@g.us|10115,0,6384,6384,0,5]
07-30 15:19:45.599  1000  2741  6894 I notification_visibility: [0|com.whatsapp|1|919949777709-1443694452@g.us|10115,1,1186,1186,0,3]
07-30 15:19:45.600  1000  2741  6894 I notification_visibility: [0|com.whatsapp|1|919866777960-1400346898@g.us|10115,1,1153,1153,0,2]
07-30 15:19:45.600  1000  2741  6894 I notification_visibility: [0|com.whatsapp|1|919848330390-1434389344@g.us|10115,1,1218,1218,0,4]
07-30 15:19:45.600  1000  2741  6894 I notification_visibility: [0|com.whatsapp|1|null|10115,1,1145,1145,0,0]
07-30 15:19:45.601  1000  2741  6894 I notification_visibility: [0|com.whatsapp|1|919036640705-1521441719@g.us|10115,1,1239,1239,0,5]
07-30 15:19:46.904  1000  2741  3961 I notification_visibility: [0|com.whatsapp|1|919949777709-1443694452@g.us|10115,0,2492,2492,0,3]
07-30 15:19:46.904  1000  2741  3961 I notification_visibility: [0|com.whatsapp|1|919866777960-1400346898@g.us|10115,0,2458,2458,0,2]
07-30 15:19:46.905  1000  2741  3961 I notification_visibility: [0|com.whatsapp|1|919848330390-1434389344@g.us|10115,0,2522,2522,0,4]
07-30 15:19:46.905  1000  2741  3961 I notification_visibility: [0|com.whatsapp|1|null|10115,0,2450,2450,0,0]
07-30 15:19:46.905  1000  2741  3961 I notification_visibility: [0|com.whatsapp|1|919036640705-1521441719@g.us|10115,0,2544,2544,0,5]
07-30 15:21:58.650  1000  2741  3961 I notification_visibility: [0|com.whatsapp|1|919949777709-1443694452@g.us|10115,1,1252,1252,0,3]
07-30 15:21:58.651  1000  2741  3961 I notification_visibility: [0|com.whatsapp|1|919866777960-1400346898@g.us|10115,1,1226,1226,0,2]
07-30 15:21:58.651  1000  2741  3961 I notification_visibility: [0|com.whatsapp|1|919848330390-1434389344@g.us|10115,1,1293,1293,0,4]
07-30 15:21:58.651  1000  2741  3961 I notification_visibility: [0|com.whatsapp|1|null|10115,1,1217,1217,0,0]
07-30 15:21:58.652  1000  2741  3961 I notification_visibility: [0|com.whatsapp|1|919036640705-1521441719@g.us|10115,1,1316,1316,0,5]
07-30 15:22:00.274  1000  2741  8423 I notification_visibility: [0|com.whatsapp|1|919949777709-1443694452@g.us|10115,0,2876,2876,0,3]
07-30 15:22:00.274  1000  2741  8423 I notification_visibility: [0|com.whatsapp|1|919866777960-1400346898@g.us|10115,0,2850,2850,0,2]
07-30 15:22:00.275  1000  2741  8423 I notification_visibility: [0|com.whatsapp|1|919848330390-1434389344@g.us|10115,0,2916,2916,0,4]
07-30 15:22:00.275  1000  2741  8423 I notification_visibility: [0|com.whatsapp|1|null|10115,0,2841,2841,0,0]
07-30 15:22:00.275  1000  2741  8423 I notification_visibility: [0|com.whatsapp|1|919036640705-1521441719@g.us|10115,0,2940,2940,0,5]
07-30 15:22:19.663  1000  2741  3961 I notification_visibility: [-1|com.android.systemui|3|low_battery|10034,1,2817444,73855,0,0]
07-30 15:22:19.663  1000  2741  3961 I notification_visibility: [0|com.whatsapp|1|919949777709-1443694452@g.us|10115,1,22265,22265,0,3]
07-30 15:22:19.663  1000  2741  3961 I notification_visibility: [0|com.whatsapp|1|919866777960-1400346898@g.us|10115,1,22239,22239,0,2]
07-30 15:22:19.663  1000  2741  3961 I notification_visibility: [0|com.mygate.user|0|FCM-Notification:16583206|10095,1,4072184,4072184,0,7]
07-30 15:22:19.664  1000  2741  3961 I notification_visibility: [-1|android|23|41217664-9172-527a-b3d5-edabb50a7d69|1000,1,10490560,10490560,0,8]
07-30 15:22:19.664  1000  2741  3961 I notification_visibility: [0|com.whatsapp|1|919848330390-1434389344@g.us|10115,1,22306,22306,0,4]
07-30 15:22:19.664  1000  2741  3961 I notification_visibility: [0|com.whatsapp|1|null|10115,1,22230,22230,0,1]
07-30 15:22:19.665  1000  2741  3961 I notification_visibility: [0|com.twitter.android|0|null|10096,1,26310754,77147,0,6]
07-30 15:22:21.844  1000  2741  3961 I notification_visibility: [0|com.android.chrome|-1|p#https://m.facebook.com/#11532927786193865|10058,1,16543843,16543843,0,9]
07-30 15:22:22.362  1000  2741  3961 I notification_visibility: [0|com.android.chrome|-1|p#https://m.facebook.com/#11532916151486090|10058,1,26321154,26321154,0,10]
07-30 15:22:22.362  1000  2741  3961 I notification_visibility: [-1|com.android.systemui|3|low_battery|10034,0,2820144,76555,0,0]
07-30 15:22:23.896  1000  2741  6406 I notification_visibility: [0|com.linkedin.android.lite|2062821708|null|10121,1,3708448,3708448,0,11]
07-30 15:22:26.121  1000  2741  6406 I notification_visibility: [0|com.whatsapp|1|919949777709-1443694452@g.us|10115,0,28723,28723,0,3]
07-30 15:22:26.121  1000  2741  6406 I notification_visibility: [0|com.whatsapp|1|919866777960-1400346898@g.us|10115,0,28697,28697,0,2]
07-30 15:22:26.122  1000  2741  6406 I notification_visibility: [0|com.whatsapp|1|919848330390-1434389344@g.us|10115,0,28763,28763,0,4]
07-30 15:22:26.122  1000  2741  6406 I notification_visibility: [0|com.whatsapp|1|null|10115,0,28688,28688,0,1]
07-30 15:22:26.640  1000  2741  6406 I notification_visibility: [0|com.fota.pro|10|null|1000,1,10265609,10265609,0,12]
07-30 15:22:26.640  1000  2741  6406 I notification_visibility: [0|com.twitter.android|0|null|10096,0,26317730,84123,0,6]
07-30 15:22:27.672  1000  2741  6406 I notification_visibility: [0|com.ideacellular.myidea|22|null|10094,1,17233414,17233414,0,13]
07-30 15:22:28.695  1000  2741  6406 I notification_visibility: [0|com.mygate.user|0|FCM-Notification:16583206|10095,0,4081216,4081216,0,7]
07-30 15:22:30.124  1000  2741  3324 I notification_visibility: [0|com.fota.pro|10|null|1000,0,10269094,10269094,0,12]
07-30 15:22:30.125  1000  2741  3324 I notification_visibility: [-1|android|23|41217664-9172-527a-b3d5-edabb50a7d69|1000,0,10501021,10501021,0,8]
07-30 15:22:30.125  1000  2741  3324 I notification_visibility: [0|com.android.chrome|-1|p#https://m.facebook.com/#11532927786193865|10058,0,16552125,16552125,0,9]
07-30 15:22:30.125  1000  2741  3324 I notification_visibility: [0|com.ideacellular.myidea|22|null|10094,0,17235868,17235868,0,13]
07-30 15:22:30.125  1000  2741  3324 I notification_visibility: [0|com.android.chrome|-1|p#https://m.facebook.com/#11532916151486090|10058,0,26328918,26328918,0,10]
07-30 15:22:30.126  1000  2741  3324 I notification_visibility: [0|com.linkedin.android.lite|2062821708|null|10121,0,3714677,3714677,0,11]
07-30 15:27:52.763  1000  2741  3003 I notification_visibility: [0|com.whatsapp|1|919866777960-1400346898@g.us|10115,1,1135,1135,0,2]
07-30 15:27:52.764  1000  2741  3003 I notification_visibility: [0|com.whatsapp|1|919848330390-1434389344@g.us|10115,1,1163,1163,0,3]
07-30 15:27:52.765  1000  2741  3003 I notification_visibility: [0|com.whatsapp|1|null|10115,1,1130,1130,0,0]
07-30 15:27:52.765  1000  2741  3003 I notification_visibility: [0|com.whatsapp|1|919036640705-1521441719@g.us|10115,1,1195,1195,0,4]
07-30 15:27:56.404  1000  2741  3003 I notification_visibility: [0|com.whatsapp|1|919866777960-1400346898@g.us|10115,0,4776,371,0,2]
07-30 15:27:56.404  1000  2741  3003 I notification_visibility: [0|com.whatsapp|1|919848330390-1434389344@g.us|10115,0,4804,391,0,3]
07-30 15:27:56.404  1000  2741  3003 I notification_visibility: [0|com.whatsapp|1|null|10115,0,4770,356,0,0]
07-30 15:27:56.405  1000  2741  3003 I notification_visibility: [0|com.whatsapp|1|919036640705-1521441719@g.us|10115,0,4834,418,0,4]
07-30 15:31:54.603  1000  2741  3293 I notification_visibility: [0|com.android.dialer|1|STATUS_BAR_NOTIFIER|10015,1,958,958,0,0]
07-30 15:33:37.024  1000  2741  3324 I notification_visibility: [0|com.whatsapp|1|919866777960-1400346898@g.us|10115,1,1252,1252,0,1]
07-30 15:33:37.025  1000  2741  3324 I notification_visibility: [0|com.whatsapp|1|919848330390-1434389344@g.us|10115,1,1282,1282,0,2]
07-30 15:33:37.025  1000  2741  3324 I notification_visibility: [0|com.whatsapp|1|null|10115,1,1245,1245,0,0]
07-30 15:33:37.025  1000  2741  3324 I notification_visibility: [0|com.whatsapp|1|919036640705-1521441719@g.us|10115,1,1308,1308,0,3]
07-30 15:33:42.144  1000  2741  8423 I notification_visibility: [0|com.whatsapp|1|919866777960-1400346898@g.us|10115,0,6372,301,0,1]
07-30 15:33:42.145  1000  2741  8423 I notification_visibility: [0|com.whatsapp|1|919848330390-1434389344@g.us|10115,0,6402,319,0,2]
07-30 15:33:42.145  1000  2741  8423 I notification_visibility: [0|com.whatsapp|1|null|10115,0,6365,294,0,0]
07-30 15:33:42.145  1000  2741  8423 I notification_visibility: [0|com.whatsapp|1|919036640705-1521441719@g.us|10115,0,6428,347,0,3]
07-30 15:34:07.444  1000  2741 21977 I notification_visibility: [0|com.google.android.gm|-571045837|gig:1087497431:^sq_ig_i_personal|10064,1,342906,342906,0,5]
07-30 15:34:07.444  1000  2741 21977 I notification_visibility: [0|com.mygate.user|0|FCM-Notification:16583206|10095,1,4779965,4779965,0,1]
07-30 15:34:07.445  1000  2741 21977 I notification_visibility: [0|com.android.chrome|-1|p#https://m.facebook.com/#11532927786193865|10058,1,17249444,17249444,0,9]
07-30 15:34:07.445  1000  2741 21977 I notification_visibility: [0|com.google.android.gm|-790578037|gig:1087497431:^sq_ig_i_personal|10064,1,342870,342870,0,4]
07-30 15:34:07.445  1000  2741 21977 I notification_visibility: [0|com.android.chrome|-1|p#https://m.facebook.com/#11532916151486090|10058,1,27026238,27026238,0,10]
07-30 15:34:07.446  1000  2741 21977 I notification_visibility: [0|com.google.android.gm|0|gig:1087497431:^sq_ig_i_personal|10064,1,342992,342992,0,2]
07-30 15:34:07.446  1000  2741 21977 I notification_visibility: [0|com.google.android.gm|397820464|gig:1087497431:^sq_ig_i_personal|10064,1,342852,342852,0,3]
07-30 15:34:07.446  1000  2741 21977 I notification_visibility: [0|com.twitter.android|0|null|10096,1,27018536,34514,0,0]
07-30 15:34:09.729  1000  2741 11532 I notification_visibility: [0|com.android.chrome|-1|p#https://m.facebook.com/#11532916151486090|10058,0,27028521,27028521,0,10]
07-30 15:34:10.229  1000  2741 11532 I notification_visibility: [0|com.google.android.gm|-571045837|gig:1087497431:^sq_ig_i_personal|10064,0,345691,345691,0,5]
07-30 15:34:10.229  1000  2741 11532 I notification_visibility: [0|com.mygate.user|0|FCM-Notification:16583206|10095,0,4782750,4782750,0,1]
07-30 15:34:10.230  1000  2741 11532 I notification_visibility: [0|com.android.chrome|-1|p#https://m.facebook.com/#11532927786193865|10058,0,17252229,17252229,0,9]
07-30 15:34:10.230  1000  2741 11532 I notification_visibility: [0|com.google.android.gm|-790578037|gig:1087497431:^sq_ig_i_personal|10064,0,345655,345655,0,4]
07-30 15:34:10.230  1000  2741 11532 I notification_visibility: [0|com.google.android.gm|0|gig:1087497431:^sq_ig_i_personal|10064,0,345777,345777,0,2]
07-30 15:34:10.230  1000  2741 11532 I notification_visibility: [0|com.google.android.gm|397820464|gig:1087497431:^sq_ig_i_personal|10064,0,345636,345636,0,3]
07-30 15:34:12.128  1000  2741 11532 I notification_visibility: [0|com.twitter.android|0|null|10096,0,27023218,39196,0,0]
07-30 15:42:20.209  1000  2741 21980 I notification_visibility: [0|com.google.android.gm|-571045837|gig:1087497431:^sq_ig_i_personal|10064,1,835670,835670,0,5]
07-30 15:42:20.209  1000  2741 21980 I notification_visibility: [0|com.mygate.user|0|FCM-Notification:16583206|10095,1,5272730,5272730,0,1]
07-30 15:42:20.209  1000  2741 21980 I notification_visibility: [0|com.android.chrome|-1|p#https://m.facebook.com/#11532927786193865|10058,1,17742209,17742209,0,9]
07-30 15:42:20.210  1000  2741 21980 I notification_visibility: [0|com.google.android.gm|-790578037|gig:1087497431:^sq_ig_i_personal|10064,1,835634,835634,0,4]
07-30 15:42:20.210  1000  2741 21980 I notification_visibility: [0|com.android.chrome|-1|p#https://m.facebook.com/#11532916151486090|10058,1,27519003,27519003,0,10]
07-30 15:42:20.211  1000  2741 21980 I notification_visibility: [0|com.google.android.gm|0|gig:1087497431:^sq_ig_i_personal|10064,1,835757,835757,0,2]
07-30 15:42:20.211  1000  2741 21980 I notification_visibility: [0|com.google.android.gm|397820464|gig:1087497431:^sq_ig_i_personal|10064,1,835617,835617,0,3]
07-30 15:42:20.211  1000  2741 21980 I notification_visibility: [0|com.twitter.android|0|null|10096,1,27511301,5355,0,0]
07-30 15:42:21.272  1000  2741 21977 I notification_visibility: [0|com.android.chrome|-1|p#https://m.facebook.com/#11532916151486090|10058,0,27520065,27520065,0,10]
07-30 15:42:21.789  1000  2741 21977 I notification_visibility: [0|com.google.android.gm|-571045837|gig:1087497431:^sq_ig_i_personal|10064,0,837250,837250,0,5]
07-30 15:42:21.789  1000  2741 21977 I notification_visibility: [0|com.android.chrome|-1|p#https://m.facebook.com/#11532927786193865|10058,0,17743789,17743789,0,9]
07-30 15:42:21.789  1000  2741 21977 I notification_visibility: [0|com.google.android.gm|-790578037|gig:1087497431:^sq_ig_i_personal|10064,0,837214,837214,0,4]
07-30 15:42:21.789  1000  2741 21977 I notification_visibility: [0|com.google.android.gm|0|gig:1087497431:^sq_ig_i_personal|10064,0,837336,837336,0,2]
07-30 15:42:21.790  1000  2741 21977 I notification_visibility: [0|com.google.android.gm|397820464|gig:1087497431:^sq_ig_i_personal|10064,0,837196,837196,0,3]
07-30 15:42:22.291  1000  2741 21977 I notification_visibility: [0|com.mygate.user|0|FCM-Notification:16583206|10095,0,5274811,5274811,0,1]
07-30 15:42:24.202  1000  2741 21977 I notification_visibility: [0|com.twitter.android|0|null|10096,0,27515292,9346,0,0]
07-30 15:46:28.724  1000  2741 21976 I notification_visibility: [0|com.whatsapp|1|919966429222-1483261573@g.us|10115,1,1085,1085,0,1]
07-30 15:46:28.724  1000  2741 21976 I notification_visibility: [0|com.whatsapp|1|919848330390-1434389344@g.us|10115,1,1121,1121,0,2]
07-30 15:46:28.724  1000  2741 21976 I notification_visibility: [0|com.whatsapp|1|null|10115,1,1076,1076,0,0]
07-30 15:46:28.725  1000  2741 21976 I notification_visibility: [0|com.whatsapp|1|919036640705-1521441719@g.us|10115,1,1160,1160,0,3]
07-30 15:46:30.482  1000  2741  7470 I notification_visibility: [0|com.whatsapp|1|919966429222-1483261573@g.us|10115,0,2844,411,0,1]
07-30 15:46:30.483  1000  2741  7470 I notification_visibility: [0|com.whatsapp|1|919848330390-1434389344@g.us|10115,0,2879,440,0,2]
07-30 15:46:30.483  1000  2741  7470 I notification_visibility: [0|com.whatsapp|1|null|10115,0,2835,397,0,0]
07-30 15:46:30.483  1000  2741  7470 I notification_visibility: [0|com.whatsapp|1|919036640705-1521441719@g.us|10115,0,2919,458,0,3]
07-30 15:48:51.739  1000  2741  2755 I notification_visibility: [0|com.google.android.gm|-2127815615|gig:483594645:^sq_ig_i_personal|10064,1,65836,65836,0,1]
07-30 15:48:51.739  1000  2741  2755 I notification_visibility: [0|com.mygate.user|0|FCM-Notification:16583206|10095,1,5664260,5664260,0,3]
07-30 15:48:51.739  1000  2741  2755 I notification_visibility: [0|com.google.android.gm|0|gig:1087497431:^sq_ig_i_personal|10064,1,1227286,1227286,0,4]
07-30 15:48:51.740  1000  2741  2755 I notification_visibility: [0|com.twitter.android|0|null|10096,1,27902829,101997,0,2]
07-30 15:48:54.569  1000  2741  2755 I notification_visibility: [0|com.google.android.gm|0|gig:1087497431:^sq_ig_i_personal|10064,0,1230116,1230116,0,4]
07-30 15:48:55.070  1000  2741  2755 I notification_visibility: [0|com.mygate.user|0|FCM-Notification:16583206|10095,0,5667590,5667590,0,3]
07-30 15:48:55.070  1000  2741  2755 I notification_visibility: [0|com.twitter.android|0|null|10096,0,27906160,105328,0,2]
07-30 15:49:01.867  1000  2741  2755 I notification_visibility: [0|com.google.android.gm|-2127815615|gig:483594645:^sq_ig_i_personal|10064,0,75964,75964,0,1]
07-30 15:49:13.562  1000  2741  6406 I notification_visibility: [0|com.google.android.gm|-2127815615|gig:483594645:^sq_ig_i_personal|10064,1,87660,87660,0,1]
07-30 15:49:13.563  1000  2741  6406 I notification_visibility: [0|com.mygate.user|0|FCM-Notification:16583206|10095,1,5686083,5686083,0,3]
07-30 15:49:13.563  1000  2741  6406 I notification_visibility: [0|com.google.android.gm|0|gig:1087497431:^sq_ig_i_personal|10064,1,1249110,1249110,0,4]
07-30 15:49:13.563  1000  2741  6406 I notification_visibility: [0|com.twitter.android|0|null|10096,1,27924653,123821,0,2]
07-30 15:49:16.516  1000  2741  2755 I notification_visibility: [0|com.whatsapp|1|919966429222-1483261573@g.us|10115,1,168877,53315,0,14]
07-30 15:49:16.516  1000  2741  2755 I notification_visibility: [0|com.google.android.gm|-571045837|gig:1087497431:^sq_ig_i_personal|10064,1,1251978,1251978,0,7]
07-30 15:49:16.516  1000  2741  2755 I notification_visibility: [0|com.android.systemui|1|null|10034,1,919401,918983,0,17]
07-30 15:49:16.517  1000  2741  2755 I notification_visibility: [0|com.android.chrome|-1|p#https://m.facebook.com/#11532927786193865|10058,1,18158516,18158516,0,11]
07-30 15:49:16.517  1000  2741  2755 I notification_visibility: [0|com.whatsapp|1|919848330390-1434389344@g.us|10115,1,168914,53354,0,15]
07-30 15:49:16.517  1000  2741  2755 I notification_visibility: [0|com.google.android.gm|-790578037|gig:1087497431:^sq_ig_i_personal|10064,1,1251942,1251942,0,6]
07-30 15:49:16.517  1000  2741  2755 I notification_visibility: [0|com.android.chrome|-1|p#https://m.facebook.com/#11532916151486090|10058,1,27935310,27935310,0,12]
07-30 15:49:16.518  1000  2741  2755 I notification_visibility: [0|com.google.android.gm|397820464|gig:1087497431:^sq_ig_i_personal|10064,1,1251923,1251923,0,5]
07-30 15:49:16.518  1000  2741  2755 I notification_visibility: [0|com.whatsapp|1|null|10115,1,168870,53294,0,13]
07-30 15:49:16.518  1000  2741  2755 I notification_visibility: [0|com.whatsapp|1|919036640705-1521441719@g.us|10115,1,168954,53378,0,16]
07-30 15:49:16.518  1000  2741  2755 I notification_visibility: [0|com.google.android.gm|-2127815615|gig:483594645:^sq_ig_i_personal|10064,0,90616,90616,0,1]
07-30 15:49:16.519  1000  2741  2755 I notification_visibility: [0|com.twitter.android|0|null|10096,0,27927608,126776,0,2]
07-30 15:49:17.017  1000  2741  6406 I notification_visibility: [0|com.fota.pro|10|null|1000,1,11875986,11875986,0,18]
07-30 15:49:19.055  1000  2741 21978 I notification_visibility: [0|com.ideacellular.myidea|22|null|10094,1,18844797,18844797,0,19]
07-30 15:49:19.055  1000  2741 21978 I notification_visibility: [0|com.google.android.gm|-571045837|gig:1087497431:^sq_ig_i_personal|10064,0,1254517,1254517,0,7]
07-30 15:49:19.055  1000  2741 21978 I notification_visibility: [0|com.mygate.user|0|FCM-Notification:16583206|10095,0,5691576,5691576,0,3]
07-30 15:49:19.056  1000  2741 21978 I notification_visibility: [0|com.google.android.gm|-790578037|gig:1087497431:^sq_ig_i_personal|10064,0,1254480,1254480,0,6]
07-30 15:49:19.056  1000  2741 21978 I notification_visibility: [0|com.google.android.gm|0|gig:1087497431:^sq_ig_i_personal|10064,0,1254603,1254603,0,4]
07-30 15:49:19.056  1000  2741 21978 I notification_visibility: [0|com.google.android.gm|397820464|gig:1087497431:^sq_ig_i_personal|10064,0,1254462,1254462,0,5]
07-30 15:49:20.041  1000  2741  2755 I notification_visibility: [0|com.fota.pro|10|null|1000,0,11879010,11879010,0,18]
07-30 15:49:20.041  1000  2741  2755 I notification_visibility: [0|com.whatsapp|1|919966429222-1483261573@g.us|10115,0,172403,56841,0,14]
07-30 15:49:20.041  1000  2741  2755 I notification_visibility: [0|com.android.systemui|1|null|10034,0,922926,922508,0,17]
07-30 15:49:20.041  1000  2741  2755 I notification_visibility: [0|com.android.chrome|-1|p#https://m.facebook.com/#11532927786193865|10058,0,18162041,18162041,0,11]
07-30 15:49:20.041  1000  2741  2755 I notification_visibility: [0|com.whatsapp|1|919848330390-1434389344@g.us|10115,0,172438,56878,0,15]
07-30 15:49:20.042  1000  2741  2755 I notification_visibility: [0|com.ideacellular.myidea|22|null|10094,0,18845785,18845785,0,19]
07-30 15:49:20.042  1000  2741  2755 I notification_visibility: [0|com.android.chrome|-1|p#https://m.facebook.com/#11532916151486090|10058,0,27938835,27938835,0,12]
07-30 15:49:20.042  1000  2741  2755 I notification_visibility: [0|com.whatsapp|1|null|10115,0,172394,56818,0,13]
07-30 15:49:20.042  1000  2741  2755 I notification_visibility: [0|com.whatsapp|1|919036640705-1521441719@g.us|10115,0,172478,56902,0,16]
07-30 15:50:02.717  1000  2741  2756 I notification_visibility: [0|com.google.android.calendar|536870912|276-1532946600000-1532950200000-1532946000000|10055,1,928,544,0,0]
07-30 15:50:04.824  1000  2741  3960 I notification_visibility: [0|com.whatsapp|1|919966429222-1483261573@g.us|10115,1,217186,605,0,3]
07-30 15:50:04.825  1000  2741  3960 I notification_visibility: [0|com.whatsapp|1|919866777960-1400346898@g.us|10115,1,576,576,0,2]
07-30 15:50:04.825  1000  2741  3960 I notification_visibility: [0|com.whatsapp|1|919848330390-1434389344@g.us|10115,1,217222,674,0,4]
07-30 15:50:04.825  1000  2741  3960 I notification_visibility: [0|com.whatsapp|1|null|10115,1,217177,570,0,0]
07-30 15:50:04.826  1000  2741  3960 I notification_visibility: [0|com.whatsapp|1|919036640705-1521441719@g.us|10115,1,217261,698,0,5]
07-30 15:50:07.713  1000  2741 16381 I notification_visibility: [0|com.google.android.calendar|536870912|276-1532946600000-1532950200000-1532946000000|10055,0,5924,15,0,1]
07-30 15:50:10.457  1000  2741 16381 I notification_visibility: [0|com.whatsapp|1|919966429222-1483261573@g.us|10115,0,222819,6238,0,3]
07-30 15:50:10.457  1000  2741 16381 I notification_visibility: [0|com.whatsapp|1|919866777960-1400346898@g.us|10115,0,6209,6209,0,2]
07-30 15:50:10.458  1000  2741 16381 I notification_visibility: [0|com.whatsapp|1|919848330390-1434389344@g.us|10115,0,222854,6306,0,4]
07-30 15:50:10.458  1000  2741 16381 I notification_visibility: [0|com.whatsapp|1|null|10115,0,222810,6203,0,0]
07-30 15:50:10.458  1000  2741 16381 I notification_visibility: [0|com.whatsapp|1|919036640705-1521441719@g.us|10115,0,222894,6331,0,5]
07-30 15:50:15.132  1000  2741  3962 I notification_visibility: [0|com.whatsapp|1|919966429222-1483261573@g.us|10115,1,227494,10913,0,3]
07-30 15:50:15.133  1000  2741  3962 I notification_visibility: [0|com.whatsapp|1|919866777960-1400346898@g.us|10115,1,10884,10884,0,2]
07-30 15:50:15.133  1000  2741  3962 I notification_visibility: [0|com.google.android.gm|-2127815615|gig:483594645:^sq_ig_i_personal|10064,1,149231,1186,0,8]
07-30 15:50:15.133  1000  2741  3962 I notification_visibility: [0|com.mygate.user|0|FCM-Notification:16583206|10095,1,5747654,5747654,0,10]
07-30 15:50:15.134  1000  2741  3962 I notification_visibility: [0|com.whatsapp|1|919848330390-1434389344@g.us|10115,1,227531,10983,0,4]
07-30 15:50:15.134  1000  2741  3962 I notification_visibility: [0|com.google.android.gm|0|gig:483594645:^sq_ig_i_personal|10064,1,149277,1226,0,6]
07-30 15:50:15.135  1000  2741  3962 I notification_visibility: [0|com.google.android.gm|1973609307|gig:483594645:^sq_ig_i_personal|10064,1,1177,1177,0,7]
07-30 15:50:15.135  1000  2741  3962 I notification_visibility: [0|com.whatsapp|1|null|10115,1,227487,10880,0,1]
07-30 15:50:15.136  1000  2741  3962 I notification_visibility: [0|com.twitter.android|0|null|10096,1,27986225,185393,0,9]
07-30 15:50:15.136  1000  2741  3962 I notification_visibility: [0|com.google.android.calendar|536870912|276-1532946600000-1532950200000-1532946000000|10055,1,13348,7439,0,0]
07-30 15:50:16.145  1000  2741  6524 I notification_visibility: [0|com.whatsapp|1|919966429222-1483261573@g.us|10115,0,228506,11925,0,3]
07-30 15:50:16.145  1000  2741  6524 I notification_visibility: [0|com.whatsapp|1|919866777960-1400346898@g.us|10115,0,11897,11897,0,2]
07-30 15:50:16.146  1000  2741  6524 I notification_visibility: [0|com.google.android.gm|-2127815615|gig:483594645:^sq_ig_i_personal|10064,0,150243,2198,0,8]
07-30 15:50:16.146  1000  2741  6524 I notification_visibility: [0|com.mygate.user|0|FCM-Notification:16583206|10095,0,5748667,5748667,0,10]
07-30 15:50:16.146  1000  2741  6524 I notification_visibility: [0|com.whatsapp|1|919848330390-1434389344@g.us|10115,0,228543,11995,0,4]
07-30 15:50:16.146  1000  2741  6524 I notification_visibility: [0|com.google.android.gm|0|gig:483594645:^sq_ig_i_personal|10064,0,150289,2238,0,6]
07-30 15:50:16.146  1000  2741  6524 I notification_visibility: [0|com.google.android.gm|1973609307|gig:483594645:^sq_ig_i_personal|10064,0,2189,2189,0,7]
07-30 15:50:16.147  1000  2741  6524 I notification_visibility: [0|com.twitter.android|0|null|10096,0,27987236,186404,0,9]
07-30 15:50:17.946  1000  2741  3962 I notification_visibility: [0|com.whatsapp|1|919966429222-1483261573@g.us|10115,1,230308,13727,0,3]
07-30 15:50:17.946  1000  2741  3962 I notification_visibility: [0|com.whatsapp|1|919866777960-1400346898@g.us|10115,1,13698,13698,0,2]
07-30 15:50:17.947  1000  2741  3962 I notification_visibility: [0|com.google.android.gm|-2127815615|gig:483594645:^sq_ig_i_personal|10064,1,152044,3999,0,8]
07-30 15:50:17.947  1000  2741  3962 I notification_visibility: [0|com.mygate.user|0|FCM-Notification:16583206|10095,1,5750468,5750468,0,10]
07-30 15:50:17.947  1000  2741  3962 I notification_visibility: [0|com.whatsapp|1|919848330390-1434389344@g.us|10115,1,230344,13796,0,4]
07-30 15:50:17.947  1000  2741  3962 I notification_visibility: [0|com.google.android.gm|0|gig:483594645:^sq_ig_i_personal|10064,1,152090,4039,0,6]
07-30 15:50:17.948  1000  2741  3962 I notification_visibility: [0|com.google.android.gm|1973609307|gig:483594645:^sq_ig_i_personal|10064,1,3990,3990,0,7]
07-30 15:50:17.948  1000  2741  3962 I notification_visibility: [0|com.twitter.android|0|null|10096,1,27989038,188206,0,9]
07-30 15:50:19.992  1000  2741  3962 I notification_visibility: [0|com.google.android.gm|-571045837|gig:1087497431:^sq_ig_i_personal|10064,1,1315454,1315454,0,14]
07-30 15:50:19.993  1000  2741  3962 I notification_visibility: [0|com.android.chrome|-1|p#https://m.facebook.com/#11532927786193865|10058,1,18221992,18221992,0,18]
07-30 15:50:19.993  1000  2741  3962 I notification_visibility: [0|com.google.android.gm|-790578037|gig:1087497431:^sq_ig_i_personal|10064,1,1315418,1315418,0,13]
07-30 15:50:19.993  1000  2741  3962 I notification_visibility: [0|com.google.android.gm|0|gig:1087497431:^sq_ig_i_personal|10064,1,1315540,1315540,0,11]
07-30 15:50:19.993  1000  2741  3962 I notification_visibility: [0|com.google.android.gm|397820464|gig:1087497431:^sq_ig_i_personal|10064,1,1315399,1315399,0,12]
07-30 15:50:19.993  1000  2741  3962 I notification_visibility: [0|com.google.android.calendar|536870912|276-1532946600000-1532950200000-1532946000000|10055,0,18205,12296,0,0]
07-30 15:50:20.493  1000  2741  3962 I notification_visibility: [0|com.android.chrome|-1|p#https://m.facebook.com/#11532916151486090|10058,1,27999285,27999285,0,19]
07-30 15:50:20.493  1000  2741  3962 I notification_visibility: [0|com.whatsapp|1|919966429222-1483261573@g.us|10115,0,232855,16274,0,3]
07-30 15:50:20.493  1000  2741  3962 I notification_visibility: [0|com.whatsapp|1|919866777960-1400346898@g.us|10115,0,16245,16245,0,2]
07-30 15:50:20.494  1000  2741  3962 I notification_visibility: [0|com.whatsapp|1|919848330390-1434389344@g.us|10115,0,232890,16342,0,4]
07-30 15:50:20.494  1000  2741  3962 I notification_visibility: [0|com.whatsapp|1|null|10115,0,232846,16239,0,1]
07-30 15:50:25.507  1000  2741 21978 I notification_visibility: [0|com.android.vending|874755343|null|10028,1,248205,148991,0,22]
07-30 15:50:25.507  1000  2741 21978 I notification_visibility: [0|com.android.providers.downloads|0|1:com.android.vending|10013,1,20878,2119,0,23]
07-30 15:50:25.507  1000  2741 21978 I notification_visibility: [0|com.android.systemui|1|null|10034,1,988392,987974,0,20]
07-30 15:50:25.508  1000  2741 21978 I notification_visibility: [0|com.ideacellular.myidea|22|null|10094,1,18911250,18911250,0,21]
07-30 15:50:25.508  1000  2741 21978 I notification_visibility: [0|com.google.android.gm|-571045837|gig:1087497431:^sq_ig_i_personal|10064,0,1320970,1320970,0,14]
07-30 15:50:25.508  1000  2741 21978 I notification_visibility: [0|com.google.android.gm|-2127815615|gig:483594645:^sq_ig_i_personal|10064,0,159606,11561,0,8]
07-30 15:50:25.508  1000  2741 21978 I notification_visibility: [0|com.mygate.user|0|FCM-Notification:16583206|10095,0,5758029,5758029,0,10]
07-30 15:50:25.508  1000  2741 21978 I notification_visibility: [0|com.google.android.gm|-790578037|gig:1087497431:^sq_ig_i_personal|10064,0,1320933,1320933,0,13]
07-30 15:50:25.508  1000  2741 21978 I notification_visibility: [0|com.google.android.gm|0|gig:483594645:^sq_ig_i_personal|10064,0,159651,11600,0,6]
07-30 15:50:25.509  1000  2741 21978 I notification_visibility: [0|com.google.android.gm|1973609307|gig:483594645:^sq_ig_i_personal|10064,0,11551,11551,0,7]
07-30 15:50:25.509  1000  2741 21978 I notification_visibility: [0|com.google.android.gm|0|gig:1087497431:^sq_ig_i_personal|10064,0,1321056,1321056,0,11]
07-30 15:50:25.509  1000  2741 21978 I notification_visibility: [0|com.google.android.gm|397820464|gig:1087497431:^sq_ig_i_personal|10064,0,1320915,1320915,0,12]
07-30 15:50:25.509  1000  2741 21978 I notification_visibility: [0|com.twitter.android|0|null|10096,0,27996599,195767,0,9]
07-30 15:50:26.525  1000  2741 21978 I notification_visibility: [0|com.android.vending|874755343|null|10028,0,249224,150010,0,22]
07-30 15:50:26.526  1000  2741 21978 I notification_visibility: [0|com.android.providers.downloads|0|1:com.android.vending|10013,0,21896,3137,0,23]
07-30 15:50:26.526  1000  2741 21978 I notification_visibility: [0|com.android.systemui|1|null|10034,0,989411,988993,0,20]
07-30 15:50:26.526  1000  2741 21978 I notification_visibility: [0|com.ideacellular.myidea|22|null|10094,0,18912269,18912269,0,21]
07-30 15:50:26.526  1000  2741 21978 I notification_visibility: [0|com.android.chrome|-1|p#https://m.facebook.com/#11532916151486090|10058,0,28005319,28005319,0,19]
07-30 15:50:26.758  1000  2741 21978 I notification_visibility: [0|com.android.chrome|-1|p#https://m.facebook.com/#11532927786193865|10058,0,18228758,18228758,0,18]
07-30 15:57:49.640  1000  2741  2756 I notification_visibility: [0|com.whatsapp|1|919966429222-1483261573@g.us|10115,1,682001,998,0,2]
07-30 15:57:49.641  1000  2741  2756 I notification_visibility: [0|com.whatsapp|1|919866777960-1400346898@g.us|10115,1,465392,968,0,1]
07-30 15:57:49.641  1000  2741  2756 I notification_visibility: [0|com.whatsapp|1|919848330390-1434389344@g.us|10115,1,682038,1030,0,3]
07-30 15:57:49.641  1000  2741  2756 I notification_visibility: [0|com.whatsapp|1|null|10115,1,681993,960,0,0]
07-30 15:57:49.642  1000  2741  2756 I notification_visibility: [0|com.whatsapp|1|919036640705-1521441719@g.us|10115,1,682077,1057,0,4]
07-30 15:57:51.500  1000  2741  6406 I notification_visibility: [0|com.whatsapp|1|919966429222-1483261573@g.us|10115,0,683862,426,0,2]
07-30 15:57:51.501  1000  2741  6406 I notification_visibility: [0|com.whatsapp|1|919866777960-1400346898@g.us|10115,0,467252,410,0,1]
07-30 15:57:51.501  1000  2741  6406 I notification_visibility: [0|com.whatsapp|1|919848330390-1434389344@g.us|10115,0,683898,455,0,3]
07-30 15:57:51.501  1000  2741  6406 I notification_visibility: [0|com.whatsapp|1|null|10115,0,683853,402,0,0]
07-30 15:57:51.502  1000  2741  6406 I notification_visibility: [0|com.whatsapp|1|919036640705-1521441719@g.us|10115,0,683937,473,0,4]
07-30 15:58:05.541  1000  2741 16381 I notification_visibility: [0|com.google.android.gm|-571045837|gig:1087497431:^sq_ig_i_personal|10064,1,1781003,1781003,0,9]
07-30 15:58:05.542  1000  2741 16381 I notification_visibility: [0|com.google.android.gm|-2127815615|gig:483594645:^sq_ig_i_personal|10064,1,619640,347282,0,4]
07-30 15:58:05.542  1000  2741 16381 I notification_visibility: [0|com.mygate.user|0|FCM-Notification:16583206|10095,1,6218063,6218063,0,5]
07-30 15:58:05.543  1000  2741 16381 I notification_visibility: [0|com.android.chrome|-1|p#https://m.facebook.com/#11532927786193865|10058,1,18687542,18687542,0,13]
07-30 15:58:05.543  1000  2741 16381 I notification_visibility: [0|com.google.android.gm|-790578037|gig:1087497431:^sq_ig_i_personal|10064,1,1780968,1780968,0,8]
07-30 15:58:05.543  1000  2741 16381 I notification_visibility: [0|com.google.android.gm|-1710392393|gig:483594645:^sq_ig_i_personal|10064,1,347237,347237,0,2]
07-30 15:58:05.544  1000  2741 16381 I notification_visibility: [0|com.google.android.gm|0|gig:483594645:^sq_ig_i_personal|10064,1,619686,347299,0,1]
07-30 15:58:05.544  1000  2741 16381 I notification_visibility: [0|com.google.android.gm|1973609307|gig:483594645:^sq_ig_i_personal|10064,1,471587,347248,0,3]
07-30 15:58:05.545  1000  2741 16381 I notification_visibility: [0|com.google.android.gm|0|gig:1087497431:^sq_ig_i_personal|10064,1,1781091,1781091,0,6]
07-30 15:58:05.545  1000  2741 16381 I notification_visibility: [0|com.google.android.gm|397820464|gig:1087497431:^sq_ig_i_personal|10064,1,1780951,1780951,0,7]
07-30 15:58:05.546  1000  2741 16381 I notification_visibility: [0|com.google.android.calendar|536870912|276-1532946600000-1532950200000-1532946000000|10055,1,483757,477848,0,0]
07-30 15:58:06.062  1000  2741 16381 I notification_visibility: [0|com.google.android.gm|-571045837|gig:1087497431:^sq_ig_i_personal|10064,0,1781524,1781524,0,9]
07-30 15:58:06.062  1000  2741 16381 I notification_visibility: [0|com.google.android.gm|-2127815615|gig:483594645:^sq_ig_i_personal|10064,0,620160,347802,0,4]
07-30 15:58:06.062  1000  2741 16381 I notification_visibility: [0|com.mygate.user|0|FCM-Notification:16583206|10095,0,6218583,6218583,0,5]
