07-30 08:01:35.437  root   603   603 I sysui_histogram: [boot_zygote_init,8972]
07-30 08:01:35.437  root   605   605 I sysui_histogram: [boot_zygote_init,8972]
07-30 08:01:37.253  1000  1310  1310 I sysui_histogram: [boot_system_server_init,10786]
07-30 08:01:37.676  1000  1310  1310 I sysui_histogram: [boot_package_manager_init_start,11211]
07-30 08:01:44.503  1000  1310  1992 I sysui_histogram: [boot_mount_all_duration_default,25]
07-30 08:01:44.504  1000  1310  1992 I sysui_histogram: [boot_fs_stat_cache,1]
07-30 08:01:44.505  1000  1310  1992 I sysui_histogram: [boot_fs_stat_dsp,3]
07-30 08:02:45.556  1000  2741  2741 I sysui_histogram: [fingerprint_token,0]
07-30 08:03:03.955  1000  2741  5134 I sysui_histogram: [boot_mount_all_duration_default,25]
07-30 08:03:03.957  1000  2741  5134 I sysui_histogram: [shutdown_activity_manager,282]
07-30 08:03:03.957  1000  2741  5134 I sysui_histogram: [shutdown_radios,580]
07-30 08:03:03.957  1000  2741  5134 I sysui_histogram: [shutdown_radio,562]
07-30 08:03:03.957  1000  2741  5134 I sysui_histogram: [shutdown_send_shutdown_broadcast,1386]
07-30 08:03:03.957  1000  2741  5134 I sysui_histogram: [shutdown_system_server,2792]
07-30 08:03:03.958  1000  2741  5134 I sysui_histogram: [shutdown_package_manager,25]
07-30 08:03:03.958  1000  2741  5134 I sysui_histogram: [shutdown_bt,67]
07-30 08:03:03.958  1000  2741  5134 I sysui_histogram: [shutdown_storage_manager,501]
07-30 08:03:40.116  1000  2741  6406 I sysui_histogram: [note_load,1]
07-30 08:03:40.980  1000  2741  3953 I sysui_histogram: [note_freshness,1481]
07-30 08:03:40.981  1000  2741  3953 I sysui_histogram: [note_freshness,1637]
07-30 08:03:40.981  1000  2741  3953 I sysui_histogram: [note_freshness,1443]
07-30 08:03:40.981  1000  2741  3953 I sysui_histogram: [note_freshness,1409]
07-30 08:03:40.982  1000  2741  3953 I sysui_histogram: [note_freshness,1765]
07-30 08:03:46.045  1000  2741  2877 I sysui_histogram: [power_consecutive_short_tap_count,1]
07-30 08:03:46.045  1000  2741  2877 I sysui_histogram: [power_double_tap_interval,135762]
07-30 08:03:46.241  1000  2741  2741 I sysui_histogram: [fingerprint_token,0]
07-30 08:03:47.208  1000  2741  6406 I sysui_histogram: [note_load,11]
07-30 08:03:47.249  1000  2741  2741 I sysui_histogram: [screen_timeout,60]
07-30 08:03:50.588  1000  2741  2877 I sysui_histogram: [power_consecutive_short_tap_count,1]
07-30 08:03:50.589  1000  2741  2877 I sysui_histogram: [power_double_tap_interval,4543]
07-30 08:03:50.611  1000  2741  2777 I sysui_histogram: [dozing_minutes,0]
07-30 08:03:50.694  1000  2741  3100 I sysui_histogram: [note_load,13]
07-30 08:03:51.530 10034  2989  2989 I sysui_histogram: [volume_from_keyguard,1]
07-30 08:04:55.805  1000  2741  2741 I sysui_histogram: [fingerprint_token,0]
07-30 08:04:56.583  1000  2741  8423 I sysui_histogram: [note_load,15]
07-30 08:04:56.591  1000  2741  2741 I sysui_histogram: [screen_timeout,60]
07-30 08:10:21.502  1000  2741  2877 I sysui_histogram: [power_consecutive_short_tap_count,1]
07-30 08:10:21.502  1000  2741  2877 I sysui_histogram: [power_double_tap_interval,186303]
07-30 08:10:21.608  1000  2741  2755 I sysui_histogram: [note_load,15]
07-30 08:10:22.040  1000  2741  2777 I sysui_histogram: [dozing_minutes,5]
07-30 08:13:01.324  1000  2741  2741 I sysui_histogram: [fingerprint_token,0]
07-30 08:13:02.139  1000  2741  3293 I sysui_histogram: [note_load,10]
07-30 08:13:02.161  1000  2741  2741 I sysui_histogram: [screen_timeout,60]
07-30 08:13:09.135  1000  2741  2877 I sysui_histogram: [power_consecutive_short_tap_count,1]
07-30 08:13:09.135  1000  2741  2877 I sysui_histogram: [power_double_tap_interval,167667]
07-30 08:13:09.235  1000  2741  3293 I sysui_histogram: [note_load,10]
07-30 08:13:09.687  1000  2741  2777 I sysui_histogram: [dozing_minutes,0]
07-30 08:16:06.131  1000  2741  2741 I sysui_histogram: [fingerprint_token,0]
07-30 08:16:06.989  1000  2741  3163 I sysui_histogram: [note_load,10]
07-30 08:16:07.011  1000  2741  2741 I sysui_histogram: [screen_timeout,60]
07-30 08:16:39.592  1000  2741  2877 I sysui_histogram: [power_consecutive_short_tap_count,1]
07-30 08:16:39.592  1000  2741  2877 I sysui_histogram: [power_double_tap_interval,184891]
07-30 08:16:39.684  1000  2741  2756 I sysui_histogram: [note_load,10]
07-30 08:16:40.141  1000  2741  2777 I sysui_histogram: [dozing_minutes,0]
07-30 08:17:42.451  1000  2741  7470 I sysui_histogram: [note_load,1]
07-30 08:17:43.195  1000  2741  7470 I sysui_histogram: [note_freshness,993]
07-30 08:17:50.158  1000  2741  2741 I sysui_histogram: [fingerprint_token,0]
07-30 08:17:50.995  1000  2741  7470 I sysui_histogram: [note_load,11]
07-30 08:17:51.006  1000  2741  2741 I sysui_histogram: [screen_timeout,60]
07-30 08:18:52.429  1000  2741  2877 I sysui_histogram: [power_consecutive_short_tap_count,1]
07-30 08:18:52.430  1000  2741  2877 I sysui_histogram: [power_double_tap_interval,93391]
07-30 08:18:52.546  1000  2741  3100 I sysui_histogram: [note_load,11]
07-30 08:18:52.986  1000  2741  2777 I sysui_histogram: [dozing_minutes,1]
07-30 08:25:36.752  1000  2741  2741 I sysui_histogram: [fingerprint_token,0]
07-30 08:25:37.572  1000  2741  3100 I sysui_histogram: [note_load,11]
07-30 08:25:37.581  1000  2741  2741 I sysui_histogram: [screen_timeout,60]
07-30 08:25:38.822  1000  2741  2877 I sysui_histogram: [power_consecutive_short_tap_count,1]
07-30 08:25:38.822  1000  2741  2877 I sysui_histogram: [power_double_tap_interval,406394]
07-30 08:25:38.921  1000  2741  3100 I sysui_histogram: [note_load,11]
07-30 08:25:38.932  1000  2741  3100 I sysui_histogram: [note_freshness,476729]
07-30 08:25:38.932  1000  2741  3100 I sysui_histogram: [note_freshness,1335458]
07-30 08:25:38.932  1000  2741  3100 I sysui_histogram: [note_freshness,1311775]
07-30 08:25:38.932  1000  2741  3100 I sysui_histogram: [note_freshness,1307126]
07-30 08:25:38.933  1000  2741  3100 I sysui_histogram: [note_freshness,1306945]
07-30 08:25:38.933  1000  2741  3100 I sysui_histogram: [note_freshness,1306969]
07-30 08:25:38.933  1000  2741  3100 I sysui_histogram: [note_freshness,1307050]
07-30 08:25:38.933  1000  2741  3100 I sysui_histogram: [note_freshness,1307171]
07-30 08:25:38.933  1000  2741  3100 I sysui_histogram: [note_freshness,1307027]
07-30 08:25:38.934  1000  2741  3100 I sysui_histogram: [note_freshness,1317727]
07-30 08:25:38.934  1000  2741  3100 I sysui_histogram: [note_freshness,86337]
07-30 08:25:39.503  1000  2741  2777 I sysui_histogram: [dozing_minutes,0]
07-30 08:30:57.021  1000  2741  2741 I sysui_histogram: [fingerprint_token,0]
07-30 08:30:57.771  1000  2741  7470 I sysui_histogram: [note_load,11]
07-30 08:30:57.776  1000  2741  2741 I sysui_histogram: [screen_timeout,60]
07-30 08:31:09.222  1000  2741  2877 I sysui_histogram: [power_consecutive_short_tap_count,1]
07-30 08:31:09.223  1000  2741  2877 I sysui_histogram: [power_double_tap_interval,324675]
07-30 08:31:09.328  1000  2741  2756 I sysui_histogram: [note_load,11]
07-30 08:31:09.761  1000  2741  2777 I sysui_histogram: [dozing_minutes,0]
07-30 08:32:10.537  1000  2741  6894 I sysui_histogram: [note_load,1]
07-30 08:32:11.337  1000  2741 11532 I sysui_histogram: [note_freshness,1151]
07-30 08:32:11.338  1000  2741 11532 I sysui_histogram: [note_freshness,1132]
07-30 08:32:11.339  1000  2741 11532 I sysui_histogram: [note_freshness,1123]
07-30 08:32:11.339  1000  2741 11532 I sysui_histogram: [note_freshness,1175]
07-30 08:32:12.383  1000  2741  6894 I sysui_histogram: [note_freshness,578]
07-30 08:32:15.432  1000  2741  2741 I sysui_histogram: [note_click_longevity,0]
07-30 08:32:29.320  1000  2741  6894 I sysui_histogram: [note_load,1]
07-30 08:32:30.201  1000  2741  7470 I sysui_histogram: [note_freshness,1190]
07-30 08:32:30.202  1000  2741  7470 I sysui_histogram: [note_freshness,1163]
07-30 08:32:30.202  1000  2741  7470 I sysui_histogram: [note_freshness,1231]
07-30 08:32:30.203  1000  2741  7470 I sysui_histogram: [note_freshness,1156]
07-30 08:32:30.203  1000  2741  7470 I sysui_histogram: [note_freshness,1254]
07-30 08:32:31.770  1000  2741  2741 I sysui_histogram: [note_click_longevity,0]
07-30 08:32:37.637  1000  2741  6524 I sysui_histogram: [note_load,1]
07-30 08:32:38.370  1000  2741  6520 I sysui_histogram: [note_freshness,833]
07-30 08:32:38.371  1000  2741  6520 I sysui_histogram: [note_freshness,863]
07-30 08:32:38.371  1000  2741  6520 I sysui_histogram: [note_freshness,822]
07-30 08:32:38.372  1000  2741  6520 I sysui_histogram: [note_freshness,890]
07-30 08:32:53.421 10034  2989  2989 I sysui_histogram: [volume_from_keyguard,0]
07-30 08:33:57.785  1000  2741  2741 I sysui_histogram: [fingerprint_token,0]
07-30 08:33:58.595  1000  2741  3323 I sysui_histogram: [note_load,15]
07-30 08:33:58.605  1000  2741  2741 I sysui_histogram: [screen_timeout,60]
07-30 08:46:29.638  1000  2741  2877 I sysui_histogram: [power_consecutive_short_tap_count,1]
07-30 08:46:29.638  1000  2741  2877 I sysui_histogram: [power_double_tap_interval,341625]
07-30 08:46:29.744  1000  2741  2756 I sysui_histogram: [note_load,17]
07-30 08:46:30.114  1000  2741  2777 I sysui_histogram: [dozing_minutes,12]
07-30 08:46:43.340  1000  2741  2877 I sysui_histogram: [power_consecutive_short_tap_count,1]
07-30 08:46:43.344  1000  2741  2877 I sysui_histogram: [power_double_tap_interval,13697]
07-30 08:46:43.512  1000  2741  2741 I sysui_histogram: [fingerprint_token,0]
07-30 08:46:44.281  1000  2741 11532 I sysui_histogram: [note_load,16]
07-30 08:46:44.354  1000  2741  2777 I sysui_histogram: [dozing_minutes,0]
07-30 08:46:44.356  1000  2741  2741 I sysui_histogram: [screen_timeout,60]
07-30 08:46:44.462  1000  2741  2741 I sysui_histogram: [fingerprint_token,0]
07-30 08:46:44.568  1000  2741  6520 I sysui_histogram: [note_load,16]
07-30 08:47:44.562  1000  2741  2741 I sysui_histogram: [fingerprint_token,0]
07-30 08:47:45.354  1000  2741 11532 I sysui_histogram: [note_load,16]
07-30 08:47:45.360  1000  2741  2741 I sysui_histogram: [screen_timeout,60]
07-30 09:06:42.663  1000  2741  2877 I sysui_histogram: [power_consecutive_short_tap_count,1]
07-30 09:06:42.664  1000  2741  2877 I sysui_histogram: [power_double_tap_interval,386799]
07-30 09:06:42.806  1000  2741 11532 I sysui_histogram: [note_load,17]
07-30 09:06:43.229  1000  2741  2777 I sysui_histogram: [dozing_minutes,18]
07-30 09:07:32.324 10034  2989  2989 I sysui_histogram: [volume_from_keyguard,0]
07-30 09:09:38.830  1000  2741  3962 I sysui_histogram: [note_load,1]
07-30 09:09:39.585  1000  2741  3962 I sysui_histogram: [note_freshness,1007]
07-30 09:09:39.586  1000  2741  3962 I sysui_histogram: [note_freshness,886]
07-30 09:09:39.586  1000  2741  3962 I sysui_histogram: [note_freshness,1050]
07-30 09:09:39.586  1000  2741  3962 I sysui_histogram: [note_freshness,981]
07-30 09:09:39.587  1000  2741  3962 I sysui_histogram: [note_freshness,950]
07-30 09:09:39.587  1000  2741  3962 I sysui_histogram: [note_freshness,880]
07-30 09:09:39.587  1000  2741  3962 I sysui_histogram: [note_freshness,1089]
07-30 09:09:40.032  1000  2741  2755 I sysui_histogram: [note_load,18]
07-30 09:12:38.337  1000  2741  3593 I sysui_histogram: [note_load,1]
07-30 09:12:39.071  1000  2741  3962 I sysui_histogram: [note_freshness,916]
07-30 09:12:40.070  1000  2741  2741 I sysui_histogram: [note_click_longevity,0]
07-30 09:12:49.046  1000  2741  3953 I sysui_histogram: [note_load,18]
07-30 09:12:49.564  1000  2741  3953 I sysui_histogram: [note_freshness,3307362]
07-30 09:25:35.108  1000  2741  3293 I sysui_histogram: [note_load,1]
07-30 09:25:35.907  1000  2741  3324 I sysui_histogram: [note_freshness,1053]
07-30 09:25:35.907  1000  2741  3324 I sysui_histogram: [note_freshness,999]
07-30 09:25:35.908  1000  2741  3324 I sysui_histogram: [note_freshness,1091]
07-30 09:25:35.909  1000  2741  3324 I sysui_histogram: [note_freshness,1028]
07-30 09:25:35.910  1000  2741  3324 I sysui_histogram: [note_freshness,976]
07-30 09:25:35.910  1000  2741  3324 I sysui_histogram: [note_freshness,966]
07-30 09:25:35.911  1000  2741  3324 I sysui_histogram: [note_freshness,1115]
07-30 09:25:37.708  1000  2741  8423 I sysui_histogram: [note_load,18]
07-30 09:32:12.561  1000  2741  2877 I sysui_histogram: [power_consecutive_short_tap_count,1]
07-30 09:32:12.561  1000  2741  2877 I sysui_histogram: [power_double_tap_interval,1529562]
07-30 09:32:12.863  1000  2741  2741 I sysui_histogram: [fingerprint_token,0]
07-30 09:32:13.862  1000  2741  3293 I sysui_histogram: [note_load,19]
07-30 09:32:13.877  1000  2741  2741 I sysui_histogram: [screen_timeout,60]
07-30 10:11:24.830  1000  2741  2877 I sysui_histogram: [power_consecutive_short_tap_count,1]
07-30 10:11:24.830  1000  2741  2877 I sysui_histogram: [power_double_tap_interval,1089316]
07-30 10:11:24.968  1000  2741  8423 I sysui_histogram: [note_load,20]
07-30 10:11:25.398  1000  2741  2777 I sysui_histogram: [dozing_minutes,39]
07-30 10:13:52.716  1000  2741  2877 I sysui_histogram: [power_consecutive_short_tap_count,1]
07-30 10:13:52.716  1000  2741  2877 I sysui_histogram: [power_double_tap_interval,145889]
07-30 10:13:52.897  1000  2741  2741 I sysui_histogram: [fingerprint_token,0]
07-30 10:13:54.232  1000  2741 11532 I sysui_histogram: [note_load,6]
07-30 10:13:54.254  1000  2741  2741 I sysui_histogram: [screen_timeout,60]
07-30 10:15:25.315  1000  2741  2877 I sysui_histogram: [power_consecutive_short_tap_count,1]
07-30 10:15:25.315  1000  2741  2877 I sysui_histogram: [power_double_tap_interval,74776]
07-30 10:15:25.420  1000  2741  3632 I sysui_histogram: [note_load,6]
07-30 10:15:25.883  1000  2741  2777 I sysui_histogram: [dozing_minutes,1]
07-30 10:19:56.274  1000  2741  2741 I sysui_histogram: [fingerprint_token,0]
07-30 10:19:57.064  1000  2741 21980 I sysui_histogram: [note_load,9]
07-30 10:19:57.091  1000  2741  2741 I sysui_histogram: [screen_timeout,60]
07-30 10:21:08.114  1000  2741  2877 I sysui_histogram: [power_consecutive_short_tap_count,1]
07-30 10:21:08.114  1000  2741  2877 I sysui_histogram: [power_double_tap_interval,342391]
07-30 10:21:08.304  1000  2741 21978 I sysui_histogram: [note_load,10]
07-30 10:21:08.641  1000  2741  2777 I sysui_histogram: [dozing_minutes,1]
07-30 10:21:18.906  1000  2741  2741 I sysui_histogram: [screen_timeout,60]
07-30 10:25:45.915  1000  2741  2877 I sysui_histogram: [power_consecutive_short_tap_count,1]
07-30 10:25:45.915  1000  2741  2877 I sysui_histogram: [power_double_tap_interval,277800]
07-30 10:25:46.017  1000  2741  3242 I sysui_histogram: [note_load,10]
07-30 10:25:46.421  1000  2741  2777 I sysui_histogram: [dozing_minutes,4]
07-30 10:25:56.697  1000  2741  2741 I sysui_histogram: [screen_timeout,60]
07-30 10:26:10.594  1000  2741  2877 I sysui_histogram: [power_consecutive_short_tap_count,1]
07-30 10:26:10.594  1000  2741  2877 I sysui_histogram: [power_double_tap_interval,24681]
07-30 10:26:10.671  1000  2741  8423 I sysui_histogram: [note_load,11]
07-30 10:26:11.079  1000  2741  2777 I sysui_histogram: [dozing_minutes,0]
07-30 10:26:21.391  1000  2741  2741 I sysui_histogram: [screen_timeout,60]
07-30 10:31:01.000  1000  2741  2877 I sysui_histogram: [power_consecutive_short_tap_count,1]
07-30 10:31:01.000  1000  2741  2877 I sysui_histogram: [power_double_tap_interval,290406]
07-30 10:31:01.137  1000  2741  3003 I sysui_histogram: [note_load,8]
07-30 10:31:01.490  1000  2741  2777 I sysui_histogram: [dozing_minutes,4]
07-30 10:34:05.678  1000  2741  2741 I sysui_histogram: [fingerprint_token,0]
07-30 10:34:06.494  1000  2741 11532 I sysui_histogram: [note_load,9]
07-30 10:34:06.505  1000  2741  2741 I sysui_histogram: [screen_timeout,60]
07-30 10:34:59.408  1000  2741 15709 I sysui_histogram: [note_load,9]
07-30 10:34:59.809  1000  2741  2777 I sysui_histogram: [dozing_minutes,0]
07-30 10:35:10.233  1000  2741  2741 I sysui_histogram: [screen_timeout,60]
07-30 10:35:15.834  1000  2741  2877 I sysui_histogram: [power_consecutive_short_tap_count,1]
07-30 10:35:15.835  1000  2741  2877 I sysui_histogram: [power_double_tap_interval,251902]
07-30 10:35:15.961  1000  2741  3242 I sysui_histogram: [note_load,9]
07-30 10:35:16.397  1000  2741  2777 I sysui_histogram: [dozing_minutes,0]
07-30 10:35:28.390  1000  2741  2741 I sysui_histogram: [screen_timeout,60]
07-30 10:35:37.838  1000  2741  7024 I sysui_histogram: [note_load,9]
07-30 10:35:38.288  1000  2741  2777 I sysui_histogram: [dozing_minutes,0]
07-30 10:35:48.340  1000  2741  2741 I sysui_histogram: [screen_timeout,60]
07-30 10:36:30.680  1000  2741  6406 I sysui_histogram: [note_load,9]
07-30 10:36:31.036  1000  2741  2777 I sysui_histogram: [dozing_minutes,0]
07-30 10:36:41.141  1000  2741  2741 I sysui_histogram: [screen_timeout,60]
07-30 10:38:33.588  1000  2741  2777 I sysui_histogram: [dozing_minutes,1]
07-30 10:38:33.630  1000  2741  6520 I sysui_histogram: [note_load,9]
07-30 10:38:55.109  1000  2741  2741 I sysui_histogram: [screen_timeout,60]
07-30 10:41:56.791  1000  2741  2877 I sysui_histogram: [power_consecutive_short_tap_count,1]
07-30 10:41:56.791  1000  2741  2877 I sysui_histogram: [power_double_tap_interval,163891]
07-30 10:41:56.859  1000  2741  6520 I sysui_histogram: [note_load,9]
07-30 10:41:57.307  1000  2741  2777 I sysui_histogram: [dozing_minutes,3]
07-30 10:42:09.121  1000  2741  2877 I sysui_histogram: [power_consecutive_short_tap_count,1]
07-30 10:42:09.122  1000  2741  2877 I sysui_histogram: [power_double_tap_interval,12331]
07-30 10:42:09.331  1000  2741  2741 I sysui_histogram: [fingerprint_token,0]
07-30 10:42:10.265  1000  2741  6406 I sysui_histogram: [note_load,9]
07-30 10:42:10.287  1000  2741  2741 I sysui_histogram: [screen_timeout,60]
07-30 10:43:03.018  1000  2741  2877 I sysui_histogram: [power_consecutive_short_tap_count,1]
07-30 10:43:03.019  1000  2741  2877 I sysui_histogram: [power_double_tap_interval,37554]
07-30 10:43:03.101  1000  2741  3632 I sysui_histogram: [note_load,9]
07-30 10:43:03.596  1000  2741  2777 I sysui_histogram: [dozing_minutes,0]
07-30 10:47:11.391  1000  2741  2877 I sysui_histogram: [power_consecutive_short_tap_count,1]
07-30 10:47:11.392  1000  2741  2877 I sysui_histogram: [power_double_tap_interval,248393]
07-30 10:47:11.601  1000  2741  2741 I sysui_histogram: [fingerprint_token,0]
07-30 10:47:12.406  1000  2741  7470 I sysui_histogram: [note_load,9]
07-30 10:47:12.420  1000  2741  2741 I sysui_histogram: [screen_timeout,60]
07-30 10:51:42.615  1000  2741  2777 I sysui_histogram: [dozing_minutes,4]
07-30 10:51:42.746  1000  2741  7024 I sysui_histogram: [note_load,12]
07-30 10:51:53.346  1000  2741  2741 I sysui_histogram: [screen_timeout,60]
07-30 11:25:23.114  1000  2741  2877 I sysui_histogram: [power_consecutive_short_tap_count,1]
07-30 11:25:23.115  1000  2741  2877 I sysui_histogram: [power_double_tap_interval,2168936]
07-30 11:25:23.326  1000  2741  3323 I sysui_histogram: [note_load,24]
07-30 11:25:23.630  1000  2741  2777 I sysui_histogram: [dozing_minutes,33]
07-30 11:26:38.485  1000  2741  2756 I sysui_histogram: [note_load,1]
07-30 11:26:39.214  1000  2741  2756 I sysui_histogram: [note_freshness,888]
07-30 11:26:41.563  1000  2741  3632 I sysui_histogram: [note_freshness,889]
07-30 11:27:06.423  1000  2741  6925 I sysui_histogram: [note_load,1]
07-30 11:27:07.394  1000  2741  2756 I sysui_histogram: [note_freshness,1493]
07-30 11:27:07.395  1000  2741  2756 I sysui_histogram: [note_freshness,1586]
07-30 11:27:07.395  1000  2741  2756 I sysui_histogram: [note_freshness,1523]
07-30 11:27:07.396  1000  2741  2756 I sysui_histogram: [note_freshness,1556]
07-30 11:27:07.396  1000  2741  2756 I sysui_histogram: [note_freshness,1469]
07-30 11:27:07.396  1000  2741  2756 I sysui_histogram: [note_freshness,1637]
07-30 11:27:07.397  1000  2741  2756 I sysui_histogram: [note_freshness,1459]
07-30 11:27:15.866  1000  2741  3632 I sysui_histogram: [note_load,1]
07-30 11:27:16.730  1000  2741  3632 I sysui_histogram: [note_freshness,1041]
07-30 11:27:16.730  1000  2741  3632 I sysui_histogram: [note_freshness,1107]
07-30 11:27:16.731  1000  2741  3632 I sysui_histogram: [note_freshness,1067]
07-30 11:27:16.731  1000  2741  3632 I sysui_histogram: [note_freshness,1085]
07-30 11:27:16.732  1000  2741  3632 I sysui_histogram: [note_freshness,1025]
07-30 11:27:16.732  1000  2741  3632 I sysui_histogram: [note_freshness,1153]
07-30 11:27:16.733  1000  2741  3632 I sysui_histogram: [note_freshness,1013]
07-30 11:27:18.408  1000  2741  2741 I sysui_histogram: [note_click_longevity,0]
07-30 11:28:23.616  1000  2741  3100 I sysui_histogram: [note_load,15]
07-30 11:28:24.811  1000  2741  3953 I sysui_histogram: [note_load,15]
07-30 11:28:25.313  1000  2741  3100 I sysui_histogram: [note_freshness,347]
07-30 11:28:25.314  1000  2741  3100 I sysui_histogram: [note_freshness,778280]
07-30 11:28:25.314  1000  2741  3100 I sysui_histogram: [note_freshness,499784]
07-30 11:28:25.315  1000  2741  3100 I sysui_histogram: [note_freshness,778308]
07-30 11:28:25.315  1000  2741  3100 I sysui_histogram: [note_freshness,778294]
07-30 11:28:25.315  1000  2741  3100 I sysui_histogram: [note_freshness,778380]
07-30 11:28:25.316  1000  2741  3100 I sysui_histogram: [note_freshness,7322884]
07-30 11:28:25.316  1000  2741  3100 I sysui_histogram: [note_freshness,309094]
07-30 11:28:26.348  1000  2741  7024 I sysui_histogram: [note_freshness,12302874]
07-30 11:29:32.444  1000  2741  2741 I sysui_histogram: [fingerprint_token,0]
07-30 11:29:33.256  1000  2741  2756 I sysui_histogram: [note_load,14]
07-30 11:29:33.270  1000  2741  2741 I sysui_histogram: [screen_timeout,60]
07-30 11:31:10.110  1000  2741  2877 I sysui_histogram: [power_consecutive_short_tap_count,1]
07-30 11:31:10.111  1000  2741  2877 I sysui_histogram: [power_double_tap_interval,347075]
07-30 11:31:10.247  1000  2741  3960 I sysui_histogram: [note_load,21]
07-30 11:31:10.616  1000  2741  2777 I sysui_histogram: [dozing_minutes,1]
07-30 11:34:34.163  1000  2741  2741 I sysui_histogram: [fingerprint_token,0]
07-30 11:34:34.990  1000  2741  2756 I sysui_histogram: [note_load,14]
07-30 11:34:35.004  1000  2741  2741 I sysui_histogram: [screen_timeout,60]
07-30 11:34:38.534  1000  2741  2877 I sysui_histogram: [power_consecutive_short_tap_count,1]
07-30 11:34:38.534  1000  2741  2877 I sysui_histogram: [power_double_tap_interval,208225]
07-30 11:34:38.698  1000  2741 21978 I sysui_histogram: [note_load,14]
07-30 11:34:38.710  1000  2741  2756 I sysui_histogram: [note_freshness,204271]
07-30 11:34:38.711  1000  2741  2756 I sysui_histogram: [note_freshness,12675237]
07-30 11:34:38.711  1000  2741  2756 I sysui_histogram: [note_freshness,204184]
07-30 11:34:38.711  1000  2741  2756 I sysui_histogram: [note_freshness,204137]
07-30 11:34:38.712  1000  2741  2756 I sysui_histogram: [note_freshness,204288]
07-30 11:34:38.712  1000  2741  2756 I sysui_histogram: [note_freshness,2880712]
07-30 11:34:38.712  1000  2741  2756 I sysui_histogram: [note_freshness,204156]
07-30 11:34:38.712  1000  2741  2756 I sysui_histogram: [note_freshness,204250]
07-30 11:34:38.713  1000  2741  2756 I sysui_histogram: [note_freshness,204317]
07-30 11:34:38.713  1000  2741  2756 I sysui_histogram: [note_freshness,3564456]
07-30 11:34:38.713  1000  2741  2756 I sysui_histogram: [note_freshness,12657506]
07-30 11:34:38.713  1000  2741  2756 I sysui_histogram: [note_freshness,204263]
07-30 11:34:38.714  1000  2741  2756 I sysui_histogram: [note_freshness,7696281]
07-30 11:34:38.714  1000  2741  2756 I sysui_histogram: [note_freshness,266335]
07-30 11:34:39.048  1000  2741  2777 I sysui_histogram: [dozing_minutes,0]
07-30 11:36:23.815  1000  2741  2741 I sysui_histogram: [fingerprint_token,0]
07-30 11:36:24.600  1000  2741  6894 I sysui_histogram: [note_load,14]
07-30 11:36:24.607  1000  2741  2741 I sysui_histogram: [screen_timeout,60]
07-30 11:36:25.989  1000  2741  2877 I sysui_histogram: [power_consecutive_short_tap_count,1]
07-30 11:36:25.989  1000  2741  2877 I sysui_histogram: [power_double_tap_interval,106935]
07-30 11:36:26.100  1000  2741  6894 I sysui_histogram: [note_load,14]
07-30 11:36:26.117  1000  2741  3953 I sysui_histogram: [note_freshness,311678]
07-30 11:36:26.117  1000  2741  3953 I sysui_histogram: [note_freshness,12782643]
07-30 11:36:26.118  1000  2741  3953 I sysui_histogram: [note_freshness,311590]
07-30 11:36:26.118  1000  2741  3953 I sysui_histogram: [note_freshness,311544]
07-30 11:36:26.118  1000  2741  3953 I sysui_histogram: [note_freshness,311695]
07-30 11:36:26.118  1000  2741  3953 I sysui_histogram: [note_freshness,2988118]
07-30 11:36:26.119  1000  2741  3953 I sysui_histogram: [note_freshness,311563]
07-30 11:36:26.119  1000  2741  3953 I sysui_histogram: [note_freshness,311657]
07-30 11:36:26.119  1000  2741  3953 I sysui_histogram: [note_freshness,311724]
07-30 11:36:26.120  1000  2741  3953 I sysui_histogram: [note_freshness,3671862]
07-30 11:36:26.120  1000  2741  3953 I sysui_histogram: [note_freshness,12764913]
07-30 11:36:26.120  1000  2741  3953 I sysui_histogram: [note_freshness,311670]
07-30 11:36:26.120  1000  2741  3953 I sysui_histogram: [note_freshness,7803688]
07-30 11:36:26.121  1000  2741  3953 I sysui_histogram: [note_freshness,102550]
07-30 11:36:26.489  1000  2741  2777 I sysui_histogram: [dozing_minutes,0]
07-30 11:38:28.287  1000  2741  3632 I sysui_histogram: [note_load,1]
07-30 11:38:29.022  1000  2741 15709 I sysui_histogram: [note_freshness,893]
07-30 11:38:56.884  1000  2741  3163 I sysui_histogram: [note_load,1]
07-30 11:38:57.648  1000  2741  3242 I sysui_histogram: [note_freshness,889]
07-30 11:39:30.333  1000  2741  3962 I sysui_histogram: [note_load,1]
07-30 11:39:31.064  1000  2741  3163 I sysui_histogram: [note_freshness,872]
07-30 11:39:38.797  1000  2741  3953 I sysui_histogram: [note_load,1]
07-30 11:39:39.519  1000  2741  3962 I sysui_histogram: [note_freshness,836]
07-30 11:43:40.146  1000  2741  3003 I sysui_histogram: [note_load,1]
07-30 11:43:40.873  1000  2741 16369 I sysui_histogram: [note_freshness,887]
07-30 11:43:48.182  1000  2741  3960 I sysui_histogram: [note_load,1]
07-30 11:43:48.897  1000  2741 16369 I sysui_histogram: [note_freshness,849]
07-30 11:43:52.861  1000  2741  3960 I sysui_histogram: [note_load,1]
07-30 11:43:53.572  1000  2741  3323 I sysui_histogram: [note_freshness,845]
07-30 11:43:58.552  1000  2741  3324 I sysui_histogram: [note_load,1]
07-30 11:43:59.270  1000  2741  3324 I sysui_histogram: [note_freshness,863]
07-30 11:46:57.336  1000  2741  2741 I sysui_histogram: [fingerprint_token,0]
07-30 11:46:58.138  1000  2741  3100 I sysui_histogram: [note_load,20]
07-30 11:46:58.146  1000  2741  2741 I sysui_histogram: [screen_timeout,60]
07-30 11:47:05.049  1000  2741  2877 I sysui_histogram: [power_consecutive_short_tap_count,1]
07-30 11:47:05.049  1000  2741  2877 I sysui_histogram: [power_double_tap_interval,639259]
07-30 11:47:05.072  1000  2741  2777 I sysui_histogram: [dozing_minutes,0]
07-30 11:47:05.159  1000  2741  3323 I sysui_histogram: [note_load,20]
07-30 11:47:15.866  1000  2741  2741 I sysui_histogram: [screen_timeout,60]
07-30 11:47:28.908  1000  2741  2877 I sysui_histogram: [power_consecutive_short_tap_count,1]
07-30 11:47:28.908  1000  2741  2877 I sysui_histogram: [power_double_tap_interval,23858]
07-30 11:47:29.013  1000  2741  3163 I sysui_histogram: [note_load,20]
07-30 11:47:29.410  1000  2741  2777 I sysui_histogram: [dozing_minutes,0]
07-30 11:47:39.711  1000  2741  2741 I sysui_histogram: [screen_timeout,60]
07-30 11:47:41.691  1000  2741  2877 I sysui_histogram: [power_consecutive_short_tap_count,1]
07-30 11:47:41.691  1000  2741  2877 I sysui_histogram: [power_double_tap_interval,12783]
07-30 11:47:41.806  1000  2741 16369 I sysui_histogram: [note_load,20]
07-30 11:47:42.182  1000  2741  2777 I sysui_histogram: [dozing_minutes,0]
07-30 11:49:03.251  1000  2741  3003 I sysui_histogram: [note_load,1]
07-30 11:49:04.141  1000  2741  3323 I sysui_histogram: [note_freshness,1288]
07-30 11:49:04.142  1000  2741  3323 I sysui_histogram: [note_freshness,1325]
07-30 11:49:04.142  1000  2741  3323 I sysui_histogram: [note_freshness,1309]
07-30 11:49:04.145  1000  2741  3323 I sysui_histogram: [note_freshness,1267]
07-30 11:49:04.145  1000  2741  3323 I sysui_histogram: [note_freshness,1353]
07-30 11:49:04.146  1000  2741  3323 I sysui_histogram: [note_freshness,1257]
07-30 11:49:04.146  1000  2741  3323 I sysui_histogram: [note_freshness,1387]
07-30 11:49:07.097  1000  2741  2741 I sysui_histogram: [note_click_longevity,0]
07-30 11:50:45.166  1000  2741  2741 I sysui_histogram: [fingerprint_token,0]
07-30 11:50:45.994  1000  2741 21976 I sysui_histogram: [note_load,20]
07-30 11:50:46.007  1000  2741  2741 I sysui_histogram: [screen_timeout,60]
07-30 11:54:06.874  1000  2741  2877 I sysui_histogram: [power_consecutive_short_tap_count,1]
07-30 11:54:06.874  1000  2741  2877 I sysui_histogram: [power_double_tap_interval,385427]
07-30 11:54:06.988  1000  2741  3293 I sysui_histogram: [note_load,25]
07-30 11:54:07.358  1000  2741  2777 I sysui_histogram: [dozing_minutes,3]
07-30 11:54:25.367  1000  2741  2741 I sysui_histogram: [screen_timeout,60]
07-30 11:54:52.122  1000  2741  2877 I sysui_histogram: [power_consecutive_short_tap_count,1]
07-30 11:54:52.123  1000  2741  2877 I sysui_histogram: [power_double_tap_interval,40755]
07-30 11:54:52.248  1000  2741 16381 I sysui_histogram: [note_load,24]
07-30 11:54:52.675  1000  2741  2777 I sysui_histogram: [dozing_minutes,0]
07-30 11:54:53.294  1000  2741  2877 I sysui_histogram: [power_consecutive_short_tap_count,1]
07-30 11:54:53.294  1000  2741  2877 I sysui_histogram: [power_double_tap_interval,1448]
07-30 11:54:54.330  1000  2741  2741 I sysui_histogram: [screen_timeout,60]
07-30 11:57:23.924  1000  2741  2877 I sysui_histogram: [power_consecutive_short_tap_count,1]
07-30 11:57:23.924  1000  2741  2877 I sysui_histogram: [power_double_tap_interval,94529]
07-30 11:57:24.055  1000  2741 21976 I sysui_histogram: [note_load,25]
07-30 11:57:24.499  1000  2741  2777 I sysui_histogram: [dozing_minutes,2]
07-30 11:58:12.566  1000  2741  5381 I sysui_histogram: [note_load,1]
07-30 11:58:13.492  1000  2741  7470 I sysui_histogram: [note_freshness,1376]
07-30 11:58:13.492  1000  2741  7470 I sysui_histogram: [note_freshness,1420]
07-30 11:58:13.492  1000  2741  7470 I sysui_histogram: [note_freshness,1394]
07-30 11:58:13.493  1000  2741  7470 I sysui_histogram: [note_freshness,1451]
07-30 11:58:13.493  1000  2741  7470 I sysui_histogram: [note_freshness,1349]
07-30 11:58:13.493  1000  2741  7470 I sysui_histogram: [note_freshness,1340]
07-30 11:58:13.494  1000  2741  7470 I sysui_histogram: [note_freshness,1474]
07-30 11:58:16.317  1000  2741  2741 I sysui_histogram: [note_click_longevity,0]
07-30 12:04:27.775  1000  2741  7470 I sysui_histogram: [note_load,1]
07-30 12:04:28.821  1000  2741 21977 I sysui_histogram: [note_freshness,888]
07-30 12:04:28.822  1000  2741 21977 I sysui_histogram: [note_freshness,873]
07-30 12:04:28.822  1000  2741 21977 I sysui_histogram: [note_freshness,768]
07-30 12:04:28.823  1000  2741 21977 I sysui_histogram: [note_freshness,835]
07-30 12:04:28.823  1000  2741 21977 I sysui_histogram: [note_freshness,848]
07-30 12:04:28.824  1000  2741 21977 I sysui_histogram: [note_freshness,827]
07-30 12:04:29.321  1000  2741 15709 I sysui_histogram: [note_freshness,682]
07-30 12:06:25.047  1000  2741  2877 I sysui_histogram: [power_consecutive_short_tap_count,1]
07-30 12:06:25.048  1000  2741  2877 I sysui_histogram: [power_double_tap_interval,326748]
07-30 12:06:25.271  1000  2741  2741 I sysui_histogram: [fingerprint_token,0]
07-30 12:06:26.094  1000  2741 21977 I sysui_histogram: [note_load,14]
07-30 12:06:26.116  1000  2741  2741 I sysui_histogram: [screen_timeout,60]
07-30 12:07:42.252  1000  2741  2877 I sysui_histogram: [power_consecutive_short_tap_count,1]
07-30 12:07:42.252  1000  2741  2877 I sysui_histogram: [power_double_tap_interval,32983]
07-30 12:07:42.364  1000  2741  6406 I sysui_histogram: [note_load,22]
07-30 12:07:42.802  1000  2741  2777 I sysui_histogram: [dozing_minutes,1]
07-30 12:08:05.014  1000  2741  2877 I sysui_histogram: [power_consecutive_short_tap_count,1]
07-30 12:08:05.015  1000  2741  2877 I sysui_histogram: [power_double_tap_interval,23089]
07-30 12:08:05.211  1000  2741  2741 I sysui_histogram: [fingerprint_token,0]
07-30 12:08:05.993  1000  2741  5381 I sysui_histogram: [note_load,14]
07-30 12:08:06.005  1000  2741  2741 I sysui_histogram: [screen_timeout,60]
07-30 12:08:56.012  1000  2741  2877 I sysui_histogram: [power_consecutive_short_tap_count,1]
07-30 12:08:56.012  1000  2741  2877 I sysui_histogram: [power_double_tap_interval,38933]
07-30 12:08:56.145  1000  2741 11532 I sysui_histogram: [note_load,14]
07-30 12:08:57.174  1000  2741  2777 I sysui_histogram: [dozing_minutes,0]
07-30 12:10:27.426  1000  2741  2741 I sysui_histogram: [fingerprint_token,0]
07-30 12:10:28.212  1000  2741 21976 I sysui_histogram: [note_load,14]
07-30 12:10:28.225  1000  2741  2741 I sysui_histogram: [screen_timeout,60]
07-30 12:12:22.538  1000  2741  2877 I sysui_histogram: [power_consecutive_short_tap_count,1]
07-30 12:12:22.538  1000  2741  2877 I sysui_histogram: [power_double_tap_interval,206410]
07-30 12:12:22.696  1000  2741 21976 I sysui_histogram: [note_load,19]
07-30 12:12:23.031  1000  2741  2777 I sysui_histogram: [dozing_minutes,1]
07-30 12:12:33.344  1000  2741  2755 I sysui_histogram: [note_load,19]
07-30 12:12:33.848  1000  2741  2755 I sysui_histogram: [note_freshness,212300]
07-30 12:12:33.848  1000  2741  2755 I sysui_histogram: [note_freshness,95704]
07-30 12:12:33.849  1000  2741  2755 I sysui_histogram: [note_freshness,5155849]
07-30 12:12:33.850  1000  2741  2755 I sysui_histogram: [note_freshness,95675]
07-30 12:12:33.850  1000  2741  2755 I sysui_histogram: [note_freshness,2017092]
07-30 12:12:33.851  1000  2741  2755 I sysui_histogram: [note_freshness,2017013]
07-30 12:12:33.851  1000  2741  2755 I sysui_histogram: [note_freshness,95748]
07-30 12:12:33.852  1000  2741  2755 I sysui_histogram: [note_freshness,95694]
07-30 12:12:33.852  1000  2741  2755 I sysui_histogram: [note_freshness,14932645]
07-30 12:12:33.853  1000  2741  2755 I sysui_histogram: [note_freshness,2016999]
07-30 12:12:33.853  1000  2741  2755 I sysui_histogram: [note_freshness,143395]
07-30 12:12:35.380  1000  2741  2755 I sysui_histogram: [note_freshness,97235]
07-30 12:12:35.380  1000  2741  2755 I sysui_histogram: [note_freshness,5157380]
07-30 12:12:35.380  1000  2741  2755 I sysui_histogram: [note_freshness,97205]
07-30 12:12:35.380  1000  2741  2755 I sysui_histogram: [note_freshness,97277]
07-30 12:12:35.380  1000  2741  2755 I sysui_histogram: [note_freshness,97223]
07-30 12:12:35.880  1000  2741  2755 I sysui_histogram: [note_freshness,214333]
07-30 12:12:35.880  1000  2741  2755 I sysui_histogram: [note_freshness,14934673]
07-30 12:12:47.349  1000  6964  6964 I sysui_histogram: [search_asynchronous_indexing,560]
07-30 12:13:19.667  1000  2741 21976 I sysui_histogram: [note_load,1]
07-30 12:13:20.547  1000  2741  3962 I sysui_histogram: [note_freshness,1299]
07-30 12:13:20.547  1000  2741  3962 I sysui_histogram: [note_freshness,1272]
07-30 12:13:20.548  1000  2741  3962 I sysui_histogram: [note_freshness,1330]
07-30 12:13:20.548  1000  2741  3962 I sysui_histogram: [note_freshness,1252]
07-30 12:13:20.548  1000  2741  3962 I sysui_histogram: [note_freshness,1240]
07-30 12:13:20.549  1000  2741  3962 I sysui_histogram: [note_freshness,1354]
07-30 12:13:53.364  1000  2741  2741 I sysui_histogram: [fingerprint_token,0]
07-30 12:13:54.178  1000  2741  5381 I sysui_histogram: [note_load,25]
07-30 12:13:54.192  1000  2741  2741 I sysui_histogram: [screen_timeout,60]
07-30 12:14:15.587  1000  2741  2877 I sysui_histogram: [power_consecutive_short_tap_count,1]
07-30 12:14:15.587  1000  2741  2877 I sysui_histogram: [power_double_tap_interval,113007]
07-30 12:14:15.718  1000  2741  5381 I sysui_histogram: [note_load,25]
07-30 12:14:16.076  1000  2741  2777 I sysui_histogram: [dozing_minutes,0]
07-30 12:15:19.305  1000  2741  2741 I sysui_histogram: [fingerprint_token,0]
07-30 12:15:20.123  1000  2741  3163 I sysui_histogram: [note_load,26]
07-30 12:15:20.137  1000  2741  2741 I sysui_histogram: [screen_timeout,60]
07-30 12:22:15.533  1000  2741  2877 I sysui_histogram: [power_consecutive_short_tap_count,1]
07-30 12:22:15.533  1000  2741  2877 I sysui_histogram: [power_double_tap_interval,479346]
07-30 12:22:15.554  1000  2741  2777 I sysui_histogram: [dozing_minutes,6]
07-30 12:22:15.651  1000  2741  3961 I sysui_histogram: [note_load,27]
07-30 12:22:32.232  1000  6964  6964 I sysui_histogram: [settings_search_result_click_count,0]
07-30 12:25:53.674  1000  2741  2741 I sysui_histogram: [fingerprint_token,0]
07-30 12:25:54.440  1000  2741 21980 I sysui_histogram: [note_load,6]
07-30 12:25:54.458  1000  2741  2741 I sysui_histogram: [screen_timeout,60]
07-30 12:28:05.486  1000  2741  2877 I sysui_histogram: [power_consecutive_short_tap_count,1]
07-30 12:28:05.487  1000  2741  2877 I sysui_histogram: [power_double_tap_interval,350392]
07-30 12:28:05.514  1000  2741  2777 I sysui_histogram: [dozing_minutes,2]
07-30 12:28:05.597  1000  2741  6520 I sysui_histogram: [note_load,17]
07-30 12:30:25.483  1000  2741 21976 I sysui_histogram: [note_load,1]
07-30 12:30:26.208  1000  2741  2756 I sysui_histogram: [note_freshness,860]
07-30 12:30:58.477  1000  2741 21980 I sysui_histogram: [note_load,11]
07-30 12:30:58.984  1000  2741 21980 I sysui_histogram: [note_freshness,209881]
07-30 12:30:58.985  1000  2741 21980 I sysui_histogram: [note_freshness,275235]
07-30 12:30:58.985  1000  2741 21980 I sysui_histogram: [note_freshness,275271]
07-30 12:30:58.986  1000  2741 21980 I sysui_histogram: [note_freshness,33637]
07-30 12:30:58.986  1000  2741 21980 I sysui_histogram: [note_freshness,2644]
07-30 12:30:58.986  1000  2741 21980 I sysui_histogram: [note_freshness,275253]
07-30 12:31:02.509  1000  2741 16369 I sysui_histogram: [note_freshness,6264509]
07-30 12:31:02.510  1000  2741 16369 I sysui_histogram: [note_freshness,16041303]
07-30 12:31:03.032  1000  2741 16369 I sysui_histogram: [note_freshness,1321485]
07-30 12:31:04.046  1000  2741 16369 I sysui_histogram: [note_freshness,6949789]
07-30 12:31:04.046  1000  2741 16369 I sysui_histogram: [note_freshness,1322501]
07-30 12:31:05.584  1000  2741 16369 I sysui_histogram: [note_freshness,216481]
07-30 12:31:05.584  1000  2741 16369 I sysui_histogram: [note_freshness,40236]
07-30 12:31:05.585  1000  2741 16369 I sysui_histogram: [note_freshness,9242]
07-30 12:31:10.770  1000  2741 21976 I sysui_histogram: [note_load,11]
07-30 12:31:11.282  1000  2741  5381 I sysui_histogram: [note_freshness,222178]
07-30 12:31:11.283  1000  2741  5381 I sysui_histogram: [note_freshness,287532]
07-30 12:31:11.283  1000  2741  5381 I sysui_histogram: [note_freshness,287569]
07-30 12:31:11.284  1000  2741  5381 I sysui_histogram: [note_freshness,45936]
07-30 12:31:11.284  1000  2741  5381 I sysui_histogram: [note_freshness,14942]
07-30 12:31:11.284  1000  2741  5381 I sysui_histogram: [note_freshness,287551]
07-30 12:31:11.781  1000  2741  3324 I sysui_histogram: [note_freshness,6273781]
07-30 12:31:13.489  1000  6964  6964 I sysui_histogram: [search_asynchronous_indexing,413]
07-30 12:32:35.756  1000  2741  2741 I sysui_histogram: [fingerprint_token,0]
07-30 12:32:36.590  1000  2741  3163 I sysui_histogram: [note_load,12]
07-30 12:32:36.603  1000  2741  2741 I sysui_histogram: [screen_timeout,60]
07-30 12:34:13.322  1000  2741  2877 I sysui_histogram: [power_consecutive_short_tap_count,1]
07-30 12:34:13.322  1000  2741  2877 I sysui_histogram: [power_double_tap_interval,367718]
07-30 12:34:13.437  1000  2741 21977 I sysui_histogram: [note_load,12]
07-30 12:34:14.234  1000  2741  2777 I sysui_histogram: [dozing_minutes,1]
07-30 12:34:39.195  1000  2741  6925 I sysui_histogram: [note_load,1]
07-30 12:34:39.937  1000  2741  6894 I sysui_histogram: [note_freshness,842]
07-30 12:35:31.799  1000  2741  2741 I sysui_histogram: [fingerprint_token,0]
07-30 12:35:32.625  1000  2741 15709 I sysui_histogram: [note_load,14]
07-30 12:35:32.638  1000  2741  2741 I sysui_histogram: [screen_timeout,60]
07-30 12:35:34.463  1000  2741  2877 I sysui_histogram: [power_consecutive_short_tap_count,1]
07-30 12:35:34.463  1000  2741  2877 I sysui_histogram: [power_double_tap_interval,80820]
07-30 12:35:35.013  1000  2741  3953 I sysui_histogram: [note_load,14]
07-30 12:35:35.025  1000  2741  3953 I sysui_histogram: [note_freshness,253995]
07-30 12:35:35.026  1000  2741  3953 I sysui_histogram: [note_freshness,1593479]
07-30 12:35:35.026  1000  2741  3953 I sysui_histogram: [note_freshness,485923]
07-30 12:35:35.026  1000  2741  3953 I sysui_histogram: [note_freshness,551276]
07-30 12:35:35.027  1000  2741  3953 I sysui_histogram: [note_freshness,55931]
07-30 12:35:35.027  1000  2741  3953 I sysui_histogram: [note_freshness,6537027]
07-30 12:35:35.027  1000  2741  3953 I sysui_histogram: [note_freshness,551313]
07-30 12:35:35.027  1000  2741  3953 I sysui_histogram: [note_freshness,55867]
07-30 12:35:35.028  1000  2741  3953 I sysui_histogram: [note_freshness,7220770]
07-30 12:35:35.028  1000  2741  3953 I sysui_histogram: [note_freshness,16313821]
07-30 12:35:35.028  1000  2741  3953 I sysui_histogram: [note_freshness,55810]
07-30 12:35:35.028  1000  2741  3953 I sysui_histogram: [note_freshness,1593483]
07-30 12:35:35.029  1000  2741  3953 I sysui_histogram: [note_freshness,278686]
07-30 12:35:35.029  1000  2741  3953 I sysui_histogram: [note_freshness,551296]
07-30 12:35:35.206  1000  2741  2777 I sysui_histogram: [dozing_minutes,0]
07-30 12:36:39.146  1000  2741  2741 I sysui_histogram: [fingerprint_token,0]
07-30 12:36:39.957  1000  2741 16381 I sysui_histogram: [note_load,14]
07-30 12:36:39.965  1000  2741  2741 I sysui_histogram: [screen_timeout,60]
07-30 12:44:48.437  1000  2741  7024 I sysui_histogram: [note_load,14]
07-30 12:44:48.875  1000  2741  2777 I sysui_histogram: [dozing_minutes,8]
07-30 12:45:06.944  1000  2741  2877 I sysui_histogram: [power_consecutive_short_tap_count,1]
07-30 12:45:06.945  1000  2741  2877 I sysui_histogram: [power_double_tap_interval,572921]
07-30 12:45:07.155  1000  2741  2741 I sysui_histogram: [fingerprint_token,0]
07-30 12:45:07.953  1000  2741  3324 I sysui_histogram: [note_load,13]
07-30 12:45:07.972  1000  2741  2741 I sysui_histogram: [screen_timeout,60]
07-30 12:45:08.465  1000  2741  2877 I sysui_histogram: [power_consecutive_short_tap_count,1]
07-30 12:45:08.465  1000  2741  2877 I sysui_histogram: [power_double_tap_interval,1521]
07-30 12:45:08.566  1000  2741 16381 I sysui_histogram: [note_load,13]
07-30 12:45:08.989  1000  2741  2777 I sysui_histogram: [dozing_minutes,0]
07-30 12:45:10.586  1000  2741  2877 I sysui_histogram: [power_consecutive_short_tap_count,1]
07-30 12:45:10.586  1000  2741  2877 I sysui_histogram: [power_double_tap_interval,2121]
07-30 12:45:10.775  1000  2741  2741 I sysui_histogram: [fingerprint_token,0]
07-30 12:45:11.577  1000  2741  7024 I sysui_histogram: [note_load,13]
07-30 12:45:11.585  1000  2741  2741 I sysui_histogram: [screen_timeout,60]
07-30 12:46:13.662  1000  2741  2877 I sysui_histogram: [power_consecutive_short_tap_count,1]
07-30 12:46:13.662  1000  2741  2877 I sysui_histogram: [power_double_tap_interval,54392]
07-30 12:46:13.775  1000  2741  3960 I sysui_histogram: [note_load,13]
07-30 12:46:14.230  1000  2741  2777 I sysui_histogram: [dozing_minutes,1]
07-30 12:47:12.653  1000  2741  2877 I sysui_histogram: [power_consecutive_short_tap_count,1]
07-30 12:47:12.654  1000  2741  2877 I sysui_histogram: [power_double_tap_interval,58990]
07-30 12:47:12.945  1000  2741  2741 I sysui_histogram: [fingerprint_token,0]
07-30 12:47:13.745  1000  2741  3953 I sysui_histogram: [note_load,10]
07-30 12:47:13.758  1000  2741  2741 I sysui_histogram: [screen_timeout,60]
07-30 13:08:25.734  1000  2741  2777 I sysui_histogram: [dozing_minutes,21]
07-30 13:08:51.578  1000  2741 16369 I sysui_histogram: [note_load,10]
07-30 13:08:51.596  1000  2741  2741 I sysui_histogram: [fingerprint_token,0]
07-30 13:09:11.693  1000  2741  2877 I sysui_histogram: [power_consecutive_short_tap_count,1]
07-30 13:09:11.694  1000  2741  2877 I sysui_histogram: [power_double_tap_interval,303457]
07-30 13:09:11.978  1000  2741  2741 I sysui_histogram: [fingerprint_token,0]
07-30 13:09:12.797  1000  2741  6524 I sysui_histogram: [note_load,10]
07-30 13:09:12.810  1000  2741  2741 I sysui_histogram: [screen_timeout,60]
07-30 13:11:21.087  1000  2741  2877 I sysui_histogram: [power_consecutive_short_tap_count,1]
07-30 13:11:21.087  1000  2741  2877 I sysui_histogram: [power_double_tap_interval,65879]
07-30 13:11:21.185  1000  2741 16381 I sysui_histogram: [note_load,10]
07-30 13:11:21.677  1000  2741  2777 I sysui_histogram: [dozing_minutes,2]
07-30 13:12:52.571  1000  2741 15709 I sysui_histogram: [note_load,1]
07-30 13:12:53.444  1000  2741  3962 I sysui_histogram: [note_freshness,1266]
07-30 13:12:53.444  1000  2741  3962 I sysui_histogram: [note_freshness,1247]
07-30 13:12:53.444  1000  2741  3962 I sysui_histogram: [note_freshness,1294]
07-30 13:12:53.445  1000  2741  3962 I sysui_histogram: [note_freshness,1237]
07-30 13:12:53.445  1000  2741  3962 I sysui_histogram: [note_freshness,1316]
07-30 13:12:57.632  1000  2741  2741 I sysui_histogram: [note_click_longevity,0]
07-30 13:13:29.820  1000  2741  3163 I sysui_histogram: [note_load,8]
07-30 13:13:30.226  1000  2741 16381 I sysui_histogram: [note_load,8]
07-30 13:13:30.844  1000  2741 16381 I sysui_histogram: [note_freshness,129582]
07-30 13:14:51.906  1000  2741 16381 I sysui_histogram: [note_load,8]
07-30 13:15:13.602  1000  2741 21977 I sysui_histogram: [note_load,8]
07-30 13:15:37.730  1000  2741  6894 I sysui_histogram: [note_load,8]
07-30 13:15:38.233  1000  2741 21980 I sysui_histogram: [note_freshness,9632]
07-30 13:15:38.233  1000  2741 21980 I sysui_histogram: [note_freshness,2889130]
07-30 13:15:38.234  1000  2741 21980 I sysui_histogram: [note_freshness,120018]
07-30 13:15:38.234  1000  2741 21980 I sysui_histogram: [note_freshness,8940234]
07-30 13:15:38.235  1000  2741 21980 I sysui_histogram: [note_freshness,140253]
07-30 13:15:46.938  1000  2741 21977 I sysui_histogram: [note_freshness,18725731]
07-30 13:15:50.279  1000  6964  6964 I sysui_histogram: [settings_wifi_speed_labels,0]
07-30 13:15:50.282  1000  6964  6964 I sysui_histogram: [settings_wifi_speed_labels,0]
07-30 13:15:50.284  1000  6964  6964 I sysui_histogram: [settings_wifi_speed_labels,0]
07-30 13:15:50.286  1000  6964  6964 I sysui_histogram: [settings_wifi_speed_labels,0]
07-30 13:15:50.287  1000  6964  6964 I sysui_histogram: [settings_wifi_speed_labels,0]
07-30 13:15:50.287  1000  6964  6964 I sysui_histogram: [settings_wifi_speed_labels,0]
07-30 13:15:50.289  1000  6964  6964 I sysui_histogram: [settings_wifi_speed_labels,0]
07-30 13:15:50.289  1000  6964  6964 I sysui_histogram: [settings_wifi_speed_labels,0]
07-30 13:15:51.225  1000  6964  6964 I sysui_histogram: [settings_wifi_speed_labels,20]
07-30 13:15:51.227  1000  6964  6964 I sysui_histogram: [settings_wifi_speed_labels,0]
07-30 13:15:51.228  1000  6964  6964 I sysui_histogram: [settings_wifi_speed_labels,0]
07-30 13:15:51.230  1000  6964  6964 I sysui_histogram: [settings_wifi_speed_labels,0]
07-30 13:15:51.231  1000  6964  6964 I sysui_histogram: [settings_wifi_speed_labels,0]
07-30 13:15:51.232  1000  6964  6964 I sysui_histogram: [settings_wifi_speed_labels,0]
07-30 13:15:51.233  1000  6964  6964 I sysui_histogram: [settings_wifi_speed_labels,0]
07-30 13:15:51.235  1000  6964  6964 I sysui_histogram: [settings_wifi_speed_labels,0]
07-30 13:15:51.236  1000  6964  6964 I sysui_histogram: [settings_wifi_speed_labels,0]
07-30 13:15:51.237  1000  6964  6964 I sysui_histogram: [settings_wifi_speed_labels,0]
07-30 13:15:51.238  1000  6964  6964 I sysui_histogram: [settings_wifi_speed_labels,0]
07-30 13:15:51.949  1000  6964  6964 I sysui_histogram: [settings_wifi_speed_labels,10]
07-30 13:15:51.954  1000  6964  6964 I sysui_histogram: [settings_wifi_speed_labels,0]
07-30 13:15:52.237  1000  6964  6964 I sysui_histogram: [settings_wifi_speed_labels,0]
07-30 13:15:53.194  1000  6964  6964 I sysui_histogram: [settings_wifi_speed_labels,10]
07-30 13:15:53.195  1000  6964  6964 I sysui_histogram: [settings_wifi_speed_labels,0]
07-30 13:15:53.197  1000  6964  6964 I sysui_histogram: [settings_wifi_speed_labels,0]
07-30 13:15:53.198  1000  6964  6964 I sysui_histogram: [settings_wifi_speed_labels,0]
07-30 13:15:53.199  1000  6964  6964 I sysui_histogram: [settings_wifi_speed_labels,0]
07-30 13:15:53.202  1000  6964  6964 I sysui_histogram: [settings_wifi_speed_labels,0]
07-30 13:15:53.204  1000  6964  6964 I sysui_histogram: [settings_wifi_speed_labels,0]
07-30 13:15:53.205  1000  6964  6964 I sysui_histogram: [settings_wifi_speed_labels,0]
07-30 13:15:53.207  1000  6964  6964 I sysui_histogram: [settings_wifi_speed_labels,0]
07-30 13:15:53.208  1000  6964  6964 I sysui_histogram: [settings_wifi_speed_labels,0]
07-30 13:15:53.209  1000  6964  6964 I sysui_histogram: [settings_wifi_speed_labels,0]
07-30 13:15:57.409  1000  6964  6964 I sysui_histogram: [settings_wifi_speed_labels,10]
07-30 13:15:57.410  1000  6964  6964 I sysui_histogram: [settings_wifi_speed_labels,0]
07-30 13:15:57.412  1000  6964  6964 I sysui_histogram: [settings_wifi_speed_labels,0]
07-30 13:15:57.413  1000  6964  6964 I sysui_histogram: [settings_wifi_speed_labels,0]
07-30 13:15:57.414  1000  6964  6964 I sysui_histogram: [settings_wifi_speed_labels,0]
07-30 13:15:57.416  1000  6964  6964 I sysui_histogram: [settings_wifi_speed_labels,0]
07-30 13:15:57.417  1000  6964  6964 I sysui_histogram: [settings_wifi_speed_labels,0]
