07-30 13:15:57.419  1000  6964  6964 I sysui_histogram: [settings_wifi_speed_labels,0]
07-30 13:15:57.420  1000  6964  6964 I sysui_histogram: [settings_wifi_speed_labels,0]
07-30 13:15:57.421  1000  6964  6964 I sysui_histogram: [settings_wifi_speed_labels,0]
07-30 13:15:57.422  1000  6964  6964 I sysui_histogram: [settings_wifi_speed_labels,0]
07-30 13:15:57.424  1000  6964  6964 I sysui_histogram: [settings_wifi_speed_labels,0]
07-30 13:16:24.042  1000  2741  2741 I sysui_histogram: [note_click_longevity,31]
07-30 13:16:31.562  1000  2741 11532 I sysui_histogram: [note_load,1]
07-30 13:16:32.280  1000  2741 21976 I sysui_histogram: [note_freshness,901]
07-30 13:16:41.347  1000  2741  6925 I sysui_histogram: [note_load,7]
07-30 13:17:23.310  1000  6964  6964 I sysui_histogram: [settings_wifi_speed_labels,0]
07-30 13:17:23.312  1000  6964  6964 I sysui_histogram: [settings_wifi_speed_labels,0]
07-30 13:17:23.313  1000  6964  6964 I sysui_histogram: [settings_wifi_speed_labels,0]
07-30 13:17:23.315  1000  6964  6964 I sysui_histogram: [settings_wifi_speed_labels,0]
07-30 13:17:23.316  1000  6964  6964 I sysui_histogram: [settings_wifi_speed_labels,0]
07-30 13:17:23.316  1000  6964  6964 I sysui_histogram: [settings_wifi_speed_labels,0]
07-30 13:17:23.317  1000  6964  6964 I sysui_histogram: [settings_wifi_speed_labels,0]
07-30 13:17:23.318  1000  6964  6964 I sysui_histogram: [settings_wifi_speed_labels,0]
07-30 13:17:23.318  1000  6964  6964 I sysui_histogram: [settings_wifi_speed_labels,0]
07-30 13:17:23.319  1000  6964  6964 I sysui_histogram: [settings_wifi_speed_labels,0]
07-30 13:17:24.023  1000  6964  6964 I sysui_histogram: [settings_wifi_speed_labels,0]
07-30 13:17:24.024  1000  6964  6964 I sysui_histogram: [settings_wifi_speed_labels,0]
07-30 13:17:24.024  1000  6964  6964 I sysui_histogram: [settings_wifi_speed_labels,0]
07-30 13:17:24.025  1000  6964  6964 I sysui_histogram: [settings_wifi_speed_labels,0]
07-30 13:17:24.026  1000  6964  6964 I sysui_histogram: [settings_wifi_speed_labels,0]
07-30 13:17:24.027  1000  6964  6964 I sysui_histogram: [settings_wifi_speed_labels,0]
07-30 13:17:24.028  1000  6964  6964 I sysui_histogram: [settings_wifi_speed_labels,0]
07-30 13:17:24.028  1000  6964  6964 I sysui_histogram: [settings_wifi_speed_labels,0]
07-30 13:17:24.029  1000  6964  6964 I sysui_histogram: [settings_wifi_speed_labels,0]
07-30 13:17:24.030  1000  6964  6964 I sysui_histogram: [settings_wifi_speed_labels,0]
07-30 13:17:24.095  1000  6964  6964 I sysui_histogram: [settings_wifi_speed_labels,0]
07-30 13:17:24.099  1000  6964  6964 I sysui_histogram: [settings_wifi_speed_labels,0]
07-30 13:17:24.396  1000  6964  6964 I sysui_histogram: [settings_wifi_speed_labels,0]
07-30 13:17:24.657  1000  6964  6964 I sysui_histogram: [settings_wifi_speed_labels,0]
07-30 13:17:24.662  1000  6964  6964 I sysui_histogram: [settings_wifi_speed_labels,0]
07-30 13:17:24.959  1000  6964  6964 I sysui_histogram: [settings_wifi_speed_labels,0]
07-30 13:17:34.812  1000  6964  6964 I sysui_histogram: [settings_wifi_speed_labels,0]
07-30 13:17:34.814  1000  6964  6964 I sysui_histogram: [settings_wifi_speed_labels,0]
07-30 13:17:34.819  1000  6964  6964 I sysui_histogram: [settings_wifi_speed_labels,0]
07-30 13:17:34.823  1000  6964  6964 I sysui_histogram: [settings_wifi_speed_labels,0]
07-30 13:17:35.113  1000  6964  6964 I sysui_histogram: [settings_wifi_speed_labels,0]
07-30 13:17:35.114  1000  6964  6964 I sysui_histogram: [settings_wifi_speed_labels,0]
07-30 13:17:38.329  1000  2741 21976 I sysui_histogram: [note_load,10]
07-30 13:17:38.854  1000  2741  6894 I sysui_histogram: [note_freshness,35952]
07-30 13:17:38.854  1000  2741  6894 I sysui_histogram: [note_freshness,3009751]
07-30 13:17:38.854  1000  2741  6894 I sysui_histogram: [note_freshness,36373]
07-30 13:17:38.855  1000  2741  6894 I sysui_histogram: [note_freshness,260874]
07-30 13:17:39.354  1000  2741  6925 I sysui_histogram: [note_freshness,9061354]
07-30 13:17:53.149  1000  2741  6520 I sysui_histogram: [note_freshness,9075149]
07-30 13:17:59.368  1000  6964  6964 I sysui_histogram: [settings_wifi_speed_labels,0]
07-30 13:17:59.369  1000  6964  6964 I sysui_histogram: [settings_wifi_speed_labels,0]
07-30 13:17:59.369  1000  6964  6964 I sysui_histogram: [settings_wifi_speed_labels,0]
07-30 13:17:59.370  1000  6964  6964 I sysui_histogram: [settings_wifi_speed_labels,0]
07-30 13:17:59.371  1000  6964  6964 I sysui_histogram: [settings_wifi_speed_labels,0]
07-30 13:17:59.371  1000  6964  6964 I sysui_histogram: [settings_wifi_speed_labels,0]
07-30 13:17:59.372  1000  6964  6964 I sysui_histogram: [settings_wifi_speed_labels,0]
07-30 13:17:59.373  1000  6964  6964 I sysui_histogram: [settings_wifi_speed_labels,0]
07-30 13:17:59.374  1000  6964  6964 I sysui_histogram: [settings_wifi_speed_labels,0]
07-30 13:17:59.374  1000  6964  6964 I sysui_histogram: [settings_wifi_speed_labels,0]
07-30 13:17:59.375  1000  6964  6964 I sysui_histogram: [settings_wifi_speed_labels,0]
07-30 13:18:00.115  1000  6964  6964 I sysui_histogram: [settings_wifi_speed_labels,0]
07-30 13:18:00.118  1000  6964  6964 I sysui_histogram: [settings_wifi_speed_labels,0]
07-30 13:18:00.121  1000  6964  6964 I sysui_histogram: [settings_wifi_speed_labels,0]
07-30 13:18:00.122  1000  6964  6964 I sysui_histogram: [settings_wifi_speed_labels,0]
07-30 13:18:00.417  1000  6964  6964 I sysui_histogram: [settings_wifi_speed_labels,0]
07-30 13:18:00.419  1000  6964  6964 I sysui_histogram: [settings_wifi_speed_labels,0]
07-30 13:18:00.420  1000  6964  6964 I sysui_histogram: [settings_wifi_speed_labels,0]
07-30 13:18:00.420  1000  6964  6964 I sysui_histogram: [settings_wifi_speed_labels,0]
07-30 13:18:00.421  1000  6964  6964 I sysui_histogram: [settings_wifi_speed_labels,0]
07-30 13:18:00.422  1000  6964  6964 I sysui_histogram: [settings_wifi_speed_labels,0]
07-30 13:18:10.196  1000  6964  6964 I sysui_histogram: [settings_wifi_speed_labels,0]
07-30 13:18:10.204  1000  6964  6964 I sysui_histogram: [settings_wifi_speed_labels,0]
07-30 13:18:10.499  1000  6964  6964 I sysui_histogram: [settings_wifi_speed_labels,0]
07-30 13:18:10.500  1000  6964  6964 I sysui_histogram: [settings_wifi_speed_labels,0]
07-30 13:18:12.665  1000  2741 11532 I sysui_histogram: [note_freshness,3043562]
07-30 13:18:12.665  1000  2741 11532 I sysui_histogram: [note_freshness,9094665]
07-30 13:18:12.666  1000  2741 11532 I sysui_histogram: [note_freshness,294685]
07-30 13:18:15.614  1000  6964  6964 I sysui_histogram: [settings_wifi_speed_labels,0]
07-30 13:18:15.616  1000  6964  6964 I sysui_histogram: [settings_wifi_speed_labels,0]
07-30 13:18:15.616  1000  6964  6964 I sysui_histogram: [settings_wifi_speed_labels,0]
07-30 13:18:15.617  1000  6964  6964 I sysui_histogram: [settings_wifi_speed_labels,0]
07-30 13:18:15.618  1000  6964  6964 I sysui_histogram: [settings_wifi_speed_labels,0]
07-30 13:18:15.618  1000  6964  6964 I sysui_histogram: [settings_wifi_speed_labels,0]
07-30 13:18:15.619  1000  6964  6964 I sysui_histogram: [settings_wifi_speed_labels,0]
07-30 13:18:15.620  1000  6964  6964 I sysui_histogram: [settings_wifi_speed_labels,0]
07-30 13:18:15.621  1000  6964  6964 I sysui_histogram: [settings_wifi_speed_labels,0]
07-30 13:18:15.621  1000  6964  6964 I sysui_histogram: [settings_wifi_speed_labels,0]
07-30 13:18:15.622  1000  6964  6964 I sysui_histogram: [settings_wifi_speed_labels,0]
07-30 13:18:15.622  1000  6964  6964 I sysui_histogram: [settings_wifi_speed_labels,0]
07-30 13:18:15.623  1000  6964  6964 I sysui_histogram: [settings_wifi_speed_labels,0]
07-30 13:18:15.623  1000  6964  6964 I sysui_histogram: [settings_wifi_speed_labels,0]
07-30 13:18:15.624  1000  6964  6964 I sysui_histogram: [settings_wifi_speed_labels,0]
07-30 13:18:15.625  1000  6964  6964 I sysui_histogram: [settings_wifi_speed_labels,0]
07-30 13:18:15.866  1000  6964  6964 I sysui_histogram: [settings_wifi_speed_labels,0]
07-30 13:18:15.869  1000  6964  6964 I sysui_histogram: [settings_wifi_speed_labels,0]
07-30 13:18:15.873  1000  6964  6964 I sysui_histogram: [settings_wifi_speed_labels,0]
07-30 13:18:16.150  1000  6964  6964 I sysui_histogram: [settings_wifi_speed_labels,0]
07-30 13:18:17.544  1000  6964  6964 I sysui_histogram: [settings_wifi_speed_labels,0]
07-30 13:18:17.545  1000  6964  6964 I sysui_histogram: [settings_wifi_speed_labels,0]
07-30 13:18:17.545  1000  6964  6964 I sysui_histogram: [settings_wifi_speed_labels,0]
07-30 13:18:17.546  1000  6964  6964 I sysui_histogram: [settings_wifi_speed_labels,0]
07-30 13:18:17.547  1000  6964  6964 I sysui_histogram: [settings_wifi_speed_labels,0]
07-30 13:18:17.547  1000  6964  6964 I sysui_histogram: [settings_wifi_speed_labels,0]
07-30 13:18:17.548  1000  6964  6964 I sysui_histogram: [settings_wifi_speed_labels,0]
07-30 13:18:17.550  1000  6964  6964 I sysui_histogram: [settings_wifi_speed_labels,0]
07-30 13:18:17.550  1000  6964  6964 I sysui_histogram: [settings_wifi_speed_labels,0]
07-30 13:18:17.551  1000  6964  6964 I sysui_histogram: [settings_wifi_speed_labels,0]
07-30 13:18:17.552  1000  6964  6964 I sysui_histogram: [settings_wifi_speed_labels,0]
07-30 13:18:17.553  1000  6964  6964 I sysui_histogram: [settings_wifi_speed_labels,0]
07-30 13:18:17.554  1000  6964  6964 I sysui_histogram: [settings_wifi_speed_labels,0]
07-30 13:18:17.555  1000  6964  6964 I sysui_histogram: [settings_wifi_speed_labels,0]
07-30 13:18:17.555  1000  6964  6964 I sysui_histogram: [settings_wifi_speed_labels,0]
07-30 13:18:17.556  1000  6964  6964 I sysui_histogram: [settings_wifi_speed_labels,0]
07-30 13:18:18.308  1000  6964  6964 I sysui_histogram: [settings_wifi_speed_labels,0]
07-30 13:18:18.312  1000  6964  6964 I sysui_histogram: [settings_wifi_speed_labels,0]
07-30 13:18:18.609  1000  6964  6964 I sysui_histogram: [settings_wifi_speed_labels,0]
07-30 13:18:19.231  1000  6964  6964 I sysui_histogram: [settings_wifi_speed_labels,0]
07-30 13:18:19.232  1000  6964  6964 I sysui_histogram: [settings_wifi_speed_labels,0]
07-30 13:18:19.233  1000  6964  6964 I sysui_histogram: [settings_wifi_speed_labels,0]
07-30 13:18:19.234  1000  6964  6964 I sysui_histogram: [settings_wifi_speed_labels,0]
07-30 13:18:19.234  1000  6964  6964 I sysui_histogram: [settings_wifi_speed_labels,0]
07-30 13:18:19.235  1000  6964  6964 I sysui_histogram: [settings_wifi_speed_labels,0]
07-30 13:18:19.236  1000  6964  6964 I sysui_histogram: [settings_wifi_speed_labels,0]
07-30 13:18:19.237  1000  6964  6964 I sysui_histogram: [settings_wifi_speed_labels,0]
07-30 13:18:19.238  1000  6964  6964 I sysui_histogram: [settings_wifi_speed_labels,0]
07-30 13:18:19.240  1000  6964  6964 I sysui_histogram: [settings_wifi_speed_labels,0]
07-30 13:18:19.241  1000  6964  6964 I sysui_histogram: [settings_wifi_speed_labels,0]
07-30 13:18:19.241  1000  6964  6964 I sysui_histogram: [settings_wifi_speed_labels,0]
07-30 13:18:19.243  1000  6964  6964 I sysui_histogram: [settings_wifi_speed_labels,0]
07-30 13:18:19.244  1000  6964  6964 I sysui_histogram: [settings_wifi_speed_labels,0]
07-30 13:18:19.245  1000  6964  6964 I sysui_histogram: [settings_wifi_speed_labels,0]
07-30 13:18:19.246  1000  6964  6964 I sysui_histogram: [settings_wifi_speed_labels,0]
07-30 13:18:20.130  1000  6964  6964 I sysui_histogram: [settings_wifi_speed_labels,0]
07-30 13:18:20.130  1000  6964  6964 I sysui_histogram: [settings_wifi_speed_labels,0]
07-30 13:18:20.131  1000  6964  6964 I sysui_histogram: [settings_wifi_speed_labels,0]
07-30 13:18:20.132  1000  6964  6964 I sysui_histogram: [settings_wifi_speed_labels,0]
07-30 13:18:20.132  1000  6964  6964 I sysui_histogram: [settings_wifi_speed_labels,0]
07-30 13:18:20.133  1000  6964  6964 I sysui_histogram: [settings_wifi_speed_labels,0]
07-30 13:18:20.133  1000  6964  6964 I sysui_histogram: [settings_wifi_speed_labels,0]
07-30 13:18:20.134  1000  6964  6964 I sysui_histogram: [settings_wifi_speed_labels,0]
07-30 13:18:20.134  1000  6964  6964 I sysui_histogram: [settings_wifi_speed_labels,0]
07-30 13:18:20.135  1000  6964  6964 I sysui_histogram: [settings_wifi_speed_labels,0]
07-30 13:18:20.135  1000  6964  6964 I sysui_histogram: [settings_wifi_speed_labels,0]
07-30 13:18:20.136  1000  6964  6964 I sysui_histogram: [settings_wifi_speed_labels,0]
07-30 13:18:20.137  1000  6964  6964 I sysui_histogram: [settings_wifi_speed_labels,0]
07-30 13:18:20.137  1000  6964  6964 I sysui_histogram: [settings_wifi_speed_labels,0]
07-30 13:18:20.138  1000  6964  6964 I sysui_histogram: [settings_wifi_speed_labels,0]
07-30 13:18:23.001  1000  6964  6964 I sysui_histogram: [settings_wifi_speed_labels,0]
07-30 13:18:23.002  1000  6964  6964 I sysui_histogram: [settings_wifi_speed_labels,0]
07-30 13:18:23.002  1000  6964  6964 I sysui_histogram: [settings_wifi_speed_labels,0]
07-30 13:18:23.003  1000  6964  6964 I sysui_histogram: [settings_wifi_speed_labels,0]
07-30 13:18:23.003  1000  6964  6964 I sysui_histogram: [settings_wifi_speed_labels,0]
07-30 13:18:23.003  1000  6964  6964 I sysui_histogram: [settings_wifi_speed_labels,0]
07-30 13:18:23.004  1000  6964  6964 I sysui_histogram: [settings_wifi_speed_labels,0]
07-30 13:18:23.004  1000  6964  6964 I sysui_histogram: [settings_wifi_speed_labels,0]
07-30 13:18:23.005  1000  6964  6964 I sysui_histogram: [settings_wifi_speed_labels,0]
07-30 13:18:23.005  1000  6964  6964 I sysui_histogram: [settings_wifi_speed_labels,0]
07-30 13:18:23.005  1000  6964  6964 I sysui_histogram: [settings_wifi_speed_labels,0]
07-30 13:18:23.006  1000  6964  6964 I sysui_histogram: [settings_wifi_speed_labels,0]
07-30 13:18:33.044  1000  2741 15709 I sysui_histogram: [note_load,10]
07-30 13:18:33.954  1000  6964  6964 I sysui_histogram: [settings_wifi_speed_labels,0]
07-30 13:18:33.958  1000  6964  6964 I sysui_histogram: [settings_wifi_speed_labels,0]
07-30 13:18:33.961  1000  6964  6964 I sysui_histogram: [settings_wifi_speed_labels,0]
07-30 13:18:34.256  1000  6964  6964 I sysui_histogram: [settings_wifi_speed_labels,0]
07-30 13:18:34.256  1000  6964  6964 I sysui_histogram: [settings_wifi_speed_labels,0]
07-30 13:18:34.257  1000  6964  6964 I sysui_histogram: [settings_wifi_speed_labels,0]
07-30 13:18:34.257  1000  6964  6964 I sysui_histogram: [settings_wifi_speed_labels,0]
07-30 13:18:43.882  1000  6964  6964 I sysui_histogram: [settings_wifi_speed_labels,0]
07-30 13:18:43.885  1000  6964  6964 I sysui_histogram: [settings_wifi_speed_labels,0]
07-30 13:18:58.106  1000  6964  6964 I sysui_histogram: [settings_wifi_speed_labels,0]
07-30 13:18:58.109  1000  6964  6964 I sysui_histogram: [settings_wifi_speed_labels,0]
07-30 13:19:13.079  1000  2741  2877 I sysui_histogram: [power_consecutive_short_tap_count,1]
07-30 13:19:13.080  1000  2741  2877 I sysui_histogram: [power_double_tap_interval,430469]
07-30 13:19:13.274  1000  2741  2741 I sysui_histogram: [fingerprint_token,0]
07-30 13:19:14.101  1000  2741  3163 I sysui_histogram: [note_load,9]
07-30 13:19:14.113  1000  2741  2741 I sysui_histogram: [screen_timeout,60]
07-30 13:20:11.855  1000  2741  2877 I sysui_histogram: [power_consecutive_short_tap_count,1]
07-30 13:20:11.856  1000  2741  2877 I sysui_histogram: [power_double_tap_interval,34183]
07-30 13:20:11.880  1000  2741  2777 I sysui_histogram: [dozing_minutes,0]
07-30 13:20:11.968  1000  2741  7470 I sysui_histogram: [note_load,14]
07-30 13:20:25.766  1000  2741  2741 I sysui_histogram: [screen_timeout,60]
07-30 13:24:15.243  1000  2741  2877 I sysui_histogram: [power_consecutive_short_tap_count,1]
07-30 13:24:15.243  1000  2741  2877 I sysui_histogram: [power_double_tap_interval,150013]
07-30 13:24:15.262  1000  2741  2777 I sysui_histogram: [dozing_minutes,3]
07-30 13:24:15.351  1000  2741 15709 I sysui_histogram: [note_load,14]
07-30 13:24:22.750  1000  2741  2877 I sysui_histogram: [power_consecutive_short_tap_count,1]
07-30 13:24:22.751  1000  2741  2877 I sysui_histogram: [power_double_tap_interval,7470]
07-30 13:24:23.702  1000  2741  2741 I sysui_histogram: [screen_timeout,60]
07-30 13:32:33.081  1000  2741  2877 I sysui_histogram: [power_consecutive_short_tap_count,1]
07-30 13:32:33.081  1000  2741  2877 I sysui_histogram: [power_double_tap_interval,191321]
07-30 13:32:33.204  1000  2741 11532 I sysui_histogram: [note_load,14]
07-30 13:32:33.677  1000  2741  2777 I sysui_histogram: [dozing_minutes,8]
07-30 13:34:29.561  1000  2741  2741 I sysui_histogram: [fingerprint_token,0]
07-30 13:34:30.448  1000  2741  3593 I sysui_histogram: [note_load,9]
07-30 13:34:30.457  1000  2741  2741 I sysui_histogram: [screen_timeout,60]
07-30 13:39:47.178  1000  2741  2877 I sysui_histogram: [power_consecutive_short_tap_count,1]
07-30 13:39:47.178  1000  2741  2877 I sysui_histogram: [power_double_tap_interval,277417]
07-30 13:39:47.290  1000  2741 16369 I sysui_histogram: [note_load,9]
07-30 13:39:47.725  1000  2741  2777 I sysui_histogram: [dozing_minutes,5]
07-30 13:40:09.896  1000  2741  3163 I sysui_histogram: [note_load,10]
07-30 13:40:10.403  1000  2741  3163 I sysui_histogram: [note_freshness,1387502]
07-30 13:40:10.403  1000  2741  3163 I sysui_histogram: [note_freshness,4361300]
07-30 13:40:10.404  1000  2741  3163 I sysui_histogram: [note_freshness,919624]
07-30 13:40:10.404  1000  2741  3163 I sysui_histogram: [note_freshness,149555]
07-30 13:40:40.041  1000  2741  6524 I sysui_histogram: [note_freshness,1417139]
07-30 13:40:40.041  1000  2741  6524 I sysui_histogram: [note_freshness,4390938]
07-30 13:40:40.041  1000  2741  6524 I sysui_histogram: [note_freshness,26976]
07-30 13:40:41.051  1000  2741  3163 I sysui_histogram: [note_freshness,10443050]
07-30 13:40:41.561  1000  2741  6524 I sysui_histogram: [note_freshness,20220354]
07-30 13:40:42.061  1000  2741  6524 I sysui_histogram: [note_freshness,54166]
07-30 13:40:42.578  1000  2741  3163 I sysui_histogram: [note_freshness,4161548]
07-30 13:40:42.579  1000  2741  3163 I sysui_histogram: [note_freshness,11128321]
07-30 13:40:57.315  1000  2741  2877 I sysui_histogram: [power_consecutive_short_tap_count,1]
07-30 13:40:57.316  1000  2741  2877 I sysui_histogram: [power_double_tap_interval,69734]
07-30 13:40:57.522  1000  2741  2741 I sysui_histogram: [fingerprint_token,0]
07-30 13:40:58.329  1000  2741 16369 I sysui_histogram: [note_load,8]
07-30 13:40:58.343  1000  2741  2741 I sysui_histogram: [screen_timeout,60]
07-30 13:42:00.050  1000  2741  2877 I sysui_histogram: [power_consecutive_short_tap_count,1]
07-30 13:42:00.050  1000  2741  2877 I sysui_histogram: [power_double_tap_interval,62894]
07-30 13:42:00.105  1000  2741 21980 I sysui_histogram: [note_load,7]
07-30 13:42:00.556  1000  2741  2777 I sysui_histogram: [dozing_minutes,1]
07-30 13:42:28.860  1000  2741  7470 I sysui_histogram: [note_load,8]
07-30 13:42:29.373  1000  2741  7470 I sysui_histogram: [note_freshness,1058593]
07-30 13:45:02.171  1000  2741  6894 I sysui_histogram: [note_load,8]
07-30 13:45:09.819  1000  2741  6406 I sysui_histogram: [note_load,8]
07-30 13:50:02.134  1000  2741  7024 I sysui_histogram: [note_load,1]
07-30 13:50:02.849  1000  2741 16369 I sysui_histogram: [note_freshness,945]
07-30 13:51:10.639  1000  2741  2877 I sysui_histogram: [power_consecutive_short_tap_count,1]
07-30 13:51:10.639  1000  2741  2877 I sysui_histogram: [power_double_tap_interval,526291]
07-30 13:51:10.854  1000  2741  2741 I sysui_histogram: [fingerprint_token,0]
07-30 13:51:11.654  1000  2741  3962 I sysui_histogram: [note_load,7]
07-30 13:51:11.669  1000  2741  2741 I sysui_histogram: [screen_timeout,60]
07-30 14:04:06.188  1000  2741  2877 I sysui_histogram: [power_consecutive_short_tap_count,1]
07-30 14:04:06.188  1000  2741  2877 I sysui_histogram: [power_double_tap_interval,411157]
07-30 14:04:06.367  1000  2741  5381 I sysui_histogram: [note_load,7]
07-30 14:04:06.743  1000  2741  2777 I sysui_histogram: [dozing_minutes,12]
07-30 14:04:40.850  1000  2741  2877 I sysui_histogram: [power_consecutive_short_tap_count,1]
07-30 14:04:40.851  1000  2741  2877 I sysui_histogram: [power_double_tap_interval,34659]
07-30 14:04:41.085  1000  2741  2741 I sysui_histogram: [fingerprint_token,0]
07-30 14:04:41.860  1000  2741  3242 I sysui_histogram: [note_load,7]
07-30 14:04:41.872  1000  2741  2741 I sysui_histogram: [screen_timeout,60]
07-30 14:07:22.807  1000  2741  2877 I sysui_histogram: [power_consecutive_short_tap_count,1]
07-30 14:07:22.808  1000  2741  2877 I sysui_histogram: [power_double_tap_interval,162118]
07-30 14:07:22.937  1000  2741 11532 I sysui_histogram: [note_load,7]
07-30 14:07:23.415  1000  2741  2777 I sysui_histogram: [dozing_minutes,2]
07-30 14:08:22.264  1000  2741  7470 I sysui_histogram: [note_load,1]
07-30 14:08:23.127  1000  2741  7470 I sysui_histogram: [note_freshness,1304]
07-30 14:08:23.127  1000  2741  7470 I sysui_histogram: [note_freshness,1361]
07-30 14:08:23.128  1000  2741  7470 I sysui_histogram: [note_freshness,1274]
07-30 14:08:23.128  1000  2741  7470 I sysui_histogram: [note_freshness,1263]
07-30 14:08:23.129  1000  2741  7470 I sysui_histogram: [note_freshness,1406]
07-30 14:10:32.391  1000  2741  2877 I sysui_histogram: [power_consecutive_short_tap_count,1]
07-30 14:10:32.393  1000  2741  2877 I sysui_histogram: [power_double_tap_interval,189582]
07-30 14:10:32.595  1000  2741  2741 I sysui_histogram: [fingerprint_token,0]
07-30 14:10:33.448  1000  2741 11532 I sysui_histogram: [note_load,12]
07-30 14:10:33.461  1000  2741  2741 I sysui_histogram: [screen_timeout,60]
07-30 14:13:32.881  1000  2741  6524 I sysui_histogram: [note_load,12]
07-30 14:13:33.151  1000  2741  2777 I sysui_histogram: [dozing_minutes,2]
07-30 14:13:43.392  1000  2741  2741 I sysui_histogram: [screen_timeout,60]
07-30 14:24:09.830  1000  2741  2877 I sysui_histogram: [power_consecutive_short_tap_count,1]
07-30 14:24:09.830  1000  2741  2877 I sysui_histogram: [power_double_tap_interval,775310]
07-30 14:24:09.879  1000  2741  2777 I sysui_histogram: [dozing_minutes,10]
07-30 14:24:09.958  1000  2741  3953 I sysui_histogram: [note_load,17]
07-30 14:24:27.281  1000  2741  3003 I sysui_histogram: [note_load,1]
07-30 14:24:28.024  1000  2741  7470 I sysui_histogram: [note_freshness,1054]
07-30 14:24:32.386  1000  2741  3293 I sysui_histogram: [note_load,13]
07-30 14:24:48.635  1000  2741  2877 I sysui_histogram: [power_consecutive_short_tap_count,1]
07-30 14:24:48.635  1000  2741  2877 I sysui_histogram: [power_double_tap_interval,38828]
07-30 14:24:48.939  1000  2741  2741 I sysui_histogram: [fingerprint_token,0]
07-30 14:24:49.746  1000  2741 15709 I sysui_histogram: [note_load,13]
07-30 14:24:49.760  1000  2741  2741 I sysui_histogram: [screen_timeout,60]
07-30 14:35:22.305  1000  2741 21976 I sysui_histogram: [note_load,20]
07-30 14:35:22.694  1000  2741  2777 I sysui_histogram: [dozing_minutes,10]
07-30 14:35:28.160  1000  2741  2877 I sysui_histogram: [power_consecutive_short_tap_count,1]
07-30 14:35:28.161  1000  2741  2877 I sysui_histogram: [power_double_tap_interval,640126]
07-30 14:35:29.168  1000  2741  2741 I sysui_histogram: [screen_timeout,60]
07-30 14:51:37.026  1000  2741  2877 I sysui_histogram: [power_consecutive_short_tap_count,1]
07-30 14:51:37.026  1000  2741  2877 I sysui_histogram: [power_double_tap_interval,181241]
07-30 14:51:37.141  1000  2741  3960 I sysui_histogram: [note_load,19]
07-30 14:51:37.598  1000  2741  2777 I sysui_histogram: [dozing_minutes,16]
07-30 14:52:39.356  1000  2741  2877 I sysui_histogram: [power_consecutive_short_tap_count,1]
07-30 14:52:39.356  1000  2741  2877 I sysui_histogram: [power_double_tap_interval,62319]
07-30 14:52:39.598  1000  2741  2741 I sysui_histogram: [fingerprint_token,0]
07-30 14:52:40.455  1000  2741  3003 I sysui_histogram: [note_load,13]
07-30 14:52:40.467  1000  2741  2741 I sysui_histogram: [screen_timeout,60]
07-30 14:53:00.622  1000  2741  2777 I sysui_histogram: [dozing_minutes,0]
07-30 14:53:00.716  1000  2741  3953 I sysui_histogram: [note_load,13]
07-30 14:53:21.794  1000  2741  2741 I sysui_histogram: [screen_timeout,60]
07-30 14:53:21.965  1000  2741  2877 I sysui_histogram: [power_consecutive_short_tap_count,1]
07-30 14:53:21.966  1000  2741  2877 I sysui_histogram: [power_double_tap_interval,42621]
07-30 14:53:22.062  1000  2741 16381 I sysui_histogram: [note_load,13]
07-30 14:53:22.479  1000  2741  2777 I sysui_histogram: [dozing_minutes,0]
07-30 14:53:29.553  1000  2741  2877 I sysui_histogram: [power_consecutive_short_tap_count,1]
07-30 14:53:29.553  1000  2741  2877 I sysui_histogram: [power_double_tap_interval,7588]
07-30 14:53:29.678  1000  2741  2741 I sysui_histogram: [fingerprint_token,0]
07-30 14:53:30.472  1000  2741  3323 I sysui_histogram: [note_load,13]
07-30 14:53:30.480  1000  2741  2741 I sysui_histogram: [screen_timeout,60]
07-30 15:17:20.741  1000  2741  2877 I sysui_histogram: [power_consecutive_short_tap_count,1]
07-30 15:17:20.741  1000  2741  2877 I sysui_histogram: [power_double_tap_interval,417163]
07-30 15:17:20.781  1000  2741  2777 I sysui_histogram: [dozing_minutes,23]
07-30 15:17:20.923  1000  2741  3953 I sysui_histogram: [note_load,18]
07-30 15:17:23.238  1000  2741  3960 I sysui_histogram: [note_load,18]
07-30 15:17:23.380  1000  2741  6520 I sysui_histogram: [note_load,18]
07-30 15:19:15.076  1000  2741  6520 I sysui_histogram: [note_load,1]
07-30 15:19:15.919  1000  2741  3323 I sysui_histogram: [note_freshness,1158]
07-30 15:19:15.919  1000  2741  3323 I sysui_histogram: [note_freshness,1179]
07-30 15:19:15.921  1000  2741  3323 I sysui_histogram: [note_freshness,1219]
07-30 15:19:15.921  1000  2741  3323 I sysui_histogram: [note_freshness,1151]
07-30 15:19:15.921  1000  2741  3323 I sysui_histogram: [note_freshness,1253]
07-30 15:19:44.744  1000  2741  6524 I sysui_histogram: [note_load,1]
07-30 15:19:45.599  1000  2741  6894 I sysui_histogram: [note_freshness,1186]
07-30 15:19:45.599  1000  2741  6894 I sysui_histogram: [note_freshness,1153]
07-30 15:19:45.600  1000  2741  6894 I sysui_histogram: [note_freshness,1218]
07-30 15:19:45.600  1000  2741  6894 I sysui_histogram: [note_freshness,1145]
07-30 15:19:45.601  1000  2741  6894 I sysui_histogram: [note_freshness,1239]
07-30 15:19:46.521  1000  2741  2741 I sysui_histogram: [note_click_longevity,0]
07-30 15:21:57.815  1000  2741  2756 I sysui_histogram: [note_load,1]
07-30 15:21:58.650  1000  2741  3961 I sysui_histogram: [note_freshness,1252]
07-30 15:21:58.651  1000  2741  3961 I sysui_histogram: [note_freshness,1226]
07-30 15:21:58.651  1000  2741  3961 I sysui_histogram: [note_freshness,1293]
07-30 15:21:58.651  1000  2741  3961 I sysui_histogram: [note_freshness,1217]
07-30 15:21:58.652  1000  2741  3961 I sysui_histogram: [note_freshness,1316]
07-30 15:21:59.974  1000  2741  8423 I sysui_histogram: [note_load,14]
07-30 15:22:19.161  1000  2741  3961 I sysui_histogram: [note_load,14]
07-30 15:22:19.662  1000  2741  3961 I sysui_histogram: [note_freshness,73855]
07-30 15:22:19.663  1000  2741  3961 I sysui_histogram: [note_freshness,22265]
07-30 15:22:19.663  1000  2741  3961 I sysui_histogram: [note_freshness,22239]
07-30 15:22:19.663  1000  2741  3961 I sysui_histogram: [note_freshness,4072184]
07-30 15:22:19.664  1000  2741  3961 I sysui_histogram: [note_freshness,10490560]
07-30 15:22:19.664  1000  2741  3961 I sysui_histogram: [note_freshness,22306]
07-30 15:22:19.664  1000  2741  3961 I sysui_histogram: [note_freshness,22230]
07-30 15:22:19.664  1000  2741  3961 I sysui_histogram: [note_freshness,77147]
07-30 15:22:21.844  1000  2741  3961 I sysui_histogram: [note_freshness,16543843]
07-30 15:22:22.361  1000  2741  3961 I sysui_histogram: [note_freshness,26321154]
07-30 15:22:23.896  1000  2741  6406 I sysui_histogram: [note_freshness,3708448]
07-30 15:22:26.640  1000  2741  6406 I sysui_histogram: [note_freshness,10265609]
07-30 15:22:27.672  1000  2741  6406 I sysui_histogram: [note_freshness,17233414]
07-30 15:22:30.195  1000  2741  2741 I sysui_histogram: [note_click_longevity,61]
07-30 15:23:38.246  1000  2741  2877 I sysui_histogram: [power_consecutive_short_tap_count,1]
07-30 15:23:38.246  1000  2741  2877 I sysui_histogram: [power_double_tap_interval,377532]
07-30 15:23:38.551  1000  2741  2741 I sysui_histogram: [fingerprint_token,0]
07-30 15:23:39.395  1000  2741  6406 I sysui_histogram: [note_load,8]
07-30 15:23:39.412  1000  2741  2741 I sysui_histogram: [screen_timeout,60]
07-30 15:26:04.792  1000  2741  2877 I sysui_histogram: [power_consecutive_short_tap_count,1]
07-30 15:26:04.793  1000  2741  2877 I sysui_histogram: [power_double_tap_interval,37736]
07-30 15:26:04.878  1000  2741  6406 I sysui_histogram: [note_load,8]
07-30 15:26:05.359  1000  2741  2777 I sysui_histogram: [dozing_minutes,2]
07-30 15:27:51.925  1000  2741  7470 I sysui_histogram: [note_load,1]
07-30 15:27:52.763  1000  2741  3003 I sysui_histogram: [note_freshness,1135]
07-30 15:27:52.764  1000  2741  3003 I sysui_histogram: [note_freshness,1163]
07-30 15:27:52.764  1000  2741  3003 I sysui_histogram: [note_freshness,1130]
07-30 15:27:52.765  1000  2741  3003 I sysui_histogram: [note_freshness,1195]
07-30 15:28:56.633  1000  2741  2877 I sysui_histogram: [power_consecutive_short_tap_count,1]
07-30 15:28:56.634  1000  2741  2877 I sysui_histogram: [power_double_tap_interval,171873]
07-30 15:28:56.928  1000  2741  2741 I sysui_histogram: [fingerprint_token,0]
07-30 15:28:57.792  1000  2741  3293 I sysui_histogram: [note_load,14]
07-30 15:28:57.805  1000  2741  2741 I sysui_histogram: [screen_timeout,60]
07-30 15:30:11.181  1000  2741  2777 I sysui_histogram: [dozing_minutes,1]
07-30 15:30:11.267  1000  2741  3323 I sysui_histogram: [note_load,14]
07-30 15:30:22.061  1000  2741  2741 I sysui_histogram: [screen_timeout,60]
07-30 15:31:24.377  1000  2741  6406 I sysui_histogram: [note_load,19]
07-30 15:31:24.818  1000  2741  2777 I sysui_histogram: [dozing_minutes,1]
07-30 15:31:53.856  1000  2741  3961 I sysui_histogram: [note_load,1]
07-30 15:31:54.603  1000  2741  3293 I sysui_histogram: [note_freshness,958]
07-30 15:33:36.158  1000  2741  7470 I sysui_histogram: [note_load,1]
07-30 15:33:37.024  1000  2741  3324 I sysui_histogram: [note_freshness,1252]
07-30 15:33:37.024  1000  2741  3324 I sysui_histogram: [note_freshness,1282]
07-30 15:33:37.025  1000  2741  3324 I sysui_histogram: [note_freshness,1245]
07-30 15:33:37.025  1000  2741  3324 I sysui_histogram: [note_freshness,1308]
07-30 15:33:56.437  1000  2741  2877 I sysui_histogram: [power_consecutive_short_tap_count,1]
07-30 15:33:56.437  1000  2741  2877 I sysui_histogram: [power_double_tap_interval,271070]
07-30 15:34:06.928  1000  2741 21977 I sysui_histogram: [note_load,18]
07-30 15:34:07.444  1000  2741 21977 I sysui_histogram: [note_freshness,342906]
07-30 15:34:07.444  1000  2741 21977 I sysui_histogram: [note_freshness,4779965]
07-30 15:34:07.445  1000  2741 21977 I sysui_histogram: [note_freshness,17249444]
07-30 15:34:07.445  1000  2741 21977 I sysui_histogram: [note_freshness,342870]
07-30 15:34:07.445  1000  2741 21977 I sysui_histogram: [note_freshness,27026238]
07-30 15:34:07.445  1000  2741 21977 I sysui_histogram: [note_freshness,342992]
07-30 15:34:07.446  1000  2741 21977 I sysui_histogram: [note_freshness,342852]
07-30 15:34:07.446  1000  2741 21977 I sysui_histogram: [note_freshness,34514]
07-30 15:34:14.175  1000  6964  6964 I sysui_histogram: [search_asynchronous_indexing,922]
07-30 15:36:31.139  1000  2741  2877 I sysui_histogram: [power_consecutive_short_tap_count,1]
07-30 15:36:31.140  1000  2741  2877 I sysui_histogram: [power_double_tap_interval,154409]
07-30 15:36:31.348  1000  2741  2741 I sysui_histogram: [fingerprint_token,0]
07-30 15:36:32.332  1000  2741 15709 I sysui_histogram: [note_load,18]
07-30 15:36:32.349  1000  2741  2741 I sysui_histogram: [screen_timeout,60]
07-30 15:41:10.366  1000  2741  2877 I sysui_histogram: [power_consecutive_short_tap_count,1]
07-30 15:41:10.366  1000  2741  2877 I sysui_histogram: [power_double_tap_interval,141110]
07-30 15:41:10.516  1000  2741 15709 I sysui_histogram: [note_load,18]
07-30 15:41:10.889  1000  2741  2777 I sysui_histogram: [dozing_minutes,4]
07-30 15:42:11.350 10012 30653 30653 I sysui_histogram: [docsui_launch_action,7]
07-30 15:42:11.352 10012 30653 30653 I sysui_histogram: [docsui_browse_root,1]
07-30 15:42:11.804 10012 30653 30653 I sysui_histogram: [docsui_startup_ms,502]
07-30 15:42:19.685  1000  2741 21980 I sysui_histogram: [note_load,14]
07-30 15:42:20.209  1000  2741 21980 I sysui_histogram: [note_freshness,835670]
07-30 15:42:20.209  1000  2741 21980 I sysui_histogram: [note_freshness,5272730]
07-30 15:42:20.209  1000  2741 21980 I sysui_histogram: [note_freshness,17742209]
07-30 15:42:20.210  1000  2741 21980 I sysui_histogram: [note_freshness,835634]
07-30 15:42:20.210  1000  2741 21980 I sysui_histogram: [note_freshness,27519003]
07-30 15:42:20.210  1000  2741 21980 I sysui_histogram: [note_freshness,835757]
07-30 15:42:20.211  1000  2741 21980 I sysui_histogram: [note_freshness,835617]
07-30 15:42:20.211  1000  2741 21980 I sysui_histogram: [note_freshness,5355]
07-30 15:42:26.195  1000  6964  6964 I sysui_histogram: [search_asynchronous_indexing,657]
07-30 15:46:27.888  1000  2741 21976 I sysui_histogram: [note_load,1]
07-30 15:46:28.724  1000  2741 21976 I sysui_histogram: [note_freshness,1085]
07-30 15:46:28.724  1000  2741 21976 I sysui_histogram: [note_freshness,1121]
07-30 15:46:28.724  1000  2741 21976 I sysui_histogram: [note_freshness,1076]
07-30 15:46:28.724  1000  2741 21976 I sysui_histogram: [note_freshness,1160]
07-30 15:48:51.224  1000  2741  2755 I sysui_histogram: [note_load,21]
07-30 15:48:51.738  1000  2741  2755 I sysui_histogram: [note_freshness,65836]
07-30 15:48:51.739  1000  2741  2755 I sysui_histogram: [note_freshness,5664260]
07-30 15:48:51.739  1000  2741  2755 I sysui_histogram: [note_freshness,1227286]
07-30 15:48:51.740  1000  2741  2755 I sysui_histogram: [note_freshness,101997]
07-30 15:49:03.415  1000  6964  6964 I sysui_histogram: [search_asynchronous_indexing,656]
07-30 15:49:13.055  1000  2741  3632 I sysui_histogram: [note_load,22]
07-30 15:49:13.562  1000  2741  6406 I sysui_histogram: [note_freshness,87660]
07-30 15:49:13.562  1000  2741  6406 I sysui_histogram: [note_freshness,5686083]
07-30 15:49:13.563  1000  2741  6406 I sysui_histogram: [note_freshness,1249110]
07-30 15:49:13.563  1000  2741  6406 I sysui_histogram: [note_freshness,123821]
07-30 15:49:16.516  1000  2741  2755 I sysui_histogram: [note_freshness,53315]
07-30 15:49:16.516  1000  2741  2755 I sysui_histogram: [note_freshness,1251978]
07-30 15:49:16.516  1000  2741  2755 I sysui_histogram: [note_freshness,918983]
07-30 15:49:16.517  1000  2741  2755 I sysui_histogram: [note_freshness,18158516]
07-30 15:49:16.517  1000  2741  2755 I sysui_histogram: [note_freshness,53354]
07-30 15:49:16.517  1000  2741  2755 I sysui_histogram: [note_freshness,1251942]
07-30 15:49:16.517  1000  2741  2755 I sysui_histogram: [note_freshness,27935310]
07-30 15:49:16.518  1000  2741  2755 I sysui_histogram: [note_freshness,1251923]
07-30 15:49:16.518  1000  2741  2755 I sysui_histogram: [note_freshness,53294]
07-30 15:49:16.518  1000  2741  2755 I sysui_histogram: [note_freshness,53378]
07-30 15:49:17.016  1000  2741  6406 I sysui_histogram: [note_freshness,11875986]
07-30 15:49:19.055  1000  2741 21978 I sysui_histogram: [note_freshness,18844797]
07-30 15:49:20.097  1000  2741  2741 I sysui_histogram: [note_click_longevity,218]
07-30 15:50:01.955  1000  2741 16369 I sysui_histogram: [note_load,1]
07-30 15:50:02.717  1000  2741  2756 I sysui_histogram: [note_freshness,544]
07-30 15:50:04.824  1000  2741  3960 I sysui_histogram: [note_freshness,605]
07-30 15:50:04.825  1000  2741  3960 I sysui_histogram: [note_freshness,576]
07-30 15:50:04.825  1000  2741  3960 I sysui_histogram: [note_freshness,674]
07-30 15:50:04.825  1000  2741  3960 I sysui_histogram: [note_freshness,570]
07-30 15:50:04.825  1000  2741  3960 I sysui_histogram: [note_freshness,698]
07-30 15:50:14.614  1000  2741  6524 I sysui_histogram: [note_load,24]
07-30 15:50:15.132  1000  2741  3962 I sysui_histogram: [note_freshness,10913]
07-30 15:50:15.132  1000  2741  3962 I sysui_histogram: [note_freshness,10884]
07-30 15:50:15.133  1000  2741  3962 I sysui_histogram: [note_freshness,1186]
07-30 15:50:15.133  1000  2741  3962 I sysui_histogram: [note_freshness,5747654]
07-30 15:50:15.134  1000  2741  3962 I sysui_histogram: [note_freshness,10983]
07-30 15:50:15.134  1000  2741  3962 I sysui_histogram: [note_freshness,1226]
07-30 15:50:15.135  1000  2741  3962 I sysui_histogram: [note_freshness,1177]
07-30 15:50:15.135  1000  2741  3962 I sysui_histogram: [note_freshness,10880]
07-30 15:50:15.135  1000  2741  3962 I sysui_histogram: [note_freshness,185393]
07-30 15:50:15.136  1000  2741  3962 I sysui_histogram: [note_freshness,7439]
07-30 15:50:17.946  1000  2741  3962 I sysui_histogram: [note_freshness,13727]
07-30 15:50:17.946  1000  2741  3962 I sysui_histogram: [note_freshness,13698]
07-30 15:50:17.946  1000  2741  3962 I sysui_histogram: [note_freshness,3999]
07-30 15:50:17.947  1000  2741  3962 I sysui_histogram: [note_freshness,5750468]
07-30 15:50:17.947  1000  2741  3962 I sysui_histogram: [note_freshness,13796]
07-30 15:50:17.947  1000  2741  3962 I sysui_histogram: [note_freshness,4039]
07-30 15:50:17.948  1000  2741  3962 I sysui_histogram: [note_freshness,3990]
07-30 15:50:17.948  1000  2741  3962 I sysui_histogram: [note_freshness,188206]
07-30 15:50:19.992  1000  2741  3962 I sysui_histogram: [note_freshness,1315454]
07-30 15:50:19.992  1000  2741  3962 I sysui_histogram: [note_freshness,18221992]
07-30 15:50:19.993  1000  2741  3962 I sysui_histogram: [note_freshness,1315418]
07-30 15:50:19.993  1000  2741  3962 I sysui_histogram: [note_freshness,1315540]
07-30 15:50:19.993  1000  2741  3962 I sysui_histogram: [note_freshness,1315399]
07-30 15:50:20.493  1000  2741  3962 I sysui_histogram: [note_freshness,27999285]
07-30 15:50:25.506  1000  2741 21978 I sysui_histogram: [note_freshness,148991]
07-30 15:50:25.507  1000  2741 21978 I sysui_histogram: [note_freshness,2119]
07-30 15:50:25.507  1000  2741 21978 I sysui_histogram: [note_freshness,987974]
07-30 15:50:25.507  1000  2741 21978 I sysui_histogram: [note_freshness,18911250]
07-30 15:57:48.849  1000  2741 16381 I sysui_histogram: [note_load,1]
07-30 15:57:49.640  1000  2741  2756 I sysui_histogram: [note_freshness,998]
07-30 15:57:49.640  1000  2741  2756 I sysui_histogram: [note_freshness,968]
07-30 15:57:49.641  1000  2741  2756 I sysui_histogram: [note_freshness,1030]
07-30 15:57:49.641  1000  2741  2756 I sysui_histogram: [note_freshness,960]
07-30 15:57:49.642  1000  2741  2756 I sysui_histogram: [note_freshness,1057]
07-30 15:58:05.038  1000  2741  6406 I sysui_histogram: [note_load,24]
07-30 15:58:05.541  1000  2741 16381 I sysui_histogram: [note_freshness,1781003]
07-30 15:58:05.542  1000  2741 16381 I sysui_histogram: [note_freshness,347282]
07-30 15:58:05.542  1000  2741 16381 I sysui_histogram: [note_freshness,6218063]
07-30 15:58:05.542  1000  2741 16381 I sysui_histogram: [note_freshness,18687542]
07-30 15:58:05.543  1000  2741 16381 I sysui_histogram: [note_freshness,1780968]
07-30 15:58:05.543  1000  2741 16381 I sysui_histogram: [note_freshness,347237]
07-30 15:58:05.544  1000  2741 16381 I sysui_histogram: [note_freshness,347299]
07-30 15:58:05.544  1000  2741 16381 I sysui_histogram: [note_freshness,347248]
07-30 15:58:05.545  1000  2741 16381 I sysui_histogram: [note_freshness,1781091]
07-30 15:58:05.545  1000  2741 16381 I sysui_histogram: [note_freshness,1780951]
07-30 15:58:05.545  1000  2741 16381 I sysui_histogram: [note_freshness,477848]
07-30 15:58:13.372  1000  2741 15709 I sysui_histogram: [note_freshness,740]
07-30 15:58:17.293  1000  2741  2756 I sysui_histogram: [note_freshness,359033]
07-30 15:58:17.293  1000  2741  2756 I sysui_histogram: [note_freshness,6229814]
07-30 15:58:17.294  1000  2741  2756 I sysui_histogram: [note_freshness,358987]
07-30 15:58:17.294  1000  2741  2756 I sysui_histogram: [note_freshness,359050]
07-30 15:58:17.294  1000  2741  2756 I sysui_histogram: [note_freshness,358998]
07-30 15:58:17.294  1000  2741  2756 I sysui_histogram: [note_freshness,1792841]
07-30 15:58:17.295  1000  2741  2756 I sysui_histogram: [note_freshness,1792700]
07-30 15:58:18.848  1000  2741  3003 I sysui_histogram: [note_freshness,1794272]
07-30 15:58:19.361  1000  2741  3003 I sysui_histogram: [note_freshness,1794823]
07-30 15:58:19.361  1000  2741  3003 I sysui_histogram: [note_freshness,28271]
07-30 15:58:19.361  1000  2741  3003 I sysui_histogram: [note_freshness,18701361]
07-30 15:58:19.362  1000  2741  3003 I sysui_histogram: [note_freshness,28478154]
07-30 15:58:19.362  1000  2741  3003 I sysui_histogram: [note_freshness,28263]
07-30 15:58:22.011  1000  2741  3003 I sysui_histogram: [note_freshness,1797416]
07-30 15:58:22.512  1000  2741  3003 I sysui_histogram: [note_freshness,1797973]
07-30 15:58:22.512  1000  2741  3003 I sysui_histogram: [note_freshness,31422]
07-30 15:58:22.512  1000  2741  3003 I sysui_histogram: [note_freshness,18704512]
07-30 15:58:22.513  1000  2741  3003 I sysui_histogram: [note_freshness,1797938]
07-30 15:58:22.513  1000  2741  3003 I sysui_histogram: [note_freshness,28481306]
07-30 15:58:22.513  1000  2741  3003 I sysui_histogram: [note_freshness,31414]
07-30 15:58:23.024  1000  2741  3003 I sysui_histogram: [note_freshness,31950]
07-30 15:58:23.024  1000  2741  3003 I sysui_histogram: [note_freshness,1465491]
07-30 15:58:23.025  1000  2741  3003 I sysui_histogram: [note_freshness,31979]
07-30 15:58:23.538  1000  2741  2756 I sysui_histogram: [note_freshness,60335]
07-30 15:58:23.539  1000  2741  2756 I sysui_histogram: [note_freshness,19389282]
07-30 16:00:44.967  1000  2741  3003 I sysui_histogram: [note_load,25]
07-30 16:00:45.471  1000  2741 15709 I sysui_histogram: [note_freshness,507210]
07-30 16:00:45.471  1000  2741 15709 I sysui_histogram: [note_freshness,6377992]
07-30 16:00:45.471  1000  2741 15709 I sysui_histogram: [note_freshness,152840]
07-30 16:00:45.472  1000  2741 15709 I sysui_histogram: [note_freshness,507166]
07-30 16:00:45.472  1000  2741 15709 I sysui_histogram: [note_freshness,507228]
07-30 16:00:45.472  1000  2741 15709 I sysui_histogram: [note_freshness,507176]
07-30 16:00:45.473  1000  2741 15709 I sysui_histogram: [note_freshness,72489]
07-30 16:00:45.473  1000  2741 15709 I sysui_histogram: [note_freshness,637776]
07-30 16:00:48.582  1000  2741 15709 I sysui_histogram: [note_freshness,1216]
07-30 16:00:48.582  1000  2741 15709 I sysui_histogram: [note_freshness,1091]
07-30 16:00:48.583  1000  2741 15709 I sysui_histogram: [note_freshness,977]
07-30 16:00:48.583  1000  2741 15709 I sysui_histogram: [note_freshness,1045]
07-30 16:00:48.583  1000  2741 15709 I sysui_histogram: [note_freshness,1134]
07-30 16:00:54.215  1000  2741 16381 I sysui_histogram: [note_freshness,515955]
07-30 16:00:54.216  1000  2741 16381 I sysui_histogram: [note_freshness,6386737]
07-30 16:00:54.216  1000  2741 16381 I sysui_histogram: [note_freshness,161585]
07-30 16:00:54.216  1000  2741 16381 I sysui_histogram: [note_freshness,515910]
07-30 16:00:54.217  1000  2741 16381 I sysui_histogram: [note_freshness,515972]
07-30 16:00:54.217  1000  2741 16381 I sysui_histogram: [note_freshness,515921]
07-30 16:00:57.035  1000  2741 16381 I sysui_histogram: [note_freshness,1952582]
07-30 16:00:57.553  1000  2741 16381 I sysui_histogram: [note_freshness,1953015]
07-30 16:00:57.553  1000  2741 16381 I sysui_histogram: [note_freshness,1952978]
07-30 16:00:57.554  1000  2741 16381 I sysui_histogram: [note_freshness,1952960]
07-30 16:00:58.054  1000  2741 16381 I sysui_histogram: [note_freshness,18860053]
07-30 16:00:59.190  1000  2741 16381 I sysui_histogram: [note_freshness,28637983]
07-30 16:01:01.596  1000  2741 16381 I sysui_histogram: [note_freshness,218392]
07-30 16:01:01.596  1000  2741 16381 I sysui_histogram: [note_freshness,135351]
07-30 16:01:01.596  1000  2741 16381 I sysui_histogram: [note_freshness,135334]
07-30 16:01:01.596  1000  2741 16381 I sysui_histogram: [note_freshness,1624063]
07-30 16:01:01.597  1000  2741 16381 I sysui_histogram: [note_freshness,135379]
07-30 16:01:01.597  1000  2741 16381 I sysui_histogram: [note_freshness,19547340]
07-30 16:01:01.597  1000  2741 16381 I sysui_histogram: [note_freshness,135329]
07-30 16:02:14.414  1000  2741 16381 I sysui_histogram: [note_load,1]
07-30 16:02:15.217  1000  2741 16381 I sysui_histogram: [note_freshness,1020]
07-30 16:02:15.218  1000  2741 16381 I sysui_histogram: [note_freshness,988]
07-30 16:02:15.218  1000  2741 16381 I sysui_histogram: [note_freshness,964]
07-30 16:02:15.219  1000  2741 16381 I sysui_histogram: [note_freshness,1068]
07-30 16:02:15.219  1000  2741 16381 I sysui_histogram: [note_freshness,961]
07-30 16:02:15.220  1000  2741 16381 I sysui_histogram: [note_freshness,1102]
07-30 16:02:19.543  1000  2741  2741 I sysui_histogram: [note_click_longevity,0]
07-30 16:03:15.998  1000  2741  3960 I sysui_histogram: [note_load,28]
07-30 16:03:16.500  1000  2741  3960 I sysui_histogram: [note_freshness,129498]
07-30 16:03:16.501  1000  2741  3960 I sysui_histogram: [note_freshness,10540]
07-30 16:03:16.501  1000  2741  3960 I sysui_histogram: [note_freshness,10490]
07-30 16:03:16.501  1000  2741  3960 I sysui_histogram: [note_freshness,112333]
07-30 16:03:16.502  1000  2741  3960 I sysui_histogram: [note_freshness,6529023]
07-30 16:03:16.502  1000  2741  3960 I sysui_histogram: [note_freshness,112304]
07-30 16:03:16.502  1000  2741  3960 I sysui_histogram: [note_freshness,303871]
07-30 16:03:16.503  1000  2741  3960 I sysui_histogram: [note_freshness,149054]
07-30 16:03:16.503  1000  2741  3960 I sysui_histogram: [note_freshness,112348]
07-30 16:03:16.503  1000  2741  3960 I sysui_histogram: [note_freshness,112320]
07-30 16:03:16.504  1000  2741  3960 I sysui_histogram: [note_freshness,788806]
07-30 16:03:17.659  1000  2741  3960 I sysui_histogram: [note_freshness,2093121]
07-30 16:03:17.660  1000  2741  3960 I sysui_histogram: [note_freshness,18999659]
07-30 16:03:17.660  1000  2741  3960 I sysui_histogram: [note_freshness,2093085]
07-30 16:03:17.660  1000  2741  3960 I sysui_histogram: [note_freshness,2093207]
07-30 16:03:17.661  1000  2741  3960 I sysui_histogram: [note_freshness,2093066]
07-30 16:03:18.176  1000  2741  3960 I sysui_histogram: [note_freshness,28776968]
07-30 16:03:19.203  1000  2741  3960 I sysui_histogram: [note_freshness,1761669]
07-30 16:03:19.716  1000  2741  3960 I sysui_histogram: [note_freshness,356513]
07-30 16:03:19.717  1000  2741  3960 I sysui_histogram: [note_freshness,19685460]
07-30 16:03:21.768  1000  2741  3960 I sysui_histogram: [note_freshness,117599]
07-30 16:03:21.768  1000  2741  3960 I sysui_histogram: [note_freshness,6534289]
07-30 16:03:21.769  1000  2741  3960 I sysui_histogram: [note_freshness,117570]
07-30 16:03:21.769  1000  2741  3960 I sysui_histogram: [note_freshness,309138]
07-30 16:03:21.769  1000  2741  3960 I sysui_histogram: [note_freshness,117614]
07-30 16:03:21.770  1000  2741  3960 I sysui_histogram: [note_freshness,117586]
07-30 16:03:22.784  1000  2741  3960 I sysui_histogram: [note_freshness,135782]
07-30 16:03:22.785  1000  2741  3960 I sysui_histogram: [note_freshness,16824]
07-30 16:03:22.785  1000  2741  3960 I sysui_histogram: [note_freshness,16774]
07-30 16:03:22.786  1000  2741  3960 I sysui_histogram: [note_freshness,155336]
07-30 16:03:23.288  1000  2741  3960 I sysui_histogram: [note_freshness,795591]
07-30 16:03:26.765  1000  6964  6964 I sysui_histogram: [search_asynchronous_indexing,783]
07-30 16:10:17.064  1000  2741  2755 I sysui_histogram: [note_load,1]
07-30 16:10:17.975  1000  2741  3953 I sysui_histogram: [note_freshness,1341]
07-30 16:10:17.976  1000  2741  3953 I sysui_histogram: [note_freshness,1320]
07-30 16:10:17.976  1000  2741  3953 I sysui_histogram: [note_freshness,1376]
07-30 16:10:17.976  1000  2741  3953 I sysui_histogram: [note_freshness,1298]
07-30 16:10:17.976  1000  2741  3953 I sysui_histogram: [note_freshness,1293]
07-30 16:10:17.977  1000  2741  3953 I sysui_histogram: [note_freshness,1401]
07-30 16:10:46.821  1000  2741  3953 I sysui_histogram: [note_load,36]
07-30 16:10:47.323  1000  2741  3953 I sysui_histogram: [note_freshness,30689]
07-30 16:10:47.324  1000  2741  3953 I sysui_histogram: [note_freshness,461313]
07-30 16:10:47.324  1000  2741  3953 I sysui_histogram: [note_freshness,30669]
07-30 16:10:47.325  1000  2741  3953 I sysui_histogram: [note_freshness,338532]
07-30 16:10:47.325  1000  2741  3953 I sysui_histogram: [note_freshness,754694]
07-30 16:10:47.325  1000  2741  3953 I sysui_histogram: [note_freshness,599876]
07-30 16:10:47.326  1000  2741  3953 I sysui_histogram: [note_freshness,26709]
07-30 16:10:47.326  1000  2741  3953 I sysui_histogram: [note_freshness,30648]
07-30 16:10:47.326  1000  2741  3953 I sysui_histogram: [note_freshness,128694]
07-30 16:10:47.327  1000  2741  3953 I sysui_histogram: [note_freshness,30644]
07-30 16:10:47.327  1000  2741  3953 I sysui_histogram: [note_freshness,1239630]
07-30 16:10:51.033  1000  2741  3961 I sysui_histogram: [note_freshness,34399]
07-30 16:10:51.034  1000  2741  3961 I sysui_histogram: [note_freshness,465023]
07-30 16:10:51.034  1000  2741  3961 I sysui_histogram: [note_freshness,34379]
07-30 16:10:51.034  1000  2741  3961 I sysui_histogram: [note_freshness,342242]
07-30 16:10:51.034  1000  2741  3961 I sysui_histogram: [note_freshness,758403]
07-30 16:10:51.035  1000  2741  3961 I sysui_histogram: [note_freshness,603586]
07-30 16:10:51.035  1000  2741  3961 I sysui_histogram: [note_freshness,34357]
07-30 16:10:51.035  1000  2741  3961 I sysui_histogram: [note_freshness,132403]
07-30 16:10:51.535  1000  2741  3961 I sysui_histogram: [note_freshness,30919]
