07-30 16:10:54.695  1000  2741  2741 I sysui_histogram: [note_click_longevity,0]
07-30 16:11:15.869  1000  2741  2755 I sysui_histogram: [note_load,1]
07-30 16:11:16.767  1000  2741  3961 I sysui_histogram: [note_freshness,1371]
07-30 16:11:16.767  1000  2741  3961 I sysui_histogram: [note_freshness,1356]
07-30 16:11:16.767  1000  2741  3961 I sysui_histogram: [note_freshness,1414]
07-30 16:11:16.768  1000  2741  3961 I sysui_histogram: [note_freshness,1337]
07-30 16:11:16.768  1000  2741  3961 I sysui_histogram: [note_freshness,1327]
07-30 16:11:16.769  1000  2741  3961 I sysui_histogram: [note_freshness,1444]
07-30 16:11:55.521  1000  2741  2741 I sysui_histogram: [fingerprint_token,0]
07-30 16:11:56.380  1000  2741  3953 I sysui_histogram: [note_load,37]
07-30 16:11:56.398  1000  2741  2741 I sysui_histogram: [screen_timeout,60]
07-30 16:14:45.165  1000  2741  2777 I sysui_histogram: [dozing_minutes,2]
07-30 16:14:55.916  1000  2741  2755 I sysui_histogram: [note_load,38]
07-30 16:14:55.934  1000  2741  2741 I sysui_histogram: [fingerprint_token,0]
07-30 16:16:26.310  1000  2741  2741 I sysui_histogram: [fingerprint_token,0]
07-30 16:16:27.133  1000  2741  2756 I sysui_histogram: [note_load,35]
07-30 16:16:27.147  1000  2741  2741 I sysui_histogram: [screen_timeout,60]
07-30 16:19:02.239  1000  2741  2877 I sysui_histogram: [power_consecutive_short_tap_count,1]
07-30 16:19:02.239  1000  2741  2877 I sysui_histogram: [power_double_tap_interval,2271995]
07-30 16:19:02.392  1000  2741  6520 I sysui_histogram: [note_load,37]
07-30 16:19:02.744  1000  2741  2777 I sysui_histogram: [dozing_minutes,2]
07-30 16:19:07.197  1000  2741  3242 I sysui_histogram: [note_load,37]
07-30 16:19:07.216  1000  2741  2741 I sysui_histogram: [fingerprint_token,0]
07-30 16:19:18.405  1000  2741  3962 I sysui_histogram: [note_load,1]
07-30 16:19:19.190  1000  2741  3962 I sysui_histogram: [note_freshness,998]
07-30 16:19:35.178  1000  2741  6520 I sysui_histogram: [note_load,38]
07-30 16:19:35.687  1000  2741  6520 I sysui_histogram: [note_freshness,152832]
07-30 16:19:35.687  1000  2741  6520 I sysui_histogram: [note_freshness,28429]
07-30 16:19:35.688  1000  2741  6520 I sysui_histogram: [note_freshness,7508208]
07-30 16:19:35.688  1000  2741  6520 I sysui_histogram: [note_freshness,1283057]
07-30 16:19:35.688  1000  2741  6520 I sysui_histogram: [note_freshness,1128239]
07-30 16:19:35.689  1000  2741  6520 I sysui_histogram: [note_freshness,273874]
07-30 16:19:35.689  1000  2741  6520 I sysui_histogram: [note_freshness,163650]
07-30 16:19:35.689  1000  2741  6520 I sysui_histogram: [note_freshness,1767992]
07-30 16:19:39.131  1000  6964  6964 I sysui_histogram: [search_asynchronous_indexing,691]
07-30 16:20:02.159  1000  2741 21976 I sysui_histogram: [note_load,1]
07-30 16:20:03.124  1000  2741 16381 I sysui_histogram: [note_freshness,1448]
07-30 16:20:03.125  1000  2741 16381 I sysui_histogram: [note_freshness,1414]
07-30 16:20:03.125  1000  2741 16381 I sysui_histogram: [note_freshness,1498]
07-30 16:20:03.125  1000  2741 16381 I sysui_histogram: [note_freshness,1398]
07-30 16:20:03.126  1000  2741 16381 I sysui_histogram: [note_freshness,1386]
07-30 16:20:03.126  1000  2741 16381 I sysui_histogram: [note_freshness,1534]
07-30 16:20:38.888  1000  2741 16369 I sysui_histogram: [note_load,1]
07-30 16:20:39.713  1000  2741 21976 I sysui_histogram: [note_freshness,1153]
07-30 16:20:39.714  1000  2741 21976 I sysui_histogram: [note_freshness,1132]
07-30 16:20:39.714  1000  2741 21976 I sysui_histogram: [note_freshness,1185]
07-30 16:20:39.715  1000  2741 21976 I sysui_histogram: [note_freshness,1112]
07-30 16:20:39.715  1000  2741 21976 I sysui_histogram: [note_freshness,1072]
07-30 16:20:39.716  1000  2741 21976 I sysui_histogram: [note_freshness,1065]
07-30 16:20:39.716  1000  2741 21976 I sysui_histogram: [note_freshness,1207]
07-30 16:30:07.353  1000  2741  3962 I sysui_histogram: [note_load,1]
07-30 16:30:08.134  1000  2741 15709 I sysui_histogram: [note_freshness,1113]
07-30 16:30:08.134  1000  2741 15709 I sysui_histogram: [note_freshness,1092]
07-30 16:30:08.135  1000  2741 15709 I sysui_histogram: [note_freshness,1143]
07-30 16:30:08.135  1000  2741 15709 I sysui_histogram: [note_freshness,1054]
07-30 16:30:08.135  1000  2741 15709 I sysui_histogram: [note_freshness,1074]
07-30 16:30:08.136  1000  2741 15709 I sysui_histogram: [note_freshness,1047]
07-30 16:30:08.136  1000  2741 15709 I sysui_histogram: [note_freshness,1161]
07-30 16:33:35.474  1000  2741  2877 I sysui_histogram: [power_consecutive_short_tap_count,1]
07-30 16:33:35.474  1000  2741  2877 I sysui_histogram: [power_double_tap_interval,873276]
07-30 16:34:28.345  1000  2741  6520 I sysui_histogram: [note_load,1]
07-30 16:34:29.297  1000  2741  6520 I sysui_histogram: [note_freshness,1357]
07-30 16:34:29.297  1000  2741  6520 I sysui_histogram: [note_freshness,1405]
07-30 16:34:29.298  1000  2741  6520 I sysui_histogram: [note_freshness,1334]
07-30 16:34:29.298  1000  2741  6520 I sysui_histogram: [note_freshness,1319]
07-30 16:34:29.298  1000  2741  6520 I sysui_histogram: [note_freshness,1434]
07-30 16:34:30.674  1000  2741  6925 I sysui_histogram: [note_load,49]
07-30 16:35:05.937  1000  2741  3293 I sysui_histogram: [note_load,44]
07-30 16:35:06.441  1000  2741  6520 I sysui_histogram: [note_freshness,8438962]
07-30 16:35:06.442  1000  2741  6520 I sysui_histogram: [note_freshness,2213811]
07-30 16:35:06.443  1000  2741  6520 I sysui_histogram: [note_freshness,2058993]
07-30 16:35:06.443  1000  2741  6520 I sysui_histogram: [note_freshness,4001990]
07-30 16:35:06.444  1000  2741  6520 I sysui_histogram: [note_freshness,255560]
07-30 16:35:06.444  1000  2741  6520 I sysui_histogram: [note_freshness,4001850]
07-30 16:35:06.445  1000  2741  6520 I sysui_histogram: [note_freshness,245262]
07-30 16:35:06.445  1000  2741  6520 I sysui_histogram: [note_freshness,185481]
07-30 16:35:06.445  1000  2741  6520 I sysui_histogram: [note_freshness,2698748]
07-30 16:35:11.597  1000  6964  6964 I sysui_histogram: [search_asynchronous_indexing,309]
07-30 16:35:24.605 10012 30653 30653 I sysui_histogram: [docsui_launch_action,7]
07-30 16:35:24.605 10012 30653 30653 I sysui_histogram: [docsui_browse_root,4]
07-30 16:35:24.944 10012 30653 30653 I sysui_histogram: [docsui_startup_ms,367]
07-30 16:36:11.627  1000  2741  3960 I sysui_histogram: [note_load,1]
07-30 16:36:12.557  1000  2741 21980 I sysui_histogram: [note_freshness,1335]
07-30 16:36:12.558  1000  2741 21980 I sysui_histogram: [note_freshness,1318]
07-30 16:36:12.558  1000  2741 21980 I sysui_histogram: [note_freshness,1292]
07-30 16:36:12.559  1000  2741 21980 I sysui_histogram: [note_freshness,1353]
07-30 16:36:29.005  1000  2741  2741 I sysui_histogram: [fingerprint_token,0]
07-30 16:36:29.884  1000  2741  3293 I sysui_histogram: [note_load,49]
07-30 16:36:29.899  1000  2741  2741 I sysui_histogram: [screen_timeout,60]
07-30 16:40:43.926  1000  2741  3163 I sysui_histogram: [note_load,51]
07-30 16:40:44.283  1000  2741  2777 I sysui_histogram: [dozing_minutes,4]
07-30 16:41:08.993  1000  2741  3293 I sysui_histogram: [note_load,51]
07-30 16:41:09.515  1000  2741  3163 I sysui_histogram: [note_freshness,8802035]
07-30 16:41:09.515  1000  2741  3163 I sysui_histogram: [note_freshness,2576884]
07-30 16:41:09.515  1000  2741  3163 I sysui_histogram: [note_freshness,2422066]
07-30 16:41:09.516  1000  2741  3163 I sysui_histogram: [note_freshness,608334]
07-30 16:41:09.518  1000  2741  3163 I sysui_histogram: [note_freshness,548553]
07-30 16:41:09.518  1000  2741  3163 I sysui_histogram: [note_freshness,345744]
07-30 16:41:09.518  1000  2741  3163 I sysui_histogram: [note_freshness,3061821]
07-30 16:41:10.008  1000  2741  3960 I sysui_histogram: [note_freshness,4365555]
07-30 16:41:10.009  1000  2741  3960 I sysui_histogram: [note_freshness,4365414]
07-30 16:41:11.128  1000  2741  3163 I sysui_histogram: [note_freshness,4366590]
07-30 16:41:11.129  1000  2741  3163 I sysui_histogram: [note_freshness,21273129]
07-30 16:41:11.130  1000  2741  3163 I sysui_histogram: [note_freshness,4366554]
07-30 16:41:11.648  1000  2741  3323 I sysui_histogram: [note_freshness,31050440]
07-30 16:41:11.648  1000  2741  3323 I sysui_histogram: [note_freshness,3044]
07-30 16:41:14.155  1000  2741 15709 I sysui_histogram: [note_freshness,2630951]
07-30 16:41:14.155  1000  2741 15709 I sysui_histogram: [note_freshness,605]
07-30 16:41:14.156  1000  2741 15709 I sysui_histogram: [note_freshness,457727]
07-30 16:41:14.156  1000  2741 15709 I sysui_histogram: [note_freshness,5586]
07-30 16:41:14.156  1000  2741 15709 I sysui_histogram: [note_freshness,21959899]
07-30 16:41:14.157  1000  2741 15709 I sysui_histogram: [note_freshness,5610]
07-30 16:41:14.158  1000  2741 15709 I sysui_histogram: [note_freshness,5563]
07-30 16:41:14.675  1000  2741 15709 I sysui_histogram: [note_freshness,31053468]
07-30 16:41:18.704  1000  2741  2877 I sysui_histogram: [power_consecutive_short_tap_count,1]
07-30 16:41:18.705  1000  2741  2877 I sysui_histogram: [power_double_tap_interval,463709]
07-30 16:41:32.518  1000  2741  3960 I sysui_histogram: [note_load,52]
07-30 16:41:33.020  1000  2741  3960 I sysui_histogram: [note_freshness,8825541]
07-30 16:41:33.021  1000  2741  3960 I sysui_histogram: [note_freshness,2600389]
07-30 16:41:33.021  1000  2741  3960 I sysui_histogram: [note_freshness,2445572]
07-30 16:41:33.022  1000  2741  3960 I sysui_histogram: [note_freshness,4388568]
07-30 16:41:33.022  1000  2741  3960 I sysui_histogram: [note_freshness,4388428]
07-30 16:41:33.022  1000  2741  3960 I sysui_histogram: [note_freshness,631840]
07-30 16:41:33.023  1000  2741  3960 I sysui_histogram: [note_freshness,572059]
07-30 16:41:33.025  1000  2741  3960 I sysui_histogram: [note_freshness,369249]
07-30 16:41:33.026  1000  2741  3960 I sysui_histogram: [note_freshness,3085328]
07-30 16:41:33.675  1000  2741 15709 I sysui_histogram: [note_freshness,4389098]
07-30 16:41:34.185  1000  2741  7024 I sysui_histogram: [note_freshness,2650981]
07-30 16:41:34.185  1000  2741  7024 I sysui_histogram: [note_freshness,352]
07-30 16:41:34.186  1000  2741  7024 I sysui_histogram: [note_freshness,477757]
07-30 16:41:34.186  1000  2741  7024 I sysui_histogram: [note_freshness,25616]
07-30 16:41:34.186  1000  2741  7024 I sysui_histogram: [note_freshness,21979929]
07-30 16:41:34.187  1000  2741  7024 I sysui_histogram: [note_freshness,25640]
07-30 16:41:34.187  1000  2741  7024 I sysui_histogram: [note_freshness,25592]
07-30 16:41:34.187  1000  2741  7024 I sysui_histogram: [note_freshness,25583]
07-30 16:41:34.686  1000  2741  7024 I sysui_histogram: [note_freshness,7778]
07-30 16:41:38.477  1000  2741  3960 I sysui_histogram: [note_freshness,31077269]
07-30 16:41:45.642  1000  2741  2741 I sysui_histogram: [note_click_longevity,0]
