06-05 17:01:04.675  1000  2628  2628 I power_screen_broadcast_send: 1
06-05 17:01:04.684  1000  2628  2628 I device_idle: [1,no activity]
06-05 17:01:04.684  1000  2628  2628 I device_idle_light: [1,no activity]
06-05 17:01:04.760 10034  3373  3373 I sysui_multi_action: [757,196,758,1,759,0]
06-05 17:01:04.760 10034  3373  3373 I sysui_status_bar_state: [1,1,0,0,0,1]
06-05 17:01:04.767  1000  2628  7826 I sysui_view_visibility: [127,0]
06-05 17:01:04.767  1000  2628  7826 I sysui_multi_action: [757,127,758,2]
06-05 17:01:04.767  1000  2628  7826 I notification_panel_hidden: 
06-05 17:01:04.848  1000  2628  2628 I power_screen_broadcast_done: [0,172,1]
06-05 17:01:29.415  1000  2628  2707 I am_pss  : [4079,10042,com.smartron.tronxlauncher,146598912,138543104,520192]
06-05 17:01:29.452  1000  2628  2707 I am_pss  : [10031,10033,com.smartron.tronxservices,16300032,13438976,179200]
06-05 17:01:29.501  1000  2628  2707 I am_pss  : [15443,10044,com.google.android.googlequicksearchbox:search,41856000,32784384,3866624]
06-05 17:03:38.491 10016 10888 12354 I gtalk_conn_close: [-236,8741]
06-05 17:03:38.499  1000  2628  3315 I netstats_mobile_sample: [86020948,64867,2998790,30024,85549836,58247,2751994,29922,85549836,58247,2751994,29922,1528198419068]
06-05 17:03:38.499  1000  2628  3315 I netstats_wifi_sample: [1861122045,1384162,47107594,674297,1860747685,1376452,37665268,674243,1853991348,1342833,37664680,674236,1528198419068]
06-05 17:03:39.491 10034  3373  3647 I sysui_multi_action: [757,1093,758,4,793,159392,1094,9437248,1095,4]
06-05 17:03:48.713  1000  2628  3315 I netstats_mobile_sample: [86022012,64879,3001816,30051,85550900,58259,2754804,29949,85550900,58259,2754804,29949,1528198429282]
06-05 17:03:48.713  1000  2628  3315 I netstats_wifi_sample: [1861122045,1384162,47107594,674297,1860747685,1376452,37665268,674243,1853991348,1342833,37664680,674236,1528198429282]
06-05 17:03:48.738  1000  2628  3315 I netstats_mobile_sample: [86022012,64879,3001816,30051,85550900,58259,2754804,29949,85550900,58259,2754804,29949,1528198429307]
06-05 17:03:48.738  1000  2628  3315 I netstats_wifi_sample: [1861122045,1384162,47107594,674297,1860747685,1376452,37665268,674243,1853991348,1342833,37664680,674236,1528198429307]
06-05 17:03:49.764 10034  3373  3647 I sysui_multi_action: [757,1093,758,4,793,10273,1094,9470016,1095,5]
06-05 17:04:04.685 10034  3373  3647 I sysui_multi_action: [757,1093,758,4,793,14921,1094,9470016,1095,5]
06-05 17:04:08.571 10016 10888 24194 I gtalk_connection: 16783873
06-05 17:04:10.630 10016 10888 24271 I gtalk_connection: 16777727
06-05 17:04:11.619 10034  3373  3647 I sysui_multi_action: [757,1093,758,4,793,6934,1094,9470016,1095,5]
06-05 17:04:28.189 10016 10888 24281 I c2dm    : [-2,,1,1]
06-05 17:04:29.644 10016 10888 24308 I c2dm    : [3,,1,1]
06-05 17:04:29.650 10016 10888 24308 I gtalk_heartbeat_reset: [240,74.125.68.188:5228]
06-05 17:04:29.651 10016 10888 24308 I gtalk_connection: 0
06-05 17:04:29.659 10016 10888 24308 I c2dm    : [7,,1,1]
06-05 17:04:30.170 10016 10888 24238 I gtalk_conn_close: [27,0]
06-05 17:04:46.850  1000  2628  2707 I am_pss  : [4118,10016,com.google.process.gservices,5959680,2056192,2779136]
06-05 17:05:12.348  1000  2628  3315 I netstats_mobile_sample: [86050372,65027,3028220,30247,85579260,58407,2779640,30145,85579260,58407,2779640,30145,1528198512872]
06-05 17:05:12.348  1000  2628  3315 I netstats_wifi_sample: [1861132239,1384236,47118901,674433,1860757643,1376521,37674531,674374,1854001306,1342902,37673943,674367,1528198512872]
06-05 17:05:13.363 10034  3373  3647 I sysui_multi_action: [757,1093,758,4,793,61743,1094,9437248,1095,4]
06-05 17:05:16.150  1000  2628  3315 I netstats_mobile_sample: [86050372,65027,3028220,30247,85579260,58407,2779640,30145,85579260,58407,2779640,30145,1528198516674]
06-05 17:05:16.150  1000  2628  3315 I netstats_wifi_sample: [1861132239,1384236,47118901,674433,1860757643,1376521,37674531,674374,1854001306,1342902,37673943,674367,1528198516674]
06-05 17:05:16.165  1000  2628  3315 I netstats_mobile_sample: [86050372,65027,3028220,30247,85579260,58407,2779640,30145,85579260,58407,2779640,30145,1528198516689]
06-05 17:05:16.165  1000  2628  3315 I netstats_wifi_sample: [1861132239,1384236,47118901,674433,1860757643,1376521,37674531,674374,1854001306,1342902,37673943,674367,1528198516689]
06-05 17:05:17.006 10016 10888 24394 I c2dm    : [-2,,1,1]
06-05 17:05:17.129 10034  3373  3647 I sysui_multi_action: [757,1093,758,4,793,3766,1094,9470016,1095,5]
06-05 17:05:17.224 10016 10888 24403 I c2dm    : [3,,1,1]
06-05 17:05:17.234 10016 10888 24403 I gtalk_heartbeat_reset: [66086,74.125.130.188:5228]
06-05 17:05:17.237 10016 10888 24403 I gtalk_connection: 0
06-05 17:05:17.244 10016 10888 24403 I c2dm    : [7,,1,1]
06-05 17:05:17.378  1000  2628  3315 I netstats_mobile_sample: [86050372,65027,3028220,30247,85579260,58407,2779640,30145,85579260,58407,2779640,30145,1528198517902]
06-05 17:05:17.379  1000  2628  3315 I netstats_wifi_sample: [1861137399,1384266,47123699,674469,1860762689,1376549,37678797,674409,1854003821,1342928,37678029,674399,1528198517902]
06-05 17:05:27.503 10034  3373  3647 I sysui_multi_action: [757,1093,758,4,793,10375,1094,9470016,1095,5]
06-05 17:05:31.742  1000  2628  2707 I am_pss  : [15443,10044,com.google.android.googlequicksearchbox:search,43377664,34185216,3972096]
06-05 17:06:08.742  1000  2628  2707 I device_idle_light_step: 
06-05 17:06:08.754  1000  2628  2707 I device_idle_light: [4,s:alarm]
06-05 17:06:08.826  1000  2628  2707 I am_pss  : [23474,10072,com.google.android.apps.messaging,27072512,23072768,1292288]
06-05 17:06:08.864  1000  2628  2707 I am_pss  : [15634,10007,com.google.android.ims,15389696,9265152,4120576]
06-05 17:06:08.898  1000  2628  2707 I am_pss  : [4118,10016,com.google.process.gservices,5949440,2195456,2629632]
06-05 17:06:08.899  1000  2628  2707 I device_idle_on_start: 
06-05 17:06:08.917  1000  2628  2707 I device_idle_on_phase: net
06-05 17:06:08.918  1000  2628  2707 I device_idle_on_complete: 
06-05 17:06:33.568 10034  3373  3647 I sysui_multi_action: [757,1093,758,4,793,66064,1094,9470016,1095,5]
06-05 17:07:09.374  1000  2628  2628 I auditd  : type=1400 audit(0.0:488): avc: denied { syslog_read } for comm="WifiStateMachin" scontext=u:r:system_server:s0 tcontext=u:r:kernel:s0 tclass=system permissive=0
06-05 17:07:09.410 10016 10888 24403 I gtalk_conn_close: [276,112]
06-05 17:07:09.417  1000  2628  3315 I netstats_mobile_sample: [86050372,65027,3028280,30248,85579260,58407,2779692,30146,85579260,58407,2779692,30146,1528198629706]
06-05 17:07:09.417  1000  2628  3315 I netstats_wifi_sample: [1861140641,1384290,47126245,674492,1860763974,1376560,37680100,674420,1854007637,1342941,37679512,674413,1528198629706]
06-05 17:07:09.517  1000  2628  2707 I am_pss  : [10888,10016,com.google.android.gms.persistent,64217088,55205888,81920]
06-05 17:07:09.584  1000  2628  2707 I am_pss  : [10873,10016,com.google.android.gms,66576384,57151488,81920]
06-05 17:07:09.627  1000  2628  2707 I am_pss  : [15758,10071,com.google.android.inputmethod.latin,44170240,41009152,97280]
06-05 17:07:09.662  1000  2628  2707 I am_pss  : [15417,10044,com.google.android.googlequicksearchbox:interactor,8013824,4079616,184320]
06-05 17:07:09.694  1000  2628  2707 I am_pss  : [4063,1001,com.qualcomm.qcrilmsgtunnel,5737472,3506176,1286144]
06-05 17:07:09.724  1000  2628  2707 I am_pss  : [4098,10085,com.android.smspush,3072000,954368,1413120]
06-05 17:07:10.445 10034  3373  3647 I sysui_multi_action: [757,1093,758,4,793,36877,1094,9437248,1095,4]
06-05 17:07:19.999 10016 10888 24581 I c2dm    : [-2,,1,1]
06-05 17:07:21.934 10016 10888 24608 I c2dm    : [3,,1,1]
06-05 17:07:21.939 10016 10888 24608 I gtalk_heartbeat_reset: [240,[2404:6800:4003:c03::bc]:5228]
06-05 17:07:21.941 10016 10888 24608 I gtalk_connection: 0
06-05 17:07:21.948 10016 10888 24608 I c2dm    : [7,,1,1]
06-05 17:07:22.382  1000  2628  3315 I netstats_mobile_sample: [86053658,65056,3036504,30293,85582546,58436,2787556,30191,85582546,58436,2787556,30191,1528198642671]
06-05 17:07:22.383  1000  2628  3315 I netstats_wifi_sample: [1861140641,1384290,47126245,674492,1860763974,1376560,37680100,674420,1854007637,1342941,37679512,674413,1528198642671]
06-05 17:07:22.395  1000  2628  3315 I netstats_mobile_sample: [86053658,65056,3036504,30293,85582546,58436,2787556,30191,85582546,58436,2787556,30191,1528198642684]
06-05 17:07:22.395  1000  2628  3315 I netstats_wifi_sample: [1861140641,1384290,47126245,674492,1860763974,1376560,37680100,674420,1854007637,1342941,37679512,674413,1528198642684]
06-05 17:07:23.355 10034  3373  3647 I sysui_multi_action: [757,1093,758,4,793,12910,1094,9470016,1095,5]
06-05 17:07:24.421 10034  3373  3647 I sysui_multi_action: [757,1093,758,4,793,1067,1094,9470016,1095,5]
06-05 17:07:25.494  1000  2628  2628 I auditd  : type=1400 audit(0.0:489): avc: denied { syslog_read } for comm="WifiStateMachin" scontext=u:r:system_server:s0 tcontext=u:r:kernel:s0 tclass=system permissive=0
06-05 17:07:25.539  1000  2628  3315 I netstats_mobile_sample: [86054688,65064,3039995,30310,85583576,58444,2790911,30208,85583576,58444,2790911,30208,1528198645828]
06-05 17:07:25.540  1000  2628  3315 I netstats_wifi_sample: [1861140996,1384291,47126441,674496,1860764329,1376561,37680353,674424,1854007992,1342942,37679765,674417,1528198645828]
06-05 17:07:25.819 10016 10888 24629 I gtalk_connection: 16777473
06-05 17:07:26.522 10034  3373  3647 I sysui_multi_action: [757,1093,758,4,793,2101,1094,9437248,1095,4]
06-05 17:07:28.427 10016 10888 24617 I gtalk_connection: 16778239
06-05 17:07:35.468 10034  3373  3647 I sysui_multi_action: [757,1093,758,4,793,8946,1094,9437248,1095,4]
06-05 17:07:41.457  1000  2628  3315 I netstats_mobile_sample: [86057860,65097,3047958,30354,85586748,58477,2798522,30252,85586748,58477,2798522,30252,1528198661746]
06-05 17:07:41.458  1000  2628  3315 I netstats_wifi_sample: [1861140996,1384291,47126441,674496,1860764329,1376561,37680353,674424,1854007992,1342942,37679765,674417,1528198661746]
06-05 17:07:41.482  1000  2628  3315 I netstats_mobile_sample: [86057860,65097,3047958,30354,85586748,58477,2798522,30252,85586748,58477,2798522,30252,1528198661770]
06-05 17:07:41.482  1000  2628  3315 I netstats_wifi_sample: [1861140996,1384291,47126441,674496,1860764329,1376561,37680353,674424,1854007992,1342942,37679765,674417,1528198661770]
06-05 17:07:42.414 10034  3373  3647 I sysui_multi_action: [757,1093,758,4,793,6946,1094,9470016,1095,5]
06-05 17:07:43.638 10034  3373  3647 I sysui_multi_action: [757,1093,758,4,793,1224,1094,9470016,1095,5]
06-05 17:07:52.126 10016 10888 24657 I c2dm    : [-2,,1,1]
06-05 17:07:56.201 10016 10888 24704 I c2dm    : [3,,1,1]
06-05 17:07:56.208 10016 10888 24704 I gtalk_heartbeat_reset: [66086,74.125.68.188:5228]
06-05 17:07:56.209 10016 10888 24704 I gtalk_connection: 0
06-05 17:07:57.767  1000  2628  2707 I am_pss  : [4118,10016,com.google.process.gservices,5951488,2199552,2627584]
06-05 17:07:58.157 10016 10888 24704 I c2dm    : [7,,1,1]
06-05 17:09:18.079 10016 10888 11440 I sysui_action: [920,1337885062]
06-05 17:09:18.079 10016 10888 11440 I sysui_multi_action: [757,920,758,4,759,1337885062]
06-05 17:10:07.428  1000  2628  2707 I am_pss  : [4038,1000,com.qualcomm.qti.services.secureui:sui_service,3563520,1503232,1260544]
06-05 17:10:07.466  1000  2628  2707 I am_pss  : [4028,1001,com.qualcomm.qti.loadcarrier,3175424,962560,1469440]
06-05 17:10:07.498  1000  2628  2707 I am_pss  : [4013,1000,com.android.runintest,3665920,1318912,1521664]
06-05 17:10:07.559  1000  2628  2707 I am_pss  : [3545,1001,com.android.phone,45691904,39972864,1296384]
06-05 17:10:07.616  1000  2628  2707 I am_pss  : [3531,1000,com.elephanttek.faceunlock,107441152,72085504,33797120]
06-05 17:10:07.649  1000  2628  2707 I am_pss  : [3511,1001,com.qualcomm.qti.telephonyservice,4288512,2011136,1356800]
06-05 17:10:07.685  1000  2628  2707 I am_pss  : [3487,1000,.dataservices,13997056,11407360,1170432]
06-05 17:10:07.744  1000  2628  2707 I am_pss  : [3373,10034,com.android.systemui,124265472,104894464,13494272]
06-05 17:10:07.875  1000  2628  2707 I am_pss  : [2628,1000,system,117555200,106692608,3845120]
06-05 17:11:37.239 10016 10888 24704 I gtalk_conn_close: [276,221]
06-05 17:11:37.256  1000  2628  3315 I netstats_mobile_sample: [86062350,65126,3049450,30367,85591238,58506,2799910,30265,85591238,58506,2799910,30265,1528198897668]
06-05 17:11:37.256  1000  2628  3315 I netstats_wifi_sample: [1861146980,1384370,47135414,674557,1860769111,1376629,37687920,674477,1854012774,1343010,37687332,674470,1528198897668]
06-05 17:11:38.270 10034  3373  3647 I sysui_multi_action: [757,1093,758,4,793,234632,1094,9437248,1095,4]
06-05 17:11:39.423 10016 10888 24794 I c2dm    : [-2,,1,1]
06-05 17:11:39.813  1000  2628  2628 I auditd  : type=1400 audit(0.0:490): avc: denied { syslog_read } for comm="WifiStateMachin" scontext=u:r:system_server:s0 tcontext=u:r:kernel:s0 tclass=system permissive=0
06-05 17:11:41.150 10016 10888 24816 I c2dm    : [3,,1,1]
06-05 17:11:41.155 10016 10888 24816 I gtalk_heartbeat_reset: [240,[2404:6800:4003:c02::bc]:5228]
06-05 17:11:41.158 10016 10888 24816 I gtalk_connection: 0
06-05 17:11:41.166 10016 10888 24816 I c2dm    : [7,,1,1]
06-05 17:11:44.364  1000  2628  2707 I device_idle_light_step: 
06-05 17:11:44.365  1000  2628  2707 I device_idle_light: [6,s:alarm]
06-05 17:11:44.366  1000  2628  2707 I device_idle_off_start: unknown
06-05 17:11:44.394  1000  2628  2707 I device_idle_off_phase: net
06-05 17:11:44.396  1000  2628  2707 I device_idle_off_complete: 
06-05 17:11:49.627  1000  2628  2707 I device_idle_light_step: 
06-05 17:11:49.629  1000  2628  2707 I device_idle_light: [4,s:early]
06-05 17:11:49.630  1000  2628  2707 I device_idle_on_start: 
06-05 17:11:49.670  1000  2628  2707 I device_idle_on_phase: net
06-05 17:11:49.671  1000  2628  2707 I device_idle_on_complete: 
06-05 17:11:51.737  1000  2628  3315 I netstats_mobile_sample: [86066278,65165,3057602,30409,85595166,58545,2807726,30307,85595166,58545,2807726,30307,1528198911984]
06-05 17:11:51.738  1000  2628  3315 I netstats_wifi_sample: [1861146980,1384370,47135414,674557,1860769111,1376629,37687920,674477,1854012774,1343010,37687332,674470,1528198911984]
06-05 17:11:51.804  1000  2628  3315 I netstats_mobile_sample: [86066278,65165,3057602,30409,85595166,58545,2807726,30307,85595166,58545,2807726,30307,1528198912050]
06-05 17:11:51.805  1000  2628  3315 I netstats_wifi_sample: [1861146980,1384370,47135414,674557,1860769111,1376629,37687920,674477,1854012774,1343010,37687332,674470,1528198912050]
06-05 17:11:52.698 10034  3373  3647 I sysui_multi_action: [757,1093,758,4,793,14428,1094,9470016,1095,5]
06-05 17:11:55.350 10016 10888 24839 I gtalk_conn_close: [283,14]
06-05 17:11:55.372 10016 10888 24839 I c2dm    : [-2,,1,1]
06-05 17:11:55.482 10034  3373  3647 I sysui_multi_action: [757,1093,758,4,793,2784,1094,9470016,1095,5]
06-05 17:11:55.898 10016 10888 24841 I c2dm    : [3,,1,1]
06-05 17:11:55.908 10016 10888 24841 I gtalk_heartbeat_reset: [66086,172.217.194.188:5228]
06-05 17:11:55.910 10016 10888 24841 I gtalk_connection: 0
06-05 17:11:56.117 10016 10888 24841 I c2dm    : [7,,1,1]
06-05 17:12:08.836  1000  2628  2707 I am_pss  : [15634,10007,com.google.android.ims,16329728,10252288,4071424]
06-05 17:12:08.874  1000  2628  2707 I am_pss  : [20586,1000,com.qualcomm.qti.callenhancement,3540992,835584,2030592]
06-05 17:12:08.909  1000  2628  2707 I am_pss  : [19937,10014,com.smartron.synctron,9977856,6459392,1403904]
06-05 17:12:08.941  1000  2628  2707 I am_pss  : [19891,10027,com.rock.gota,3317760,737280,1984512]
06-05 17:12:08.973  1000  2628  2707 I am_pss  : [19814,1000,com.fota.pro,4283392,1216512,2126848]
06-05 17:12:09.005  1000  2628  2707 I am_pss  : [6004,1001,com.qualcomm.simcontacts,3404800,778240,1983488]
06-05 17:12:39.921  1000  2628  2707 I am_pss  : [23474,10072,com.google.android.apps.messaging,27144192,22654976,1779712]
06-05 17:15:05.166  root  2133  2164 I storaged_disk_stats: [regular,7284709,10884833,1808,6294,224000,25850,4425,429,114128,77620,0,24840,103800]
06-05 17:16:02.750  1000  2628  2628 I auditd  : type=1400 audit(0.0:491): avc: denied { syslog_read } for comm="WifiStateMachin" scontext=u:r:system_server:s0 tcontext=u:r:kernel:s0 tclass=system permissive=0
06-05 17:16:02.789 10016 10888 24841 I gtalk_conn_close: [-236,246]
06-05 17:16:02.796  1000  2628  3315 I netstats_mobile_sample: [86066434,65167,3057793,30411,85595322,58547,2807901,30309,85595322,58547,2807901,30309,1528199163325]
06-05 17:16:02.797  1000  2628  3315 I netstats_wifi_sample: [1861152766,1384424,47141766,674605,1860772193,1376664,37692502,674510,1854015856,1343045,37691914,674503,1528199163325]
06-05 17:16:03.799 10016 10888 24954 I c2dm    : [-2,,1,1]
06-05 17:16:03.815 10034  3373  3647 I sysui_multi_action: [757,1093,758,4,793,248333,1094,9437248,1095,4]
06-05 17:16:04.053 10016 10888 24979 I c2dm    : [3,,1,1]
06-05 17:16:04.059 10016 10888 24979 I gtalk_heartbeat_reset: [240,[2404:6800:4003:c03::bc]:5228]
06-05 17:16:04.063 10016 10888 24979 I gtalk_connection: 0
06-05 17:16:04.070 10016 10888 24979 I c2dm    : [7,,1,1]
06-05 17:16:12.192  1000  2628  2628 I auditd  : type=1400 audit(0.0:492): avc: denied { syslog_read } for comm="WifiStateMachin" scontext=u:r:system_server:s0 tcontext=u:r:kernel:s0 tclass=system permissive=0
06-05 17:16:27.070  1000  2628  2628 I auditd  : type=1400 audit(0.0:493): avc: denied { syslog_read } for comm="WifiStateMachin" scontext=u:r:system_server:s0 tcontext=u:r:kernel:s0 tclass=system permissive=0
06-05 17:16:29.965  1000  2628  3315 I netstats_mobile_sample: [86069825,65200,3061983,30438,85598713,58580,2811875,30336,85598713,58580,2811875,30336,1528199190452]
06-05 17:16:29.965  1000  2628  3315 I netstats_wifi_sample: [1861152766,1384424,47141766,674605,1860772193,1376664,37692502,674510,1854015856,1343045,37691914,674503,1528199190452]
06-05 17:16:29.984  1000  2628  3315 I netstats_mobile_sample: [86069825,65200,3061983,30438,85598713,58580,2811875,30336,85598713,58580,2811875,30336,1528199190472]
06-05 17:16:29.985  1000  2628  3315 I netstats_wifi_sample: [1861152766,1384424,47141766,674605,1860772193,1376664,37692502,674510,1854015856,1343045,37691914,674503,1528199190472]
06-05 17:16:30.087  1000  2628  2707 I am_pss  : [4079,10042,com.smartron.tronxlauncher,146453504,138383360,520192]
06-05 17:16:30.124  1000  2628  2707 I am_pss  : [10031,10033,com.smartron.tronxservices,16307200,13438976,179200]
06-05 17:16:30.591  1000  2628  3315 I netstats_mobile_sample: [86069825,65200,3061983,30438,85598713,58580,2811875,30336,85598713,58580,2811875,30336,1528199191078]
06-05 17:16:30.592  1000  2628  3315 I netstats_wifi_sample: [1861153029,1384428,47142429,674613,1860772360,1376666,37693025,674517,1854016023,1343047,37692361,674509,1528199191078]
06-05 17:16:31.279 10034  3373  3647 I sysui_multi_action: [757,1093,758,4,793,27464,1094,9470016,1095,5]
06-05 17:16:39.580 10034  3373  3647 I sysui_multi_action: [757,1093,758,4,793,8301,1094,9470016,1095,5]
06-05 17:16:39.712 10016 10888 25048 I gtalk_conn_close: [283,35]
06-05 17:16:39.733 10016 10888 25048 I c2dm    : [-2,,1,1]
06-05 17:16:40.494 10016 10888 25054 I c2dm    : [3,,1,1]
06-05 17:16:40.505 10016 10888 25054 I gtalk_heartbeat_reset: [66086,74.125.130.188:5228]
06-05 17:16:40.507 10016 10888 25054 I gtalk_connection: 0
06-05 17:16:40.517 10016 10888 25054 I c2dm    : [7,,1,1]
06-05 17:21:14.513 10034  3373  3647 I sysui_multi_action: [757,1093,758,4,793,274933,1094,9470016,1095,5]
06-05 17:21:49.755  1000  2628  2707 I device_idle_light_step: 
06-05 17:21:49.760  1000  2628  2707 I device_idle_light: [6,s:alarm]
06-05 17:21:49.760  1000  2628  2707 I device_idle_off_start: unknown
06-05 17:21:49.790  1000  2628  2707 I device_idle_off_phase: net
06-05 17:21:49.791  1000  2628  2707 I device_idle_off_complete: 
06-05 17:21:49.877 10016 10873 25125 I aggregation: 1528199509877
06-05 17:21:54.857  1000  2628  2707 I device_idle_light_step: 
06-05 17:21:54.857  1000  2628  2707 I device_idle_light: [4,s:early]
06-05 17:21:54.858  1000  2628  2707 I device_idle_on_start: 
06-05 17:21:54.885  1000  2628  2707 I device_idle_on_phase: net
06-05 17:21:54.886  1000  2628  2707 I device_idle_on_complete: 
06-05 17:22:11.860  1000  2628  2707 I am_pss  : [10888,10016,com.google.android.gms.persistent,66622464,57565184,81920]
06-05 17:22:11.913  1000  2628  2707 I am_pss  : [20764,10014,com.smartron.gallery,92124160,73740288,13088768]
06-05 17:22:11.981  1000  2628  2707 I am_pss  : [10873,10016,com.google.android.gms,67393536,57942016,81920]
06-05 17:22:12.018  1000  2628  2707 I am_pss  : [15634,10007,com.google.android.ims,16579584,10534912,4038656]
06-05 17:22:12.067  1000  2628  2707 I am_pss  : [22339,10028,com.android.vending,24376320,11001856,2045952]
06-05 17:22:12.099  1000  2628  2707 I am_pss  : [23927,10016,com.google.process.gapps,4916224,2719744,1038336]
06-05 17:22:12.141  1000  2628  2707 I am_pss  : [23871,10084,com.google.android.videos,22425600,11849728,1625088]
06-05 17:22:12.174  1000  2628  2707 I am_pss  : [23568,10002,android.process.acore,9451520,6270976,1448960]
06-05 17:22:12.213  1000  2628  2707 I am_pss  : [23345,10028,com.android.vending:instant_app_installer,23168000,9453568,1386496]
06-05 17:22:12.246  1000  2628  2707 I am_pss  : [23451,10014,android.process.media,5067776,2805760,1298432]
06-05 17:22:12.279  1000  2628  2707 I am_pss  : [23390,10020,com.google.android.partnersetup,3952640,2052096,1121280]
06-05 17:22:12.322  1000  2628  2707 I am_pss  : [15758,10071,com.google.android.inputmethod.latin,44180480,41021440,97280]
06-05 17:22:12.357  1000  2628  2707 I am_pss  : [15417,10044,com.google.android.googlequicksearchbox:interactor,8017920,4079616,184320]
06-05 17:22:12.389  1000  2628  2707 I am_pss  : [4063,1001,com.qualcomm.qcrilmsgtunnel,6321152,4206592,1155072]
06-05 17:22:12.421  1000  2628  2707 I am_pss  : [4098,10085,com.android.smspush,3075072,954368,1414144]
06-05 17:24:51.713  1000  2628  2707 I am_pss  : [4118,10016,com.google.process.gservices,5936128,2129920,2681856]
06-05 17:24:51.758  1000  2628  2707 I am_pss  : [23474,10072,com.google.android.apps.messaging,27181056,22695936,1775616]
06-05 17:25:50.573 10016 10888 25048 I c2dm    : [0,,2,2]
06-05 17:25:50.708  1000  2628  2707 I am_pss  : [2628,1000,system,114657280,103776256,3865600]
06-05 17:25:50.757  1000  2628  2707 I am_pss  : [15443,10044,com.google.android.googlequicksearchbox:search,43392000,34254848,3918848]
06-05 17:25:50.790  1000  2628  2707 I am_pss  : [4038,1000,com.qualcomm.qti.services.secureui:sui_service,3564544,1503232,1260544]
06-05 17:25:50.821  1000  2628  2707 I am_pss  : [4028,1001,com.qualcomm.qti.loadcarrier,3177472,962560,1469440]
06-05 17:25:50.853  1000  2628  2707 I am_pss  : [4013,1000,com.android.runintest,3667968,1318912,1521664]
06-05 17:25:50.913  1000  2628  2707 I am_pss  : [3545,1001,com.android.phone,36731904,30998528,1308672]
06-05 17:25:50.970  1000  2628  2707 I am_pss  : [3531,1000,com.elephanttek.faceunlock,107671552,72323072,33788928]
06-05 17:25:51.002  1000  2628  2707 I am_pss  : [3511,1001,com.qualcomm.qti.telephonyservice,4375552,2101248,1351680]
06-05 17:25:51.038  1000  2628  2707 I am_pss  : [3487,1000,.dataservices,15348736,12828672,1092608]
06-05 17:25:51.097  1000  2628  2707 I am_pss  : [3373,10034,com.android.systemui,126920704,107548672,13494272]
06-05 17:25:51.465 10016 10888 25054 I c2dm    : [1,,2,2]
06-05 17:27:29.381  1000  2628 13719 I battery_level: [24,3748,322]
06-05 17:28:13.071  1000  2628  2628 I auditd  : type=1400 audit(0.0:494): avc: denied { syslog_read } for comm="WifiStateMachin" scontext=u:r:system_server:s0 tcontext=u:r:kernel:s0 tclass=system permissive=0
06-05 17:28:13.110 10016 10888 25054 I gtalk_conn_close: [-236,692]
06-05 17:28:13.121  1000  2628  3315 I netstats_mobile_sample: [86070053,65203,3062174,30440,85598941,58583,2812050,30338,85598941,58583,2812050,30338,1528199893244]
06-05 17:28:13.121  1000  2628  3315 I netstats_wifi_sample: [1861163573,1384493,47152028,674688,1860782270,1376726,37701214,674585,1854025813,1343106,37700538,674577,1528199893244]
06-05 17:28:14.145 10034  3373  3647 I sysui_multi_action: [757,1093,758,4,793,419631,1094,9437248,1095,4]
06-05 17:28:15.723 10016 10888 25200 I c2dm    : [-2,,1,1]
06-05 17:28:15.791  1000  2628  3315 I netstats_mobile_sample: [86071781,65219,3065208,30461,85600669,58599,2814916,30359,85600669,58599,2814916,30359,1528199895915]
06-05 17:28:15.791  1000  2628  3315 I netstats_wifi_sample: [1861163573,1384493,47152028,674688,1860782270,1376726,37701214,674585,1854025813,1343106,37700538,674577,1528199895915]
06-05 17:28:15.803  1000  2628  3315 I netstats_mobile_sample: [86071781,65219,3065208,30461,85600669,58599,2814916,30359,85600669,58599,2814916,30359,1528199895926]
06-05 17:28:15.803  1000  2628  3315 I netstats_wifi_sample: [1861163573,1384493,47152028,674688,1860782270,1376726,37701214,674585,1854025813,1343106,37700538,674577,1528199895926]
06-05 17:28:15.961 10016 10888 25242 I c2dm    : [3,,1,1]
06-05 17:28:15.964 10016 10888 25242 I gtalk_heartbeat_reset: [240,[2404:6800:4003:c02::bc]:5228]
06-05 17:28:15.965 10016 10888 25242 I gtalk_connection: 0
06-05 17:28:15.969 10016 10888 25242 I c2dm    : [7,,1,1]
06-05 17:28:16.499 10034  3373  3647 I sysui_multi_action: [757,1093,758,4,793,2355,1094,9470016,1095,5]
06-05 17:28:16.522 10016 10888 25259 I gtalk_conn_close: [283,0]
06-05 17:28:16.534 10016 10888 25259 I c2dm    : [-2,,1,1]
06-05 17:28:17.050 10016 10888 25262 I c2dm    : [3,,1,1]
06-05 17:28:17.065 10016 10888 25262 I gtalk_heartbeat_reset: [66086,74.125.130.188:5228]
06-05 17:28:17.067 10016 10888 25262 I gtalk_connection: 0
06-05 17:28:17.077 10016 10888 25262 I c2dm    : [7,,1,1]
06-05 17:28:17.097  1000  2628  3315 I netstats_mobile_sample: [86072948,65229,3066444,30468,85601836,58609,2816096,30366,85601836,58609,2816096,30366,1528199897501]
06-05 17:28:17.098  1000  2628  3315 I netstats_wifi_sample: [1861165776,1384517,47156103,674716,1860784359,1376748,37704869,674612,1854027902,1343128,37704065,674602,1528199897501]
06-05 17:29:27.744  1000  2628  3305 I netstats_mobile_sample: [86073680,65239,3066795,30472,85602568,58619,2816415,30370,85602568,58619,2816415,30370,1528199968148]
06-05 17:29:27.745  1000  2628  3305 I netstats_wifi_sample: [1861166906,1384533,47157564,674733,1860784655,1376756,37705596,674623,1854028198,1343136,37704920,674615,1528199968148]
06-05 17:31:04.851  1000  2628  2707 I device_idle_step: 
06-05 17:31:04.866  1000  2628  2707 I device_idle: [2,s:alarm]
06-05 17:32:44.433  1000  2628  2707 I am_pss  : [4079,10042,com.smartron.tronxlauncher,146461696,138391552,520192]
06-05 17:32:44.470  1000  2628  2707 I am_pss  : [10031,10033,com.smartron.tronxservices,16307200,13438976,179200]
06-05 17:32:44.502  1000  2628  2707 I am_pss  : [20586,1000,com.qualcomm.qti.callenhancement,3540992,835584,2030592]
06-05 17:32:44.538  1000  2628  2707 I am_pss  : [19937,10014,com.smartron.synctron,10014720,6492160,1403904]
06-05 17:32:44.570  1000  2628  2707 I am_pss  : [19891,10027,com.rock.gota,3317760,737280,1984512]
06-05 17:32:44.602  1000  2628  2707 I am_pss  : [19814,1000,com.fota.pro,4292608,1236992,2115584]
06-05 17:32:44.634  1000  2628  2707 I am_pss  : [6004,1001,com.qualcomm.simcontacts,3404800,778240,1983488]
06-05 17:37:14.456  1000  2628  2707 I am_pss  : [10888,10016,com.google.android.gms.persistent,57034752,47968256,81920]
06-05 17:37:14.524  1000  2628  2707 I am_pss  : [10873,10016,com.google.android.gms,67561472,58105856,81920]
06-05 17:37:14.567  1000  2628  2707 I am_pss  : [15758,10071,com.google.android.inputmethod.latin,44187648,41029632,97280]
06-05 17:37:14.601  1000  2628  2707 I am_pss  : [15417,10044,com.google.android.googlequicksearchbox:interactor,8020992,4079616,184320]
06-05 17:37:14.634  1000  2628  2707 I am_pss  : [4063,1001,com.qualcomm.qcrilmsgtunnel,6431744,4329472,1142784]
06-05 17:37:14.666  1000  2628  2707 I am_pss  : [4098,10085,com.android.smspush,3075072,954368,1414144]
06-05 17:37:27.090 10016 10888 25259 I c2dm    : [0,,2,2]
06-05 17:37:27.197 10016 10888 25262 I c2dm    : [1,,2,2]
06-05 17:38:27.134  1000  2628  2707 I device_idle_light_step: 
06-05 17:38:27.137  1000  2628  2707 I device_idle_light: [6,s:alarm]
06-05 17:38:27.138  1000  2628  2707 I device_idle_off_start: unknown
06-05 17:38:27.167  1000  2628  2707 I device_idle_off_phase: net
06-05 17:38:27.173  1000  2628  2707 I device_idle_off_complete: 
06-05 17:38:32.244  1000  2628  2707 I device_idle_light_step: 
06-05 17:38:32.245  1000  2628  2707 I device_idle_light: [4,s:early]
06-05 17:38:32.246  1000  2628  2707 I device_idle_on_start: 
06-05 17:38:32.284  1000  2628  2707 I device_idle_on_phase: net
06-05 17:38:32.285  1000  2628  2707 I device_idle_on_complete: 
06-05 17:41:15.362  1000  2628  2707 I am_pss  : [23390,10020,com.google.android.partnersetup,3983360,2318336,885760]
06-05 17:41:15.405  1000  2628  2707 I am_pss  : [23474,10072,com.google.android.apps.messaging,27278336,22794240,1767424]
06-05 17:41:15.443  1000  2628  2707 I am_pss  : [15634,10007,com.google.android.ims,16890880,10883072,4001792]
06-05 17:41:15.476  1000  2628  2707 I am_pss  : [4038,1000,com.qualcomm.qti.services.secureui:sui_service,3564544,1503232,1260544]
06-05 17:41:15.507  1000  2628  2707 I am_pss  : [4028,1001,com.qualcomm.qti.loadcarrier,3177472,962560,1469440]
06-05 17:41:15.539  1000  2628  2707 I am_pss  : [4013,1000,com.android.runintest,3667968,1318912,1521664]
06-05 17:41:15.599  1000  2628  2707 I am_pss  : [3545,1001,com.android.phone,37686272,31965184,1296384]
06-05 17:41:15.656  1000  2628  2707 I am_pss  : [3531,1000,com.elephanttek.faceunlock,107806720,72462336,33784832]
06-05 17:41:15.689  1000  2628  2707 I am_pss  : [3511,1001,com.qualcomm.qti.telephonyservice,4400128,2125824,1351680]
06-05 17:41:15.725  1000  2628  2707 I am_pss  : [3487,1000,.dataservices,15954944,13434880,1092608]
06-05 17:41:15.784  1000  2628  2707 I am_pss  : [3373,10034,com.android.systemui,128268288,108896256,13494272]
06-05 17:41:15.913  1000  2628  2707 I am_pss  : [2628,1000,system,121828352,110956544,3857408]
06-05 17:42:47.772  1000  2628  3585 I stream_devices_changed: [2,2,6]
06-05 17:42:47.773  1000  2628  3585 I stream_devices_changed: [4,2,6]
06-05 17:42:47.775  1000  2628  3585 I stream_devices_changed: [5,2,6]
06-05 17:42:47.778  1000  2628  3585 I stream_devices_changed: [3,2,4]
06-05 17:42:47.790  1000  2628  4143 I volume_changed: [3,10,9,15,com.android.systemui]
06-05 17:42:48.770 10034  3373  3647 I sysui_multi_action: [757,1093,758,4,793,872271,1094,9470016,1095,6]
06-05 17:43:34.744  1000  2628  3206 I sysui_histogram: [power_consecutive_short_tap_count,1]
06-05 17:43:34.744  1000  2628  3206 I sysui_multi_action: [757,804,799,power_consecutive_short_tap_count,801,1,802,1]
06-05 17:43:34.744  1000  2628  3206 I sysui_histogram: [power_double_tap_interval,2550927]
06-05 17:43:34.744  1000  2628  3206 I sysui_multi_action: [757,804,799,power_double_tap_interval,801,2550927,802,1]
06-05 17:43:34.748  1000  2628  2628 I screen_toggled: 1
06-05 17:43:34.749  1000  2628  2628 I power_screen_broadcast_send: 1
06-05 17:43:34.795  1000  2628  3585 I sysui_view_visibility: [127,100]
06-05 17:43:34.795  1000  2628  3585 I sysui_multi_action: [757,127,758,1]
06-05 17:43:34.795  1000  2628  3585 I sysui_histogram: [note_load,0]
06-05 17:43:34.795  1000  2628  3585 I sysui_multi_action: [757,804,799,note_load,801,0,802,1]
06-05 17:43:34.795  1000  2628  3585 I notification_panel_revealed: 0
06-05 17:43:34.811  1000  2628  2628 I device_idle: [0,screen]
06-05 17:43:34.811  1000  2628  2628 I device_idle_light: [0,screen]
06-05 17:43:34.815  1000  2628  2707 I device_idle_off_start: screen
06-05 17:43:34.845  1000  2628  2707 I device_idle_off_phase: net
06-05 17:43:34.850  1000  2628  2707 I device_idle_off_complete: 
06-05 17:43:34.987  1000  2628  2628 I power_screen_broadcast_done: [1,238,1]
06-05 17:43:34.992  1000  2628  2770 I sysui_multi_action: [757,198,758,1,759,0,793,255]
06-05 17:43:34.992  1000  2628  2770 I power_screen_state: [1,0,0,0,255]
06-05 17:43:34.998  1000  2628  2763 I sysui_view_visibility: [223,0]
06-05 17:43:34.998  1000  2628  2763 I sysui_multi_action: [757,223,758,2]
06-05 17:43:34.998  1000  2628  2763 I sysui_histogram: [dozing_minutes,42]
06-05 17:43:34.998  1000  2628  2763 I sysui_multi_action: [757,804,799,dozing_minutes,801,42,802,1]
06-05 17:43:35.915 10034  3373  3647 I sysui_multi_action: [757,1093,758,4,793,47145,1094,9470016,1095,6]
06-05 17:43:36.000 10034  3373  3373 I sysui_multi_action: [757,186,758,4,826,521,827,4106]
06-05 17:43:36.001 10034  3373  3373 I sysui_lockscreen_gesture: [1,521,4106]
06-05 17:43:36.011  1000  2628 10460 I sysui_view_visibility: [127,0]
06-05 17:43:36.011  1000  2628 10460 I sysui_multi_action: [757,127,758,2]
06-05 17:43:36.011  1000  2628 10460 I notification_panel_hidden: 
06-05 17:43:36.022  1000  2628 10460 I am_set_resumed_activity: [0,com.smartron.tronxlauncher/com.smartron.smextension.TronxLauncher,resumeTopActivityInnerLocked]
06-05 17:43:36.024  1000  2628 10460 I am_resume_activity: [0,21147714,4,com.smartron.tronxlauncher/com.smartron.smextension.TronxLauncher]
06-05 17:43:36.038 10042  4079  4079 I am_on_resume_called: [0,com.smartron.smextension.TronxLauncher,RESUME_ACTIVITY]
06-05 17:43:36.106 10034  3373  3373 I sysui_view_visibility: [111,0]
06-05 17:43:36.106 10034  3373  3373 I sysui_multi_action: [757,111,758,2]
06-05 17:43:36.114 10034  3373  3373 I sysui_multi_action: [757,196,758,2,759,0]
06-05 17:43:36.114 10034  3373  3373 I sysui_status_bar_state: [0,0,0,0,0,1]
06-05 17:43:36.765  1000  2628  2707 I am_meminfo: [1813958656,59047936,100093952,254877696,280662016]
06-05 17:43:36.818  1000  2628  2707 I am_pss  : [20764,10014,com.smartron.gallery,92111872,73728000,13084672]
06-05 17:43:36.882  1000  2628  2707 I am_pss  : [10888,10016,com.google.android.gms.persistent,58374144,49307648,81920]
06-05 17:43:36.958  1000  2628  2707 I am_pss  : [10873,10016,com.google.android.gms,68084736,58597376,81920]
06-05 17:43:37.007  1000  2628  2707 I am_pss  : [22339,10028,com.android.vending,24426496,11063296,2033664]
06-05 17:43:37.039  1000  2628  2707 I am_pss  : [23927,10016,com.google.process.gapps,4916224,2719744,1038336]
06-05 17:43:37.080  1000  2628  2707 I am_pss  : [23871,10084,com.google.android.videos,22466560,11894784,1616896]
06-05 17:43:37.113  1000  2628  2707 I am_pss  : [23568,10002,android.process.acore,9451520,6270976,1448960]
06-05 17:43:37.152  1000  2628  2707 I am_pss  : [23345,10028,com.android.vending:instant_app_installer,23852032,10137600,1382400]
06-05 17:43:37.184  1000  2628  2707 I am_pss  : [23451,10014,android.process.media,5067776,2809856,1294336]
06-05 17:43:37.217  1000  2628  2707 I am_pss  : [20586,1000,com.qualcomm.qti.callenhancement,3542016,839680,2027520]
06-05 17:43:37.253  1000  2628  2707 I am_pss  : [19937,10014,com.smartron.synctron,10018816,6496256,1403904]
06-05 17:43:37.285  1000  2628  2707 I am_pss  : [19891,10027,com.rock.gota,3318784,741376,1981440]
06-05 17:43:37.308 10034  3373  3373 I sysui_count: [overview_affiliated_task_prev,1]
06-05 17:43:37.308 10034  3373  3373 I sysui_multi_action: [757,803,799,overview_affiliated_task_prev,802,1]
06-05 17:43:37.318  1000  2628  2707 I am_pss  : [19814,1000,com.fota.pro,4293632,1236992,2116608]
06-05 17:43:37.341  1000  2628  3585 I am_new_intent: [0,170201346,11,com.android.systemui/.recents.RecentsActivity,NULL,NULL,NULL,276840448]
06-05 17:43:37.343  1000  2628  3585 I wm_task_moved: [11,1,0]
06-05 17:43:37.343  1000  2628  3585 I am_focused_stack: [0,5,0,bringingFoundTaskToFront]
06-05 17:43:37.343  1000  2628  3585 I wm_task_moved: [11,1,0]
06-05 17:43:37.345  1000  2628  3585 I am_pause_activity: [0,21147714,com.smartron.tronxlauncher/com.smartron.smextension.TronxLauncher]
06-05 17:43:37.346 10042  4079  4079 I am_on_paused_called: [0,com.smartron.smextension.TronxLauncher,handlePauseActivity]
06-05 17:43:37.350  1000  2628  3585 I am_set_resumed_activity: [0,com.android.systemui/.recents.RecentsActivity,resumeTopActivityInnerLocked]
06-05 17:43:37.353  1000  2628  3585 I am_resume_activity: [0,170201346,11,com.android.systemui/.recents.RecentsActivity]
06-05 17:43:37.354  1000  2628  3585 I am_task_to_front: [0,11]
06-05 17:43:37.362  1000  2628  2708 I am_stop_activity: [0,21147714,com.smartron.tronxlauncher/com.smartron.smextension.TronxLauncher]
06-05 17:43:37.366  1000  2628  2708 I sysui_count: [window_time_0,2553]
06-05 17:43:37.366  1000  2628  2708 I sysui_multi_action: [757,803,799,window_time_0,802,2553]
06-05 17:43:37.367  1000  2628  2707 I am_pss  : [15758,10071,com.google.android.inputmethod.latin,44199936,41041920,97280]
06-05 17:43:37.371 10042  4079  4079 I am_on_stop_called: [0,com.smartron.smextension.TronxLauncher,handleStopActivity]
06-05 17:43:37.387 10034  3373  3373 I sysui_count: [overview_trigger_nav_btn,1]
06-05 17:43:37.387 10034  3373  3373 I sysui_multi_action: [757,803,799,overview_trigger_nav_btn,802,1]
06-05 17:43:37.387 10034  3373  3373 I sysui_count: [overview_source_home,1]
06-05 17:43:37.387 10034  3373  3373 I sysui_multi_action: [757,803,799,overview_source_home,802,1]
06-05 17:43:37.387 10034  3373  3373 I sysui_histogram: [overview_task_count,3]
06-05 17:43:37.387 10034  3373  3373 I sysui_multi_action: [757,804,799,overview_task_count,801,3,802,1]
06-05 17:43:37.389 10034  3373  3373 I sysui_view_visibility: [224,100]
06-05 17:43:37.389 10034  3373  3373 I sysui_multi_action: [757,224,758,1]
06-05 17:43:37.391 10034  3373  3373 I am_on_resume_called: [0,com.android.systemui.recents.RecentsActivity,RESUME_ACTIVITY]
06-05 17:43:37.402  1000  2628  2707 I am_pss  : [15417,10044,com.google.android.googlequicksearchbox:interactor,8057856,4116480,184320]
06-05 17:43:37.436  1000  2628  2707 I am_pss  : [6004,1001,com.qualcomm.simcontacts,3406848,786432,1977344]
06-05 17:43:37.462  1000  2628  2765 I sysui_multi_action: [319,136,322,135,325,12597,757,761,758,9,759,2,806,com.android.systemui,871,com.android.systemui.recents.RecentsActivity,904,com.android.systemui,905,0]
06-05 17:43:37.476  1000  2628  2707 I am_pss  : [4063,1001,com.qualcomm.qcrilmsgtunnel,6439936,4337664,1142784]
06-05 17:43:37.514  1000  2628  2707 I am_pss  : [4098,10085,com.android.smspush,3075072,954368,1414144]
06-05 17:43:37.547  1000  2628  2707 I am_pss  : [4038,1000,com.qualcomm.qti.services.secureui:sui_service,3564544,1503232,1260544]
06-05 17:43:37.579  1000  2628  2707 I am_pss  : [4028,1001,com.qualcomm.qti.loadcarrier,3177472,962560,1469440]
06-05 17:43:37.612  1000  2628  2707 I am_pss  : [4013,1000,com.android.runintest,3667968,1318912,1521664]
06-05 17:43:37.686  1000  2628  2707 I am_pss  : [3545,1001,com.android.phone,37935104,32215040,1296384]
06-05 17:43:37.745  1000  2628  2707 I am_pss  : [3531,1000,com.elephanttek.faceunlock,107812864,72466432,33784832]
06-05 17:43:37.777  1000  2628  2707 I am_pss  : [3511,1001,com.qualcomm.qti.telephonyservice,4531200,2240512,1346560]
06-05 17:43:37.814  1000  2628  2707 I am_pss  : [3487,1000,.dataservices,15956992,13434880,1092608]
06-05 17:43:37.893  1000  2628  2707 I am_pss  : [3373,10034,com.android.systemui,186423296,166531072,13477888]
06-05 17:43:38.047  1000  2628  2707 I am_pss  : [2628,1000,system,128430080,117026816,3845120]
06-05 17:43:38.794 10034  3373  3373 I sysui_action: [289,ComponentInfo{com.smartron.gallery/com.smartron.gallery.view.Activities.ExternalViewphotoActivty}]
06-05 17:43:38.795 10034  3373  3373 I sysui_multi_action: [757,289,758,4,806,ComponentInfo{com.smartron.gallery/com.smartron.gallery.view.Activities.ExternalViewphotoActivty}]
06-05 17:43:38.796  1000  2628  3585 I am_finish_activity: [0,46985354,16,com.smartron.gallery/.view.Activities.ExternalViewphotoActivty,clear-task-index]
06-05 17:43:38.796 10034  3373  3373 I sysui_histogram: [overview_task_dismissed_source,1]
06-05 17:43:38.796 10034  3373  3373 I sysui_multi_action: [757,804,799,overview_task_dismissed_source,801,1,802,1]
06-05 17:43:38.797  1000  2628  3585 I am_destroy_activity: [0,46985354,16,com.smartron.gallery/.view.Activities.ExternalViewphotoActivty,finish-imm]
06-05 17:43:38.805  1000  2628  3585 I am_finish_activity: [0,50902349,16,com.smartron.gallery/.view.Activities.ExternalViewphotoActivty,clear-task-index]
06-05 17:43:38.806  1000  2628  3585 I am_destroy_activity: [0,50902349,16,com.smartron.gallery/.view.Activities.ExternalViewphotoActivty,finish-imm]
06-05 17:43:38.814  1000  2628  3585 I am_kill : [0,23451,android.process.media,906,empty for 4116s]
06-05 17:43:38.821  1000  2628  3585 I am_kill : [0,20764,com.smartron.gallery,900,remove task]
06-05 17:43:38.822  1000  2628  2708 I sysui_count: [window_time_0,1]
06-05 17:43:38.822  1000  2628  2708 I sysui_multi_action: [757,803,799,window_time_0,802,1]
06-05 17:43:38.824  1000  2628  2708 I sysui_count: [window_time_0,0]
06-05 17:43:38.824  1000  2628  2708 I sysui_multi_action: [757,803,799,window_time_0,802,0]
06-05 17:43:38.833  1000  2628  5476 I am_proc_died: [0,23451,android.process.media,906,17]
06-05 17:43:38.869 10034  3373  3647 I sysui_multi_action: [757,1093,758,4,793,2953,1094,9470016,1095,6]
06-05 17:43:38.919  1000  2628  3585 I am_proc_died: [0,20764,com.smartron.gallery,900,17]
06-05 17:43:38.924  1000  2628  3585 I wm_task_removed: [16,removeAppToken: last token]
06-05 17:43:38.928  1000  2628  3585 I wm_task_removed: [16,removeTask]
06-05 17:43:39.128 10034  3373  3373 I sysui_action: [289,ComponentInfo{com.smartron.camera/com.smartron.camera.CameraActivity}]
06-05 17:43:39.128 10034  3373  3373 I sysui_multi_action: [757,289,758,4,806,ComponentInfo{com.smartron.camera/com.smartron.camera.CameraActivity}]
06-05 17:43:39.128 10034  3373  3373 I sysui_histogram: [overview_task_dismissed_source,1]
06-05 17:43:39.128 10034  3373  3373 I sysui_multi_action: [757,804,799,overview_task_dismissed_source,801,1,802,1]
06-05 17:43:39.514 10034  3373  3373 I sysui_count: [overview_task_all_dismissed,1]
06-05 17:43:39.514 10034  3373  3373 I sysui_multi_action: [757,803,799,overview_task_all_dismissed,802,1]
06-05 17:43:39.514 10034  3373  3373 I sysui_action: [289,ComponentInfo{com.android.vending/com.google.android.finsky.activities.MainActivity}]
06-05 17:43:39.515 10034  3373  3373 I sysui_multi_action: [757,289,758,4,806,ComponentInfo{com.android.vending/com.google.android.finsky.activities.MainActivity}]
06-05 17:43:39.515 10034  3373  3373 I sysui_histogram: [overview_task_dismissed_source,1]
06-05 17:43:39.515 10034  3373  3373 I sysui_multi_action: [757,804,799,overview_task_dismissed_source,801,1,802,1]
06-05 17:43:39.518  1000  2628  5476 I am_finish_activity: [0,132091090,13,com.android.vending/.AssetBrowserActivity,clear-task-index]
06-05 17:43:39.524  1000  2628  5476 I am_kill : [0,23345,com.android.vending:instant_app_installer,906,remove task]
06-05 17:43:39.525  1000  2628  5476 I am_kill : [0,22339,com.android.vending,902,remove task]
06-05 17:43:39.527  1000  2628  2708 I sysui_count: [window_time_0,1]
06-05 17:43:39.527  1000  2628  2708 I sysui_multi_action: [757,803,799,window_time_0,802,1]
06-05 17:43:39.530  1000  2628  3585 I am_new_intent: [0,21147714,4,com.smartron.tronxlauncher/com.smartron.smextension.TronxLauncher,android.intent.action.MAIN,NULL,NULL,268435712]
06-05 17:43:39.531  1000  2628  3585 I wm_task_moved: [4,1,0]
06-05 17:43:39.532  1000  2628  3585 I am_focused_stack: [0,0,5,bringingFoundTaskToFront]
06-05 17:43:39.532  1000  2628  3585 I wm_task_moved: [4,1,0]
06-05 17:43:39.535  1000  2628  3585 I am_pause_activity: [0,170201346,com.android.systemui/.recents.RecentsActivity]
06-05 17:43:39.538  1000  2628  3585 I am_set_resumed_activity: [0,com.smartron.tronxlauncher/com.smartron.smextension.TronxLauncher,resumeTopActivityInnerLocked]
06-05 17:43:39.542  1000  2628  3585 I am_resume_activity: [0,21147714,4,com.smartron.tronxlauncher/com.smartron.smextension.TronxLauncher]
06-05 17:43:39.543  1000  2628  3585 I am_task_to_front: [0,4]
06-05 17:43:39.549  1000  2628  2708 I am_destroy_activity: [0,132091090,13,com.android.vending/.AssetBrowserActivity,finish-idle]
06-05 17:43:39.550 10034  3373  3373 I am_on_paused_called: [0,com.android.systemui.recents.RecentsActivity,handlePauseActivity]
06-05 17:43:39.551  1000  2628  2708 I wm_task_removed: [13,removeAppToken: last token]
06-05 17:43:39.552  1000  2628  2708 I wm_task_removed: [13,removeTask]
06-05 17:43:39.554  1000  2628  2708 I wm_stack_removed: 1
06-05 17:43:39.568  1000  2628  2708 I am_stop_activity: [0,170201346,com.android.systemui/.recents.RecentsActivity]
06-05 17:43:39.569  1000  2628  2708 I sysui_count: [window_time_0,0]
06-05 17:43:39.569  1000  2628  2708 I sysui_multi_action: [757,803,799,window_time_0,802,0]
06-05 17:43:39.570 10042  4079  4079 I am_on_resume_called: [0,com.smartron.smextension.TronxLauncher,RESUME_ACTIVITY]
06-05 17:43:39.581  1000  2628  5476 I am_proc_died: [0,23345,com.android.vending:instant_app_installer,906,17]
06-05 17:43:39.587 10034  3373  3373 I sysui_view_visibility: [224,0]
06-05 17:43:39.587 10034  3373  3373 I sysui_multi_action: [757,224,758,2]
06-05 17:43:39.587 10034  3373  3373 I am_on_stop_called: [0,com.android.systemui.recents.RecentsActivity,handleStopActivity]
06-05 17:43:39.627  1000  2628  3585 I am_proc_died: [0,22339,com.android.vending,902,17]
06-05 17:43:39.628  1000  2628  3585 I am_uid_stopped: 10028
06-05 17:43:39.653  1000  2628  2765 I sysui_multi_action: [319,130,322,130,325,12599,757,761,758,9,759,2,806,com.smartron.tronxlauncher,871,com.smartron.smextension.TronxLauncher,905,0]
06-05 17:43:39.928 10034  3373  3373 I sysui_multi_action: [757,931,758,4,759,3,932,0,933,0]
06-05 17:43:39.961 10034  3373  3373 I sysui_multi_action: [757,931,758,4,759,3,932,0,933,1]
06-05 17:43:39.967  1000  2628  3205 I am_new_intent: [0,21147714,4,com.smartron.tronxlauncher/com.smartron.smextension.TronxLauncher,android.intent.action.MAIN,NULL,NULL,268435712]
06-05 17:43:39.968  1000  2628  3205 I wm_task_moved: [4,1,0]
06-05 17:43:41.002 10034  3373  3373 I sysui_multi_action: [757,931,758,4,759,3,932,0,933,0]
06-05 17:43:41.051 10034  3373  3373 I sysui_multi_action: [757,931,758,4,759,3,932,0,933,1]
06-05 17:43:41.057  1000  2628  3205 I am_new_intent: [0,21147714,4,com.smartron.tronxlauncher/com.smartron.smextension.TronxLauncher,android.intent.action.MAIN,NULL,NULL,268435712]
06-05 17:43:41.058  1000  2628  3205 I wm_task_moved: [4,1,0]
06-05 17:43:41.673  1000  2628 10460 I wm_stack_created: 1
06-05 17:43:41.674  1000  2628 10460 I wm_task_created: [17,1]
06-05 17:43:41.674  1000  2628 10460 I wm_task_moved: [17,1,0]
06-05 17:43:41.674  1000  2628 10460 I am_focused_stack: [0,1,0,reuseOrNewTask]
06-05 17:43:41.674  1000  2628 10460 I wm_task_moved: [17,1,0]
06-05 17:43:41.675  1000  2628 10460 I am_create_task: [0,17]
06-05 17:43:41.675  1000  2628 10460 I am_create_activity: [0,57506319,17,com.android.dialer/.DialtactsActivity,android.intent.action.MAIN,NULL,NULL,270532608]
06-05 17:43:41.675  1000  2628 10460 I wm_task_moved: [17,1,0]
06-05 17:43:41.678  1000  2628 10460 I am_pause_activity: [0,21147714,com.smartron.tronxlauncher/com.smartron.smextension.TronxLauncher]
06-05 17:43:41.684 10042  4079  4079 I am_on_paused_called: [0,com.smartron.smextension.TronxLauncher,handlePauseActivity]
06-05 17:43:41.685  1000  2628 10460 I am_uid_running: 10011
06-05 17:43:41.699  1000  2628 10460 I am_proc_start: [0,25633,10011,com.android.dialer,activity,com.android.dialer/.DialtactsActivity]
06-05 17:43:41.702  1000  2628  2708 I sysui_count: [window_time_0,2]
06-05 17:43:41.702  1000  2628  2708 I sysui_multi_action: [757,803,799,window_time_0,802,2]
06-05 17:43:41.715  1000  2628 10460 I am_proc_bound: [0,25633,com.android.dialer]
06-05 17:43:41.723  1000  2628 10460 I am_uid_active: 10011
06-05 17:43:41.723  1000  2628 10460 I am_restart_activity: [0,57506319,17,com.android.dialer/.DialtactsActivity]
06-05 17:43:41.724  1000  2628 10460 I am_set_resumed_activity: [0,com.android.dialer/.DialtactsActivity,minimalResumeActivityLocked]
06-05 17:43:41.912 10034  3373  3647 I sysui_multi_action: [757,1093,758,4,793,3044,1094,9470016,1095,6]
06-05 17:43:42.020  1000  2628 10460 I am_uid_active: 10002
06-05 17:43:42.027 10011 25633 25633 I am_on_resume_called: [0,com.android.dialer.DialtactsActivity,LAUNCH_ACTIVITY]
06-05 17:43:42.259  1000  2628  2765 I am_activity_launch_time: [0,57506319,com.android.dialer/.DialtactsActivity,572,572]
06-05 17:43:42.366  1000  2628 10460 I am_stop_activity: [0,21147714,com.smartron.tronxlauncher/com.smartron.smextension.TronxLauncher]
06-05 17:43:42.369 10042  4079  4079 I am_on_stop_called: [0,com.smartron.smextension.TronxLauncher,handleStopActivity]
06-05 17:43:43.079 10034  3373  3373 I sysui_count: [panel_open,1]
06-05 17:43:43.079 10034  3373  3373 I sysui_multi_action: [757,803,799,panel_open,802,1]
06-05 17:43:43.086  1000  2628 10460 I sysui_view_visibility: [127,100]
06-05 17:43:43.086  1000  2628 10460 I sysui_multi_action: [757,127,758,1]
06-05 17:43:43.087  1000  2628 10460 I sysui_histogram: [note_load,0]
06-05 17:43:43.087  1000  2628 10460 I sysui_multi_action: [757,804,799,note_load,801,0,802,1]
06-05 17:43:43.087  1000  2628 10460 I notification_panel_revealed: 0
06-05 17:43:43.651 10034  3373  3373 I sysui_multi_action: [757,925,758,4,759,126,833,0,927,0,928,1]
06-05 17:43:43.728 10016 10888 25262 I gtalk_conn_close: [-236,926]
06-05 17:43:43.752  1000  2628  3315 I netstats_mobile_sample: [86073680,65239,3066795,30472,85602568,58619,2816415,30370,85602568,58619,2816415,30370,1528200824200]
