06-05 18:04:21.674  1000  2628  7825 I am_new_intent: [0,170201346,11,com.android.systemui/.recents.RecentsActivity,NULL,NULL,NULL,276840448]
06-05 18:04:21.674  1000  2628  7825 I wm_task_moved: [11,1,0]
06-05 18:04:21.675  1000  2628  7825 I am_focused_stack: [0,5,1,bringingFoundTaskToFront]
06-05 18:04:21.676  1000  2628  7825 I wm_task_moved: [11,1,0]
06-05 18:04:21.678  1000  2628  7825 I am_pause_activity: [0,60635532,com.android.settings/.SubSettings]
06-05 18:04:21.679  1000 27469 27469 I sysui_view_visibility: [39,0]
06-05 18:04:21.679  1000 27469 27469 I sysui_multi_action: [757,39,758,2]
06-05 18:04:21.682  1000  2628  7825 I am_set_resumed_activity: [0,com.android.systemui/.recents.RecentsActivity,resumeTopActivityInnerLocked]
06-05 18:04:21.686  1000  2628  7825 I am_resume_activity: [0,170201346,11,com.android.systemui/.recents.RecentsActivity]
06-05 18:04:21.688  1000  2628  7825 I am_task_to_front: [0,11]
06-05 18:04:21.689 10034  3373  3373 I sysui_count: [overview_trigger_nav_btn,1]
06-05 18:04:21.689 10034  3373  3373 I sysui_multi_action: [757,803,799,overview_trigger_nav_btn,802,1]
06-05 18:04:21.689 10034  3373  3373 I sysui_count: [overview_source_app,1]
06-05 18:04:21.689 10034  3373  3373 I sysui_multi_action: [757,803,799,overview_source_app,802,1]
06-05 18:04:21.689 10034  3373  3373 I sysui_histogram: [overview_source_app_index,2]
06-05 18:04:21.689 10034  3373  3373 I sysui_multi_action: [757,804,799,overview_source_app_index,801,2,802,1]
06-05 18:04:21.689 10034  3373  3373 I sysui_histogram: [overview_task_count,3]
06-05 18:04:21.689 10034  3373  3373 I sysui_multi_action: [757,804,799,overview_task_count,801,3,802,1]
06-05 18:04:21.696 10034  3373  3373 I sysui_view_visibility: [224,100]
06-05 18:04:21.696 10034  3373  3373 I sysui_multi_action: [757,224,758,1]
06-05 18:04:21.697  1000 27469 27469 I am_on_paused_called: [0,com.android.settings.SubSettings,handlePauseActivity]
06-05 18:04:21.703  1000  2628  2708 I am_stop_activity: [0,60635532,com.android.settings/.SubSettings]
06-05 18:04:21.704  1000  2628  2708 I sysui_count: [window_time_0,31]
06-05 18:04:21.704 10034  3373  3373 I am_on_resume_called: [0,com.android.systemui.recents.RecentsActivity,RESUME_ACTIVITY]
06-05 18:04:21.704  1000  2628  2708 I sysui_multi_action: [757,803,799,window_time_0,802,31]
06-05 18:04:21.727  1000 27469 27469 I am_on_stop_called: [0,com.android.settings.SubSettings,handleStopActivity]
06-05 18:04:21.815  1000  2628  2765 I sysui_multi_action: [319,135,322,118,325,13841,757,761,758,9,759,2,806,com.android.systemui,871,com.android.systemui.recents.RecentsActivity,904,com.android.systemui,905,0]
06-05 18:04:22.783 10034  3373  3373 I sysui_action: [277,ComponentInfo{com.google.android.apps.tachyon/com.google.android.apps.tachyon.MainActivity}]
06-05 18:04:22.783 10034  3373  3373 I sysui_multi_action: [757,277,758,4,806,ComponentInfo{com.google.android.apps.tachyon/com.google.android.apps.tachyon.MainActivity}]
06-05 18:04:22.786  1000  2628  3394 I wm_task_moved: [22,1,2]
06-05 18:04:22.787  1000  2628  3394 I am_focused_stack: [0,1,5,moveTaskToFront]
06-05 18:04:22.788  1000  2628  3394 I wm_task_moved: [22,1,2]
06-05 18:04:22.791  1000  2628  3394 I am_pause_activity: [0,170201346,com.android.systemui/.recents.RecentsActivity]
06-05 18:04:22.794  1000  2628  3394 I am_task_to_front: [0,22]
06-05 18:04:22.829 10034  3373  3373 I am_on_paused_called: [0,com.android.systemui.recents.RecentsActivity,handlePauseActivity]
06-05 18:04:22.834  1000  2628  3394 I am_set_resumed_activity: [0,com.google.android.apps.tachyon/.MainActivity,resumeTopActivityInnerLocked]
06-05 18:04:22.837  1000  2628  3394 I am_uid_active: 10060
06-05 18:04:22.838  1000  2628  3394 I am_resume_activity: [0,237847469,22,com.google.android.apps.tachyon/.MainActivity]
06-05 18:04:22.854  1000  2628  2708 I sysui_count: [window_time_0,1]
06-05 18:04:22.854  1000  2628  2708 I sysui_multi_action: [757,803,799,window_time_0,802,1]
06-05 18:04:22.859 10034  3373  3373 I sysui_histogram: [overview_task_launch_index,1]
06-05 18:04:22.859 10034  3373  3373 I sysui_multi_action: [757,804,799,overview_task_launch_index,801,1,802,1]
06-05 18:04:22.871 10060 27299 27299 I auditd  : type=1400 audit(0.0:509): avc: denied { read } for comm="VideoCapturerTh" name="u:object_r:camera_prop:s0" dev="tmpfs" ino=6405 scontext=u:r:untrusted_app_25:s0:c512,c768 tcontext=u:object_r:camera_prop:s0 tclass=file permissive=0
06-05 18:04:22.907  1000  2628  7825 I am_uid_active: 10002
06-05 18:04:22.936 10060 27299 27299 I am_on_resume_called: [0,com.google.android.apps.tachyon.MainActivity,RESUME_ACTIVITY]
06-05 18:04:23.178  1000  2628  2765 I sysui_multi_action: [319,64,321,56,322,384,325,13842,757,761,758,9,759,4,806,com.google.android.apps.tachyon,871,com.google.android.apps.tachyon.MainActivity,904,com.smartron.tronxlauncher,905,0]
06-05 18:04:23.218  1000  2628  2708 I am_stop_activity: [0,170201346,com.android.systemui/.recents.RecentsActivity]
06-05 18:04:23.239 10034  3373  3373 I sysui_view_visibility: [224,0]
06-05 18:04:23.240 10034  3373  3373 I sysui_multi_action: [757,224,758,2]
06-05 18:04:23.240 10034  3373  3373 I am_on_stop_called: [0,com.android.systemui.recents.RecentsActivity,handleStopActivity]
06-05 18:04:23.278 10034  3373  3647 I sysui_multi_action: [757,1093,758,4,793,10066,1094,9437248,1095,4]
06-05 18:04:28.383  1000  2628  2708 I am_uid_running: 10007
06-05 18:04:28.416  1000  2628  2708 I am_proc_start: [0,28876,10007,com.google.android.ims,service,com.google.android.ims/.services.RcsService]
06-05 18:04:28.436  1000  2628  4812 I am_proc_bound: [0,28876,com.google.android.ims]
06-05 18:04:29.328  1000  2628  3394 I am_uid_running: 10072
06-05 18:04:29.349  1000  2628  3394 I am_proc_start: [0,28908,10072,com.google.android.apps.messaging,service,com.google.android.apps.messaging/.rcsmigration.RcsMigrationService]
06-05 18:04:29.370  1000  2628  4812 I am_proc_bound: [0,28908,com.google.android.apps.messaging]
06-05 18:04:29.698  1000  2628  3394 I stream_devices_changed: [6,2,1]
06-05 18:04:29.700  1000  2628  3394 I stream_devices_changed: [0,2,1]
06-05 18:04:30.538 10034  3373  3647 I sysui_multi_action: [757,1093,758,4,793,7260,1094,9437248,1095,4]
06-05 18:04:32.777 10034  3373  3647 I sysui_multi_action: [757,1093,758,4,793,2239,1094,9437248,1095,4]
06-05 18:04:36.170 10034  3373  3647 I sysui_multi_action: [757,1093,758,4,793,3393,1094,9437248,1095,4]
06-05 18:04:36.441  1000  2628  2707 I am_pss  : [27299,10060,com.google.android.apps.tachyon,215950336,200634368,6964224]
06-05 18:04:38.412  1000  2628  2708 I am_proc_start: [0,28972,10014,com.smartron.synctron,service,com.smartron.synctron/.service.TCloudFileObserverService]
06-05 18:04:38.432  1000  2628  3394 I am_proc_bound: [0,28972,com.smartron.synctron]
06-05 18:04:40.373 10034  3373  3647 I sysui_multi_action: [757,1093,758,4,793,4203,1094,9437248,1095,4]
06-05 18:04:45.383 10034  3373  3647 I sysui_multi_action: [757,1093,758,4,793,5009,1094,9437248,1095,4]
06-05 18:04:48.425  1000  2628  2708 I am_proc_start: [0,29021,1000,com.qualcomm.qti.callenhancement,service,com.qualcomm.qti.callenhancement/.CallEnhancementService]
06-05 18:04:48.444  1000  2628  3528 I am_proc_bound: [0,29021,com.qualcomm.qti.callenhancement]
06-05 18:04:49.255 10016 10888 25700 I c2dm    : [8,com.google.android.apps.tachyon:0:1528202089282100,8,7]
06-05 18:04:49.342 10016 10888 25677 I c2dm    : [-7,,9,8]
06-05 18:04:50.411 10034  3373  3647 I sysui_multi_action: [757,1093,758,4,793,5029,1094,9437248,1095,4]
06-05 18:04:51.675  1000  2628  2628 I notification_enqueue: [10060,27299,com.google.android.apps.tachyon,-1,NULL,0,Notification(channel=notification_channel_call_notifications pri=1 contentView=null vibrate=null sound=null defaults=0x0 flags=0x48 color=0xff4285f4 actions=1 vis=PRIVATE),0]
06-05 18:04:51.801  1000  2628  4812 I notification_expansion: [0|com.google.android.apps.tachyon|-1|null|10060,0,1,131,131,0]
06-05 18:04:51.802  1000  2628  4812 I notification_expansion: [-1|android|26|null|1000,0,0,70515,70515,0]
06-05 18:04:51.897  1000  2628  2707 I am_pss  : [27469,1000,com.android.settings,54120448,30597120,18562048]
06-05 18:04:51.984  1000  2628  3394 I stream_devices_changed: [2,2,1]
06-05 18:04:51.985  1000  2628  3394 I stream_devices_changed: [3,2,1]
06-05 18:04:51.985  1000  2628  3394 I stream_devices_changed: [4,2,1]
06-05 18:04:51.986  1000  2628  3394 I stream_devices_changed: [5,2,1]
06-05 18:04:52.424  1000  2628  3528 I stream_devices_changed: [0,1,2]
06-05 18:04:52.439 10034  3373  3647 I sysui_multi_action: [757,1093,758,4,793,2028,1094,9437248,1095,4]
06-05 18:04:52.847  1000  2628  3528 I stream_devices_changed: [2,1,2]
06-05 18:04:52.850  1000  2628  3323 I stream_devices_changed: [0,2,1]
06-05 18:04:52.851  1000  2628  3323 I stream_devices_changed: [2,2,1]
06-05 18:04:55.406 10034  3373  3647 I sysui_multi_action: [757,1093,758,4,793,2967,1094,9437248,1095,4]
06-05 18:04:56.431 10034  3373  3647 I sysui_multi_action: [757,1093,758,4,793,1025,1094,9437248,1095,4]
06-05 18:04:57.435 10034  3373  3647 I sysui_multi_action: [757,1093,758,4,793,1003,1094,9437248,1095,4]
06-05 18:04:57.700 10016 10888 25700 I c2dm    : [8,com.google.android.apps.tachyon:0:1528202097081918,9,8]
06-05 18:04:57.769 10016 10888 25677 I c2dm    : [-7,,10,9]
06-05 18:04:57.822  1000  2628  2707 I am_pss  : [28876,10007,com.google.android.ims,17276928,14647296,49152]
06-05 18:04:58.442 10034  3373  3647 I sysui_multi_action: [757,1093,758,4,793,1008,1094,9437248,1095,4]
06-05 18:04:59.237  1000  2628  2707 I am_pss  : [28972,10014,com.smartron.synctron,10464256,8798208,50176]
06-05 18:04:59.483 10034  3373  3647 I sysui_multi_action: [757,1093,758,4,793,1040,1094,9437248,1095,4]
06-05 18:05:04.470 10034  3373  3647 I sysui_multi_action: [757,1093,758,4,793,4988,1094,9437248,1095,4]
06-05 18:05:05.511 10034  3373  3647 I sysui_multi_action: [757,1093,758,4,793,1041,1094,9437248,1095,4]
06-05 18:05:07.179  1000  2628  2628 I notification_enqueue: [10060,27299,com.google.android.apps.tachyon,-1,NULL,0,Notification(channel=notification_channel_call_notifications pri=1 contentView=null vibrate=null sound=null defaults=0x0 flags=0x8 color=0xff4285f4 actions=1 vis=PRIVATE),1]
06-05 18:05:07.276  1000  2628  2707 I am_pss  : [28908,10072,com.google.android.apps.messaging,24329216,21368832,884736]
06-05 18:05:07.553 10034  3373  3647 I sysui_multi_action: [757,1093,758,4,793,2042,1094,9437248,1095,4]
06-05 18:05:09.521 10034  3373  3647 I sysui_multi_action: [757,1093,758,4,793,1968,1094,9437248,1095,4]
06-05 18:05:12.550 10034  3373  3647 I sysui_multi_action: [757,1093,758,4,793,3029,1094,9437248,1095,4]
06-05 18:05:14.549 10034  3373  3647 I sysui_multi_action: [757,1093,758,4,793,1999,1094,9437248,1095,4]
06-05 18:05:15.583 10034  3373  3647 I sysui_multi_action: [757,1093,758,4,793,1034,1094,9437248,1095,4]
06-05 18:05:18.566 10034  3373  3647 I sysui_multi_action: [757,1093,758,4,793,2983,1094,9437248,1095,4]
06-05 18:05:19.623 10034  3373  3647 I sysui_multi_action: [757,1093,758,4,793,1057,1094,9437248,1095,4]
06-05 18:05:22.716  1000  2628  2707 I am_pss  : [29021,1000,com.qualcomm.qti.callenhancement,2927616,2224128,56320]
06-05 18:05:23.599 10034  3373  3647 I sysui_multi_action: [757,1093,758,4,793,3976,1094,9437248,1095,4]
06-05 18:05:23.863  1000  2628  2628 I sysui_multi_action: [757,128,758,5,759,8,793,32193,794,0,795,16686,796,-1,806,com.google.android.apps.tachyon,857,notification_channel_call_n-3e0f0557,858,3,947,0]
06-05 18:05:23.863  1000  2628  2628 I notification_canceled: [0|com.google.android.apps.tachyon|-1|null|10060,8,32193,16686,0,NULL]
06-05 18:05:23.868  1000  2628  3528 I notification_expansion: [-1|android|26|null|1000,0,1,102581,102581,0]
06-05 18:05:24.241 10060 27299 27299 I auditd  : type=1400 audit(0.0:510): avc: denied { read } for comm="VideoCapturerTh" name="u:object_r:camera_prop:s0" dev="tmpfs" ino=6405 scontext=u:r:untrusted_app_25:s0:c512,c768 tcontext=u:object_r:camera_prop:s0 tclass=file permissive=0
06-05 18:05:24.610 10034  3373  3647 I sysui_multi_action: [757,1093,758,4,793,1011,1094,9437248,1095,4]
06-05 18:05:25.168  1000  2628  3528 I stream_devices_changed: [3,1,2]
06-05 18:05:25.170  1000  2628  3528 I stream_devices_changed: [4,1,2]
06-05 18:05:25.172  1000  2628  3528 I stream_devices_changed: [5,1,2]
06-05 18:05:25.179  1000  2628  3528 I stream_devices_changed: [2,1,2]
06-05 18:05:25.650 10034  3373  3647 I sysui_multi_action: [757,1093,758,4,793,1040,1094,9437248,1095,4]
06-05 18:05:26.242  1000  2628  3394 I wm_task_moved: [22,1,2]
06-05 18:05:26.243  1000  2628  3394 I am_create_activity: [0,188257248,22,com.google.android.apps.tachyon/.BadCallRatingActivity,android.intent.action.MAIN,NULL,NULL,0]
06-05 18:05:26.245  1000  2628  3394 I am_pause_activity: [0,237847469,com.google.android.apps.tachyon/.MainActivity]
06-05 18:05:26.263 10060 27299 27299 I am_on_paused_called: [0,com.google.android.apps.tachyon.MainActivity,handlePauseActivity]
06-05 18:05:26.265 10016 10888 25700 I c2dm    : [8,com.google.android.apps.tachyon:0:1528202126276101,10,9]
06-05 18:05:26.266  1000  2628  3528 I am_restart_activity: [0,188257248,22,com.google.android.apps.tachyon/.BadCallRatingActivity]
06-05 18:05:26.269  1000  2628  3528 I am_set_resumed_activity: [0,com.google.android.apps.tachyon/.BadCallRatingActivity,minimalResumeActivityLocked]
06-05 18:05:26.272  1000  2628  2708 I sysui_count: [window_time_0,63]
06-05 18:05:26.273  1000  2628  2708 I sysui_multi_action: [757,803,799,window_time_0,802,63]
06-05 18:05:26.306 10016 10888 25677 I c2dm    : [-7,,11,10]
06-05 18:05:26.357 10060 27299 27299 I am_on_resume_called: [0,com.google.android.apps.tachyon.BadCallRatingActivity,LAUNCH_ACTIVITY]
06-05 18:05:26.522  1000  2628  2765 I am_activity_launch_time: [0,188257248,com.google.android.apps.tachyon/.BadCallRatingActivity,252,252]
06-05 18:05:27.633 10034  3373  3647 I sysui_multi_action: [757,1093,758,4,793,1982,1094,9437248,1095,4]
06-05 18:05:27.850  1000  2628  7825 I am_finish_activity: [0,188257248,22,com.google.android.apps.tachyon/.BadCallRatingActivity,app-request]
06-05 18:05:27.851  1000  2628  7825 I am_pause_activity: [0,188257248,com.google.android.apps.tachyon/.BadCallRatingActivity]
06-05 18:05:27.868  1000  2628  2708 I sysui_count: [window_time_0,2]
06-05 18:05:27.868  1000  2628  2708 I sysui_multi_action: [757,803,799,window_time_0,802,2]
06-05 18:05:27.878 10060 27299 27299 I am_on_paused_called: [0,com.google.android.apps.tachyon.BadCallRatingActivity,handlePauseActivity]
06-05 18:05:27.886  1000  2628 10460 I am_set_resumed_activity: [0,com.google.android.apps.tachyon/.MainActivity,resumeTopActivityInnerLocked]
06-05 18:05:27.887  1000  2628 10460 I am_kill : [0,27751,com.google.android.apps.photos,906,empty #17]
06-05 18:05:27.889  1000  2628 10460 I am_resume_activity: [0,237847469,22,com.google.android.apps.tachyon/.MainActivity]
06-05 18:05:27.919  1000  2628  2708 I sysui_count: [window_time_0,0]
06-05 18:05:27.919  1000  2628  2708 I sysui_multi_action: [757,803,799,window_time_0,802,0]
06-05 18:05:27.920  1000  2628  3528 I am_proc_died: [0,27751,com.google.android.apps.photos,906,17]
06-05 18:05:27.920  1000  2628  3528 I am_uid_stopped: 10081
06-05 18:05:27.957 10060 27299 27299 I am_on_resume_called: [0,com.google.android.apps.tachyon.MainActivity,RESUME_ACTIVITY]
06-05 18:05:27.961 10060 27299 27299 I auditd  : type=1400 audit(0.0:511): avc: denied { read } for comm="VideoCapturerTh" name="u:object_r:camera_prop:s0" dev="tmpfs" ino=6405 scontext=u:r:untrusted_app_25:s0:c512,c768 tcontext=u:object_r:camera_prop:s0 tclass=file permissive=0
06-05 18:05:28.181  1000  2628  5476 I am_destroy_activity: [0,188257248,22,com.google.android.apps.tachyon/.BadCallRatingActivity,finish-idle]
06-05 18:05:28.205 10060 27299 27299 I am_on_stop_called: [0,com.google.android.apps.tachyon.BadCallRatingActivity,destroy]
06-05 18:05:35.108  1000  2628  7825 I battery_level: [23,3739,302]
06-05 18:05:35.273  1000  2628  3936 I backup_start: com.google.android.gms.backup.BackupTransportService
06-05 18:05:35.751  1000  2628  3936 I backup_initialize: 
06-05 18:05:36.109  1000  2628  2628 I notification_enqueue: [10060,27299,com.google.android.apps.tachyon,-1,NULL,0,Notification(channel=notification_channel_call_notifications pri=1 contentView=null vibrate=null sound=null defaults=0x0 flags=0x48 color=0xff4285f4 actions=1 vis=PRIVATE),0]
06-05 18:05:36.173 10034  3373  3647 I sysui_multi_action: [757,1093,758,4,793,8540,1094,9437248,1095,4]
06-05 18:05:36.233  1000  2628 13719 I notification_expansion: [0|com.google.android.apps.tachyon|-1|null|10060,0,1,125,125,0]
06-05 18:05:36.234  1000  2628 13719 I notification_expansion: [-1|android|26|null|1000,0,0,114946,114946,0]
06-05 18:05:36.326  1000  2628  3528 I stream_devices_changed: [2,2,1]
06-05 18:05:36.328  1000  2628  3528 I stream_devices_changed: [3,2,1]
06-05 18:05:36.329  1000  2628  3528 I stream_devices_changed: [4,2,1]
06-05 18:05:36.330  1000  2628  3528 I stream_devices_changed: [5,2,1]
06-05 18:05:36.777  1000  2628 13719 I stream_devices_changed: [0,1,2]
06-05 18:05:36.778  1000  2628 13719 I stream_devices_changed: [2,1,2]
06-05 18:05:36.780  1000  2628 13719 I stream_devices_changed: [3,1,2]
06-05 18:05:36.782  1000  2628 13719 I stream_devices_changed: [4,1,2]
06-05 18:05:36.783  1000  2628 13719 I stream_devices_changed: [5,1,2]
06-05 18:05:36.784  1000  2628 13719 I stream_devices_changed: [6,1,2]
06-05 18:05:38.058  1000  2628  7825 I sysui_multi_action: [757,824,758,4,825,0.562500]
06-05 18:05:39.125 10016 10888 25700 I c2dm    : [8,com.google.android.apps.tachyon:0:1528202139138316,11,10]
06-05 18:05:39.225 10016 10888 25677 I c2dm    : [-7,,12,11]
06-05 18:05:41.706 10034  3373  3647 I sysui_multi_action: [757,1093,758,4,793,5534,1094,9437248,1095,4]
06-05 18:05:42.733 10034  3373  3647 I sysui_multi_action: [757,1093,758,4,793,1027,1094,9437248,1095,4]
06-05 18:05:50.093  1000  2628  2628 I notification_enqueue: [10060,27299,com.google.android.apps.tachyon,-1,NULL,0,Notification(channel=notification_channel_call_notifications pri=1 contentView=null vibrate=null sound=null defaults=0x0 flags=0x8 color=0xff4285f4 actions=1 vis=PRIVATE),1]
06-05 18:05:51.177  1000  2628  7604 I sysui_multi_action: [757,824,758,4,825,0.562500]
06-05 18:05:53.794 10034  3373  3647 I sysui_multi_action: [757,1093,758,4,793,11061,1094,9437248,1095,4]
06-05 18:05:55.990  1000  2628  2707 I am_pss  : [15443,10044,com.google.android.googlequicksearchbox:search,40840192,28479488,8535040]
06-05 18:05:56.760 10034  3373  3647 I sysui_multi_action: [757,1093,758,4,793,2966,1094,9437248,1095,4]
06-05 18:05:57.807 10034  3373  3647 I sysui_multi_action: [757,1093,758,4,793,1047,1094,9437248,1095,4]
06-05 18:05:59.813 10034  3373  3647 I sysui_multi_action: [757,1093,758,4,793,2005,1094,9437248,1095,4]
06-05 18:06:01.813 10034  3373  3647 I sysui_multi_action: [757,1093,758,4,793,2000,1094,9437248,1095,4]
06-05 18:06:03.804 10034  3373  3647 I sysui_multi_action: [757,1093,758,4,793,1992,1094,9437248,1095,4]
06-05 18:06:04.845 10034  3373  3647 I sysui_multi_action: [757,1093,758,4,793,1041,1094,9437248,1095,4]
06-05 18:06:06.853 10034  3373  3647 I sysui_multi_action: [757,1093,758,4,793,2008,1094,9437248,1095,4]
06-05 18:06:08.866 10034  3373  3647 I sysui_multi_action: [757,1093,758,4,793,2013,1094,9437248,1095,4]
06-05 18:06:10.487  1000  2628  2707 I am_pss  : [25633,10011,com.android.dialer,63389696,30744576,27398144]
06-05 18:06:10.533  1000  2628  2707 I am_pss  : [28458,10062,com.google.android.apps.docs,19853312,15626240,2631680]
06-05 18:06:10.844 10034  3373  3647 I sysui_multi_action: [757,1093,758,4,793,1978,1094,9437248,1095,4]
06-05 18:06:11.848 10034  3373  3647 I sysui_multi_action: [757,1093,758,4,793,1004,1094,9437248,1095,4]
06-05 18:06:12.887 10034  3373  3647 I sysui_multi_action: [757,1093,758,4,793,1039,1094,9437248,1095,4]
06-05 18:06:14.853 10034  3373  3647 I sysui_multi_action: [757,1093,758,4,793,1966,1094,9437248,1095,4]
06-05 18:06:15.895 10034  3373  3647 I sysui_multi_action: [757,1093,758,4,793,1042,1094,9437248,1095,4]
06-05 18:06:17.876 10034  3373  3647 I sysui_multi_action: [757,1093,758,4,793,1981,1094,9437248,1095,4]
06-05 18:06:17.915  1000  2628  3305 I netstats_mobile_sample: [92433160,78619,7278830,43251,94825853,71998,9787131,43107,94825853,71998,9787131,43107,1528202178085]
06-05 18:06:17.915  1000  2628  3305 I netstats_wifi_sample: [1861233559,1384876,47160917,674749,1860849290,1377056,37708697,674638,1854035420,1343210,37707933,674629,1528202178085]
06-05 18:06:18.918 10034  3373  3647 I sysui_multi_action: [757,1093,758,4,793,1042,1094,9437248,1095,4]
06-05 18:06:21.922 10034  3373  3647 I sysui_multi_action: [757,1093,758,4,793,3004,1094,9437248,1095,4]
06-05 18:06:23.922 10034  3373  3647 I sysui_multi_action: [757,1093,758,4,793,2000,1094,9437248,1095,4]
06-05 18:06:26.904 10034  3373  3647 I sysui_multi_action: [757,1093,758,4,793,2982,1094,9437248,1095,4]
06-05 18:06:27.905 10034  3373  3647 I sysui_multi_action: [757,1093,758,4,793,1001,1094,9437248,1095,4]
06-05 18:06:28.942 10034  3373  3647 I sysui_multi_action: [757,1093,758,4,793,1037,1094,9437248,1095,4]
06-05 18:06:30.297  1000  2628  2707 I am_pss  : [4118,10016,com.google.process.gservices,5565440,1904640,2795520]
06-05 18:06:30.344  1000  2628  2707 I am_pss  : [23568,10002,android.process.acore,14398464,5550080,7362560]
06-05 18:06:30.916 10034  3373  3647 I sysui_multi_action: [757,1093,758,4,793,1974,1094,9437248,1095,4]
06-05 18:06:31.387 10034  3373  3373 I sysui_count: [panel_open,1]
06-05 18:06:31.387 10034  3373  3373 I sysui_multi_action: [757,803,799,panel_open,802,1]
06-05 18:06:31.410  1000  2628 13719 I sysui_view_visibility: [127,100]
06-05 18:06:31.410  1000  2628 13719 I sysui_multi_action: [757,127,758,1]
06-05 18:06:31.410  1000  2628 13719 I sysui_histogram: [note_load,3]
06-05 18:06:31.411  1000  2628 13719 I sysui_multi_action: [757,804,799,note_load,801,3,802,1]
06-05 18:06:31.411  1000  2628 13719 I notification_panel_revealed: 3
06-05 18:06:31.912  1000  2628 13719 I sysui_multi_action: [757,128,758,1,793,170625,794,0,795,170625,796,26,798,1,806,android,857,DEVELOPER,858,2,947,0]
06-05 18:06:31.912  1000  2628 13719 I sysui_histogram: [note_freshness,170625]
06-05 18:06:31.912  1000  2628 13719 I sysui_multi_action: [757,804,799,note_freshness,801,170625,802,1]
06-05 18:06:31.912  1000  2628 13719 I notification_visibility: [-1|android|26|null|1000,1,170625,170625,0,1]
06-05 18:06:31.913  1000  2628 13719 I sysui_multi_action: [757,128,758,1,793,55804,794,0,795,41822,796,-1,798,0,806,com.google.android.apps.tachyon,857,notification_channel_call_n-3e0f0557,858,3,947,0]
06-05 18:06:31.913  1000  2628 13719 I sysui_histogram: [note_freshness,41822]
06-05 18:06:31.913  1000  2628 13719 I sysui_multi_action: [757,804,799,note_freshness,801,41822,802,1]
06-05 18:06:31.913  1000  2628 13719 I notification_visibility: [0|com.google.android.apps.tachyon|-1|null|10060,1,55804,41822,0,0]
06-05 18:06:31.913  1000  2628 13719 I sysui_multi_action: [757,128,758,1,793,176402,794,0,795,176402,796,32,798,2,806,android,857,USB,858,1,947,0]
06-05 18:06:31.913  1000  2628 13719 I sysui_histogram: [note_freshness,176402]
06-05 18:06:31.913  1000  2628 13719 I sysui_multi_action: [757,804,799,note_freshness,801,176402,802,1]
06-05 18:06:31.913  1000  2628 13719 I notification_visibility: [-1|android|32|null|1000,1,176402,176402,0,2]
06-05 18:06:31.919 10034  3373  3647 I sysui_multi_action: [757,1093,758,4,793,1003,1094,9437248,1095,4]
06-05 18:06:32.942 10034  3373  3647 I sysui_multi_action: [757,1093,758,4,793,1023,1094,9437248,1095,4]
06-05 18:06:33.893 10034  3373  3373 I sysui_multi_action: [757,925,758,4,759,126,833,0,927,0,928,0]
06-05 18:06:33.964 10034  3373  3647 I sysui_multi_action: [757,1093,758,4,793,1022,1094,9437248,1095,4]
06-05 18:06:34.772  1000  2628  7604 I sysui_multi_action: [757,128,758,2,793,173484,794,2859,795,173484,796,26,798,1,806,android,857,DEVELOPER,858,2,947,0]
06-05 18:06:34.772  1000  2628  7604 I notification_visibility: [-1|android|26|null|1000,0,173484,173484,0,1]
06-05 18:06:34.772  1000  2628  7604 I sysui_multi_action: [757,128,758,2,793,58664,794,2860,795,44682,796,-1,798,0,806,com.google.android.apps.tachyon,857,notification_channel_call_n-3e0f0557,858,3,947,0]
06-05 18:06:34.772  1000  2628  7604 I notification_visibility: [0|com.google.android.apps.tachyon|-1|null|10060,0,58664,44682,0,0]
06-05 18:06:34.772  1000  2628  7604 I sysui_multi_action: [757,128,758,2,793,179261,794,2859,795,179261,796,32,798,2,806,android,857,USB,858,1,947,0]
06-05 18:06:34.772  1000  2628  7604 I notification_visibility: [-1|android|32|null|1000,0,179261,179261,0,2]
06-05 18:06:34.773  1000  2628  7604 I sysui_view_visibility: [127,0]
06-05 18:06:34.773  1000  2628  7604 I sysui_multi_action: [757,127,758,2]
06-05 18:06:34.773  1000  2628  7604 I notification_panel_hidden: 
06-05 18:06:34.994 10034  3373  3647 I sysui_multi_action: [757,1093,758,4,793,1029,1094,9437248,1095,4]
06-05 18:06:35.798  1000  2628  3315 I netstats_mobile_sample: [92459712,78782,8051766,44901,94852405,72161,10546867,44757,94852405,72161,10546867,44757,1528202195968]
06-05 18:06:35.799  1000  2628  3315 I netstats_wifi_sample: [1861233559,1384876,47160917,674749,1860849290,1377056,37708697,674638,1854035420,1343210,37707933,674629,1528202195968]
06-05 18:06:35.818  1000  2628  3315 I netstats_mobile_sample: [92459712,78782,8053306,44905,94852405,72161,10548375,44761,94852405,72161,10548211,44760,1528202195989]
06-05 18:06:35.819  1000  2628  3315 I netstats_wifi_sample: [1861233559,1384876,47160917,674749,1860849290,1377056,37708697,674638,1854035420,1343210,37707933,674629,1528202195989]
06-05 18:06:36.172 10034  3373  3647 I sysui_multi_action: [757,1093,758,4,793,1178,1094,9470016,1095,5]
06-05 18:06:36.319  1000  2628  2708 I am_uid_idle: 10002
06-05 18:06:36.547  1000  2628  2707 I am_pss  : [27299,10060,com.google.android.apps.tachyon,235435008,224673792,2383872]
06-05 18:06:36.585  1000  2628  7823 I am_uid_active: 10028
06-05 18:06:36.681 10014 28420 28420 I auditd  : type=1400 audit(0.0:512): avc: denied { connectto } for comm="Thread-2" path="/dev/socket/dpmwrapper" scontext=u:r:mediaprovider:s0:c512,c768 tcontext=u:r:dpmd:s0 tclass=unix_stream_socket permissive=0
06-05 18:06:36.681 10014 28420 28420 I auditd  : type=1400 audit(0.0:513): avc: denied { connectto } for comm="TcmReceiver" path="/dev/socket/tcm" scontext=u:r:mediaprovider:s0:c512,c768 tcontext=u:r:dpmd:s0 tclass=unix_stream_socket permissive=0
06-05 18:06:36.705 10016 10888 29394 I gtalk_conn_close: [283,1371]
06-05 18:06:36.731 10016 10888 29394 I c2dm    : [-2,,1,1]
06-05 18:06:36.731 10014 28420 28420 I auditd  : type=1400 audit(0.0:514): avc: denied { connectto } for comm="Thread-2" path="/dev/socket/dpmwrapper" scontext=u:r:mediaprovider:s0:c512,c768 tcontext=u:r:dpmd:s0 tclass=unix_stream_socket permissive=0
06-05 18:06:36.771 10014 28420 28420 I auditd  : type=1400 audit(0.0:515): avc: denied { connectto } for comm="Thread-3" path="/dev/socket/dpmwrapper" scontext=u:r:mediaprovider:s0:c512,c768 tcontext=u:r:dpmd:s0 tclass=unix_stream_socket permissive=0
06-05 18:06:36.781 10014 28420 28420 I auditd  : type=1400 audit(0.0:516): avc: denied { connectto } for comm="Thread-3" path="/dev/socket/dpmwrapper" scontext=u:r:mediaprovider:s0:c512,c768 tcontext=u:r:dpmd:s0 tclass=unix_stream_socket permissive=0
06-05 18:06:36.841 10014 28420 28420 I auditd  : type=1400 audit(0.0:517): avc: denied { connectto } for comm="Thread-4" path="/dev/socket/dpmwrapper" scontext=u:r:mediaprovider:s0:c512,c768 tcontext=u:r:dpmd:s0 tclass=unix_stream_socket permissive=0
06-05 18:06:36.871 10014 28420 28420 I auditd  : type=1400 audit(0.0:518): avc: denied { connectto } for comm="Thread-4" path="/dev/socket/dpmwrapper" scontext=u:r:mediaprovider:s0:c512,c768 tcontext=u:r:dpmd:s0 tclass=unix_stream_socket permissive=0
06-05 18:06:36.916 10016 10888 29426 I c2dm    : [3,,1,1]
06-05 18:06:36.943 10016 10888 29426 I gtalk_heartbeat_reset: [66086,74.125.130.188:5228]
06-05 18:06:36.946 10016 10888 29426 I gtalk_connection: 0
06-05 18:06:36.951 10016 10888 29426 I c2dm    : [7,,1,1]
06-05 18:06:37.412  1000  2628  3305 I netstats_mobile_sample: [92460224,78787,8065400,44937,94852917,72166,10560213,44793,94852917,72166,10560213,44793,1528202197582]
06-05 18:06:37.412  1000  2628  3305 I netstats_wifi_sample: [1863422981,1386564,47291894,675763,1862995758,1378707,37824642,675635,1856083007,1344748,37821294,675592,1528202197582]
06-05 18:06:37.435 10034  3373  3647 I sysui_multi_action: [757,1093,758,4,793,1264,1094,9470016,1095,5]
06-05 18:06:37.681 10014 28420 28420 I auditd  : type=1400 audit(0.0:519): avc: denied { connectto } for comm="TcmReceiver" path="/dev/socket/tcm" scontext=u:r:mediaprovider:s0:c512,c768 tcontext=u:r:dpmd:s0 tclass=unix_stream_socket permissive=0
06-05 18:06:37.743  1000  2628  3305 I netstats_mobile_sample: [92460404,78788,8065640,44939,94853097,72167,10560437,44795,94853097,72167,10560437,44795,1528202197914]
06-05 18:06:37.744  1000  2628  3305 I netstats_wifi_sample: [1865717340,1388231,47355614,676617,1865301663,1380381,37876822,676497,1858457634,1346467,37875646,676481,1528202197914]
06-05 18:06:38.187  1000  2628  3305 I netstats_mobile_sample: [92460524,78790,8065640,44939,94853217,72169,10560437,44795,94853217,72169,10560437,44795,1528202198357]
06-05 18:06:38.188  1000  2628  3305 I netstats_wifi_sample: [1868042723,1389896,47422253,677505,1867649506,1382062,37931091,677387,1860747053,1348101,37927427,677349,1528202198357]
06-05 18:06:38.681 10014 28420 28420 I auditd  : type=1400 audit(0.0:520): avc: denied { connectto } for comm="TcmReceiver" path="/dev/socket/tcm" scontext=u:r:mediaprovider:s0:c512,c768 tcontext=u:r:dpmd:s0 tclass=unix_stream_socket permissive=0
06-05 18:06:38.750  1000  2628  4143 I am_uid_active: 10014
06-05 18:06:38.861  1000  2628  3305 I netstats_mobile_sample: [92461208,78793,8065764,44940,94853901,72172,10560553,44796,94853901,72172,10560553,44796,1528202199031]
06-05 18:06:38.861  1000  2628  3305 I netstats_wifi_sample: [1870237535,1391475,47502525,678339,1869841340,1383636,38001320,678232,1862970515,1349692,37998617,678206,1528202199031]
06-05 18:06:39.014  1000  2628  2628 I sysui_multi_action: [757,128,758,5,759,8,793,62906,794,7102,795,48924,796,-1,806,com.google.android.apps.tachyon,857,notification_channel_call_n-3e0f0557,858,3,947,0]
06-05 18:06:39.014  1000  2628  2628 I notification_canceled: [0|com.google.android.apps.tachyon|-1|null|10060,8,62906,48924,7102,NULL]
06-05 18:06:39.030  1000  2628  4143 I notification_expansion: [-1|android|26|null|1000,0,1,177743,177743,7118]
06-05 18:06:39.106 10034  3373  3647 I sysui_multi_action: [757,1093,758,4,793,1670,1094,9470016,1095,5]
06-05 18:06:39.397  1000  2628  3305 I netstats_mobile_sample: [92461208,78793,8065859,44941,94853901,72172,10560640,44797,94853901,72172,10560640,44797,1528202199567]
06-05 18:06:39.397  1000  2628  3305 I netstats_wifi_sample: [1872474497,1393083,47579958,679184,1872089662,1385252,38065592,679071,1865206159,1351284,38063856,679044,1528202199567]
06-05 18:06:39.462  1000  2628  7826 I sysui_multi_action: [757,824,758,4,825,0.562500]
06-05 18:06:39.531  1000  2628  4787 I am_uid_running: 10084
06-05 18:06:39.559  1000  2628  4787 I am_proc_start: [0,29492,10084,com.google.android.videos,service,com.google.android.videos/com.google.android.apps.play.movies.common.service.player.logging.QoePingService]
06-05 18:06:39.560  1000  2628  7826 I sysui_multi_action: [757,824,758,4,825,0.562500]
06-05 18:06:39.604  1000  2628  7826 I am_proc_bound: [0,29492,com.google.android.videos]
06-05 18:06:39.681 10014 28420 28420 I auditd  : type=1400 audit(0.0:521): avc: denied { connectto } for comm="TcmReceiver" path="/dev/socket/tcm" scontext=u:r:mediaprovider:s0:c512,c768 tcontext=u:r:dpmd:s0 tclass=unix_stream_socket permissive=0
06-05 18:06:39.911  1000  2628  3305 I netstats_mobile_sample: [92461308,78794,8066465,44944,94854001,72173,10561222,44800,94854001,72173,10561222,44800,1528202200081]
06-05 18:06:39.912  1000  2628  3305 I netstats_wifi_sample: [1874754710,1394736,47714553,680072,1874347103,1386888,38187339,679951,1867407363,1352868,38178935,679901,1528202200081]
06-05 18:06:40.113 10034  3373  3647 I sysui_multi_action: [757,1093,758,4,793,1007,1094,9470016,1095,5]
06-05 18:06:40.681 10014 28420 28420 I auditd  : type=1400 audit(0.0:522): avc: denied { connectto } for comm="TcmReceiver" path="/dev/socket/tcm" scontext=u:r:mediaprovider:s0:c512,c768 tcontext=u:r:dpmd:s0 tclass=unix_stream_socket permissive=0
06-05 18:06:41.681 10014 28420 28420 I auditd  : type=1400 audit(0.0:523): avc: denied { connectto } for comm="TcmReceiver" path="/dev/socket/tcm" scontext=u:r:mediaprovider:s0:c512,c768 tcontext=u:r:dpmd:s0 tclass=unix_stream_socket permissive=0
06-05 18:06:42.046 10034  3373  3647 I sysui_multi_action: [757,1093,758,4,793,1933,1094,9470016,1095,5]
06-05 18:06:42.681 10014 28420 28420 I auditd  : type=1400 audit(0.0:524): avc: denied { connectto } for comm="TcmReceiver" path="/dev/socket/tcm" scontext=u:r:mediaprovider:s0:c512,c768 tcontext=u:r:dpmd:s0 tclass=unix_stream_socket permissive=0
06-05 18:06:43.691 10014 28420 28420 I chatty  : uid=10014(com.android.providers.media) android.process.media identical 1 line
06-05 18:06:44.691 10014 28420 28420 I auditd  : type=1400 audit(0.0:526): avc: denied { connectto } for comm="TcmReceiver" path="/dev/socket/tcm" scontext=u:r:mediaprovider:s0:c512,c768 tcontext=u:r:dpmd:s0 tclass=unix_stream_socket permissive=0
06-05 18:06:45.618 10034  3373  3647 I sysui_multi_action: [757,1093,758,4,793,3573,1094,9470016,1095,5]
06-05 18:06:45.691 10014 28420 28420 I auditd  : type=1400 audit(0.0:527): avc: denied { connectto } for comm="TcmReceiver" path="/dev/socket/tcm" scontext=u:r:mediaprovider:s0:c512,c768 tcontext=u:r:dpmd:s0 tclass=unix_stream_socket permissive=0
06-05 18:06:46.480  1000  2628  4787 I am_uid_active: 10002
06-05 18:06:46.537  1000  2628  2628 I notification_enqueue: [10060,27299,com.google.android.apps.tachyon,-1,NULL,0,Notification(channel=notification_channel_call_notifications pri=1 contentView=null vibrate=null sound=null defaults=0x0 flags=0x48 color=0xff4285f4 actions=1 vis=PRIVATE),0]
06-05 18:06:46.694  1000  2628 13719 I notification_expansion: [0|com.google.android.apps.tachyon|-1|null|10060,0,1,159,159,0]
06-05 18:06:46.695  1000  2628 13719 I notification_expansion: [-1|android|26|null|1000,0,0,185408,185408,14783]
06-05 18:06:46.691 10014 28420 28420 I auditd  : type=1400 audit(0.0:528): avc: denied { connectto } for comm="TcmReceiver" path="/dev/socket/tcm" scontext=u:r:mediaprovider:s0:c512,c768 tcontext=u:r:dpmd:s0 tclass=unix_stream_socket permissive=0
06-05 18:06:46.753  1000  2628  4143 I stream_devices_changed: [2,2,1]
06-05 18:06:46.754  1000  2628  4143 I stream_devices_changed: [3,2,1]
06-05 18:06:46.761  1000  2628  4143 I stream_devices_changed: [4,2,1]
06-05 18:06:46.763  1000  2628  4143 I stream_devices_changed: [5,2,1]
06-05 18:06:46.764  1000  2628  4143 I stream_devices_changed: [6,2,1]
06-05 18:06:46.767  1000  2628  4143 I stream_devices_changed: [0,2,1]
06-05 18:06:46.804  1000  2628  7823 I sysui_multi_action: [757,824,758,4,825,0.562500]
06-05 18:06:47.013 10034  3373  3647 I sysui_multi_action: [757,1093,758,4,793,1394,1094,9470016,1095,5]
06-05 18:06:47.237  1000  2628 13719 I stream_devices_changed: [0,1,2]
06-05 18:06:47.239  1000  2628 13719 I stream_devices_changed: [2,1,2]
06-05 18:06:47.240  1000  2628 13719 I stream_devices_changed: [3,1,2]
06-05 18:06:47.244  1000  2628 13719 I stream_devices_changed: [4,1,2]
06-05 18:06:47.245  1000  2628 13719 I stream_devices_changed: [5,1,2]
06-05 18:06:47.257  1000  2628 13719 I stream_devices_changed: [6,1,2]
06-05 18:06:47.691 10014 28420 28420 I auditd  : type=1400 audit(0.0:529): avc: denied { connectto } for comm="TcmReceiver" path="/dev/socket/tcm" scontext=u:r:mediaprovider:s0:c512,c768 tcontext=u:r:dpmd:s0 tclass=unix_stream_socket permissive=0
06-05 18:06:48.021 10034  3373  3647 I sysui_multi_action: [757,1093,758,4,793,1008,1094,9470016,1095,5]
06-05 18:06:48.691 10014 28420 28420 I auditd  : type=1400 audit(0.0:530): avc: denied { connectto } for comm="TcmReceiver" path="/dev/socket/tcm" scontext=u:r:mediaprovider:s0:c512,c768 tcontext=u:r:dpmd:s0 tclass=unix_stream_socket permissive=0
06-05 18:06:49.060 10034  3373  3647 I sysui_multi_action: [757,1093,758,4,793,1040,1094,9470016,1095,5]
06-05 18:06:49.701 10014 28420 28420 I auditd  : type=1400 audit(0.0:531): avc: denied { connectto } for comm="TcmReceiver" path="/dev/socket/tcm" scontext=u:r:mediaprovider:s0:c512,c768 tcontext=u:r:dpmd:s0 tclass=unix_stream_socket permissive=0
06-05 18:06:50.272  1000  2628  2628 I notification_enqueue: [10060,27299,com.google.android.apps.tachyon,-1,NULL,0,Notification(channel=notification_channel_call_notifications pri=1 contentView=null vibrate=null sound=null defaults=0x0 flags=0x8 color=0xff4285f4 actions=1 vis=PRIVATE),1]
06-05 18:06:50.563  1000  2628  4787 I sysui_multi_action: [757,824,758,4,825,0.562500]
06-05 18:06:50.643  1000  2628  2628 I am_uid_running: 10081
06-05 18:06:50.679  1000  2628  2628 I am_proc_start: [0,29611,10081,com.google.android.apps.photos,service,com.google.android.apps.photos/com.google.android.libraries.social.mediamonitor.MediaMonitorJobSchedulerService]
06-05 18:06:50.701 10014 28420 28420 I auditd  : type=1400 audit(0.0:532): avc: denied { connectto } for comm="TcmReceiver" path="/dev/socket/tcm" scontext=u:r:mediaprovider:s0:c512,c768 tcontext=u:r:dpmd:s0 tclass=unix_stream_socket permissive=0
06-05 18:06:50.739  1000  2628 10843 I am_proc_bound: [0,29611,com.google.android.apps.photos]
06-05 18:06:51.640 10034  3373  3647 I sysui_multi_action: [757,1093,758,4,793,2580,1094,9470016,1095,5]
06-05 18:06:51.701 10014 28420 28420 I auditd  : type=1400 audit(0.0:533): avc: denied { connectto } for comm="TcmReceiver" path="/dev/socket/tcm" scontext=u:r:mediaprovider:s0:c512,c768 tcontext=u:r:dpmd:s0 tclass=unix_stream_socket permissive=0
06-05 18:06:52.701 10014 28420 28420 I auditd  : type=1400 audit(0.0:534): avc: denied { connectto } for comm="TcmReceiver" path="/dev/socket/tcm" scontext=u:r:mediaprovider:s0:c512,c768 tcontext=u:r:dpmd:s0 tclass=unix_stream_socket permissive=0
06-05 18:06:53.095 10034  3373  3647 I sysui_multi_action: [757,1093,758,4,793,1454,1094,9470016,1095,5]
06-05 18:06:53.378  1000  2628  3305 I netstats_mobile_sample: [92477866,78876,8112757,45099,94870559,72255,10606118,44952,94870559,72255,10606118,44952,1528202213548]
06-05 18:06:53.379  1000  2628  3305 I netstats_wifi_sample: [1876204462,1396786,48593672,681398,1875811857,1388788,39048204,681283,1868916335,1354630,39043800,681269,1528202213548]
06-05 18:06:53.701 10014 28420 28420 I auditd  : type=1400 audit(0.0:535): avc: denied { connectto } for comm="TcmReceiver" path="/dev/socket/tcm" scontext=u:r:mediaprovider:s0:c512,c768 tcontext=u:r:dpmd:s0 tclass=unix_stream_socket permissive=0
06-05 18:06:54.672 10034  3373  3647 I sysui_multi_action: [757,1093,758,4,793,1578,1094,9470016,1095,5]
06-05 18:06:54.701 10014 28420 28420 I auditd  : type=1400 audit(0.0:536): avc: denied { connectto } for comm="TcmReceiver" path="/dev/socket/tcm" scontext=u:r:mediaprovider:s0:c512,c768 tcontext=u:r:dpmd:s0 tclass=unix_stream_socket permissive=0
06-05 18:06:55.701 10014 28420 28420 I chatty  : uid=10014(com.android.providers.media) android.process.media identical 1 line
06-05 18:06:56.701 10014 28420 28420 I auditd  : type=1400 audit(0.0:538): avc: denied { connectto } for comm="TcmReceiver" path="/dev/socket/tcm" scontext=u:r:mediaprovider:s0:c512,c768 tcontext=u:r:dpmd:s0 tclass=unix_stream_socket permissive=0
06-05 18:06:57.500  1000  2628  2707 I am_pss  : [15443,10044,com.google.android.googlequicksearchbox:search,45753344,35160064,6764544]
06-05 18:06:57.687 10034  3373  3647 I sysui_multi_action: [757,1093,758,4,793,3014,1094,9470016,1095,5]
06-05 18:06:57.701 10014 28420 28420 I auditd  : type=1400 audit(0.0:539): avc: denied { connectto } for comm="TcmReceiver" path="/dev/socket/tcm" scontext=u:r:mediaprovider:s0:c512,c768 tcontext=u:r:dpmd:s0 tclass=unix_stream_socket permissive=0
06-05 18:06:57.966  1000  2628  3305 I netstats_mobile_sample: [92484674,78943,8119835,45142,94877367,72322,10612852,44995,94877367,72322,10612852,44995,1528202218136]
06-05 18:06:57.966  1000  2628  3305 I netstats_wifi_sample: [1877279772,1398195,49661787,682684,1876886243,1390175,40098365,682569,1869970700,1355928,40093962,682554,1528202218136]
06-05 18:06:58.711 10014 28420 28420 I auditd  : type=1400 audit(0.0:540): avc: denied { connectto } for comm="TcmReceiver" path="/dev/socket/tcm" scontext=u:r:mediaprovider:s0:c512,c768 tcontext=u:r:dpmd:s0 tclass=unix_stream_socket permissive=0
06-05 18:06:59.711 10014 28420 28420 I chatty  : uid=10014(com.android.providers.media) android.process.media identical 1 line
06-05 18:07:00.711 10014 28420 28420 I auditd  : type=1400 audit(0.0:542): avc: denied { connectto } for comm="TcmReceiver" path="/dev/socket/tcm" scontext=u:r:mediaprovider:s0:c512,c768 tcontext=u:r:dpmd:s0 tclass=unix_stream_socket permissive=0
06-05 18:07:01.139 10034  3373  3647 I sysui_multi_action: [757,1093,758,4,793,3452,1094,9470016,1095,5]
06-05 18:07:01.711 10014 28420 28420 I auditd  : type=1400 audit(0.0:543): avc: denied { connectto } for comm="TcmReceiver" path="/dev/socket/tcm" scontext=u:r:mediaprovider:s0:c512,c768 tcontext=u:r:dpmd:s0 tclass=unix_stream_socket permissive=0
06-05 18:07:02.576  1000  2628  3305 I netstats_mobile_sample: [92487875,78958,8129697,45159,94880568,72337,10622578,45012,94880568,72337,10622578,45012,1528202222746]
06-05 18:07:02.576  1000  2628  3305 I netstats_wifi_sample: [1878329926,1399598,50764590,683997,1877932723,1391548,41182657,683880,1870994515,1357238,41181805,683870,1528202222746]
06-05 18:07:02.711 10014 28420 28420 I auditd  : type=1400 audit(0.0:544): avc: denied { connectto } for comm="TcmReceiver" path="/dev/socket/tcm" scontext=u:r:mediaprovider:s0:c512,c768 tcontext=u:r:dpmd:s0 tclass=unix_stream_socket permissive=0
06-05 18:07:03.143 10034  3373  3647 I sysui_multi_action: [757,1093,758,4,793,2005,1094,9470016,1095,5]
06-05 18:07:03.711 10014 28420 28420 I auditd  : type=1400 audit(0.0:545): avc: denied { connectto } for comm="TcmReceiver" path="/dev/socket/tcm" scontext=u:r:mediaprovider:s0:c512,c768 tcontext=u:r:dpmd:s0 tclass=unix_stream_socket permissive=0
06-05 18:07:04.398  1000  2628  3936 I backup_transport_failure: @pm@
06-05 18:07:04.711 10014 28420 28420 I auditd  : type=1400 audit(0.0:546): avc: denied { connectto } for comm="TcmReceiver" path="/dev/socket/tcm" scontext=u:r:mediaprovider:s0:c512,c768 tcontext=u:r:dpmd:s0 tclass=unix_stream_socket permissive=0
06-05 18:07:05.721 10014 28420 28420 I auditd  : type=1400 audit(0.0:547): avc: denied { connectto } for comm="TcmReceiver" path="/dev/socket/tcm" scontext=u:r:mediaprovider:s0:c512,c768 tcontext=u:r:dpmd:s0 tclass=unix_stream_socket permissive=0
06-05 18:07:06.134 10034  3373  3647 I sysui_multi_action: [757,1093,758,4,793,2990,1094,9470016,1095,5]
06-05 18:07:06.721 10014 28420 28420 I auditd  : type=1400 audit(0.0:548): avc: denied { connectto } for comm="TcmReceiver" path="/dev/socket/tcm" scontext=u:r:mediaprovider:s0:c512,c768 tcontext=u:r:dpmd:s0 tclass=unix_stream_socket permissive=0
06-05 18:07:07.173 10034  3373  3647 I sysui_multi_action: [757,1093,758,4,793,1040,1094,9470016,1095,5]
06-05 18:07:07.224  1000  2628  3305 I netstats_mobile_sample: [92488467,78965,8130468,45167,94881160,72344,10623285,45020,94881160,72344,10623285,45020,1528202227394]
06-05 18:07:07.225  1000  2628  3305 I netstats_wifi_sample: [1879391043,1401023,51853647,685319,1878995223,1392957,42253307,685203,1872039954,1358560,42252340,685192,1528202227394]
06-05 18:07:07.721 10014 28420 28420 I auditd  : type=1400 audit(0.0:549): avc: denied { connectto } for comm="TcmReceiver" path="/dev/socket/tcm" scontext=u:r:mediaprovider:s0:c512,c768 tcontext=u:r:dpmd:s0 tclass=unix_stream_socket permissive=0
06-05 18:07:08.721 10014 28420 28420 I auditd  : type=1400 audit(0.0:550): avc: denied { connectto } for comm="TcmReceiver" path="/dev/socket/tcm" scontext=u:r:mediaprovider:s0:c512,c768 tcontext=u:r:dpmd:s0 tclass=unix_stream_socket permissive=0
06-05 18:07:09.443  1000  2628  3936 I backup_start: com.google.android.gms.backup.BackupTransportService
06-05 18:07:09.582 10034  3373  3647 I sysui_multi_action: [757,1093,758,4,793,2408,1094,9470016,1095,5]
06-05 18:07:09.673  1000  2628  3936 I backup_initialize: 
06-05 18:07:09.721 10014 28420 28420 I auditd  : type=1400 audit(0.0:551): avc: denied { connectto } for comm="TcmReceiver" path="/dev/socket/tcm" scontext=u:r:mediaprovider:s0:c512,c768 tcontext=u:r:dpmd:s0 tclass=unix_stream_socket permissive=0
06-05 18:07:09.968  1000  2628  4143 I volume_changed: [3,14,9,15,com.android.systemui]
06-05 18:07:10.721 10014 28420 28420 I auditd  : type=1400 audit(0.0:552): avc: denied { connectto } for comm="TcmReceiver" path="/dev/socket/tcm" scontext=u:r:mediaprovider:s0:c512,c768 tcontext=u:r:dpmd:s0 tclass=unix_stream_socket permissive=0
06-05 18:07:10.768 10034  3373  3647 I sysui_multi_action: [757,1093,758,4,793,1187,1094,9470016,1095,6]
06-05 18:07:10.983  1000  2628  4143 I stream_devices_changed: [0,2,4]
06-05 18:07:10.985  1000  2628  4143 I stream_devices_changed: [2,2,4]
06-05 18:07:10.987  1000  2628  4143 I stream_devices_changed: [4,2,4]
06-05 18:07:10.996  1000  2628  4143 I stream_devices_changed: [5,2,4]
06-05 18:07:10.998  1000  2628  4143 I stream_devices_changed: [6,2,4]
06-05 18:07:11.005  1000  2628  4143 I stream_devices_changed: [3,2,4]
06-05 18:07:11.079  1000  2628  2707 I am_pss  : [29492,10084,com.google.android.videos,19941376,11341824,753664]
06-05 18:07:11.151  1000  2628  2707 I am_pss  : [26948,10028,com.android.vending,36785152,15622144,8536064]
06-05 18:07:11.324  1000  2628  4787 I am_kill : [0,27398,com.google.android.packageinstaller,906,empty #17]
06-05 18:07:11.347  1000  2628  7825 I am_proc_died: [0,27398,com.google.android.packageinstaller,906,17]
06-05 18:07:11.347  1000  2628  7825 I am_uid_stopped: 10021
06-05 18:07:11.721 10014 28420 28420 I auditd  : type=1400 audit(0.0:553): avc: denied { connectto } for comm="TcmReceiver" path="/dev/socket/tcm" scontext=u:r:mediaprovider:s0:c512,c768 tcontext=u:r:dpmd:s0 tclass=unix_stream_socket permissive=0
06-05 18:07:11.808 10034  3373  3647 I sysui_multi_action: [757,1093,758,4,793,1040,1094,9470016,1095,6]
06-05 18:07:11.999  1000  2628  3305 I netstats_mobile_sample: [92488467,78965,8130468,45167,94881160,72344,10623285,45020,94881160,72344,10623285,45020,1528202232169]
06-05 18:07:12.000  1000  2628  3305 I netstats_wifi_sample: [1880468025,1402484,52928116,686581,1880071152,1394401,43310080,686464,1873096485,1359909,43309038,686452,1528202232169]
06-05 18:07:12.097  1000  2628  3936 I backup_package: [@pm@,7564]
06-05 18:07:12.731 10014 28420 28420 I auditd  : type=1400 audit(0.0:554): avc: denied { connectto } for comm="TcmReceiver" path="/dev/socket/tcm" scontext=u:r:mediaprovider:s0:c512,c768 tcontext=u:r:dpmd:s0 tclass=unix_stream_socket permissive=0
06-05 18:07:13.056  1000  2628  3936 I backup_package: [com.google.android.apps.maps,624]
06-05 18:07:13.455  1000  2628  3323 I stream_devices_changed: [0,4,1]
06-05 18:07:13.460  1000  2628  3323 I stream_devices_changed: [2,4,1]
06-05 18:07:13.464  1000  2628  3323 I stream_devices_changed: [3,4,1]
06-05 18:07:13.466  1000  2628  3323 I stream_devices_changed: [4,4,1]
06-05 18:07:13.470  1000  2628  3323 I stream_devices_changed: [5,4,1]
06-05 18:07:13.471  1000  2628  3323 I stream_devices_changed: [6,4,1]
06-05 18:07:13.731 10014 28420 28420 I auditd  : type=1400 audit(0.0:555): avc: denied { connectto } for comm="TcmReceiver" path="/dev/socket/tcm" scontext=u:r:mediaprovider:s0:c512,c768 tcontext=u:r:dpmd:s0 tclass=unix_stream_socket permissive=0
06-05 18:07:14.107  1000  2628  4899 I stream_devices_changed: [2,1,2]
06-05 18:07:14.107  1000  2628  4899 I stream_devices_changed: [3,1,2]
06-05 18:07:14.108  1000  2628  4899 I stream_devices_changed: [4,1,2]
06-05 18:07:14.109  1000  2628  4899 I stream_devices_changed: [5,1,2]
06-05 18:07:14.110  1000  2628  4899 I stream_devices_changed: [6,1,2]
06-05 18:07:14.114  1000  2628  4899 I stream_devices_changed: [0,1,2]
06-05 18:07:14.493 10034  3373  3647 I sysui_multi_action: [757,1093,758,4,793,2684,1094,9470016,1095,5]
06-05 18:07:14.588  1000  2628  3936 I backup_package: [com.google.android.keep,161]
06-05 18:07:14.731 10014 28420 28420 I auditd  : type=1400 audit(0.0:556): avc: denied { connectto } for comm="TcmReceiver" path="/dev/socket/tcm" scontext=u:r:mediaprovider:s0:c512,c768 tcontext=u:r:dpmd:s0 tclass=unix_stream_socket permissive=0
06-05 18:07:15.582 10034  3373  3647 I sysui_multi_action: [757,1093,758,4,793,1090,1094,9470016,1095,6]
06-05 18:07:15.731 10014 28420 28420 I auditd  : type=1400 audit(0.0:557): avc: denied { connectto } for comm="TcmReceiver" path="/dev/socket/tcm" scontext=u:r:mediaprovider:s0:c512,c768 tcontext=u:r:dpmd:s0 tclass=unix_stream_socket permissive=0
06-05 18:07:15.927  1000  2628 10728 I stream_devices_changed: [0,2,4]
06-05 18:07:15.928  1000  2628 10728 I stream_devices_changed: [2,2,4]
06-05 18:07:15.930  1000  2628 10728 I stream_devices_changed: [4,2,4]
06-05 18:07:15.931  1000  2628 10728 I stream_devices_changed: [5,2,4]
06-05 18:07:15.931  1000  2628 10728 I stream_devices_changed: [6,2,4]
06-05 18:07:15.951  1000  2628 10728 I stream_devices_changed: [3,2,4]
