06-05 17:43:43.752  1000  2628  3315 I netstats_wifi_sample: [1861233559,1384876,47160917,674749,1860849290,1377056,37708697,674638,1854035420,1343210,37707933,674629,1528200824200]
06-05 17:43:44.353  1000  2628  3528 I sysui_view_visibility: [127,0]
06-05 17:43:44.353  1000  2628  3528 I sysui_multi_action: [757,127,758,2]
06-05 17:43:44.353  1000  2628  3528 I notification_panel_hidden: 
06-05 17:43:44.557 10016 10888 25677 I c2dm    : [-2,,1,1]
06-05 17:43:44.765 10034  3373  3647 I sysui_multi_action: [757,1093,758,4,793,2853,1094,9437248,1095,5]
06-05 17:43:44.772 10016 10888 25700 I c2dm    : [3,,1,1]
06-05 17:43:44.776 10016 10888 25700 I gtalk_heartbeat_reset: [240,[2404:6800:4003:c01::bc]:5228]
06-05 17:43:44.778 10016 10888 25700 I gtalk_connection: 0
06-05 17:43:44.781 10016 10888 25700 I c2dm    : [7,,1,1]
06-05 17:43:45.344 10016 10873 25709 I aggregation: 1528200825344
06-05 17:43:46.000 10034  3373  3647 I sysui_multi_action: [757,1093,758,4,793,1235,1094,9437248,1095,5]
06-05 17:43:48.035 10034  3373  3647 I sysui_multi_action: [757,1093,758,4,793,2035,1094,9437248,1095,5]
06-05 17:43:50.759 10034  3373  3647 I sysui_multi_action: [757,1093,758,4,793,2724,1094,9437248,1095,5]
06-05 17:43:52.043 10034  3373  3647 I sysui_multi_action: [757,1093,758,4,793,1284,1094,9437248,1095,5]
06-05 17:43:53.808  1000  2628  2707 I am_pss  : [25633,10011,com.android.dialer,92274688,86880256,83968]
06-05 17:43:53.827 10034  3373  3647 I sysui_multi_action: [757,1093,758,4,793,1784,1094,9437248,1095,5]
06-05 17:43:53.845  1000  2628  2707 I am_pss  : [23568,10002,android.process.acore,11749376,9187328,844800]
06-05 17:43:56.770 10034  3373  3647 I sysui_multi_action: [757,1093,758,4,793,2943,1094,9437248,1095,5]
06-05 17:43:58.937  1000  2628  2707 I am_pss  : [10888,10016,com.google.android.gms.persistent,60769280,51662848,82944]
06-05 17:43:59.008  1000  2628  2707 I am_pss  : [10873,10016,com.google.android.gms,69070848,59527168,82944]
06-05 17:43:59.058  1000  2628  2707 I am_pss  : [15443,10044,com.google.android.googlequicksearchbox:search,43239424,34152448,3830784]
06-05 17:43:59.090  1000  2628  2707 I am_pss  : [20586,1000,com.qualcomm.qti.callenhancement,3575808,745472,2129920]
06-05 17:43:59.126  1000  2628  2707 I am_pss  : [19937,10014,com.smartron.synctron,10100736,6324224,1612800]
06-05 17:43:59.157  1000  2628  2707 I am_pss  : [19891,10027,com.rock.gota,3347456,643072,2086912]
06-05 17:43:59.189  1000  2628  2707 I am_pss  : [19814,1000,com.fota.pro,4334592,1232896,2126848]
06-05 17:43:59.232  1000  2628  2707 I am_pss  : [15758,10071,com.google.android.inputmethod.latin,44291072,41082880,98304]
06-05 17:43:59.266  1000  2628  2707 I am_pss  : [15417,10044,com.google.android.googlequicksearchbox:interactor,8105984,4128768,185344]
06-05 17:43:59.298  1000  2628  2707 I am_pss  : [6004,1001,com.qualcomm.simcontacts,3435520,696320,2073600]
06-05 17:43:59.330  1000  2628  2707 I am_pss  : [4063,1001,com.qualcomm.qcrilmsgtunnel,6471680,4337664,1144832]
06-05 17:43:59.361  1000  2628  2707 I am_pss  : [4098,10085,com.android.smspush,3105792,954368,1415168]
06-05 17:43:59.925 10034  3373  3647 I sysui_multi_action: [757,1093,758,4,793,3155,1094,9437248,1095,5]
06-05 17:44:06.343  1000  2628  2707 I am_pss  : [4079,10042,com.smartron.tronxlauncher,139374592,130793472,521216]
06-05 17:44:06.381  1000  2628  2707 I am_pss  : [10031,10033,com.smartron.tronxservices,16359424,13438976,180224]
06-05 17:44:06.414  1000  2628  2707 I am_pss  : [23927,10016,com.google.process.gapps,4978688,2588672,1212416]
06-05 17:44:06.421  1000  2628  4812 I wm_task_created: [18,1]
06-05 17:44:06.421  1000  2628  4812 I wm_task_moved: [18,1,1]
06-05 17:44:06.421  1000  2628  4812 I wm_task_moved: [18,1,1]
06-05 17:44:06.422  1000  2628  4812 I am_create_task: [0,18]
06-05 17:44:06.422  1000  2628  4812 I am_create_activity: [0,120312533,18,com.android.dialer/com.android.incallui.InCallActivity,android.intent.action.MAIN,NULL,NULL,277086208]
06-05 17:44:06.423  1000  2628  4812 I wm_task_moved: [18,1,1]
06-05 17:44:06.426  1000  2628  4812 I am_pause_activity: [0,57506319,com.android.dialer/.DialtactsActivity]
06-05 17:44:06.458  1000  2628  2707 I am_pss  : [23871,10084,com.google.android.videos,31887360,20381696,2553856]
06-05 17:44:06.464 10011 25633 25633 I am_on_paused_called: [0,com.android.dialer.DialtactsActivity,handlePauseActivity]
06-05 17:44:06.468  1000  2628  4787 I am_restart_activity: [0,120312533,18,com.android.dialer/com.android.incallui.InCallActivity]
06-05 17:44:06.471  1000  2628  4787 I am_set_resumed_activity: [0,com.android.dialer/com.android.incallui.InCallActivity,minimalResumeActivityLocked]
06-05 17:44:06.476  1000  2628  2708 I sysui_count: [window_time_0,25]
06-05 17:44:06.476  1000  2628  2708 I sysui_multi_action: [757,803,799,window_time_0,802,25]
06-05 17:44:06.708 10011 25633 25633 I am_on_resume_called: [0,com.android.incallui.InCallActivity,LAUNCH_ACTIVITY]
06-05 17:44:07.036  1000  2628  2765 I am_activity_launch_time: [0,120312533,com.android.dialer/com.android.incallui.InCallActivity,563,563]
06-05 17:44:07.102  1000  2628  6590 I am_stop_activity: [0,57506319,com.android.dialer/.DialtactsActivity]
06-05 17:44:07.110 10011 25633 25633 I am_on_stop_called: [0,com.android.dialer.DialtactsActivity,handleStopActivity]
06-05 17:44:08.508 radio  3545  3545 I auditd  : type=1400 audit(0.0:495): avc: denied { read } for comm="m.android.phone" name="u:object_r:qcom_ims_prop:s0" dev="tmpfs" ino=6370 scontext=u:r:radio:s0 tcontext=u:object_r:qcom_ims_prop:s0 tclass=file permissive=0
06-05 17:44:08.508 radio  3545  3545 I chatty  : uid=1001(radio) com.android.phone identical 1 line
06-05 17:44:08.508 radio  3545  3545 I auditd  : type=1400 audit(0.0:497): avc: denied { read } for comm="m.android.phone" name="u:object_r:qcom_ims_prop:s0" dev="tmpfs" ino=6370 scontext=u:r:radio:s0 tcontext=u:object_r:qcom_ims_prop:s0 tclass=file permissive=0
06-05 17:44:08.961  1000  2628  2628 I notification_enqueue: [10011,25633,com.android.dialer,1,STATUS_BAR_NOTIFIER,0,Notification(channel=phone_ongoing_call pri=1 contentView=null vibrate=null sound=null defaults=0x0 flags=0xa color=0xff2a56c6 actions=1 vis=PRIVATE publicVersion=Notification(channel=null pri=0 contentView=null vibrate=null sound=null defaults=0x0 flags=0x0 color=0xff2a56c6 vis=PRIVATE)),0]
06-05 17:44:09.092  1000  2628  4787 I notification_expansion: [0|com.android.dialer|1|STATUS_BAR_NOTIFIER|10011,0,1,132,132,0]
06-05 17:44:09.142  1000  2628  3755 I stream_devices_changed: [2,6,2]
06-05 17:44:09.142  1000  2628  3755 I stream_devices_changed: [3,4,2]
06-05 17:44:09.143  1000  2628  3755 I stream_devices_changed: [4,6,2]
06-05 17:44:09.146  1000  2628  3755 I stream_devices_changed: [5,6,2]
06-05 17:44:09.764  1000  2628  4787 I stream_devices_changed: [0,2,4]
06-05 17:44:09.766  1000  2628  4787 I stream_devices_changed: [2,2,4]
06-05 17:44:09.767  1000  2628  4787 I stream_devices_changed: [3,2,4]
06-05 17:44:09.769  1000  2628  4787 I stream_devices_changed: [4,2,4]
06-05 17:44:09.771  1000  2628  4787 I stream_devices_changed: [5,2,4]
06-05 17:44:09.773  1000  2628  4787 I stream_devices_changed: [6,2,4]
06-05 17:44:11.053 radio  3545  3545 I auditd  : type=1400 audit(0.0:498): avc: denied { read } for comm="m.android.phone" name="u:object_r:camera_prop:s0" dev="tmpfs" ino=6405 scontext=u:r:radio:s0 tcontext=u:object_r:camera_prop:s0 tclass=file permissive=0
06-05 17:44:11.752  1000  2628  3525 I battery_level: [23,3667,295]
06-05 17:44:21.864  1046  2135  2360 I snet_event_log: [29422020,-1,]
06-05 17:44:21.969  1000  2628  2628 I notification_enqueue: [10011,25633,com.android.dialer,1,STATUS_BAR_NOTIFIER,0,Notification(channel=phone_ongoing_call pri=1 contentView=null vibrate=null sound=null defaults=0x0 flags=0xa color=0xff2a56c6 actions=1 vis=PRIVATE publicVersion=Notification(channel=null pri=0 contentView=null vibrate=null sound=null defaults=0x0 flags=0x0 color=0xff2a56c6 vis=PRIVATE)),1]
06-05 17:44:25.949  1000  2628  2707 I am_pss  : [23568,10002,android.process.acore,13083648,10657792,718848]
06-05 17:44:25.988  1000  2628  2707 I am_pss  : [4118,10016,com.google.process.gservices,5967872,2125824,2689024]
06-05 17:44:29.005  1000  2628  3323 I stream_devices_changed: [0,4,1]
06-05 17:44:29.007  1000  2628  3323 I stream_devices_changed: [2,4,1]
06-05 17:44:29.011  1000  2628  3323 I stream_devices_changed: [3,4,1]
06-05 17:44:29.013  1000  2628  3323 I stream_devices_changed: [4,4,1]
06-05 17:44:29.014  1000  2628  3323 I stream_devices_changed: [5,4,1]
06-05 17:44:29.015  1000  2628  3323 I stream_devices_changed: [6,4,1]
06-05 17:44:30.037 10034  3373  3647 I sysui_multi_action: [757,1093,758,4,793,30112,1094,9439296,1095,5]
06-05 17:44:32.020 10034  3373  3647 I sysui_multi_action: [757,1093,758,4,793,1982,1094,9437248,1095,4]
06-05 17:44:34.250  1046  2135  3484 I snet_event_log: [29422020,-1,]
06-05 17:44:40.135  1000  2628  2709 I configuration_changed: 1152
06-05 17:44:40.185  1000  2628  2709 I am_relaunch_resume_activity: [0,120312533,18,com.android.dialer/com.android.incallui.InCallActivity]
06-05 17:44:40.204 10011 25633 25633 I am_on_paused_called: [0,com.android.incallui.InCallActivity,handleRelaunchActivity]
06-05 17:44:40.226 10011 25633 25633 I am_on_stop_called: [0,com.android.incallui.InCallActivity,destroy]
06-05 17:44:40.496 10011 25633 25633 I am_on_resume_called: [0,com.android.incallui.InCallActivity,handleRelaunchActivity]
06-05 17:44:40.633 radio  3545  3545 I auditd  : type=1400 audit(0.0:499): avc: denied { read } for comm="m.android.phone" name="u:object_r:camera_prop:s0" dev="tmpfs" ino=6405 scontext=u:r:radio:s0 tcontext=u:object_r:camera_prop:s0 tclass=file permissive=0
06-05 17:44:40.852  1046  2135  3395 I snet_event_log: [29422020,-1,]
06-05 17:44:41.115  1000  2628  2765 I configuration_changed: 1152
06-05 17:44:41.160  1000  2628  2765 I am_relaunch_resume_activity: [0,120312533,18,com.android.dialer/com.android.incallui.InCallActivity]
06-05 17:44:41.185 10011 25633 25633 I am_on_paused_called: [0,com.android.incallui.InCallActivity,handleRelaunchActivity]
06-05 17:44:41.198 10011 25633 25633 I am_on_stop_called: [0,com.android.incallui.InCallActivity,destroy]
06-05 17:44:41.501 10011 25633 25633 I am_on_resume_called: [0,com.android.incallui.InCallActivity,handleRelaunchActivity]
06-05 17:44:41.513 radio  3545  3545 I auditd  : type=1400 audit(0.0:500): avc: denied { read } for comm="m.android.phone" name="u:object_r:camera_prop:s0" dev="tmpfs" ino=6405 scontext=u:r:radio:s0 tcontext=u:object_r:camera_prop:s0 tclass=file permissive=0
06-05 17:44:41.567 10034  3373  3647 I sysui_multi_action: [757,1093,758,4,793,9548,1094,9437248,1095,4]
06-05 17:44:41.720  1046  2135  2360 I snet_event_log: [29422020,-1,]
06-05 17:44:58.206  1000  2628  3305 I netstats_mobile_sample: [86081038,65281,3073267,30517,85609926,58661,2822527,30415,85609926,58661,2822527,30415,1528200898491]
06-05 17:44:58.206  1000  2628  3305 I netstats_wifi_sample: [1861233559,1384876,47160917,674749,1860849290,1377056,37708697,674638,1854035420,1343210,37707933,674629,1528200898491]
06-05 17:44:58.678  1046  2135  2360 I snet_event_log: [29422020,-1,]
06-05 17:45:14.387  1046  2135 26143 I snet_event_log: [29422020,-1,]
06-05 17:45:22.380  1000  2628  2708 I am_proc_start: [0,26265,10002,com.android.calllogbackup,broadcast,com.android.calllogbackup/.CallLogChangeReceiver]
06-05 17:45:22.405  1000  2628  2628 I sysui_multi_action: [757,128,758,5,759,8,793,73445,794,0,795,60438,796,1,797,STATUS_BAR_NOTIFIER,806,com.android.dialer,857,phone_ongoing_call,858,3,947,0]
06-05 17:45:22.405  1000  2628  2628 I notification_canceled: [0|com.android.dialer|1|STATUS_BAR_NOTIFIER|10011,8,73445,60438,0,NULL]
06-05 17:45:22.425  1000  2628  6590 I am_proc_bound: [0,26265,com.android.calllogbackup]
06-05 17:45:22.693  1000  2628  3755 I stream_devices_changed: [3,1,2]
06-05 17:45:22.694  1000  2628  3755 I stream_devices_changed: [4,1,2]
06-05 17:45:22.694  1000  2628  3755 I stream_devices_changed: [5,1,2]
06-05 17:45:22.698  1000  2628  3755 I stream_devices_changed: [2,1,2]
06-05 17:45:24.362  1000  2628  6590 I am_finish_activity: [0,120312533,18,com.android.dialer/com.android.incallui.InCallActivity,clear-task-index]
06-05 17:45:24.364  1000  2628  6590 I am_pause_activity: [0,120312533,com.android.dialer/com.android.incallui.InCallActivity]
06-05 17:45:24.368  1000  2628  2708 I sysui_count: [window_time_0,77]
06-05 17:45:24.368  1000  2628  2708 I sysui_multi_action: [757,803,799,window_time_0,802,77]
06-05 17:45:24.442 10011 25633 25633 I am_on_paused_called: [0,com.android.incallui.InCallActivity,handlePauseActivity]
06-05 17:45:24.447  1000  2628  6590 I am_set_resumed_activity: [0,com.android.dialer/.DialtactsActivity,resumeTopActivityInnerLocked]
06-05 17:45:24.449  1000  2628  6590 I am_resume_activity: [0,57506319,17,com.android.dialer/.DialtactsActivity]
06-05 17:45:24.454  1000  2628  2708 I sysui_count: [window_time_0,1]
06-05 17:45:24.454  1000  2628  2708 I sysui_multi_action: [757,803,799,window_time_0,802,1]
06-05 17:45:24.545 10011 25633 25633 I am_on_resume_called: [0,com.android.dialer.DialtactsActivity,RESUME_ACTIVITY]
06-05 17:45:25.477  1000  2628  2708 I am_destroy_activity: [0,120312533,18,com.android.dialer/com.android.incallui.InCallActivity,finish-imm]
06-05 17:45:25.484 10011 25633 25633 I am_on_stop_called: [0,com.android.incallui.InCallActivity,destroy]
06-05 17:45:25.498  1000  2628 10460 I wm_task_removed: [18,removeAppToken: last token]
06-05 17:45:25.498  1000  2628 10460 I wm_task_removed: [18,removeTask]
06-05 17:45:33.371  1000  2628  2707 I am_pss  : [23568,10002,android.process.acore,13278208,10985472,561152]
06-05 17:45:37.909  1000  2628  2707 I am_pss  : [4038,1000,com.qualcomm.qti.services.secureui:sui_service,3599360,1560576,1223680]
06-05 17:45:37.942  1000  2628  2707 I am_pss  : [4028,1001,com.qualcomm.qti.loadcarrier,3198976,978944,1462272]
06-05 17:45:37.974  1000  2628  2707 I am_pss  : [4013,1000,com.android.runintest,3692544,1327104,1522688]
06-05 17:45:38.035  1000  2628  2707 I am_pss  : [3545,1001,com.android.phone,51857408,45506560,1232896]
06-05 17:45:38.092  1000  2628  2707 I am_pss  : [3531,1000,com.elephanttek.faceunlock,107851776,70500352,35775488]
06-05 17:45:38.124  1000  2628  2707 I am_pss  : [3511,1001,com.qualcomm.qti.telephonyservice,4672512,2142208,1580032]
06-05 17:45:38.160  1000  2628  2707 I am_pss  : [3487,1000,.dataservices,16086016,13279232,1383424]
06-05 17:45:38.220  1000  2628  2707 I am_pss  : [3373,10034,com.android.systemui,99786752,89333760,4052992]
06-05 17:45:38.348  1000  2628  2707 I am_pss  : [2628,1000,system,134113280,123564032,3849216]
06-05 17:45:46.353  1000  2628  6590 I wm_task_moved: [17,1,0]
06-05 17:45:46.355  1000  2628  6590 I am_create_activity: [0,65432933,17,com.android.contacts/.quickcontact.QuickContactActivity,android.provider.action.QUICK_CONTACT,NULL,content://com.android.contacts/contacts/lookup/encoded?directory=9223372036854775807,545259520]
06-05 17:45:46.359  1000  2628  6590 I am_pause_activity: [0,57506319,com.android.dialer/.DialtactsActivity]
06-05 17:45:46.365 10011 25633 25633 I am_on_paused_called: [0,com.android.dialer.DialtactsActivity,handlePauseActivity]
06-05 17:45:46.366  1000  2628 10460 I am_uid_running: 10010
06-05 17:45:46.380  1000  2628 10460 I am_proc_start: [0,26334,10010,com.android.contacts,activity,com.android.contacts/.quickcontact.QuickContactActivity]
06-05 17:45:46.393  1000  2628 10460 I am_proc_bound: [0,26334,com.android.contacts]
06-05 17:45:46.398  1000  2628 10460 I am_uid_active: 10010
06-05 17:45:46.398  1000  2628 10460 I am_restart_activity: [0,65432933,17,com.android.contacts/.quickcontact.QuickContactActivity]
06-05 17:45:46.400  1000  2628 10460 I am_set_resumed_activity: [0,com.android.contacts/.quickcontact.QuickContactActivity,minimalResumeActivityLocked]
06-05 17:45:46.705 10010 26334 26334 I am_on_resume_called: [0,com.android.contacts.quickcontact.QuickContactActivity,LAUNCH_ACTIVITY]
06-05 17:45:46.922  1000  2628  2765 I am_activity_launch_time: [0,65432933,com.android.contacts/.quickcontact.QuickContactActivity,550,550]
06-05 17:45:46.924  1000  2628  2765 I sysui_multi_action: [319,657,322,656,325,12726,757,761,758,7,759,2,806,com.android.contacts,871,com.android.contacts.quickcontact.QuickContactActivity,904,com.android.dialer,905,0,945,133]
06-05 17:45:48.060  1000  2628  4787 I wm_task_created: [19,1]
06-05 17:45:48.060  1000  2628  4787 I wm_task_moved: [19,1,1]
06-05 17:45:48.060  1000  2628  4787 I wm_task_moved: [19,1,1]
06-05 17:45:48.061  1000  2628  4787 I am_create_task: [0,19]
06-05 17:45:48.061  1000  2628  4787 I am_create_activity: [0,253877841,19,android/com.android.internal.app.ResolverActivity,android.intent.action.CALL,NULL,tel:xxxxxxxxxxx,276824064]
06-05 17:45:48.061  1000  2628  4787 I wm_task_moved: [19,1,1]
06-05 17:45:48.063  1000  2628  4787 I am_pause_activity: [0,65432933,com.android.contacts/.quickcontact.QuickContactActivity]
06-05 17:45:48.068 10010 26334 26334 I am_on_paused_called: [0,com.android.contacts.quickcontact.QuickContactActivity,handlePauseActivity]
06-05 17:45:48.084  1000  2628  4787 I am_proc_start: [0,26371,1000,system:ui,activity,android/com.android.internal.app.ResolverActivity]
06-05 17:45:48.088  1000  2628  2708 I sysui_count: [window_time_0,23]
06-05 17:45:48.088  1000  2628  2708 I sysui_multi_action: [757,803,799,window_time_0,802,23]
06-05 17:45:48.100  1000  2628  4787 I am_proc_bound: [0,26371,system:ui]
06-05 17:45:48.106  1000  2628  4787 I am_restart_activity: [0,253877841,19,android/com.android.internal.app.ResolverActivity]
06-05 17:45:48.108  1000  2628  4787 I am_set_resumed_activity: [0,android/com.android.internal.app.ResolverActivity,minimalResumeActivityLocked]
06-05 17:45:48.164  1000  2628  6590 I am_uid_running: 10017
06-05 17:45:48.178  1000  2628  6590 I am_proc_start: [0,26386,10017,com.google.android.ext.services,service,com.google.android.ext.services/android.ext.services.resolver.LRResolverRankerService]
06-05 17:45:48.184  1000 26371 26371 I sysui_action: [453,android.intent.action.CALL:null:]
06-05 17:45:48.186  1000 26371 26371 I sysui_multi_action: [757,453,758,4,806,android.intent.action.CALL:null:]
06-05 17:45:48.189  1000 26371 26371 I am_on_resume_called: [0,com.android.internal.app.ResolverActivity,LAUNCH_ACTIVITY]
06-05 17:45:48.192  1000  2628  6590 I am_proc_bound: [0,26386,com.google.android.ext.services]
06-05 17:45:48.194  1000  2628  6590 I am_uid_active: 10017
06-05 17:45:48.250  1000  2628  2765 I am_activity_launch_time: [0,253877841,android/com.android.internal.app.ResolverActivity,177,177]
06-05 17:45:48.250  1000  2628  2765 I sysui_multi_action: [319,198,322,197,325,12727,757,761,758,7,759,2,806,android,871,com.android.internal.app.ResolverActivity,904,com.android.contacts,905,0,945,51]
06-05 17:45:51.771  1000  2628  4787 I wm_task_created: [20,1]
06-05 17:45:51.772  1000  2628  4787 I wm_task_moved: [20,1,2]
06-05 17:45:51.772  1000  2628  4787 I wm_task_moved: [20,1,2]
06-05 17:45:51.773  1000  2628  4787 I am_create_task: [0,20]
06-05 17:45:51.773  1000  2628  4787 I am_create_activity: [0,211296671,20,com.android.server.telecom/.components.UserCallActivity,android.intent.action.CALL,NULL,tel:xxxxxxxxxxx,327155712]
06-05 17:45:51.773  1000  2628  4787 I wm_task_moved: [20,1,2]
06-05 17:45:51.775  1000  2628  4787 I am_pause_activity: [0,253877841,android/com.android.internal.app.ResolverActivity]
06-05 17:45:51.785  1000 26371 26371 I sysui_action: [455,]
06-05 17:45:51.785  1000 26371 26371 I sysui_multi_action: [757,455,758,4]
06-05 17:45:51.785  1000 26371 26371 I sysui_action: [454,]
06-05 17:45:51.785  1000 26371 26371 I sysui_multi_action: [757,454,758,4]
06-05 17:45:51.786  1000  2628  4787 I am_finish_activity: [0,253877841,19,android/com.android.internal.app.ResolverActivity,app-request]
06-05 17:45:51.801  1000  2628  2708 I sysui_count: [window_time_0,4]
06-05 17:45:51.802  1000  2628  2708 I sysui_multi_action: [757,803,799,window_time_0,802,4]
06-05 17:45:51.817  1000 26371 26371 I am_on_paused_called: [0,com.android.internal.app.ResolverActivity,handlePauseActivity]
06-05 17:45:51.833  1000  2628  4787 I am_proc_start: [0,26411,1000,com.android.server.telecom:ui,activity,com.android.server.telecom/.components.UserCallActivity]
06-05 17:45:51.851  1000  2628  2708 I sysui_count: [window_time_0,0]
06-05 17:45:51.851  1000  2628  2708 I sysui_multi_action: [757,803,799,window_time_0,802,0]
06-05 17:45:51.851  1000  2628  6590 I am_proc_bound: [0,26411,com.android.server.telecom:ui]
06-05 17:45:51.872  1000  2628  6590 I am_restart_activity: [0,211296671,20,com.android.server.telecom/.components.UserCallActivity]
06-05 17:45:51.876  1000  2628  6590 I am_set_resumed_activity: [0,com.android.server.telecom/.components.UserCallActivity,minimalResumeActivityLocked]
06-05 17:45:51.950  1000  2628  4787 I am_finish_activity: [0,211296671,20,com.android.server.telecom/.components.UserCallActivity,app-request]
06-05 17:45:51.952  1000  2628  4787 I am_pause_activity: [0,211296671,com.android.server.telecom/.components.UserCallActivity]
06-05 17:45:51.968  1000  2628  2708 I sysui_count: [window_time_0,0]
06-05 17:45:51.968  1000  2628  2708 I sysui_multi_action: [757,803,799,window_time_0,802,0]
06-05 17:45:51.989  1000  2628  4787 I am_set_resumed_activity: [0,com.android.contacts/.quickcontact.QuickContactActivity,resumeTopActivityInnerLocked]
06-05 17:45:51.992  1000  2628  4787 I am_resume_activity: [0,65432933,17,com.android.contacts/.quickcontact.QuickContactActivity]
06-05 17:45:52.053  1000  2628  2708 I sysui_count: [window_time_0,0]
06-05 17:45:52.054  1000  2628  2708 I sysui_multi_action: [757,803,799,window_time_0,802,0]
06-05 17:45:52.060 10010 26334 26334 I am_on_resume_called: [0,com.android.contacts.quickcontact.QuickContactActivity,RESUME_ACTIVITY]
06-05 17:45:52.096  1000  2628  7604 I wm_task_created: [21,1]
06-05 17:45:52.097  1000  2628  7604 I wm_task_moved: [21,1,3]
06-05 17:45:52.097  1000  2628  7604 I wm_task_moved: [21,1,3]
06-05 17:45:52.098  1000  2628  7604 I am_create_task: [0,21]
06-05 17:45:52.098  1000  2628  7604 I am_create_activity: [0,25567879,21,com.android.dialer/com.android.incallui.InCallActivity,android.intent.action.MAIN,NULL,NULL,277086208]
06-05 17:45:52.098  1000  2628  7604 I wm_task_moved: [21,1,3]
06-05 17:45:52.101  1000  2628  7604 I am_pause_activity: [0,65432933,com.android.contacts/.quickcontact.QuickContactActivity]
06-05 17:45:52.106 10010 26334 26334 I am_on_paused_called: [0,com.android.contacts.quickcontact.QuickContactActivity,handlePauseActivity]
06-05 17:45:52.140  1000  2628  4787 I am_restart_activity: [0,25567879,21,com.android.dialer/com.android.incallui.InCallActivity]
06-05 17:45:52.142  1000  2628  4787 I am_set_resumed_activity: [0,com.android.dialer/com.android.incallui.InCallActivity,minimalResumeActivityLocked]
06-05 17:45:52.147  1000  2628  2708 I am_stop_activity: [0,57506319,com.android.dialer/.DialtactsActivity]
06-05 17:45:52.147  1000  2628  2708 I am_destroy_activity: [0,211296671,20,com.android.server.telecom/.components.UserCallActivity,finish-idle]
06-05 17:45:52.154  1000  2628 10728 I wm_task_removed: [20,removeAppToken: last token]
06-05 17:45:52.155  1000  2628 10728 I wm_task_removed: [20,removeTask]
06-05 17:45:52.160  1000  2628  2708 I sysui_count: [window_time_0,0]
06-05 17:45:52.160  1000  2628  2708 I sysui_multi_action: [757,803,799,window_time_0,802,0]
06-05 17:45:52.284 10011 25633 25633 I am_on_resume_called: [0,com.android.incallui.InCallActivity,LAUNCH_ACTIVITY]
06-05 17:45:52.298 10011 25633 25633 I am_on_stop_called: [0,com.android.dialer.DialtactsActivity,handleStopActivity]
06-05 17:45:52.468  1000  2628  2707 I am_pss  : [26265,10002,com.android.calllogbackup,2865152,2109440,76800]
06-05 17:45:52.482  1000  2628  2765 I am_activity_launch_time: [0,25567879,com.android.dialer/com.android.incallui.InCallActivity,354,654]
06-05 17:45:52.499  1000  2628  4787 I am_stop_activity: [0,65432933,com.android.contacts/.quickcontact.QuickContactActivity]
06-05 17:45:52.500  1000  2628  4787 I am_destroy_activity: [0,253877841,19,android/com.android.internal.app.ResolverActivity,finish-imm]
06-05 17:45:52.502 10010 26334 26334 I am_on_stop_called: [0,com.android.contacts.quickcontact.QuickContactActivity,handleStopActivity]
06-05 17:45:52.505  1000 26371 26371 I am_on_stop_called: [0,com.android.internal.app.ResolverActivity,destroy]
06-05 17:45:52.687  1000  2628  3191 I wm_task_removed: [19,removeAppToken: last token]
06-05 17:45:52.687  1000  2628  3191 I wm_task_removed: [19,removeTask]
06-05 17:45:53.603 radio  3545  3545 I auditd  : type=1400 audit(0.0:501): avc: denied { read } for comm="m.android.phone" name="u:object_r:qcom_ims_prop:s0" dev="tmpfs" ino=6370 scontext=u:r:radio:s0 tcontext=u:object_r:qcom_ims_prop:s0 tclass=file permissive=0
06-05 17:45:53.603 radio  3545  3545 I chatty  : uid=1001(radio) com.android.phone identical 1 line
06-05 17:45:53.603 radio  3545  3545 I auditd  : type=1400 audit(0.0:503): avc: denied { read } for comm="m.android.phone" name="u:object_r:qcom_ims_prop:s0" dev="tmpfs" ino=6370 scontext=u:r:radio:s0 tcontext=u:object_r:qcom_ims_prop:s0 tclass=file permissive=0
06-05 17:45:53.883 radio  3545  3545 I auditd  : type=1400 audit(0.0:504): avc: denied { read } for comm="m.android.phone" name="u:object_r:camera_prop:s0" dev="tmpfs" ino=6405 scontext=u:r:radio:s0 tcontext=u:object_r:camera_prop:s0 tclass=file permissive=0
06-05 17:45:53.909  1000  2628  2628 I notification_enqueue: [10011,25633,com.android.dialer,1,STATUS_BAR_NOTIFIER,0,Notification(channel=phone_ongoing_call pri=1 contentView=null vibrate=null sound=null defaults=0x0 flags=0xa color=0xff2a56c6 actions=1 vis=PRIVATE publicVersion=Notification(channel=null pri=0 contentView=null vibrate=null sound=null defaults=0x0 flags=0x0 color=0xff2a56c6 vis=PRIVATE)),0]
06-05 17:45:54.029  1000  2628  4787 I notification_expansion: [0|com.android.dialer|1|STATUS_BAR_NOTIFIER|10011,0,1,123,123,0]
06-05 17:45:54.109  1000  2628  2707 I am_pss  : [25633,10011,com.android.dialer,125314048,118312960,64512]
06-05 17:45:54.742 10034  3373  3647 I sysui_multi_action: [757,1093,758,4,793,73175,1094,9439296,1095,5]
06-05 17:45:54.807  1000  2628  3755 I stream_devices_changed: [6,1,2]
06-05 17:45:54.811  1000  2628  3755 I stream_devices_changed: [0,1,2]
06-05 17:45:58.602  1046  2135  2360 I snet_event_log: [29422020,-1,]
06-05 17:45:58.702  1000  2628  2628 I notification_enqueue: [10011,25633,com.android.dialer,1,STATUS_BAR_NOTIFIER,0,Notification(channel=phone_ongoing_call pri=1 contentView=null vibrate=null sound=null defaults=0x0 flags=0xa color=0xff2a56c6 actions=1 vis=PRIVATE publicVersion=Notification(channel=null pri=0 contentView=null vibrate=null sound=null defaults=0x0 flags=0x0 color=0xff2a56c6 vis=PRIVATE)),1]
06-05 17:46:02.342  1000  2628  2707 I am_pss  : [23568,10002,android.process.acore,13720576,11608064,513024]
06-05 17:46:02.621 10034  3373  3647 I sysui_multi_action: [757,1093,758,4,793,7879,1094,9437248,1095,4]
06-05 17:46:06.241  1000  2628  3305 I netstats_mobile_sample: [86081038,65281,3073267,30517,87350177,58661,4562778,30415,87350177,58661,4562778,30415,1528200966526]
06-05 17:46:06.241  1000  2628  3305 I netstats_wifi_sample: [1861233559,1384876,47160917,674749,1860849290,1377056,37708697,674638,1854035420,1343210,37707933,674629,1528200966526]
06-05 17:46:10.742  1046  2135 26143 I snet_event_log: [29422020,-1,]
06-05 17:46:22.501  1000  2628  2707 I am_pss  : [26411,1000,com.android.server.telecom:ui,4308992,2859008,73728]
06-05 17:46:26.010  1000  2628  2707 I am_pss  : [26334,10010,com.android.contacts,41861120,37527552,68608]
06-05 17:46:26.050  1000  2628  2707 I am_pss  : [26386,10017,com.google.android.ext.services,3019776,2240512,74752]
06-05 17:46:26.084  1000  2628  2707 I am_pss  : [26371,1000,system:ui,7013376,4718592,79872]
06-05 17:46:27.235  1046  2135 26143 I snet_event_log: [29422020,-1,]
06-05 17:46:30.969  1000  2628  3755 I stream_devices_changed: [0,2,1]
06-05 17:46:30.971  1000  2628  3755 I stream_devices_changed: [3,2,1]
06-05 17:46:30.971  1000  2628  3755 I stream_devices_changed: [4,2,1]
06-05 17:46:30.972  1000  2628  3755 I stream_devices_changed: [5,2,1]
06-05 17:46:30.973  1000  2628  3755 I stream_devices_changed: [6,2,1]
06-05 17:46:30.975  1000  2628  3755 I stream_devices_changed: [2,2,1]
06-05 17:46:31.076  1000  2628  2628 I sysui_multi_action: [757,128,758,5,759,8,793,37170,794,0,795,32376,796,1,797,STATUS_BAR_NOTIFIER,806,com.android.dialer,857,phone_ongoing_call,858,3,947,0]
06-05 17:46:31.076  1000  2628  2628 I notification_canceled: [0|com.android.dialer|1|STATUS_BAR_NOTIFIER|10011,8,37170,32376,0,NULL]
06-05 17:46:31.367  1000  2628  3755 I stream_devices_changed: [3,1,2]
06-05 17:46:31.368  1000  2628  3755 I stream_devices_changed: [4,1,2]
06-05 17:46:31.369  1000  2628  3755 I stream_devices_changed: [5,1,2]
06-05 17:46:31.379  1000  2628  3755 I stream_devices_changed: [2,1,2]
06-05 17:46:33.050  1000  2628 10948 I am_finish_activity: [0,25567879,21,com.android.dialer/com.android.incallui.InCallActivity,clear-task-index]
06-05 17:46:33.052  1000  2628 10948 I am_pause_activity: [0,25567879,com.android.dialer/com.android.incallui.InCallActivity]
06-05 17:46:33.056  1000  2628  2708 I sysui_count: [window_time_0,41]
06-05 17:46:33.056  1000  2628  2708 I sysui_multi_action: [757,803,799,window_time_0,802,41]
06-05 17:46:33.123 10011 25633 25633 I am_on_paused_called: [0,com.android.incallui.InCallActivity,handlePauseActivity]
06-05 17:46:33.133  1000  2628 10948 I am_set_resumed_activity: [0,com.android.contacts/.quickcontact.QuickContactActivity,resumeTopActivityInnerLocked]
06-05 17:46:33.140  1000  2628 10948 I am_resume_activity: [0,65432933,17,com.android.contacts/.quickcontact.QuickContactActivity]
06-05 17:46:33.152  1000  2628  2708 I sysui_count: [window_time_0,0]
06-05 17:46:33.152  1000  2628  2708 I sysui_multi_action: [757,803,799,window_time_0,802,0]
06-05 17:46:33.155 10010 26334 26334 I am_on_resume_called: [0,com.android.contacts.quickcontact.QuickContactActivity,RESUME_ACTIVITY]
06-05 17:46:34.102  1000  2628  2708 I am_destroy_activity: [0,25567879,21,com.android.dialer/com.android.incallui.InCallActivity,finish-imm]
06-05 17:46:34.111 10011 25633 25633 I am_on_stop_called: [0,com.android.incallui.InCallActivity,destroy]
06-05 17:46:34.130  1000  2628  6590 I wm_task_removed: [21,removeAppToken: last token]
06-05 17:46:34.131  1000  2628  6590 I wm_task_removed: [21,removeTask]
06-05 17:46:41.723  1000  2628  2707 I am_pss  : [23568,10002,android.process.acore,13360128,11247616,507904]
06-05 17:46:41.725  1000  2628  2707 I sync    : [com.google.android.gms.fitness,0,4,-931984002]
06-05 17:46:41.770  1000  2628  2707 I sync    : [com.google.android.gms.fitness,1,4,-931984002]
06-05 17:46:46.919  1000  2628  2707 I am_pss  : [26334,10010,com.android.contacts,71378944,67043328,68608]
06-05 17:46:52.626  1000  2628  2708 I am_uid_idle: 10017
06-05 17:47:23.141  1000  2628  2707 I am_pss  : [23474,10072,com.google.android.apps.messaging,27792384,20856832,4409344]
06-05 17:47:23.179  1000  2628  2707 I am_pss  : [15634,10007,com.google.android.ims,16805888,10076160,4959232]
06-05 17:47:28.203  1000  2628  8538 I battery_level: [22,3728,297]
06-05 17:47:33.634  1000  2628  2770 I power_sleep_requested: 0
06-05 17:47:34.179  1000  2628  2770 I am_pause_activity: [0,65432933,com.android.contacts/.quickcontact.QuickContactActivity]
06-05 17:47:34.182 10010 26334 26334 I am_on_paused_called: [0,com.android.contacts.quickcontact.QuickContactActivity,handlePauseActivity]
06-05 17:47:34.199  1000  2628  2708 I am_stop_activity: [0,65432933,com.android.contacts/.quickcontact.QuickContactActivity]
06-05 17:47:34.205 10010 26334 26334 I am_on_stop_called: [0,com.android.contacts.quickcontact.QuickContactActivity,sleeping]
06-05 17:47:34.221 10011 25633 25633 I am_on_stop_called: [0,com.android.dialer.DialtactsActivity,sleeping]
06-05 17:47:34.392  1000  2628  2763 I sysui_view_visibility: [223,100]
06-05 17:47:34.392  1000  2628  2763 I sysui_multi_action: [757,223,758,1]
06-05 17:47:34.414 10034  3373  3373 I sysui_multi_action: [757,196,758,2,759,0]
06-05 17:47:34.415 10034  3373  3373 I sysui_status_bar_state: [1,0,0,0,0,1]
06-05 17:47:34.421 10034  3373  3373 I sysui_view_visibility: [111,100]
06-05 17:47:34.422 10034  3373  3373 I sysui_multi_action: [757,111,758,1]
06-05 17:47:34.422 10034  3373  3373 I sysui_multi_action: [757,126,758,1,759,126,833,0,927,0,928,0]
06-05 17:47:34.422 10034  3373  3373 I sysui_multi_action: [757,113,758,1,759,113,833,0,927,1,928,0]
06-05 17:47:34.422 10034  3373  3373 I sysui_multi_action: [757,118,758,1,759,118,833,0,927,2,928,0]
06-05 17:47:34.422 10034  3373  3373 I sysui_multi_action: [757,119,758,1,759,119,833,0,927,3,928,0]
06-05 17:47:34.422 10034  3373  3373 I sysui_multi_action: [757,123,758,1,759,123,833,0,927,4,928,1]
06-05 17:47:34.422 10034  3373  3373 I sysui_multi_action: [757,261,758,1,759,261,833,0,927,5,928,0]
06-05 17:47:34.431  1000  2628 10460 I sysui_view_visibility: [127,100]
06-05 17:47:34.431  1000  2628 10460 I sysui_multi_action: [757,127,758,1]
06-05 17:47:34.431  1000  2628 10460 I sysui_histogram: [note_load,0]
06-05 17:47:34.431  1000  2628 10460 I sysui_multi_action: [757,804,799,note_load,801,0,802,1]
06-05 17:47:34.431  1000  2628 10460 I notification_panel_revealed: 0
06-05 17:47:34.442  1000  2628  2628 I sysui_multi_action: [757,198,758,2,759,3]
06-05 17:47:34.442  1000  2628  2628 I power_screen_state: [0,3,0,0,0]
06-05 17:47:34.442  1000  2628  2628 I screen_toggled: 0
06-05 17:47:34.442  1000  2628  2628 I sysui_histogram: [screen_timeout,60]
06-05 17:47:34.442  1000  2628  2628 I sysui_multi_action: [757,804,799,screen_timeout,801,60,802,1]
06-05 17:47:34.442  1000  2628  2628 I power_screen_broadcast_send: 1
06-05 17:47:34.452  1000  2628  2628 I device_idle: [1,no activity]
06-05 17:47:34.453  1000  2628  2628 I device_idle_light: [1,no activity]
06-05 17:47:34.486  1000  2628  8538 I sysui_view_visibility: [127,0]
06-05 17:47:34.487  1000  2628  8538 I sysui_multi_action: [757,127,758,2]
06-05 17:47:34.487  1000  2628  8538 I notification_panel_hidden: 
06-05 17:47:34.570  1000  2628  2628 I power_screen_broadcast_done: [0,128,1]
06-05 17:47:38.744 10034  3373  3373 I sysui_multi_action: [757,196,758,1,759,0]
06-05 17:47:38.744 10034  3373  3373 I sysui_status_bar_state: [1,1,0,0,0,1]
06-05 17:47:41.851  1000  2628  2708 I am_kill : [0,23871,com.google.android.videos,904,empty for 3369s]
06-05 17:47:41.902  1000  2628 10460 I am_proc_died: [0,23871,com.google.android.videos,904,17]
06-05 17:47:41.903  1000  2628 10460 I am_uid_stopped: 10084
06-05 17:47:45.080 10016 10888 25677 I c2dm    : [0,,2,2]
06-05 17:47:45.366 10016 10888 25700 I c2dm    : [1,,2,2]
06-05 17:48:41.897  1000  2628  2708 I am_uid_idle: 10011
06-05 17:48:41.898  1000  2628  2708 I am_uid_idle: 10002
06-05 17:49:20.402  1000  2628  2707 I am_pss  : [26334,10010,com.android.contacts,41632768,37359616,68608]
06-05 17:49:20.467  1000  2628  2707 I am_pss  : [25633,10011,com.android.dialer,82228224,75264000,64512]
06-05 17:49:20.504  1000  2628  2707 I am_pss  : [23568,10002,android.process.acore,12106752,10031104,423936]
06-05 17:51:45.385 10016 10888 25677 I c2dm    : [0,,3,3]
06-05 17:51:45.491  1000  2628 10460 I am_uid_running: 10084
06-05 17:51:45.516  1000  2628 10460 I am_proc_start: [0,26894,10084,com.google.android.videos,service,com.google.android.videos/com.google.android.apps.play.movies.common.service.drm.RefreshLicenseTaskService]
06-05 17:51:45.615  1000  2628 10460 I am_proc_bound: [0,26894,com.google.android.videos]
06-05 17:51:45.642 10016 10888 25700 I c2dm    : [1,,3,3]
06-05 17:51:45.878  1000  2628  6429 I am_uid_running: 10028
06-05 17:51:45.894  1000  2628  6429 I am_proc_start: [0,26948,10028,com.android.vending,service,com.android.vending/com.google.android.finsky.contentfilterui.ContentFiltersService]
06-05 17:51:45.917  1000  2628 10728 I am_proc_bound: [0,26948,com.android.vending]
06-05 17:51:45.985  1000  2628  6429 I am_kill : [0,23927,com.google.process.gapps,906,empty for 3613s]
06-05 17:51:46.009  1000  2628  3525 I am_proc_died: [0,23927,com.google.process.gapps,906,17]
06-05 17:51:46.084  1000  2628  3585 I am_proc_start: [0,26977,10016,com.google.process.gapps,content provider,com.google.android.gsf/.settings.GoogleSettingsProvider]
06-05 17:51:46.106  1000  2628  3525 I am_proc_bound: [0,26977,com.google.process.gapps]
06-05 17:51:46.364  1000  2628  2628 I notification_cancel_all: [1000,2628,com.android.vending,0,0,0,17,NULL]
06-05 17:51:46.375  1000  2628  2628 I chatty  : uid=1000 system_server identical 2 lines
06-05 17:51:46.375  1000  2628  2628 I notification_cancel_all: [1000,2628,com.android.vending,0,0,0,17,NULL]
06-05 17:51:46.518  1000  2628 10728 I am_proc_start: [0,27047,10014,android.process.media,content provider,com.android.providers.downloads/.DownloadProvider]
06-05 17:51:46.543  1000  2628  3585 I am_proc_bound: [0,27047,android.process.media]
06-05 17:52:34.455  1000  2628  2707 I device_idle_light_step: 
06-05 17:52:34.469  1000  2628  2707 I device_idle_light: [4,s:alarm]
06-05 17:52:34.546  1000  2628  2707 I am_pss  : [26948,10028,com.android.vending,30533632,20701184,886784]
06-05 17:52:34.579  1000  2628  2707 I am_pss  : [27047,10014,android.process.media,4676608,3727360,69632]
06-05 17:52:34.614  1000  2628  2707 I am_pss  : [26977,10016,com.google.process.gapps,4752384,3612672,67584]
06-05 17:52:34.654  1000  2628  2707 I am_pss  : [26894,10084,com.google.android.videos,21926912,11841536,864256]
06-05 17:52:34.655  1000  2628  2707 I device_idle_on_start: 
06-05 17:52:34.673  1000  2628  2707 I device_idle_on_phase: net
06-05 17:52:34.674  1000  2628  2707 I device_idle_on_complete: 
06-05 17:55:45.680 10016 10888 25677 I c2dm    : [0,,4,4]
06-05 17:55:45.931 10016 10888 25700 I c2dm    : [1,,4,4]
06-05 17:59:10.171  1000  2628  2707 I device_idle_light_step: 
06-05 17:59:10.175  1000  2628  2707 I device_idle_light: [6,s:alarm]
06-05 17:59:10.235  1000  2628  3305 I netstats_mobile_sample: [86081771,65286,3074166,30527,88474536,58666,5687223,30425,88474536,58666,5687223,30425,1528201750405]
06-05 17:59:10.236  1000  2628  3305 I netstats_wifi_sample: [1861233559,1384876,47160917,674749,1860849290,1377056,37708697,674638,1854035420,1343210,37707933,674629,1528201750405]
06-05 17:59:10.281  1000  2628  2707 I am_pss  : [4079,10042,com.smartron.tronxlauncher,138932224,131637248,500736]
06-05 17:59:10.318  1000  2628  2707 I am_pss  : [10031,10033,com.smartron.tronxservices,16022528,13447168,204800]
06-05 17:59:10.378  1000  2628  2707 I am_pss  : [10888,10016,com.google.android.gms.persistent,64927744,56102912,63488]
06-05 17:59:10.446  1000  2628  2707 I am_pss  : [10873,10016,com.google.android.gms,69886976,60334080,63488]
06-05 17:59:10.489  1000  2628  2707 I am_pss  : [15758,10071,com.google.android.inputmethod.latin,46916608,44015616,77824]
06-05 17:59:10.524  1000  2628  2707 I am_pss  : [15417,10044,com.google.android.googlequicksearchbox:interactor,7981056,4157440,208896]
06-05 17:59:10.557  1000  2628  2707 I am_pss  : [4063,1001,com.qualcomm.qcrilmsgtunnel,6579200,4620288,1136640]
06-05 17:59:10.588  1000  2628  2707 I am_pss  : [4098,10085,com.android.smspush,2962432,970752,1386496]
06-05 17:59:10.589  1000  2628  2707 I device_idle_off_start: unknown
06-05 17:59:10.599  1000  2628  2707 I device_idle_off_phase: net
06-05 17:59:10.600  1000  2628  2707 I device_idle_off_complete: 
06-05 17:59:15.647  1000  2628  2707 I device_idle_light_step: 
06-05 17:59:15.649  1000  2628  2707 I device_idle_light: [4,s:early]
06-05 17:59:15.650  1000  2628  2707 I device_idle_on_start: 
06-05 17:59:15.694  1000  2628  2707 I device_idle_on_phase: net
06-05 17:59:15.696  1000  2628  2707 I device_idle_on_complete: 
06-05 17:59:27.189  1000  2628  3206 I sysui_histogram: [power_consecutive_short_tap_count,1]
06-05 17:59:27.189  1000  2628  3206 I sysui_multi_action: [757,804,799,power_consecutive_short_tap_count,801,1,802,1]
06-05 17:59:27.190  1000  2628  3206 I sysui_histogram: [power_double_tap_interval,952168]
06-05 17:59:27.190  1000  2628  3206 I sysui_multi_action: [757,804,799,power_double_tap_interval,801,952168,802,1]
06-05 17:59:27.192  1000  2628  2628 I screen_toggled: 1
06-05 17:59:27.193  1000  2628  2628 I power_screen_broadcast_send: 1
06-05 17:59:27.210  1000  2628  2628 I device_idle: [0,screen]
06-05 17:59:27.211  1000  2628  2628 I device_idle_light: [0,screen]
06-05 17:59:27.213  1000  2628  2707 I device_idle_off_start: screen
06-05 17:59:27.245  1000  2628  2707 I device_idle_off_phase: net
06-05 17:59:27.246  1000  2628  2707 I device_idle_off_complete: 
06-05 17:59:27.248  1000  2628  3585 I sysui_view_visibility: [127,100]
06-05 17:59:27.248  1000  2628  3585 I sysui_multi_action: [757,127,758,1]
06-05 17:59:27.248  1000  2628  3585 I sysui_histogram: [note_load,0]
06-05 17:59:27.248  1000  2628  3585 I sysui_multi_action: [757,804,799,note_load,801,0,802,1]
06-05 17:59:27.248  1000  2628  3585 I notification_panel_revealed: 0
06-05 17:59:27.417  1000  2628  2770 I sysui_multi_action: [757,198,758,1,759,0,793,234]
06-05 17:59:27.417  1000  2628  2770 I power_screen_state: [1,0,0,0,234]
06-05 17:59:27.440  1000  2628  2763 I sysui_view_visibility: [223,0]
06-05 17:59:27.440  1000  2628  2763 I sysui_multi_action: [757,223,758,2]
06-05 17:59:27.440  1000  2628  2763 I sysui_histogram: [dozing_minutes,11]
06-05 17:59:27.440  1000  2628  2763 I sysui_multi_action: [757,804,799,dozing_minutes,801,11,802,1]
06-05 17:59:27.635  1000  2628  2628 I power_screen_broadcast_done: [1,442,1]
06-05 17:59:28.640 10034  3373  3373 I sysui_multi_action: [757,186,758,4,826,637,827,5475]
06-05 17:59:28.641 10034  3373  3373 I sysui_lockscreen_gesture: [1,637,5475]
06-05 17:59:28.651  1000  2628  3585 I sysui_view_visibility: [127,0]
06-05 17:59:28.651  1000  2628  3585 I sysui_multi_action: [757,127,758,2]
06-05 17:59:28.651  1000  2628  3585 I notification_panel_hidden: 
06-05 17:59:28.671  1000  2628  3585 I am_set_resumed_activity: [0,com.android.contacts/.quickcontact.QuickContactActivity,resumeTopActivityInnerLocked]
06-05 17:59:28.673  1000  2628  3585 I am_resume_activity: [0,65432933,17,com.android.contacts/.quickcontact.QuickContactActivity]
06-05 17:59:28.678  1000  2628  3585 I am_uid_active: 10011
06-05 17:59:28.678  1000  2628  3585 I am_uid_active: 10002
06-05 17:59:28.719 10010 26334 26334 I am_on_resume_called: [0,com.android.contacts.quickcontact.QuickContactActivity,RESUME_ACTIVITY]
06-05 17:59:28.742 10034  3373  3373 I sysui_view_visibility: [111,0]
06-05 17:59:28.742 10034  3373  3373 I sysui_multi_action: [757,111,758,2]
06-05 17:59:28.748 10034  3373  3373 I sysui_multi_action: [757,196,758,2,759,0]
06-05 17:59:28.749 10034  3373  3373 I sysui_status_bar_state: [0,0,0,0,0,1]
06-05 17:59:29.477  1000  2628  2707 I am_meminfo: [1702727680,64352256,91820032,258932736,304798720]
06-05 17:59:29.523  1000  2628  2707 I am_pss  : [26334,10010,com.android.contacts,72164352,67936256,63488]
06-05 17:59:29.555  1000  2628  2707 I am_pss  : [26386,10017,com.google.android.ext.services,2987008,2240512,69632]
06-05 17:59:29.621  1000  2628  2707 I am_pss  : [4079,10042,com.smartron.tronxlauncher,138931200,131637248,500736]
06-05 17:59:29.659  1000  2628  2707 I am_pss  : [10031,10033,com.smartron.tronxservices,16022528,13447168,204800]
06-05 17:59:29.722  1000  2628  2707 I am_pss  : [10888,10016,com.google.android.gms.persistent,65914880,57090048,63488]
06-05 17:59:29.796  1000  2628  2707 I am_pss  : [10873,10016,com.google.android.gms,70341632,60788736,63488]
06-05 17:59:29.833  1000  2628  2707 I am_pss  : [23474,10072,com.google.android.apps.messaging,28555264,21970944,4087808]
06-05 17:59:29.870  1000  2628  2707 I am_pss  : [15634,10007,com.google.android.ims,16795648,10076160,4977664]
06-05 17:59:29.902  1000  2628  2707 I am_pss  : [26265,10002,com.android.calllogbackup,2839552,2121728,70656]
06-05 17:59:29.935  1000  2628  2707 I am_pss  : [26371,1000,system:ui,6978560,4718592,74752]
06-05 17:59:29.968  1000  2628  2707 I am_pss  : [26411,1000,com.android.server.telecom:ui,4296704,2895872,68608]
06-05 17:59:30.018  1000  2628  2707 I am_pss  : [15443,10044,com.google.android.googlequicksearchbox:search,42902528,34070528,3783680]
06-05 17:59:30.050  1000  2628  2707 I am_pss  : [23390,10020,com.google.android.partnersetup,4107264,1404928,2066432]
06-05 17:59:30.083  1000  2628  2707 I am_pss  : [20586,1000,com.qualcomm.qti.callenhancement,3822592,1376256,1758208]
06-05 17:59:30.119  1000  2628  2707 I am_pss  : [19937,10014,com.smartron.synctron,9958400,4575232,3504128]
06-05 17:59:30.151  1000  2628  2707 I am_pss  : [19891,10027,com.rock.gota,3138560,716800,1914880]
06-05 17:59:30.183  1000  2628  2707 I am_pss  : [19814,1000,com.fota.pro,4086784,1052672,2211840]
06-05 17:59:30.227  1000  2628  2707 I am_pss  : [15758,10071,com.google.android.inputmethod.latin,46915584,44015616,77824]
06-05 17:59:30.262  1000  2628  2707 I am_pss  : [15417,10044,com.google.android.googlequicksearchbox:interactor,8013824,4190208,208896]
06-05 17:59:30.294  1000  2628  2707 I am_pss  : [6004,1001,com.qualcomm.simcontacts,3216384,790528,1875968]
06-05 17:59:30.326  1000  2628  2707 I am_pss  : [4063,1001,com.qualcomm.qcrilmsgtunnel,6579200,4620288,1136640]
06-05 17:59:30.357  1000  2628  2707 I am_pss  : [4098,10085,com.android.smspush,2962432,970752,1386496]
06-05 17:59:30.390  1000  2628  2707 I am_pss  : [4038,1000,com.qualcomm.qti.services.secureui:sui_service,3461120,1568768,1204224]
06-05 17:59:30.421  1000  2628  2707 I am_pss  : [4028,1001,com.qualcomm.qti.loadcarrier,3059712,978944,1440768]
06-05 17:59:30.452  1000  2628  2707 I am_pss  : [4013,1000,com.android.runintest,3547136,1327104,1502208]
06-05 17:59:30.517  1000  2628  2707 I am_pss  : [3545,1001,com.android.phone,69673984,64004096,1196032]
06-05 17:59:30.574  1000  2628  2707 I am_pss  : [3531,1000,com.elephanttek.faceunlock,107676672,70508544,35757056]
06-05 17:59:30.607  1000  2628  2707 I am_pss  : [3511,1001,com.qualcomm.qti.telephonyservice,4596736,2342912,1434624]
06-05 17:59:30.644  1000  2628  2707 I am_pss  : [3487,1000,.dataservices,15952896,13324288,1361920]
06-05 17:59:30.775  1000  2628  2707 I am_pss  : [2628,1000,system,132074496,121679872,3752960]
06-05 17:59:42.568  1000  2628  2707 I am_pss  : [26334,10010,com.android.contacts,72164352,67936256,63488]
06-05 17:59:42.627  1000  2628  2707 I am_pss  : [25633,10011,com.android.dialer,79651840,72740864,61440]
06-05 17:59:42.663  1000  2628  2707 I am_pss  : [23568,10002,android.process.acore,11932672,9891840,424960]
06-05 17:59:45.949 10016 10888 25677 I c2dm    : [0,,5,5]
06-05 17:59:46.307 10016 10888 25700 I c2dm    : [1,,5,5]
06-05 17:59:47.643 10034  3373  3647 I sysui_multi_action: [757,1093,758,4,793,825021,1094,9437248,1095,4]
06-05 17:59:51.139  1000  2628  2707 I am_pss  : [10873,10016,com.google.android.gms,70167552,60612608,63488]
06-05 17:59:51.372  1000  2628  2707 I am_pss  : [10888,10016,com.google.android.gms.persistent,61905920,53075968,63488]
06-05 17:59:51.436  1000  2628  2707 I am_pss  : [4079,10042,com.smartron.tronxlauncher,138931200,131637248,500736]
06-05 17:59:51.473  1000  2628  2707 I am_pss  : [10031,10033,com.smartron.tronxservices,16022528,13447168,204800]
06-05 17:59:51.524  1000  2628  2707 I am_pss  : [15443,10044,com.google.android.googlequicksearchbox:search,42827776,33996800,3782656]
06-05 17:59:51.561  1000  2628  2707 I am_pss  : [15634,10007,com.google.android.ims,16794624,10092544,4960256]
06-05 17:59:51.593  1000  2628  2707 I am_pss  : [20586,1000,com.qualcomm.qti.callenhancement,3822592,1376256,1758208]
06-05 17:59:51.629  1000  2628  2707 I am_pss  : [19937,10014,com.smartron.synctron,9958400,4575232,3504128]
06-05 17:59:51.660  1000  2628  2707 I am_pss  : [19891,10027,com.rock.gota,3139584,716800,1915904]
06-05 17:59:51.692  1000  2628  2707 I am_pss  : [19814,1000,com.fota.pro,4086784,1052672,2211840]
06-05 17:59:51.735  1000  2628  2707 I am_pss  : [15758,10071,com.google.android.inputmethod.latin,46915584,44015616,77824]
06-05 17:59:51.769  1000  2628  2707 I am_pss  : [15417,10044,com.google.android.googlequicksearchbox:interactor,8026112,4202496,208896]
06-05 17:59:51.801  1000  2628  2707 I am_pss  : [6004,1001,com.qualcomm.simcontacts,3216384,790528,1875968]
06-05 17:59:51.833  1000  2628  2707 I am_pss  : [4063,1001,com.qualcomm.qcrilmsgtunnel,6579200,4620288,1136640]
06-05 17:59:51.865  1000  2628  2707 I am_pss  : [4098,10085,com.android.smspush,2962432,970752,1386496]
06-05 17:59:56.666 10034  3373  3647 I sysui_multi_action: [757,1093,758,4,793,9023,1094,9437248,1095,4]
06-05 17:59:57.703 10034  3373  3647 I sysui_multi_action: [757,1093,758,4,793,1037,1094,9437248,1095,4]
06-05 18:00:00.065  1000  2628  2707 I am_pss  : [26386,10017,com.google.android.ext.services,2987008,2240512,69632]
06-05 18:00:00.104  1000  2628  2707 I am_pss  : [23474,10072,com.google.android.apps.messaging,28530688,21962752,4071424]
06-05 18:00:00.135  1000  2628  2707 I am_pss  : [26265,10002,com.android.calllogbackup,2839552,2121728,70656]
06-05 18:00:00.169  1000  2628  2707 I am_pss  : [26371,1000,system:ui,6978560,4718592,74752]
06-05 18:00:00.201  1000  2628  2707 I am_pss  : [26411,1000,com.android.server.telecom:ui,4296704,2895872,68608]
06-05 18:00:00.233  1000  2628  2707 I am_pss  : [23390,10020,com.google.android.partnersetup,4108288,1404928,2067456]
