06-05 18:08:37.228  1000  2628  4787 I notification_panel_revealed: 3
06-05 18:08:37.536 10034  3373  3647 I sysui_multi_action: [757,1093,758,4,793,3436,1094,9470016,1095,6]
06-05 18:08:37.738  1000  2628  4787 I sysui_multi_action: [757,128,758,1,793,111203,794,0,795,107470,796,-1,798,0,806,com.google.android.apps.tachyon,857,notification_channel_call_n-3e0f0557,858,3,947,0]
06-05 18:08:37.738  1000  2628  4787 I sysui_histogram: [note_freshness,107470]
06-05 18:08:37.738  1000  2628  4787 I sysui_multi_action: [757,804,799,note_freshness,801,107470,802,1]
06-05 18:08:37.738  1000  2628  4787 I notification_visibility: [0|com.google.android.apps.tachyon|-1|null|10060,1,111203,107470,0,0]
06-05 18:08:37.987  1000  2628  3558 I sysui_multi_action: [757,128,758,2,793,111451,794,248,795,107718,796,-1,798,0,806,com.google.android.apps.tachyon,857,notification_channel_call_n-3e0f0557,858,3,947,0]
06-05 18:08:37.987  1000  2628  3558 I notification_visibility: [0|com.google.android.apps.tachyon|-1|null|10060,0,111451,107718,0,0]
06-05 18:08:37.987  1000  2628  4787 I sysui_view_visibility: [127,0]
06-05 18:08:37.988  1000  2628  4787 I sysui_multi_action: [757,127,758,2]
06-05 18:08:37.988  1000  2628  4787 I notification_panel_hidden: 
06-05 18:08:39.031  1000  2628  3558 I stream_devices_changed: [0,2,4]
06-05 18:08:39.112  1000  2628  3305 I netstats_mobile_sample: [92492863,79019,8134928,45221,94885556,72398,10627313,45074,94885556,72398,10627313,45074,1528202319282]
06-05 18:08:39.112  1000  2628  3305 I netstats_wifi_sample: [1900385625,1430016,71991853,709112,1899964879,1421425,62055767,708983,1892498420,1384840,62051231,708968,1528202319282]
06-05 18:08:39.223 10034  3373  3647 I sysui_multi_action: [757,1093,758,4,793,1687,1094,9470016,1095,6]
06-05 18:08:39.785  1000  2628  3558 I stream_devices_changed: [2,2,4]
06-05 18:08:39.789  1000  2628  3558 I stream_devices_changed: [4,2,4]
06-05 18:08:39.792  1000  2628  3558 I stream_devices_changed: [5,2,4]
06-05 18:08:39.797  1000  2628  3558 I stream_devices_changed: [6,2,4]
06-05 18:08:39.801  1000  2628  3558 I stream_devices_changed: [3,2,1]
06-05 18:08:39.806  1000  2628  3323 I stream_devices_changed: [3,1,4]
06-05 18:08:41.558  1000  2628  3558 I stream_devices_changed: [0,4,2]
06-05 18:08:41.566  1000  2628  3558 I stream_devices_changed: [2,4,2]
06-05 18:08:41.572  1000  2628  3558 I stream_devices_changed: [4,4,2]
06-05 18:08:41.576  1000  2628  3558 I stream_devices_changed: [5,4,2]
06-05 18:08:41.578  1000  2628  3558 I stream_devices_changed: [6,4,2]
06-05 18:08:41.581  1000  2628  3558 I stream_devices_changed: [3,4,2]
06-05 18:08:42.083 10034  3373  3647 I sysui_multi_action: [757,1093,758,4,793,2859,1094,9470016,1095,6]
06-05 18:08:43.384  1000  2628  3528 I stream_devices_changed: [0,2,4]
06-05 18:08:43.387  1000  2628  3528 I stream_devices_changed: [2,2,4]
06-05 18:08:43.401  1000  2628  3528 I stream_devices_changed: [4,2,4]
06-05 18:08:43.403  1000  2628  3528 I stream_devices_changed: [5,2,4]
06-05 18:08:43.406  1000  2628  3528 I stream_devices_changed: [6,2,4]
06-05 18:08:43.411  1000  2628  3528 I stream_devices_changed: [3,2,4]
06-05 18:08:43.858  1000  2628  3305 I netstats_mobile_sample: [92492863,79019,8134928,45221,94885556,72398,10627313,45074,94885556,72398,10627313,45074,1528202324028]
06-05 18:08:43.859  1000  2628  3305 I netstats_wifi_sample: [1901499407,1431531,73050629,710239,1901078198,1422928,63096941,710108,1893581088,1386206,63094010,710096,1528202324028]
06-05 18:08:44.622  1000  2628  4787 I stream_devices_changed: [0,4,2]
06-05 18:08:44.639  1000  2628  4787 I stream_devices_changed: [2,4,2]
06-05 18:08:44.992  1000  2628  4787 I stream_devices_changed: [3,4,2]
06-05 18:08:45.218  1000  2628  4787 I stream_devices_changed: [4,4,2]
06-05 18:08:45.222  1000  2628  4787 I stream_devices_changed: [5,4,2]
06-05 18:08:45.225  1000  2628  4787 I stream_devices_changed: [6,4,2]
06-05 18:08:46.032 10034  3373  3647 I sysui_multi_action: [757,1093,758,4,793,3950,1094,9470016,1095,6]
06-05 18:08:46.359  1000  2628  3394 I stream_devices_changed: [0,2,4]
06-05 18:08:46.366  1000  2628  3394 I stream_devices_changed: [2,2,4]
06-05 18:08:46.367  1000  2628  3394 I stream_devices_changed: [4,2,4]
06-05 18:08:46.369  1000  2628  3394 I stream_devices_changed: [5,2,4]
06-05 18:08:46.372  1000  2628  3394 I stream_devices_changed: [6,2,4]
06-05 18:08:46.376  1000  2628  3394 I stream_devices_changed: [3,2,4]
06-05 18:08:47.629  1000  2628  4787 I stream_devices_changed: [0,4,2]
06-05 18:08:47.631  1000  2628  4787 I stream_devices_changed: [2,4,2]
06-05 18:08:47.633  1000  2628  4787 I stream_devices_changed: [4,4,2]
06-05 18:08:47.640  1000  2628  4787 I stream_devices_changed: [5,4,2]
06-05 18:08:47.642  1000  2628  4787 I stream_devices_changed: [6,4,2]
06-05 18:08:47.650  1000  2628  4787 I stream_devices_changed: [3,4,2]
06-05 18:08:48.465 10034  3373  3647 I sysui_multi_action: [757,1093,758,4,793,2433,1094,9470016,1095,6]
06-05 18:08:48.600  1000  2628  3305 I netstats_mobile_sample: [92493563,79028,8135588,45230,94886256,72407,10627901,45083,94886256,72407,10627901,45083,1528202328770]
06-05 18:08:48.600  1000  2628  3305 I netstats_wifi_sample: [1902639194,1433125,74100304,711382,1902213741,1424430,64134746,711254,1894665888,1387562,64132760,711243,1528202328770]
06-05 18:08:48.821  1000  2628  3528 I stream_devices_changed: [0,2,4]
06-05 18:08:48.827  1000  2628  3528 I stream_devices_changed: [2,2,4]
06-05 18:08:48.828  1000  2628  3528 I stream_devices_changed: [4,2,4]
06-05 18:08:48.829  1000  2628  3528 I stream_devices_changed: [5,2,4]
06-05 18:08:48.830  1000  2628  3528 I stream_devices_changed: [6,2,4]
06-05 18:08:48.833  1000  2628  3528 I stream_devices_changed: [3,2,4]
06-05 18:08:50.212  1000  2628  3558 I stream_devices_changed: [0,4,2]
06-05 18:08:50.215  1000  2628  3558 I stream_devices_changed: [2,4,2]
06-05 18:08:50.225  1000  2628  3558 I stream_devices_changed: [4,4,2]
06-05 18:08:50.226  1000  2628  3558 I stream_devices_changed: [5,4,2]
06-05 18:08:50.229  1000  2628  3558 I stream_devices_changed: [6,4,2]
06-05 18:08:50.234  1000  2628  3558 I stream_devices_changed: [3,4,2]
06-05 18:08:51.053 10034  3373  3647 I sysui_multi_action: [757,1093,758,4,793,2588,1094,9470016,1095,5]
06-05 18:08:53.476  1000  2628  3305 I netstats_mobile_sample: [92493687,79029,8135740,45231,94886380,72408,10628045,45084,94886380,72408,10628045,45084,1528202333646]
06-05 18:08:53.477  1000  2628  3305 I netstats_wifi_sample: [1903808664,1434781,75138035,712495,1903378492,1426008,65156691,712364,1895769870,1388963,65150649,712349,1528202333646]
06-05 18:08:58.384  1000  2628  3305 I netstats_mobile_sample: [92493991,79033,8136004,45235,94886684,72412,10628277,45088,94886684,72412,10628277,45088,1528202338554]
06-05 18:08:58.384  1000  2628  3305 I netstats_wifi_sample: [1904993620,1436498,76165370,713561,1904559486,1427678,66164615,713427,1896892876,1390361,66163614,713415,1528202338554]
06-05 18:08:59.961  1000  2628  2708 I am_anr  : [0,27299,com.google.android.apps.tachyon,952647365,Input dispatching timed out (Waiting to send non-key event because the touched window has not finished processing certain input events that were delivered to it over 500.0ms ago.  Wait queue length: 8.  Wait queue head age: 5651.7ms.)]
06-05 18:09:00.422 10034  3373  3373 I sysui_count: [panel_open,1]
06-05 18:09:00.422 10034  3373  3373 I sysui_multi_action: [757,803,799,panel_open,802,1]
06-05 18:09:00.437  1000  2628  3558 I sysui_view_visibility: [127,100]
06-05 18:09:00.437  1000  2628  3558 I sysui_multi_action: [757,127,758,1]
06-05 18:09:00.438  1000  2628  3558 I sysui_histogram: [note_load,3]
06-05 18:09:00.438  1000  2628  3558 I sysui_multi_action: [757,804,799,note_load,801,3,802,1]
06-05 18:09:00.438  1000  2628  3558 I notification_panel_revealed: 3
06-05 18:09:00.450 10034  3373  3373 I sysui_multi_action: [757,194,758,4,826,0,827,1393]
06-05 18:09:00.450 10034  3373  3373 I sysui_lockscreen_gesture: [9,0,1393]
06-05 18:09:00.888  1000  2628  3394 I sysui_view_visibility: [127,0]
06-05 18:09:00.888  1000  2628  3394 I sysui_multi_action: [757,127,758,2]
06-05 18:09:00.888  1000  2628  3394 I notification_panel_hidden: 
06-05 18:09:02.827  1000  2628  4787 I stream_devices_changed: [2,2,4]
06-05 18:09:02.828  1000  2628  4787 I stream_devices_changed: [3,2,4]
06-05 18:09:02.829  1000  2628  4787 I stream_devices_changed: [4,2,4]
06-05 18:09:02.830  1000  2628  4787 I stream_devices_changed: [5,2,4]
06-05 18:09:02.831  1000  2628  4787 I stream_devices_changed: [6,2,4]
06-05 18:09:02.835  1000  2628  4787 I stream_devices_changed: [0,2,4]
06-05 18:09:03.453  1000  2628  3305 I netstats_mobile_sample: [92493991,79033,8136004,45235,94886684,72412,10628277,45088,94886684,72412,10628277,45088,1528202343619]
06-05 18:09:03.453  1000  2628  3305 I netstats_wifi_sample: [1906203339,1438196,77161558,714622,1905770043,1429345,67150584,714492,1898063794,1391852,67132895,714467,1528202343619]
06-05 18:09:03.725  1000  2628  7825 I stream_devices_changed: [2,4,2]
06-05 18:09:03.729  1000  2628  7825 I stream_devices_changed: [3,4,2]
06-05 18:09:03.731  1000  2628  7825 I stream_devices_changed: [4,4,2]
06-05 18:09:03.731  1000  2628  7825 I stream_devices_changed: [5,4,2]
06-05 18:09:03.732  1000  2628  7825 I stream_devices_changed: [6,4,2]
06-05 18:09:03.741  1000  2628  7825 I stream_devices_changed: [0,4,2]
06-05 18:09:04.801  1000  2628  3558 I stream_devices_changed: [2,2,4]
06-05 18:09:04.851  1000  2628  3558 I stream_devices_changed: [3,2,4]
06-05 18:09:05.805  1000  2628  3558 I stream_devices_changed: [4,2,1]
06-05 18:09:05.997  1000  2628  3558 I stream_devices_changed: [5,2,1]
06-05 18:09:06.002  1000  2628  3558 I stream_devices_changed: [6,2,1]
06-05 18:09:06.011  1000  2628  3558 I stream_devices_changed: [0,2,4]
06-05 18:09:06.014  1000  2628 10460 I stream_devices_changed: [2,4,1]
06-05 18:09:06.024  1000  2628 10460 I stream_devices_changed: [3,4,1]
06-05 18:09:06.030  1000  2628 10460 I stream_devices_changed: [0,4,1]
06-05 18:09:07.348 10034  3373  3647 I sysui_multi_action: [757,1093,758,4,793,16295,1094,9470016,1095,5]
06-05 18:09:08.086  1000  2628  3305 I netstats_mobile_sample: [92493991,79033,8136004,45235,94886684,72412,10628277,45088,94886684,72412,10628277,45088,1528202348256]
06-05 18:09:08.087  1000  2628  3305 I netstats_wifi_sample: [1907300085,1439719,78243461,715773,1906865707,1430836,68216299,715642,1899118910,1393180,68215361,715631,1528202348256]
06-05 18:09:09.563  1000  2628  3206 I sysui_histogram: [power_consecutive_short_tap_count,1]
06-05 18:09:09.563  1000  2628  3206 I sysui_multi_action: [757,804,799,power_consecutive_short_tap_count,801,1,802,1]
06-05 18:09:09.563  1000  2628  3206 I sysui_histogram: [power_double_tap_interval,582376]
06-05 18:09:09.563  1000  2628  3206 I sysui_multi_action: [757,804,799,power_double_tap_interval,801,582376,802,1]
06-05 18:09:09.789  1000  2628  2709 I am_proc_start: [0,30413,10034,com.android.systemui:screenshot,service,com.android.systemui/.screenshot.TakeScreenshotService]
06-05 18:09:09.820  1000  2628  8538 I am_proc_bound: [0,30413,com.android.systemui:screenshot]
06-05 18:09:12.643  1000  2628  3305 I netstats_mobile_sample: [92493991,79033,8136400,45238,94886684,72412,10628649,45091,94886684,72412,10628649,45091,1528202352813]
06-05 18:09:12.644  1000  2628  3305 I netstats_wifi_sample: [1908423106,1441325,79275699,716830,1907978894,1432377,69233757,716698,1900205317,1394553,69231718,716687,1528202352813]
06-05 18:09:12.796 10034  3373  3647 I sysui_multi_action: [757,1093,758,4,793,5448,1094,9470016,1095,5]
06-05 18:09:16.332  1000  2628  2708 I am_broadcast_discard_filter: [0,67907792,android.intent.action.TIME_TICK,0,203836033]
06-05 18:09:16.616 10034  3373  3647 I sysui_multi_action: [757,1093,758,4,793,3819,1094,9470016,1095,5]
06-05 18:09:16.688  1000  2628 10460 I stream_devices_changed: [2,1,4]
06-05 18:09:16.689  1000  2628 10460 I stream_devices_changed: [3,1,4]
06-05 18:09:16.691  1000  2628 10460 I stream_devices_changed: [4,1,4]
06-05 18:09:16.962  1000  2628  3305 I netstats_mobile_sample: [92494207,79035,8137080,45243,94886900,72414,10629289,45096,94886900,72414,10629289,45096,1528202357521]
06-05 18:09:16.963  1000  2628  3305 I netstats_wifi_sample: [1909519618,1442878,80350148,717920,1909081551,1433917,70292946,717788,1901275996,1395932,70289982,717776,1528202357521]
06-05 18:09:17.020  1000  2628 10460 I stream_devices_changed: [5,1,4]
06-05 18:09:17.023  1000  2628 10460 I stream_devices_changed: [6,1,4]
06-05 18:09:17.034  1000  2628 10460 I stream_devices_changed: [0,1,4]
06-05 18:09:17.734 10034  3373  3647 I sysui_multi_action: [757,1093,758,4,793,1118,1094,9470016,1095,6]
06-05 18:09:18.129  1000  2628 10460 I stream_devices_changed: [0,4,2]
06-05 18:09:18.184  1000  2628 10460 I stream_devices_changed: [2,4,2]
06-05 18:09:18.232  1000  2628 10460 I stream_devices_changed: [3,4,2]
06-05 18:09:18.279 10060 27299 29639 I liblog  : 27
06-05 18:09:18.305 10060 27299 29639 I liblog  : 239
06-05 18:09:18.320  1000  2628 10460 I stream_devices_changed: [5,4,2]
06-05 18:09:18.321  1000  2628 10460 I stream_devices_changed: [6,4,2]
06-05 18:09:18.326  1000  2628 10460 I stream_devices_changed: [4,4,2]
06-05 18:09:18.355  1000  2628  2628 I notification_enqueue: [10034,30413,com.android.systemui,1,NULL,0,Notification(channel=SCN pri=0 contentView=null vibrate=null sound=null tick defaults=0x0 flags=0x20 color=0xff607d8b vis=PRIVATE publicVersion=Notification(channel=SCN pri=0 contentView=null vibrate=null sound=null defaults=0x0 flags=0x0 color=0xff607d8b category=progress vis=PRIVATE)),0]
06-05 18:09:18.362 10060 27299 29639 I liblog  : 24
06-05 18:09:18.827 10060 27299 29639 I liblog  : 1575
06-05 18:09:18.835  1000  2628  3558 I stream_devices_changed: [2,2,4]
06-05 18:09:18.835 10060 27299 29639 I liblog  : 93
06-05 18:09:18.836 10060 27299 29639 I liblog  : 6
06-05 18:09:18.837  1000  2628  3558 I stream_devices_changed: [3,2,4]
06-05 18:09:18.840  1000  2628  3558 I stream_devices_changed: [4,2,4]
06-05 18:09:18.842  1000  2628  3558 I stream_devices_changed: [5,2,4]
06-05 18:09:18.843  1000  2628  3558 I stream_devices_changed: [6,2,4]
06-05 18:09:18.847  1000  2628  3558 I stream_devices_changed: [0,2,4]
06-05 18:09:18.850 10060 27299 29639 I liblog  : 117
06-05 18:09:19.068 10060 27299 29639 I liblog  : 1091
06-05 18:09:19.097  1000  2628  7825 I am_uid_active: 10014
06-05 18:09:19.141 10060 27299 29639 I liblog  : 29
06-05 18:09:19.202 10060 27299 29639 I liblog  : 170
06-05 18:09:19.204 10034  3373  3647 I sysui_multi_action: [757,1093,758,4,793,1470,1094,9470016,1095,6]
06-05 18:09:19.204 10060 27299 29639 I liblog  : 19
06-05 18:09:19.435 10060 27299 29639 I liblog  : 263
06-05 18:09:19.437  1000  2628  3558 I stream_devices_changed: [0,4,2]
06-05 18:09:19.439  1000  2628  3558 I stream_devices_changed: [2,4,2]
06-05 18:09:19.441  1000  2628  3558 I stream_devices_changed: [4,4,2]
06-05 18:09:19.442  1000  2628  3558 I stream_devices_changed: [5,4,2]
06-05 18:09:19.443  1000  2628  3558 I stream_devices_changed: [6,4,2]
06-05 18:09:19.451  1000  2628  3558 I stream_devices_changed: [3,4,2]
06-05 18:09:19.453 10060 27299 29639 I liblog  : 9
06-05 18:09:19.453  1000  2628  2628 I notification_enqueue: [10034,30413,com.android.systemui,1,NULL,0,Notification(channel=SCN pri=0 contentView=null vibrate=null sound=null tick defaults=0x0 flags=0x10 color=0xff607d8b actions=2 vis=PRIVATE publicVersion=Notification(channel=SCN pri=0 contentView=null vibrate=null sound=null defaults=0x0 flags=0x10 color=0xff607d8b category=progress vis=PRIVATE)),1]
06-05 18:09:19.459 10060 27299 29639 I liblog  : 1
06-05 18:09:19.908 10060 27299 29639 I liblog  : 908
06-05 18:09:19.908  1000  2628  3558 I stream_devices_changed: [0,2,4]
06-05 18:09:19.912  1000  2628  3558 I stream_devices_changed: [2,2,4]
06-05 18:09:19.913  1000  2628  3558 I stream_devices_changed: [3,2,4]
06-05 18:09:19.913  1000  2628  3558 I stream_devices_changed: [5,2,4]
06-05 18:09:19.914  1000  2628  3558 I stream_devices_changed: [6,2,4]
06-05 18:09:19.921  1000  2628  3558 I stream_devices_changed: [4,2,4]
06-05 18:09:19.924 10060 27299 29639 I liblog  : 36
06-05 18:09:20.465 10060 27299 29639 I liblog  : 1772
06-05 18:09:20.466  1000  2628 13719 I stream_devices_changed: [0,4,2]
06-05 18:09:20.466 10060 27299 29639 I liblog  : 8
06-05 18:09:20.468 10060 27299 29639 I liblog  : 24
06-05 18:09:20.471  1000  2628 13719 I stream_devices_changed: [2,4,2]
06-05 18:09:20.471 10060 27299 29639 I liblog  : 13
06-05 18:09:20.474  1000  2628 13719 I stream_devices_changed: [3,4,2]
06-05 18:09:20.475 10060 27299 29639 I liblog  : 30
06-05 18:09:20.476  1000  2628 13719 I stream_devices_changed: [4,4,2]
06-05 18:09:20.478  1000  2628 13719 I stream_devices_changed: [5,4,2]
06-05 18:09:20.480  1000  2628 13719 I stream_devices_changed: [6,4,2]
06-05 18:09:20.516 10060 27299 29639 I liblog  : 84
06-05 18:09:20.802 10060 27299 29639 I liblog  : 1537
06-05 18:09:20.850 10034  3373  3647 I sysui_multi_action: [757,1093,758,4,793,1647,1094,9470016,1095,6]
06-05 18:09:20.892 10060 27299 29639 I liblog  : 58
06-05 18:09:21.550 10060 27299 29639 I liblog  : 3169
06-05 18:09:21.554  1000  2628  3305 I netstats_mobile_sample: [92494207,79035,8137080,45243,94886900,72414,10629289,45096,94886900,72414,10629289,45096,1528202362113]
06-05 18:09:21.555  1000  2628  3305 I netstats_wifi_sample: [1910641748,1444467,81395140,719000,1910201931,1435471,71322762,718866,1902369087,1397311,71314242,718848,1528202362113]
06-05 18:09:21.556 10060 27299 29639 I liblog  : 74
06-05 18:09:21.615 10060 27299 29639 I liblog  : 259
06-05 18:09:21.660 10034  3373  3373 I sysui_multi_action: [757,931,758,4,759,3,932,0,933,0]
06-05 18:09:21.690 10060 27299 29639 I liblog  : 5
06-05 18:09:21.715 10060 27299 29639 I liblog  : 71
06-05 18:09:21.717 10034  3373  3373 I sysui_multi_action: [757,931,758,4,759,3,932,0,933,1]
06-05 18:09:21.718 10060 27299 29639 I liblog  : 25
06-05 18:09:21.731 10060 27299 29639 I liblog  : 114
06-05 18:09:21.731  1000  2628  3205 I am_new_intent: [0,21147714,4,com.smartron.tronxlauncher/com.smartron.smextension.TronxLauncher,android.intent.action.MAIN,NULL,NULL,268435712]
06-05 18:09:21.733  1000  2628  3205 I wm_task_moved: [4,1,0]
06-05 18:09:21.736  1000  2628  3205 I am_focused_stack: [0,0,1,bringingFoundTaskToFront]
06-05 18:09:21.736  1000  2628  3205 I wm_task_moved: [4,1,0]
06-05 18:09:21.737 10060 27299 29639 I liblog  : 42
06-05 18:09:21.738 10060 27299 29639 I liblog  : 10
06-05 18:09:21.738  1000  2628  3205 I am_pause_activity: [0,237847469,com.google.android.apps.tachyon/.MainActivity]
06-05 18:09:21.739 10060 27299 29639 I liblog  : 8
06-05 18:09:21.740 10060 27299 29639 I liblog  : 14
06-05 18:09:21.740  1000  2628  3205 I am_task_to_front: [0,4]
06-05 18:09:21.745 10060 27299 29639 I liblog  : 36
06-05 18:09:21.757  1000  2628 13719 I wm_stack_created: 4
06-05 18:09:21.757  1000  2628 13719 I wm_task_removed: [22,reParentTask]
06-05 18:09:21.758  1000  2628 13719 I wm_task_moved: [22,1,0]
06-05 18:09:21.759 10060 27299 29639 I liblog  : 33
06-05 18:09:21.759 10060 27299 29639 I liblog  : 1
06-05 18:09:21.759  1000  2628 13719 I wm_task_moved: [22,1,0]
06-05 18:09:21.780 10060 27299 29639 I liblog  : 177
06-05 18:09:21.780 10060 27299 29639 I liblog  : 1
06-05 18:09:21.780  1000  2628 13719 I sysui_action: [819,false]
06-05 18:09:21.780  1000  2628 13719 I sysui_multi_action: [757,819,758,4,759,0]
06-05 18:09:21.816 10060 27299 29639 I liblog  : 343
06-05 18:09:21.816 10060 27299 29639 I liblog  : 1
06-05 18:09:21.828 10060 27299 27299 I am_on_paused_called: [0,com.google.android.apps.tachyon.MainActivity,handlePauseActivity]
06-05 18:09:21.831  1000  2628  3558 I am_set_resumed_activity: [0,com.smartron.tronxlauncher/com.smartron.smextension.TronxLauncher,resumeTopActivityInnerLocked]
06-05 18:09:21.836  1000  2628  3558 I am_resume_activity: [0,21147714,4,com.smartron.tronxlauncher/com.smartron.smextension.TronxLauncher]
06-05 18:09:21.840 10060 27299 29639 I liblog  : 12
06-05 18:09:21.850 10060 27299 29639 I liblog  : 59
06-05 18:09:21.854  1000  2628  2708 I sysui_count: [window_time_0,234]
06-05 18:09:21.854  1000  2628  2708 I sysui_multi_action: [757,803,799,window_time_0,802,234]
06-05 18:09:21.857 10060 27299 29639 I liblog  : 87
06-05 18:09:21.890 10060 27299 29639 I liblog  : 257
06-05 18:09:21.977  1000  2628  2765 I sysui_multi_action: [319,216,322,215,325,14141,757,761,758,9,759,2,806,com.smartron.tronxlauncher,871,com.smartron.smextension.TronxLauncher,905,0]
06-05 18:09:21.983 10042  4079  4079 I am_on_resume_called: [0,com.smartron.smextension.TronxLauncher,RESUME_ACTIVITY]
06-05 18:09:22.464 10060 27299 29639 I liblog  : 166
06-05 18:09:22.523  1000  2628 13719 I wm_task_moved: [22,1,0]
06-05 18:09:22.525 10060 27299 29639 I liblog  : 110
06-05 18:09:22.527  1000  2628 13719 I am_task_to_front: [0,22]
06-05 18:09:22.529  1000  2628 13719 I wm_task_moved: [22,1,0]
06-05 18:09:22.530  1000  2628 13719 I am_create_activity: [0,8879444,22,com.android.systemui/.pip.phone.PipMenuActivity,NULL,NULL,NULL,281018368]
06-05 18:09:22.558  1000  2628 13719 I am_focused_stack: [0,4,0,startActivityUnchecked]
06-05 18:09:22.558  1000  2628 13719 I wm_task_moved: [22,1,0]
06-05 18:09:22.562  1000  2628 13719 I am_pause_activity: [0,21147714,com.smartron.tronxlauncher/com.smartron.smextension.TronxLauncher]
06-05 18:09:22.562 10042  4079  4079 I am_on_paused_called: [0,com.smartron.smextension.TronxLauncher,handlePauseActivity]
06-05 18:09:22.590  1000  2628  7825 I am_restart_activity: [0,8879444,22,com.android.systemui/.pip.phone.PipMenuActivity]
06-05 18:09:22.591  1000  2628  7825 I am_set_resumed_activity: [0,com.android.systemui/.pip.phone.PipMenuActivity,minimalResumeActivityLocked]
06-05 18:09:22.603  1000  2628  2708 I sysui_count: [window_time_0,1]
06-05 18:09:22.603  1000  2628  2708 I sysui_multi_action: [757,803,799,window_time_0,802,1]
06-05 18:09:22.630 10060 27299 29639 I liblog  : 106
06-05 18:09:22.637  1000  2628  2628 I notification_enqueue: [10034,3373,com.android.systemui,0,com.android.systemui.pip.phone.PipNotificationController,0,Notification(channel=GEN pri=0 contentView=null vibrate=null sound=null defaults=0x0 flags=0x102 color=0xff607d8b vis=PRIVATE),0]
06-05 18:09:22.668 10034  3373  3373 I am_on_resume_called: [0,com.android.systemui.pip.phone.PipMenuActivity,LAUNCH_ACTIVITY]
06-05 18:09:22.673 10060 27299 29639 I liblog  : 230
06-05 18:09:22.731 10060 27299 29639 I liblog  : 140
06-05 18:09:22.771  1000  2628  2765 I sysui_multi_action: [319,20,322,238,325,14142,757,761,758,8,759,3,806,com.android.systemui,871,com.android.systemui.pip.phone.PipMenuActivity,904,com.android.systemui,905,0]
06-05 18:09:22.771  1000  2628  2765 I am_activity_launch_time: [0,8879444,com.android.systemui/.pip.phone.PipMenuActivity,169,169]
06-05 18:09:22.799 10060 27299 29639 I liblog  : 93
06-05 18:09:22.861 10060 27299 29639 I chatty  : uid=10060(com.google.android.apps.tachyon) identical 3 lines
06-05 18:09:22.861 10060 27299 29639 I liblog  : 1
06-05 18:09:23.754 10034  3373  3647 I sysui_multi_action: [757,1093,758,4,793,2904,1094,9470016,1095,6]
06-05 18:09:24.154 10060 27299 29639 I liblog  : 384
06-05 18:09:26.254 10060 27299 29639 I liblog  : 276
06-05 18:09:26.298  1000  2628  3305 I netstats_mobile_sample: [92494207,79035,8137080,45243,94886900,72414,10629289,45096,94886900,72414,10629289,45096,1528202366857]
06-05 18:09:26.299  1000  2628  3305 I netstats_wifi_sample: [1911763814,1446149,82460876,720094,1911321145,1437091,72373182,719960,1903439928,1398697,72372330,719950,1528202366857]
06-05 18:09:26.313 10034  3373  3373 I sysui_view_visibility: [823,0]
06-05 18:09:26.313 10034  3373  3373 I sysui_multi_action: [757,823,758,2]
06-05 18:09:26.453  1000  2628 10948 I am_finish_activity: [0,8879444,22,com.android.systemui/.pip.phone.PipMenuActivity,app-request]
06-05 18:09:26.458  1000  2628 10948 I am_pause_activity: [0,8879444,com.android.systemui/.pip.phone.PipMenuActivity]
06-05 18:09:26.470  1000  2628  2708 I sysui_count: [window_time_0,4]
06-05 18:09:26.470  1000  2628  2708 I sysui_multi_action: [757,803,799,window_time_0,802,4]
06-05 18:09:26.472 10034  3373  3373 I am_on_paused_called: [0,com.android.systemui.pip.phone.PipMenuActivity,handlePauseActivity]
06-05 18:09:26.472  1000  2628 10948 I am_destroy_activity: [0,8879444,22,com.android.systemui/.pip.phone.PipMenuActivity,finish-imm]
06-05 18:09:26.473  1000  2628 10948 I am_focused_stack: [0,0,4,noMoreActivities adjustFocusToNextFocusableStack]
06-05 18:09:26.473  1000  2628 10948 I wm_task_moved: [4,1,0]
06-05 18:09:26.486  1000  2628  2708 I sysui_count: [window_time_0,0]
06-05 18:09:26.487  1000  2628  2708 I sysui_multi_action: [757,803,799,window_time_0,802,0]
06-05 18:09:26.488 10034  3373  3373 I am_on_stop_called: [0,com.android.systemui.pip.phone.PipMenuActivity,destroy]
06-05 18:09:26.496 10060 27299 29639 I liblog  : 241
06-05 18:09:26.511  1000  2628  8538 I am_set_resumed_activity: [0,com.smartron.tronxlauncher/com.smartron.smextension.TronxLauncher,resumeTopActivityInnerLocked]
06-05 18:09:26.526  1000  2628  8538 I am_resume_activity: [0,21147714,4,com.smartron.tronxlauncher/com.smartron.smextension.TronxLauncher]
06-05 18:09:26.574  1000  2628  2708 I sysui_count: [window_time_0,0]
06-05 18:09:26.574  1000  2628  2708 I sysui_multi_action: [757,803,799,window_time_0,802,0]
06-05 18:09:26.578 10042  4079  4079 I am_on_resume_called: [0,com.smartron.smextension.TronxLauncher,RESUME_ACTIVITY]
06-05 18:09:26.593 10060 27299 29639 I liblog  : 167
06-05 18:09:26.664 10060 27299 29639 I chatty  : uid=10060(com.google.android.apps.tachyon) identical 1 line
06-05 18:09:26.664 10060 27299 29639 I liblog  : 1
06-05 18:09:27.628  1000  2628  3206 I sysui_histogram: [power_consecutive_short_tap_count,1]
06-05 18:09:27.628  1000  2628  3206 I sysui_multi_action: [757,804,799,power_consecutive_short_tap_count,801,1,802,1]
06-05 18:09:27.628  1000  2628  3206 I sysui_histogram: [power_double_tap_interval,18453]
06-05 18:09:27.628  1000  2628  3206 I sysui_multi_action: [757,804,799,power_double_tap_interval,801,18453,802,1]
06-05 18:09:27.958  1000  2628  2628 I notification_enqueue: [10034,30413,com.android.systemui,1,NULL,0,Notification(channel=SCN pri=0 contentView=null vibrate=null sound=null tick defaults=0x0 flags=0x20 color=0xff607d8b vis=PRIVATE publicVersion=Notification(channel=SCN pri=0 contentView=null vibrate=null sound=null defaults=0x0 flags=0x0 color=0xff607d8b category=progress vis=PRIVATE)),1]
06-05 18:09:28.515 10060 27299 29639 I liblog  : 277
06-05 18:09:29.297 10060 27299 29639 I liblog  : 700
06-05 18:09:29.455  1000  2628  2628 I am_uid_running: 10081
06-05 18:09:29.486  1000  2628  2628 I am_proc_start: [0,30530,10081,com.google.android.apps.photos,service,com.google.android.apps.photos/com.google.android.libraries.social.mediamonitor.MediaMonitorJobSchedulerService]
06-05 18:09:29.542  1000  2628  3558 I am_proc_bound: [0,30530,com.google.android.apps.photos]
06-05 18:09:29.611 10034  3373  3373 I sysui_multi_action: [757,931,758,4,759,3,932,0,933,0]
06-05 18:09:29.686 10034  3373  3373 I sysui_multi_action: [757,931,758,4,759,3,932,0,933,1]
06-05 18:09:29.695  1000  2628  3205 I am_new_intent: [0,21147714,4,com.smartron.tronxlauncher/com.smartron.smextension.TronxLauncher,android.intent.action.MAIN,NULL,NULL,268435712]
06-05 18:09:29.696  1000  2628  3205 I wm_task_moved: [4,1,0]
06-05 18:09:29.753 10060 27299 29639 I liblog  : 119
06-05 18:09:29.915  1000  2628  2628 I notification_enqueue: [10034,30413,com.android.systemui,1,NULL,0,Notification(channel=SCN pri=0 contentView=null vibrate=null sound=null tick defaults=0x0 flags=0x10 color=0xff607d8b actions=2 vis=PRIVATE publicVersion=Notification(channel=SCN pri=0 contentView=null vibrate=null sound=null defaults=0x0 flags=0x10 color=0xff607d8b category=progress vis=PRIVATE)),1]
06-05 18:09:30.073 10060 27299 29639 I liblog  : 111
06-05 18:09:30.393 10060 27299 29639 I liblog  : 13
06-05 18:09:30.476 10034  3373  3373 I sysui_multi_action: [757,931,758,4,759,3,932,0,933,0]
06-05 18:09:30.535 10034  3373  3373 I sysui_multi_action: [757,931,758,4,759,3,932,0,933,1]
06-05 18:09:30.541  1000  2628  3205 I am_new_intent: [0,21147714,4,com.smartron.tronxlauncher/com.smartron.smextension.TronxLauncher,android.intent.action.MAIN,NULL,NULL,268435712]
06-05 18:09:30.542  1000  2628  3205 I wm_task_moved: [4,1,0]
06-05 18:09:30.963 10060 27299 29639 I liblog  : 12
06-05 18:09:30.964 10060 27299 29639 I liblog  : 1
06-05 18:09:31.076 10034  3373  3647 I sysui_multi_action: [757,1093,758,4,793,7322,1094,9470016,1095,6]
06-05 18:09:31.084  1000  2628  3305 I netstats_mobile_sample: [92494207,79035,8137080,45243,94886900,72414,10629289,45096,94886900,72414,10629289,45096,1528202371643]
06-05 18:09:31.084  1000  2628  3305 I netstats_wifi_sample: [1912873358,1447832,83519342,721173,1912429405,1438747,73416514,721038,1904512054,1400118,73415662,721028,1528202371643]
06-05 18:09:31.197 10060 27299 29639 I liblog  : 52
06-05 18:09:31.534 10060 27299 29639 I liblog  : 383
06-05 18:09:31.579  1000  2628  2709 I sysui_action: [317,1]
06-05 18:09:31.579  1000  2628  2709 I sysui_multi_action: [757,317,758,4,759,1]
06-05 18:09:31.580  1000  2628  2709 I am_finish_activity: [0,237847469,22,com.google.android.apps.tachyon/.MainActivity,user-terminated]
06-05 18:09:31.581  1000  2628  2709 I am_destroy_activity: [0,237847469,22,com.google.android.apps.tachyon/.MainActivity,finish-imm]
06-05 18:09:31.589 10060 27299 29639 I liblog  : 213
06-05 18:09:31.637  1000  2628  2709 I am_kill : [0,27299,com.google.android.apps.tachyon,200,user request after error]
06-05 18:09:31.639  1000  2628  2708 I sysui_count: [window_time_0,5]
06-05 18:09:31.639  1000  2628  2708 I sysui_multi_action: [757,803,799,window_time_0,802,5]
06-05 18:09:31.649  1000  2628  2628 I notification_enqueue: [1000,2628,android,40,NULL,0,Notification(channel=FOREGROUND_SERVICE pri=0 contentView=null vibrate=null sound=null defaults=0x0 flags=0x2 color=0xff607d8b vis=PRIVATE),0]
06-05 18:09:31.804  1000  2628  7604 I am_proc_died: [0,27299,com.google.android.apps.tachyon,200,4]
06-05 18:09:31.805  1000  2628  7604 I am_uid_stopped: 10060
06-05 18:09:31.806  1000  2628  2628 I sysui_multi_action: [757,128,758,5,759,8,793,165271,794,54068,795,161538,796,-1,806,com.google.android.apps.tachyon,857,notification_channel_call_n-3e0f0557,858,3,947,0]
06-05 18:09:31.806  1000  2628  2628 I notification_canceled: [0|com.google.android.apps.tachyon|-1|null|10060,8,165271,161538,54068,NULL]
06-05 18:09:31.815  1000  2628  7823 I notification_expansion: [0|com.android.systemui|1|null|10034,0,1,14552,1909,0]
06-05 18:09:31.817  1000  2628  7604 I wm_task_removed: [22,removeAppToken: last token]
06-05 18:09:31.817  1000  2628  7604 I wm_task_removed: [22,removeTask]
06-05 18:09:31.818  1000  2628  7604 I wm_stack_removed: 4
06-05 18:09:31.835  1000  2628  2708 I sysui_count: [window_time_0,0]
06-05 18:09:31.836  1000  2628  2708 I sysui_multi_action: [757,803,799,window_time_0,802,0]
06-05 18:09:31.842  1000  2628  2628 I sysui_multi_action: [757,128,758,5,759,8,793,195,794,0,795,195,796,40,806,android,857,FOREGROUND_SERVICE,858,2,947,0]
06-05 18:09:31.842  1000  2628  2628 I notification_canceled: [0|android|40|null|1000,8,195,195,0,NULL]
06-05 18:09:31.844  1000  2628  8538 I stream_devices_changed: [3,2,4]
06-05 18:09:31.846  1000  2628  8538 I stream_devices_changed: [4,2,6]
06-05 18:09:31.848  1000  2628  8538 I stream_devices_changed: [5,2,6]
06-05 18:09:31.861  1000  2628  8538 I stream_devices_changed: [2,2,6]
06-05 18:09:31.867  1000  2628  2628 I sysui_multi_action: [757,128,758,5,759,8,793,9235,794,0,795,9235,796,0,797,com.android.systemui.pip.phone.PipNotificationController,806,com.android.systemui,857,GEN,858,1,947,0]
06-05 18:09:31.867  1000  2628  2628 I notification_canceled: [0|com.android.systemui|0|com.android.systemui.pip.phone.PipNotificationController|10034,8,9235,9235,0,NULL]
06-05 18:09:31.942  1000  2628  2707 I am_pss  : [4079,10042,com.smartron.tronxlauncher,149198848,141037568,2759680]
06-05 18:09:31.994  1000  2628  2707 I am_pss  : [10031,10033,com.smartron.tronxservices,15744000,9379840,4626432]
06-05 18:09:32.937 10034  3373  3373 I sysui_count: [panel_open,1]
06-05 18:09:32.937 10034  3373  3373 I sysui_multi_action: [757,803,799,panel_open,802,1]
06-05 18:09:32.954  1000  2628  8538 I sysui_view_visibility: [127,100]
06-05 18:09:32.955  1000  2628  8538 I sysui_multi_action: [757,127,758,1]
06-05 18:09:32.955  1000  2628  8538 I sysui_histogram: [note_load,3]
06-05 18:09:32.955  1000  2628  8538 I sysui_multi_action: [757,804,799,note_load,801,3,802,1]
06-05 18:09:32.955  1000  2628  8538 I notification_panel_revealed: 3
06-05 18:09:33.332 10034  3373  3647 I sysui_multi_action: [757,1093,758,4,793,2256,1094,9470016,1095,6]
06-05 18:09:33.456  1000  2628  8538 I sysui_multi_action: [757,128,758,1,793,352169,794,0,795,352169,796,26,798,1,806,android,857,DEVELOPER,858,2,947,0]
06-05 18:09:33.456  1000  2628  8538 I sysui_histogram: [note_freshness,352169]
06-05 18:09:33.457  1000  2628  8538 I sysui_multi_action: [757,804,799,note_freshness,801,352169,802,1]
06-05 18:09:33.457  1000  2628  8538 I notification_visibility: [-1|android|26|null|1000,1,352169,352169,0,1]
06-05 18:09:33.457  1000  2628  8538 I sysui_multi_action: [757,128,758,1,793,16194,794,0,795,3551,796,1,798,0,806,com.android.systemui,857,SCN,858,2,947,0]
06-05 18:09:33.457  1000  2628  8538 I sysui_histogram: [note_freshness,3551]
06-05 18:09:33.457  1000  2628  8538 I sysui_multi_action: [757,804,799,note_freshness,801,3551,802,1]
06-05 18:09:33.457  1000  2628  8538 I notification_visibility: [0|com.android.systemui|1|null|10034,1,16194,3551,0,0]
06-05 18:09:33.458  1000  2628  8538 I sysui_multi_action: [757,128,758,1,793,357947,794,0,795,357947,796,32,798,2,806,android,857,USB,858,1,947,0]
06-05 18:09:33.458  1000  2628  8538 I sysui_histogram: [note_freshness,357947]
06-05 18:09:33.459  1000  2628  8538 I sysui_multi_action: [757,804,799,note_freshness,801,357947,802,1]
06-05 18:09:33.459  1000  2628  8538 I notification_visibility: [-1|android|32|null|1000,1,357947,357947,0,2]
06-05 18:09:34.772  1000  2628  2628 I sysui_histogram: [note_dismiss_longevity,0]
06-05 18:09:34.773  1000  2628  2628 I sysui_multi_action: [757,804,799,note_dismiss_longevity,801,0,802,1]
06-05 18:09:34.773  1000  2628  2628 I sysui_multi_action: [757,128,758,5,759,2,793,17510,794,1316,795,4867,796,1,806,com.android.systemui,857,SCN,858,2,947,0]
06-05 18:09:34.773  1000  2628  2628 I notification_canceled: [0|com.android.systemui|1|null|10034,2,17510,4867,1316,NULL]
06-05 18:09:34.775  1000  2628  7604 I notification_expansion: [-1|android|26|null|1000,0,1,353488,353488,1319]
06-05 18:09:35.583 10034  3373  3647 I sysui_multi_action: [757,1093,758,4,793,2251,1094,9470016,1095,6]
06-05 18:09:35.757 10034  3373  3373 I sysui_view_visibility: [111,100]
06-05 18:09:35.757 10034  3373  3373 I sysui_multi_action: [757,111,758,1]
06-05 18:09:35.757 10034  3373  3373 I sysui_multi_action: [757,126,758,1,759,126,833,1,927,0,928,1]
06-05 18:09:35.758 10034  3373  3373 I sysui_multi_action: [757,113,758,1,759,113,833,1,927,1,928,0]
06-05 18:09:35.758 10034  3373  3373 I sysui_multi_action: [757,118,758,1,759,118,833,1,927,2,928,0]
06-05 18:09:35.758 10034  3373  3373 I sysui_multi_action: [757,119,758,1,759,119,833,1,927,3,928,0]
06-05 18:09:35.758 10034  3373  3373 I sysui_multi_action: [757,123,758,1,759,123,833,1,927,4,928,1]
06-05 18:09:35.758 10034  3373  3373 I sysui_multi_action: [757,261,758,1,759,261,833,1,927,5,928,0]
06-05 18:09:35.758 10034  3373  3373 I sysui_multi_action: [757,115,758,1,759,115,833,0,927,6,928,1]
06-05 18:09:35.758 10034  3373  3373 I sysui_multi_action: [757,112,758,1,759,112,833,0,927,7,928,0]
06-05 18:09:35.758 10034  3373  3373 I sysui_multi_action: [757,122,758,1,759,122,833,0,927,8,928,1]
06-05 18:09:35.758 10034  3373  3373 I sysui_multi_action: [757,1144,758,1,759,1144,833,0,927,9,928,0]
06-05 18:09:35.758 10034  3373  3373 I sysui_multi_action: [757,1145,758,1,759,1145,833,0,927,10,928,0]
06-05 18:09:35.758 10034  3373  3373 I sysui_view_visibility: [111,100]
06-05 18:09:35.758 10034  3373  3373 I sysui_multi_action: [757,111,758,1]
06-05 18:09:35.758 10034  3373  3373 I sysui_multi_action: [757,126,758,1,759,126,833,1,927,0,928,1]
06-05 18:09:35.759 10034  3373  3373 I sysui_multi_action: [757,113,758,1,759,113,833,1,927,1,928,0]
06-05 18:09:35.759 10034  3373  3373 I sysui_multi_action: [757,118,758,1,759,118,833,1,927,2,928,0]
06-05 18:09:35.759 10034  3373  3373 I sysui_multi_action: [757,119,758,1,759,119,833,1,927,3,928,0]
06-05 18:09:35.759 10034  3373  3373 I sysui_multi_action: [757,123,758,1,759,123,833,1,927,4,928,1]
06-05 18:09:35.759 10034  3373  3373 I sysui_multi_action: [757,261,758,1,759,261,833,1,927,5,928,0]
06-05 18:09:36.258  1000  2628 10843 I sysui_multi_action: [757,128,758,2,793,360747,794,2800,795,360747,796,32,798,1,806,android,857,USB,858,1,947,0]
06-05 18:09:36.258  1000  2628 10843 I notification_visibility: [-1|android|32|null|1000,0,360747,360747,0,1]
06-05 18:09:36.280 10034  3373  3373 I sysui_view_visibility: [111,0]
06-05 18:09:36.280 10034  3373  3373 I sysui_multi_action: [757,111,758,2]
06-05 18:09:36.280 10034  3373  3373 I sysui_view_visibility: [111,0]
06-05 18:09:36.280 10034  3373  3373 I sysui_multi_action: [757,111,758,2]
06-05 18:09:36.338  1000  2628 10843 I sysui_multi_action: [757,128,758,2,793,355050,794,2881,795,355050,796,26,798,0,806,android,857,DEVELOPER,858,2,947,0]
06-05 18:09:36.338  1000  2628 10843 I notification_visibility: [-1|android|26|null|1000,0,355050,355050,0,0]
06-05 18:09:36.338  1000  2628 10843 I sysui_view_visibility: [127,0]
06-05 18:09:36.339  1000  2628 10843 I sysui_multi_action: [757,127,758,2]
06-05 18:09:36.339  1000  2628 10843 I notification_panel_hidden: 
06-05 18:09:36.713 10034  3373  3647 I sysui_multi_action: [757,1093,758,4,793,1130,1094,9470016,1095,6]
06-05 18:09:40.001 10034  3373  3647 I sysui_multi_action: [757,1093,758,4,793,3288,1094,9470016,1095,6]
06-05 18:09:40.792 10034  3373  3373 I sysui_count: [panel_open,1]
06-05 18:09:40.792 10034  3373  3373 I sysui_multi_action: [757,803,799,panel_open,802,1]
06-05 18:09:40.807  1000  2628  7604 I sysui_view_visibility: [127,100]
06-05 18:09:40.807  1000  2628  7604 I sysui_multi_action: [757,127,758,1]
06-05 18:09:40.807  1000  2628  7604 I sysui_histogram: [note_load,2]
06-05 18:09:40.807  1000  2628  7604 I sysui_multi_action: [757,804,799,note_load,801,2,802,1]
06-05 18:09:40.808  1000  2628  7604 I notification_panel_revealed: 2
06-05 18:09:41.311  1000  2628 10843 I sysui_multi_action: [757,128,758,1,793,360023,794,0,795,360023,796,26,798,0,806,android,857,DEVELOPER,858,2,947,0]
06-05 18:09:41.311  1000  2628 10843 I sysui_histogram: [note_freshness,360023]
06-05 18:09:41.311  1000  2628 10843 I sysui_multi_action: [757,804,799,note_freshness,801,360023,802,1]
06-05 18:09:41.311  1000  2628 10843 I notification_visibility: [-1|android|26|null|1000,1,360023,360023,0,0]
06-05 18:09:41.311  1000  2628 10843 I sysui_multi_action: [757,128,758,1,793,365800,794,0,795,365800,796,32,798,1,806,android,857,USB,858,1,947,0]
06-05 18:09:41.311  1000  2628 10843 I sysui_histogram: [note_freshness,365800]
06-05 18:09:41.311  1000  2628 10843 I sysui_multi_action: [757,804,799,note_freshness,801,365800,802,1]
06-05 18:09:41.311  1000  2628 10843 I notification_visibility: [-1|android|32|null|1000,1,365800,365800,0,1]
06-05 18:09:41.791 10034  3373  3647 I sysui_multi_action: [757,1093,758,4,793,1789,1094,9470016,1095,6]
06-05 18:09:41.806  1000  2628  7604 I sysui_multi_action: [757,128,758,2,793,360518,794,495,795,360518,796,26,798,0,806,android,857,DEVELOPER,858,2,947,0]
06-05 18:09:41.806  1000  2628  7604 I notification_visibility: [-1|android|26|null|1000,0,360518,360518,0,0]
06-05 18:09:41.806  1000  2628  7604 I sysui_multi_action: [757,128,758,2,793,366295,794,495,795,366295,796,32,798,1,806,android,857,USB,858,1,947,0]
06-05 18:09:41.806  1000  2628  7604 I notification_visibility: [-1|android|32|null|1000,0,366295,366295,0,1]
06-05 18:09:41.806  1000  2628  7604 I sysui_view_visibility: [127,0]
06-05 18:09:41.807  1000  2628  7604 I sysui_multi_action: [757,127,758,2]
06-05 18:09:41.807  1000  2628  7604 I notification_panel_hidden: 
06-05 18:09:43.018 10034  3373  3647 I sysui_multi_action: [757,1093,758,4,793,1228,1094,9470016,1095,6]
06-05 18:09:46.811 10034  3373  3647 I sysui_multi_action: [757,1093,758,4,793,3792,1094,9470016,1095,6]
06-05 18:09:47.589  1000  2628  2650 I wm_task_created: [25,1]
06-05 18:09:47.590  1000  2628  2650 I wm_task_moved: [25,1,2]
06-05 18:09:47.590  1000  2628  2650 I am_focused_stack: [0,1,0,reuseOrNewTask]
06-05 18:09:47.590  1000  2628  2650 I wm_task_moved: [25,1,2]
06-05 18:09:47.591  1000  2628  2650 I am_create_task: [0,25]
06-05 18:09:47.591  1000  2628  2650 I am_create_activity: [0,226322192,25,com.google.android.apps.tachyon/.MainActivity,android.intent.action.MAIN,NULL,NULL,270532608]
06-05 18:09:47.592  1000  2628  2650 I wm_task_moved: [25,1,2]
06-05 18:09:47.595  1000  2628  2650 I am_pause_activity: [0,21147714,com.smartron.tronxlauncher/com.smartron.smextension.TronxLauncher]
06-05 18:09:47.603 10042  4079  4079 I am_on_paused_called: [0,com.smartron.smextension.TronxLauncher,handlePauseActivity]
06-05 18:09:47.605  1000  2628  2650 I am_uid_running: 10060
06-05 18:09:47.624  1000  2628  2650 I am_proc_start: [0,30625,10060,com.google.android.apps.tachyon,activity,com.google.android.apps.tachyon/.MainActivity]
06-05 18:09:47.636  1000  2628  2708 I sysui_count: [window_time_0,16]
06-05 18:09:47.636  1000  2628  2708 I sysui_multi_action: [757,803,799,window_time_0,802,16]
06-05 18:09:47.642  1000  2628  2650 I am_proc_bound: [0,30625,com.google.android.apps.tachyon]
06-05 18:09:47.648  1000  2628  2650 I am_uid_active: 10060
06-05 18:09:47.649  1000  2628  2650 I am_restart_activity: [0,226322192,25,com.google.android.apps.tachyon/.MainActivity]
06-05 18:09:47.653  1000  2628  2650 I am_set_resumed_activity: [0,com.google.android.apps.tachyon/.MainActivity,minimalResumeActivityLocked]
06-05 18:09:47.931 10060 30625 30625 I auditd  : type=1400 audit(0.0:639): avc: denied { read } for comm="id.apps.tachyon" name="stat" dev="proc" ino=4026532312 scontext=u:r:untrusted_app_25:s0:c512,c768 tcontext=u:object_r:proc_stat:s0 tclass=file permissive=0
06-05 18:09:48.791 10034  3373  3647 I sysui_multi_action: [757,1093,758,4,793,1980,1094,9470016,1095,6]
06-05 18:09:49.121 10060 30625 30625 I auditd  : type=1400 audit(0.0:640): avc: denied { read } for comm="VideoCapturerTh" name="u:object_r:camera_prop:s0" dev="tmpfs" ino=6405 scontext=u:r:untrusted_app_25:s0:c512,c768 tcontext=u:object_r:camera_prop:s0 tclass=file permissive=0
06-05 18:09:49.247  1000  2628  2650 I am_proc_start: [0,30732,10002,android.process.acore,content provider,com.android.providers.contacts/.ContactsProvider2]
06-05 18:09:49.304  1000  2628 10846 I am_proc_bound: [0,30732,android.process.acore]
06-05 18:09:49.309  1000  2628 10846 I am_uid_active: 10002
06-05 18:09:49.653  1000  2628  7604 I am_activity_launch_time: [0,226322192,com.google.android.apps.tachyon/.MainActivity,2048,2048]
06-05 18:09:49.654  1000  2628  7604 I am_activity_fully_drawn_time: [0,226322192,com.google.android.apps.tachyon/.MainActivity,2048,2048]
06-05 18:09:49.655  1000  2628  7604 I sysui_multi_action: [324,1,757,1090,758,12,806,com.google.android.apps.tachyon,871,com.google.android.apps.tachyon.MainActivity,1091,19725]
06-05 18:09:49.656 10060 30625 30625 I am_on_resume_called: [0,com.google.android.apps.tachyon.MainActivity,LAUNCH_ACTIVITY]
06-05 18:09:50.119  1000  2628  7604 I sysui_multi_action: [757,824,758,4,825,0.562500]
06-05 18:09:50.443  1000  2628  2650 I am_stop_activity: [0,21147714,com.smartron.tronxlauncher/com.smartron.smextension.TronxLauncher]
06-05 18:09:50.455 10042  4079  4079 I am_on_stop_called: [0,com.smartron.smextension.TronxLauncher,handleStopActivity]
06-05 18:09:51.861 10034  3373  3647 I sysui_multi_action: [757,1093,758,4,793,3070,1094,9470016,1095,6]
06-05 18:09:54.679 10034  3373  3373 I sysui_count: [panel_open,1]
06-05 18:09:54.679 10034  3373  3373 I sysui_multi_action: [757,803,799,panel_open,802,1]
06-05 18:09:54.692  1000  2628  7823 I sysui_view_visibility: [127,100]
06-05 18:09:54.693  1000  2628  7823 I sysui_multi_action: [757,127,758,1]
06-05 18:09:54.693  1000  2628  7823 I sysui_histogram: [note_load,2]
06-05 18:09:54.693  1000  2628  7823 I sysui_multi_action: [757,804,799,note_load,801,2,802,1]
06-05 18:09:54.693  1000  2628  7823 I notification_panel_revealed: 2
06-05 18:09:55.195  1000  2628  7823 I sysui_multi_action: [757,128,758,1,793,373908,794,0,795,373908,796,26,798,0,806,android,857,DEVELOPER,858,2,947,0]
06-05 18:09:55.195  1000  2628  7823 I sysui_histogram: [note_freshness,373908]
06-05 18:09:55.195  1000  2628  7823 I sysui_multi_action: [757,804,799,note_freshness,801,373908,802,1]
06-05 18:09:55.195  1000  2628  7823 I notification_visibility: [-1|android|26|null|1000,1,373908,373908,0,0]
06-05 18:09:55.196  1000  2628  7823 I sysui_multi_action: [757,128,758,1,793,379684,794,0,795,379684,796,32,798,1,806,android,857,USB,858,1,947,0]
06-05 18:09:55.196  1000  2628  7823 I sysui_histogram: [note_freshness,379684]
06-05 18:09:55.196  1000  2628  7823 I sysui_multi_action: [757,804,799,note_freshness,801,379684,802,1]
06-05 18:09:55.196  1000  2628  7823 I notification_visibility: [-1|android|32|null|1000,1,379684,379684,0,1]
06-05 18:09:55.302  1000  2628  7823 I am_kill : [0,29711,com.google.android.googlequicksearchbox,906,empty #17]
06-05 18:09:55.322  1000  2628 10846 I am_proc_died: [0,29711,com.google.android.googlequicksearchbox,906,17]
06-05 18:09:55.393  1000  2628  2707 I am_pss  : [10873,10016,com.google.android.gms,65954816,57569280,47104]
06-05 18:09:55.569  1000  2628  8538 I sysui_multi_action: [757,128,758,2,793,374282,794,374,795,374282,796,26,798,0,806,android,857,DEVELOPER,858,2,947,0]
06-05 18:09:55.569  1000  2628  8538 I notification_visibility: [-1|android|26|null|1000,0,374282,374282,0,0]
06-05 18:09:55.569  1000  2628  8538 I sysui_multi_action: [757,128,758,2,793,380058,794,374,795,380058,796,32,798,1,806,android,857,USB,858,1,947,0]
06-05 18:09:55.569  1000  2628  8538 I notification_visibility: [-1|android|32|null|1000,0,380058,380058,0,1]
06-05 18:09:55.570  1000  2628  8538 I sysui_view_visibility: [127,0]
06-05 18:09:55.570  1000  2628  8538 I sysui_multi_action: [757,127,758,2]
06-05 18:09:55.570  1000  2628  8538 I notification_panel_hidden: 
06-05 18:09:58.051 10034  3373  3647 I sysui_multi_action: [757,1093,758,4,793,6191,1094,9470016,1095,6]
06-05 18:09:58.643  1000  2628  2707 I am_pss  : [30625,10060,com.google.android.apps.tachyon,130693120,124809216,46080]
06-05 18:10:00.329  1000  2628  2707 I am_pss  : [30413,10034,com.android.systemui:screenshot,39903232,35278848,48128]
06-05 18:10:01.755  1000  2628  2707 I am_pss  : [28420,10014,android.process.media,9156608,6311936,1260544]
06-05 18:10:06.401 10034  3373  3647 I sysui_multi_action: [757,1093,758,4,793,8350,1094,9470016,1095,6]
06-05 18:10:07.418 10034  3373  3647 I sysui_multi_action: [757,1093,758,4,793,1017,1094,9470016,1095,6]
06-05 18:10:08.431 10034  3373  3647 I sysui_multi_action: [757,1093,758,4,793,1013,1094,9470016,1095,6]
06-05 18:10:10.835  1000  2628  8538 I am_kill : [0,29732,com.google.android.marvin.talkback,906,empty #17]
06-05 18:10:10.842  1000  2628  2628 I notification_enqueue: [10060,30625,com.google.android.apps.tachyon,-1,NULL,0,Notification(channel=notification_channel_call_notifications pri=1 contentView=null vibrate=null sound=null defaults=0x0 flags=0x48 color=0xff4285f4 actions=1 vis=PRIVATE),0]
06-05 18:10:10.852  1000  2628  8538 I am_proc_died: [0,29732,com.google.android.marvin.talkback,906,17]
06-05 18:10:10.852  1000  2628  8538 I am_uid_stopped: 10090
06-05 18:10:10.861 10060 30825 30825 I auditd  : type=1400 audit(0.0:641): avc: denied { execute } for comm="id.apps.tachyon" name="thermal-engine" dev="dm-1" ino=297 scontext=u:r:untrusted_app_25:s0:c512,c768 tcontext=u:object_r:thermal-engine_exec:s0 tclass=file permissive=0
06-05 18:10:10.881 10060 30832 30832 I auditd  : type=1400 audit(0.0:642): avc: denied { execute } for comm="id.apps.tachyon" name="thermal-engine" dev="dm-1" ino=297 scontext=u:r:untrusted_app_25:s0:c512,c768 tcontext=u:object_r:thermal-engine_exec:s0 tclass=file permissive=0
06-05 18:10:10.901 10034  3373  3373 I sysui_multi_action: [757,931,758,4,759,3,932,0,933,0]
06-05 18:10:10.930  1000  2628  2707 I am_pss  : [4079,10042,com.smartron.tronxlauncher,120395776,112136192,2747392]
06-05 18:10:10.947  1000  2628 10846 I notification_expansion: [0|com.google.android.apps.tachyon|-1|null|10060,0,1,110,110,0]
06-05 18:10:10.949  1000  2628 10846 I notification_expansion: [-1|android|26|null|1000,0,0,389662,389662,15754]
06-05 18:10:10.976 10034  3373  3373 I sysui_multi_action: [757,931,758,4,759,3,932,0,933,1]
06-05 18:10:10.983  1000  2628  3205 I am_new_intent: [0,21147714,4,com.smartron.tronxlauncher/com.smartron.smextension.TronxLauncher,android.intent.action.MAIN,NULL,NULL,268435712]
06-05 18:10:10.984  1000  2628  3205 I wm_task_moved: [4,1,0]
06-05 18:10:10.985  1000  2628  3205 I am_focused_stack: [0,0,1,bringingFoundTaskToFront]
06-05 18:10:10.985  1000  2628  3205 I wm_task_moved: [4,1,0]
06-05 18:10:10.990  1000  2628  3205 I am_pause_activity: [0,226322192,com.google.android.apps.tachyon/.MainActivity]
