06-05 18:10:06.377 radio  3545  4863 D Phone   : isWifiCallingEnabled =false
06-05 18:10:06.379 radio  3545  4863 D Phone   : isImsRegistered =true
06-05 18:10:06.379 radio  3545  4863 I chatty  : uid=1001(radio) Binder:3545_9 identical 1 line
06-05 18:10:06.379 radio  3545  4863 D Phone   : isImsRegistered =true
06-05 18:10:06.383 radio  3545  4973 D Phone   : isWifiCallingEnabled =false
06-05 18:10:06.386 radio  3545  4973 I chatty  : uid=1001(radio) Binder:3545_B identical 1 line
06-05 18:10:06.397 radio  3545  4973 D Phone   : isWifiCallingEnabled =false
06-05 18:10:06.399 radio  3545  4863 D Phone   : isWifiCallingEnabled =false
06-05 18:10:07.377 radio  3545  4973 D Phone   : isImsRegistered =true
06-05 18:10:07.377 radio  3545  4973 I chatty  : uid=1001(radio) Binder:3545_B identical 1 line
06-05 18:10:07.377 radio  3545  4973 D Phone   : isImsRegistered =true
06-05 18:10:07.378 radio  3545  4863 D Phone   : isImsRegistered =true
06-05 18:10:07.383 radio  3545  4973 D Phone   : isWifiCallingEnabled =false
06-05 18:10:07.389 radio  3545  4863 D Phone   : isWifiCallingEnabled =false
06-05 18:10:07.397 radio  3545  4973 D Phone   : isImsRegistered =true
06-05 18:10:07.397 radio  3545  4973 I chatty  : uid=1001(radio) Binder:3545_B identical 1 line
06-05 18:10:07.397 radio  3545  4973 D Phone   : isImsRegistered =true
06-05 18:10:07.404 radio  3545  4973 D Phone   : isWifiCallingEnabled =false
06-05 18:10:07.411 radio  3545  4973 I chatty  : uid=1001(radio) Binder:3545_B identical 2 lines
06-05 18:10:07.413 radio  3545  4973 D Phone   : isWifiCallingEnabled =false
06-05 18:10:08.528 radio  3545  3946 W SignalStrength: initialize: SignalStrength: 99 0 -1 -1 -1 -1 -1 23 96 11 124 2147483647 0 2147483647 cdma
06-05 18:10:08.528 radio  3545  3545 W SignalStrength: Signal before validate=SignalStrength: 99 0 -1 -1 -1 -1 -1 23 96 11 124 2147483647 0 2147483647 cdma
06-05 18:10:08.529 radio  3545  3545 W SignalStrength: Signal after validate=SignalStrength: 99 0 -120 -160 -120 -1 -1 23 -96 -11 124 2147483647 0 2147483647 cdma
06-05 18:10:08.529  1000  2628  8538 W SignalStrength: Size of signalstrength parcel:180
06-05 18:10:08.530  1000  2628  8538 W SignalStrength: getLTELevel - rsrp:-96 snr:124 rsrpIconLevel:4 snrIconLevel:3 lteRsrpBoost:0
06-05 18:10:08.530 10034  3373 24485 W SignalStrength: Size of signalstrength parcel:176
06-05 18:10:08.530  1000  2628  8538 W SignalStrength: getLevel=4
06-05 18:10:08.530 10034  3373  3647 W SignalStrength: getLTELevel - rsrp:-96 snr:124 rsrpIconLevel:4 snrIconLevel:3 lteRsrpBoost:0
06-05 18:10:08.530 10034  3373  3647 W SignalStrength: getLevel=4
06-05 18:10:10.763 radio  3545  4973 D SubscriptionController: [getPhoneId] asked for default subId=1
06-05 18:10:10.784 radio  3545  3946 W SignalStrength: initialize: SignalStrength: 99 0 -1 -1 -1 -1 -1 21 94 10 122 2147483647 0 2147483647 cdma
06-05 18:10:10.784 radio  3545  3545 W SignalStrength: Signal before validate=SignalStrength: 99 0 -1 -1 -1 -1 -1 21 94 10 122 2147483647 0 2147483647 cdma
06-05 18:10:10.784 radio  3545  3545 W SignalStrength: Signal after validate=SignalStrength: 99 0 -120 -160 -120 -1 -1 21 -94 -10 122 2147483647 0 2147483647 cdma
06-05 18:10:10.785  1000  2628  8538 W SignalStrength: Size of signalstrength parcel:180
06-05 18:10:10.786  1000  2628  8538 W SignalStrength: getLTELevel - rsrp:-94 snr:122 rsrpIconLevel:4 snrIconLevel:3 lteRsrpBoost:0
06-05 18:10:10.786 10034  3373 24485 W SignalStrength: Size of signalstrength parcel:176
06-05 18:10:10.786  1000  2628  8538 W SignalStrength: getLevel=4
06-05 18:10:10.786 10034  3373  3647 W SignalStrength: getLTELevel - rsrp:-94 snr:122 rsrpIconLevel:4 snrIconLevel:3 lteRsrpBoost:0
06-05 18:10:10.786 10034  3373  3647 W SignalStrength: getLevel=4
06-05 18:10:11.421 radio  3545  4973 D SubscriptionController: [getPhoneId] asked for default subId=1
06-05 18:10:13.416 radio  3545  4863 D Phone   : isImsRegistered =true
06-05 18:10:13.416 radio  3545  4863 I chatty  : uid=1001(radio) Binder:3545_9 identical 1 line
06-05 18:10:13.416 radio  3545  4863 D Phone   : isImsRegistered =true
06-05 18:10:13.418 radio  3545  4973 D Phone   : isImsRegistered =true
06-05 18:10:13.426 radio  3545  4973 D Phone   : isWifiCallingEnabled =false
06-05 18:10:13.431 radio  3545  4973 D Phone   : isWifiCallingEnabled =false
06-05 18:10:13.432 radio  3545  4973 D Phone   : isImsRegistered =true
06-05 18:10:13.432 radio  3545  4973 I chatty  : uid=1001(radio) Binder:3545_B identical 1 line
06-05 18:10:13.433 radio  3545  4973 D Phone   : isImsRegistered =true
06-05 18:10:13.436 radio  3545  4973 D Phone   : isWifiCallingEnabled =false
06-05 18:10:13.441 radio  3545  4973 I chatty  : uid=1001(radio) Binder:3545_B identical 2 lines
06-05 18:10:13.443 radio  3545  4973 D Phone   : isWifiCallingEnabled =false
06-05 18:10:15.265 radio  3545  3946 W SignalStrength: initialize: SignalStrength: 99 0 -1 -1 -1 -1 -1 21 93 12 180 2147483647 0 2147483647 cdma
06-05 18:10:15.266 radio  3545  3545 W SignalStrength: Signal before validate=SignalStrength: 99 0 -1 -1 -1 -1 -1 21 93 12 180 2147483647 0 2147483647 cdma
06-05 18:10:15.266 radio  3545  3545 W SignalStrength: Signal after validate=SignalStrength: 99 0 -120 -160 -120 -1 -1 21 -93 -12 180 2147483647 0 2147483647 cdma
06-05 18:10:15.267  1000  2628  8538 W SignalStrength: Size of signalstrength parcel:180
06-05 18:10:15.267  1000  2628  8538 W SignalStrength: getLTELevel - rsrp:-93 snr:180 rsrpIconLevel:4 snrIconLevel:4 lteRsrpBoost:0
06-05 18:10:15.268  1000  2628  8538 W SignalStrength: getLevel=4
06-05 18:10:15.268 10034  3373 17744 W SignalStrength: Size of signalstrength parcel:176
06-05 18:10:15.268 10034  3373  3647 W SignalStrength: getLTELevel - rsrp:-93 snr:180 rsrpIconLevel:4 snrIconLevel:4 lteRsrpBoost:0
06-05 18:10:15.268 10034  3373  3647 W SignalStrength: getLevel=4
06-05 18:10:15.423 radio  3545  4973 D Phone   : isImsRegistered =true
06-05 18:10:15.424 radio  3545  4973 I chatty  : uid=1001(radio) Binder:3545_B identical 2 lines
06-05 18:10:15.425 radio  3545  4973 D Phone   : isImsRegistered =true
06-05 18:10:15.432 radio  3545  4973 D Phone   : isWifiCallingEnabled =false
06-05 18:10:15.436 radio  3545  4973 D Phone   : isWifiCallingEnabled =false
06-05 18:10:15.439 radio  3545  4973 D Phone   : isImsRegistered =true
06-05 18:10:15.440 radio  3545  4973 I chatty  : uid=1001(radio) Binder:3545_B identical 1 line
06-05 18:10:15.440 radio  3545  4973 D Phone   : isImsRegistered =true
06-05 18:10:15.447 radio  3545  4973 D Phone   : isWifiCallingEnabled =false
06-05 18:10:15.457 radio  3545  4973 I chatty  : uid=1001(radio) Binder:3545_B identical 2 lines
06-05 18:10:15.461 radio  3545  4973 D Phone   : isWifiCallingEnabled =false
06-05 18:10:16.471 radio  3545  4973 D Phone   : isImsRegistered =true
06-05 18:10:16.472 radio  3545  4973 I chatty  : uid=1001(radio) Binder:3545_B identical 2 lines
06-05 18:10:16.484 radio  3545  4973 D Phone   : isImsRegistered =true
06-05 18:10:16.492 radio  3545  4973 D Phone   : isWifiCallingEnabled =false
06-05 18:10:16.509 radio  3545  4973 D Phone   : isWifiCallingEnabled =false
06-05 18:10:16.516 radio  3545  4973 D Phone   : isImsRegistered =true
06-05 18:10:16.517 radio  3545  4973 I chatty  : uid=1001(radio) Binder:3545_B identical 1 line
06-05 18:10:16.517 radio  3545  4973 D Phone   : isImsRegistered =true
06-05 18:10:16.522 radio  3545  4863 D Phone   : isWifiCallingEnabled =false
06-05 18:10:16.552 radio  3545  4973 D Phone   : isWifiCallingEnabled =false
06-05 18:10:16.563 radio  3545  4863 D Phone   : isWifiCallingEnabled =false
06-05 18:10:16.565 radio  3545  4867 D Phone   : isWifiCallingEnabled =false
06-05 18:10:17.444 radio  3545  4973 D Phone   : isImsRegistered =true
06-05 18:10:17.444 radio  3545  4973 I chatty  : uid=1001(radio) Binder:3545_B identical 2 lines
06-05 18:10:17.447 radio  3545  4973 D Phone   : isImsRegistered =true
06-05 18:10:17.452 radio  3545  4973 D Phone   : isWifiCallingEnabled =false
06-05 18:10:17.454 radio  3545  4973 D Phone   : isWifiCallingEnabled =false
06-05 18:10:17.461 radio  3545  4973 D Phone   : isImsRegistered =true
06-05 18:10:17.461 radio  3545  4973 I chatty  : uid=1001(radio) Binder:3545_B identical 1 line
06-05 18:10:17.461 radio  3545  4973 D Phone   : isImsRegistered =true
06-05 18:10:17.468 radio  3545  4973 D Phone   : isWifiCallingEnabled =false
06-05 18:10:17.474 radio  3545  4973 I chatty  : uid=1001(radio) Binder:3545_B identical 2 lines
06-05 18:10:17.476 radio  3545  4973 D Phone   : isWifiCallingEnabled =false
06-05 18:10:17.508 radio  3545  3946 W SignalStrength: initialize: SignalStrength: 99 0 -1 -1 -1 -1 -1 21 97 10 128 2147483647 0 2147483647 cdma
06-05 18:10:17.508 radio  3545  3946 W SignalStrength: initialize: SignalStrength: 29 0 -1 -1 -1 -1 -1 99 2147483647 2147483647 2147483647 2147483647 0 2147483647 cdma
06-05 18:10:17.508 radio  3545  3545 W SignalStrength: Signal before validate=SignalStrength: 99 0 -1 -1 -1 -1 -1 21 97 10 128 2147483647 0 2147483647 cdma
06-05 18:10:17.508 radio  3545  3545 W SignalStrength: Signal after validate=SignalStrength: 99 0 -120 -160 -120 -1 -1 21 -97 -10 128 2147483647 0 2147483647 cdma
06-05 18:10:17.508  1000  2628  7604 W SignalStrength: Size of signalstrength parcel:180
06-05 18:10:17.509  1000  2628  7604 W SignalStrength: getLTELevel - rsrp:-97 snr:128 rsrpIconLevel:4 snrIconLevel:3 lteRsrpBoost:0
06-05 18:10:17.509  1000  2628  7604 W SignalStrength: getLevel=4
06-05 18:10:17.509 10034  3373 16465 W SignalStrength: Size of signalstrength parcel:176
06-05 18:10:17.509 10034  3373  3647 W SignalStrength: getLTELevel - rsrp:-97 snr:128 rsrpIconLevel:4 snrIconLevel:3 lteRsrpBoost:0
06-05 18:10:17.509 10034  3373  3647 W SignalStrength: getLevel=4
06-05 18:10:17.510 radio  3545  3545 W SignalStrength: Signal before validate=SignalStrength: 29 0 -1 -1 -1 -1 -1 99 2147483647 2147483647 2147483647 2147483647 0 2147483647 cdma
06-05 18:10:17.510 radio  3545  3545 W SignalStrength: Signal after validate=SignalStrength: 29 0 -120 -160 -120 -1 -1 99 2147483647 2147483647 2147483647 2147483647 0 2147483647 cdma
06-05 18:10:17.510  1000  2628  7823 W SignalStrength: Size of signalstrength parcel:180
06-05 18:10:17.510 10034  3373 16465 W SignalStrength: Size of signalstrength parcel:176
06-05 18:10:17.511  1000  2628  7823 W SignalStrength: getLTELevel - rsrp:2147483647 snr:2147483647 rsrpIconLevel:-1 snrIconLevel:-1 lteRsrpBoost:0
06-05 18:10:17.511  1000  2628  7823 W SignalStrength: getLTELevel - rssi:99 rssiIconLevel:0
06-05 18:10:17.511  1000  2628  7823 W SignalStrength: getTdScdmaLevel = 0
06-05 18:10:17.511  1000  2628  7823 W SignalStrength: getGsmDbm=-55
06-05 18:10:17.511 10034  3373  3647 W SignalStrength: getLTELevel - rsrp:2147483647 snr:2147483647 rsrpIconLevel:-1 snrIconLevel:-1 lteRsrpBoost:0
06-05 18:10:17.511 10034  3373  3647 W SignalStrength: getLTELevel - rssi:99 rssiIconLevel:0
06-05 18:10:17.511 10034  3373  3647 W SignalStrength: getTdScdmaLevel = 0
06-05 18:10:17.511 10034  3373  3647 W SignalStrength: getGsmDbm=-55
06-05 18:10:17.512  1000  2628  7823 W SignalStrength: getGsmLevel---networktype=13
06-05 18:10:17.515 10034  3373  3647 W SignalStrength: getGsmLevel---networktype=13
06-05 18:10:17.515 10034  3373  3647 W SignalStrength: getCustomizedGsmDbmLevel - dbm:-55 gsmLevel:4
06-05 18:10:17.515 10034  3373  3647 W SignalStrength: getLevel=4
06-05 18:10:17.516  1000  2628  7823 W SignalStrength: getCustomizedGsmDbmLevel - dbm:-55 gsmLevel:4
06-05 18:10:17.516  1000  2628  7823 W SignalStrength: getLevel=4
06-05 18:10:19.748 radio  3545  3946 W SignalStrength: initialize: SignalStrength: 99 0 -1 -1 -1 -1 -1 23 96 12 142 2147483647 0 2147483647 cdma
06-05 18:10:19.748 radio  3545  3545 W SignalStrength: Signal before validate=SignalStrength: 99 0 -1 -1 -1 -1 -1 23 96 12 142 2147483647 0 2147483647 cdma
06-05 18:10:19.748 radio  3545  3545 W SignalStrength: Signal after validate=SignalStrength: 99 0 -120 -160 -120 -1 -1 23 -96 -12 142 2147483647 0 2147483647 cdma
06-05 18:10:19.749  1000  2628  2650 W SignalStrength: Size of signalstrength parcel:180
06-05 18:10:19.749  1000  2628  2650 W SignalStrength: getLTELevel - rsrp:-96 snr:142 rsrpIconLevel:4 snrIconLevel:4 lteRsrpBoost:0
06-05 18:10:19.749 10034  3373 17744 W SignalStrength: Size of signalstrength parcel:176
06-05 18:10:19.749  1000  2628  2650 W SignalStrength: getLevel=4
06-05 18:10:19.753 10034  3373  3647 W SignalStrength: getLTELevel - rsrp:-96 snr:142 rsrpIconLevel:4 snrIconLevel:4 lteRsrpBoost:0
06-05 18:10:19.753 10034  3373  3647 W SignalStrength: getLevel=4
06-05 18:10:19.848 radio  3545  4973 D QtiGsmDCT: [1]setPolicyDataEnabled: true
06-05 18:10:19.848 radio  3545  3545 D QtiGsmDCT: [1]QtiDcTracker handleMessage msg={ when=0 what=270368 arg1=1 target=com.qualcomm.qti.internal.telephony.dataconnection.QtiDcTracker }
06-05 18:10:19.859 radio  3545  4973 D QtiGsmDCT: [0]setPolicyDataEnabled: true
06-05 18:10:19.859 radio  3545  3545 D QtiGsmDCT: [0]QtiDcTracker handleMessage msg={ when=0 what=270368 arg1=1 target=com.qualcomm.qti.internal.telephony.dataconnection.QtiDcTracker }
06-05 18:10:19.896 radio  3545  4973 D SubscriptionController: [getActiveSubscriptionInfo]+ subId=2 subInfo={id=2, iccId=899100090[****] simSlotIndex=1 displayName=airtel carrierName=airtel nameSource=0 iconTint=-13408298 dataRoaming=1 iconBitmap=android.graphics.Bitmap@e60e5c1 mcc 404 mnc 49 isEmbedded false accessRules null}
06-05 18:10:19.933 radio  3545  4973 D SubscriptionController: [getActiveSubscriptionInfo]+ subId=1 subInfo={id=1, iccId=899185404[****] simSlotIndex=0 displayName=Jio 4G carrierName=Jio 4G nameSource=0 iconTint=-16746133 dataRoaming=0 iconBitmap=android.graphics.Bitmap@21376a8 mcc 405 mnc 854 isEmbedded false accessRules null}
06-05 18:10:24.115 radio  3545  3545 D RILJ    : [5540]> RIL_REQUEST_GET_ACTIVITY_INFO [SUB0]
06-05 18:10:24.122 radio  3545  3946 D RILJ    : [5540]< RIL_REQUEST_GET_ACTIVITY_INFO ModemActivityInfo{ mTimestamp=16981742 mSleepTimeMs=13230 mIdleTimeMs=398 mTxTimeMs[]=[181, 115, 35, 2, 1] mRxTimeMs=9524 mEnergyUsed=0} [SUB0]
06-05 18:10:24.227 radio  3545  3946 W SignalStrength: initialize: SignalStrength: 99 0 -1 -1 -1 -1 -1 23 96 11 146 2147483647 0 2147483647 cdma
06-05 18:10:24.231 radio  3545  3545 W SignalStrength: Signal before validate=SignalStrength: 99 0 -1 -1 -1 -1 -1 23 96 11 146 2147483647 0 2147483647 cdma
06-05 18:10:24.231 radio  3545  3545 W SignalStrength: Signal after validate=SignalStrength: 99 0 -120 -160 -120 -1 -1 23 -96 -11 146 2147483647 0 2147483647 cdma
06-05 18:10:24.234  1000  2628 10843 W SignalStrength: Size of signalstrength parcel:180
06-05 18:10:24.234  1000  2628 10843 W SignalStrength: getLTELevel - rsrp:-96 snr:146 rsrpIconLevel:4 snrIconLevel:4 lteRsrpBoost:0
06-05 18:10:24.234  1000  2628 10843 W SignalStrength: getLevel=4
06-05 18:10:24.235 10034  3373  9414 W SignalStrength: Size of signalstrength parcel:176
06-05 18:10:24.235 10034  3373  3647 W SignalStrength: getLTELevel - rsrp:-96 snr:146 rsrpIconLevel:4 snrIconLevel:4 lteRsrpBoost:0
06-05 18:10:24.235 10034  3373  3647 W SignalStrength: getLevel=4
06-05 18:10:28.254 radio  3545  3545 D RILJ    : [5541]> RIL_REQUEST_GET_ALLOWED_CARRIERS [SUB0]
06-05 18:10:28.256 radio  3545  3946 D RILJ    : [5541]< RIL_REQUEST_GET_ALLOWED_CARRIERS error 6 [SUB0]
06-05 18:10:28.256 radio  3545  3946 D RilRequest: [5541]< RIL_REQUEST_GET_ALLOWED_CARRIERS error: com.android.internal.telephony.CommandException: REQUEST_NOT_SUPPORTED ret=[]
06-05 18:10:28.259 radio  3545  3545 D RILJ    : [5542]> RIL_REQUEST_GET_ALLOWED_CARRIERS [SUB0]
06-05 18:10:28.261 radio  3545  3946 D RILJ    : [5542]< RIL_REQUEST_GET_ALLOWED_CARRIERS error 6 [SUB0]
06-05 18:10:28.261 radio  3545  3946 D RilRequest: [5542]< RIL_REQUEST_GET_ALLOWED_CARRIERS error: com.android.internal.telephony.CommandException: REQUEST_NOT_SUPPORTED ret=[]
06-05 18:10:28.383 radio  3545  3946 W SignalStrength: initialize: SignalStrength: 99 0 -1 -1 -1 -1 -1 21 96 7 142 2147483647 0 2147483647 cdma
06-05 18:10:28.383 radio  3545  3545 W SignalStrength: Signal before validate=SignalStrength: 99 0 -1 -1 -1 -1 -1 21 96 7 142 2147483647 0 2147483647 cdma
06-05 18:10:28.383 radio  3545  3545 W SignalStrength: Signal after validate=SignalStrength: 99 0 -120 -160 -120 -1 -1 21 -96 -7 142 2147483647 0 2147483647 cdma
06-05 18:10:28.384  1000  2628  7823 W SignalStrength: Size of signalstrength parcel:180
06-05 18:10:28.384  1000  2628  7823 W SignalStrength: getLTELevel - rsrp:-96 snr:142 rsrpIconLevel:4 snrIconLevel:4 lteRsrpBoost:0
06-05 18:10:28.384  1000  2628  7823 W SignalStrength: getLevel=4
06-05 18:10:28.384 10034  3373  9414 W SignalStrength: Size of signalstrength parcel:176
06-05 18:10:28.385 10034  3373  3647 W SignalStrength: getLTELevel - rsrp:-96 snr:142 rsrpIconLevel:4 snrIconLevel:4 lteRsrpBoost:0
06-05 18:10:28.385 10034  3373  3647 W SignalStrength: getLevel=4
06-05 18:10:28.509 radio  3545  3545 D RILJ    : [5543]> RIL_REQUEST_GET_ACTIVITY_INFO [SUB0]
06-05 18:10:28.519 radio  3545  3946 D RILJ    : [5543]< RIL_REQUEST_GET_ACTIVITY_INFO ModemActivityInfo{ mTimestamp=16986139 mSleepTimeMs=13230 mIdleTimeMs=398 mTxTimeMs[]=[181, 115, 35, 2, 1] mRxTimeMs=9524 mEnergyUsed=0} [SUB0]
06-05 18:10:29.122 radio  2296  2401 E RILQ    : (1/2296): RIL[1][event] qcril_qmi_lte_direct_disc_pack_msg_tag: encoding the MsgHeader
06-05 18:10:29.122 radio  3545  3946 D RILJ    : Unsol response received; Sending ack to ril.cpp [SUB0]
06-05 18:10:29.123 radio  3545  3946 D RILJ    : [UNSL]< UNSOL_DATA_CALL_LIST_CHANGED [DataCallResponse: { status=0 retry=-1 cid=0 active=1 type=IPV4V6 ifname=rmnet_data2 mtu=1400 addresses=[10.138.114.109/30,2405:0204:6109:4dd7:0c6a:eaaa:6625:abdd/64] dnses=[49.45.0.1,8.8.8.8,2405:0200:0800:0000:0000:0000:0000:0001] gateways=[10.138.114.110,fe80:0000:0000:0000:2c0b:28c6:2dc6:b774] pcscf=[]}, DataCallResponse: { status=0 retry=-1 cid=1 active=2 type=IPV4V6 ifname=rmnet_data1 mtu=1400 addresses=[10.240.79.116/29,2405:0204:692c:dccc:8d19:3a87:6333:d24d/64] dnses=[49.45.0.1,2405:0200:0800:0000:0000:0000:0000:0001] gateways=[10.240.79.117,fe80:0000:0000:0000:45be:507a:2a9b:618c] pcscf=[10.56.141.143,10.56.152.12,2405:200:390:1581::1b,2405:200:60a:1581::1b]}] [SUB0]
06-05 18:10:29.124 radio  3545  3545 D QtiGsmDCT: [0]QtiDcTracker handleMessage msg={ when=-1ms what=270340 obj=android.os.AsyncResult@f9e6eab target=com.qualcomm.qti.internal.telephony.dataconnection.QtiDcTracker }
06-05 18:10:29.125 radio  3545  3946 D RILJ    : Unsol response received; Sending ack to ril.cpp [SUB0]
06-05 18:10:29.126 radio  3545  3946 D RILJ    : [UNSL]< UNSOL_DATA_CALL_LIST_CHANGED [DataCallResponse: { status=0 retry=-1 cid=0 active=1 type=IPV4V6 ifname=rmnet_data2 mtu=1400 addresses=[10.138.114.109/30,2405:0204:6109:4dd7:0c6a:eaaa:6625:abdd/64] dnses=[49.45.0.1,8.8.8.8,2405:0200:0800:0000:0000:0000:0000:0001] gateways=[10.138.114.110,fe80:0000:0000:0000:2c0b:28c6:2dc6:b774] pcscf=[]}, DataCallResponse: { status=0 retry=-1 cid=1 active=1 type=IPV4V6 ifname=rmnet_data1 mtu=1400 addresses=[10.240.79.116/29,2405:0204:692c:dccc:8d19:3a87:6333:d24d/64] dnses=[49.45.0.1,2405:0200:0800:0000:0000:0000:0000:0001] gateways=[10.240.79.117,fe80:0000:0000:0000:45be:507a:2a9b:618c] pcscf=[10.56.141.143,10.56.152.12,2405:200:390:1581::1b,2405:200:60a:1581::1b]}] [SUB0]
06-05 18:10:29.126 radio  3545  3545 D QtiGsmDCT: [0]QtiDcTracker handleMessage msg={ when=0 what=270340 obj=android.os.AsyncResult@f6f6908 target=com.qualcomm.qti.internal.telephony.dataconnection.QtiDcTracker }
06-05 18:10:29.131 radio  3511  3511 D use-Rlog/RLOG-QC_RIL_OEM_HOOK: Received Broadcast Intent ACTION_UNSOL_RESPONSE_OEM_HOOK_RAW
06-05 18:10:29.131 radio  3545  3545 D use-Rlog/RLOG-QC_RIL_OEM_HOOK: Received Broadcast Intent ACTION_UNSOL_RESPONSE_OEM_HOOK_RAW
06-05 18:10:29.131 radio  3511  3511 D use-Rlog/RLOG-QC_RIL_OEM_HOOK: Oem ID in QCRILHOOK UNSOL RESP is QOEMHOOK
06-05 18:10:29.131 radio  3545  3545 D use-Rlog/RLOG-QC_RIL_OEM_HOOK: Oem ID in QCRILHOOK UNSOL RESP is QOEMHOOK
06-05 18:10:29.131 radio  3545  3545 D use-Rlog/RLOG-QC_RIL_OEM_HOOK: Received Broadcast Intent ACTION_UNSOL_RESPONSE_OEM_HOOK_RAW
06-05 18:10:29.131 radio  3545  3545 D use-Rlog/RLOG-QC_RIL_OEM_HOOK: Oem ID in QCRILHOOK UNSOL RESP is QOEMHOOK
06-05 18:10:29.132 radio  3545  3545 D use-Rlog/RLOG-QC_RIL_OEM_HOOK: Received Broadcast Intent ACTION_UNSOL_RESPONSE_OEM_HOOK_RAW
06-05 18:10:29.132 radio  3545  3545 D use-Rlog/RLOG-QC_RIL_OEM_HOOK: Oem ID in QCRILHOOK UNSOL RESP is QOEMHOOK
06-05 18:10:29.132 radio  3545  3545 D use-Rlog/RLOG-QC_RIL_OEM_HOOK: Received Broadcast Intent ACTION_UNSOL_RESPONSE_OEM_HOOK_RAW
06-05 18:10:29.132 radio  3545  3545 D use-Rlog/RLOG-QC_RIL_OEM_HOOK: Oem ID in QCRILHOOK UNSOL RESP is QOEMHOOK
06-05 18:10:29.132 radio  3545  3545 D PhoneSwitcher: handle event - 110
06-05 18:10:29.132 radio  3545  4179 D Dcc     : onDataStateChanged: dcsList=[DataCallResponse: { status=0 retry=-1 cid=0 active=1 type=IPV4V6 ifname=rmnet_data2 mtu=1400 addresses=[10.138.114.109/30,2405:0204:6109:4dd7:0c6a:eaaa:6625:abdd/64] dnses=[49.45.0.1,8.8.8.8,2405:0200:0800:0000:0000:0000:0000:0001] gateways=[10.138.114.110,fe80:0000:0000:0000:2c0b:28c6:2dc6:b774] pcscf=[]}, DataCallResponse: { status=0 retry=-1 cid=1 active=2 type=IPV4V6 ifname=rmnet_data1 mtu=1400 addresses=[10.240.79.116/29,2405:0204:692c:dccc:8d19:3a87:6333:d24d/64] dnses=[49.45.0.1,2405:0200:0800:0000:0000:0000:0000:0001] gateways=[10.240.79.117,fe80:0000:0000:0000:45be:507a:2a9b:618c] pcscf=[10.56.141.143,10.56.152.12,2405:200:390:1581::1b,2405:200:60a:1581::1b]}] mDcListActiveByCid={0={DC-1: State=DcActiveState mApnSetting=[ApnSettingV3] Jio 4G, 2082, 405854, jionet, , , , , , -1, default, IPV4V6, IPV4V6, true, 0, 0, 0, false, 0, 0, 0, 0, , , false RefCount=1 mCid=0 mCreateTime=-1 mLastastFailTime=-1 mLastFailCause=NONE mTag=2 mLinkProperties={InterfaceName: rmnet_data2 LinkAddresses: [10.138.114.109/30,2405:204:6109:4dd7:c6a:eaaa:6625:abdd/64,]  Routes: [0.0.0.0/0 -> 10.138.114.110 rmnet_data2,::/0 -> fe80::2c0b:28c6:2dc6:b774 rmnet_data2,] DnsAddresses: [49.45.0.1,8.8.8.8,2405:200:800::1,] Domains: null MTU: 1400 TcpBufferSizes: 2097152,4194304,8388608,262144,524288,1048576} linkCapabilities=[ Transports: CELLULAR Capabilities: INTERNET&NOT_RESTRICTED&TRUSTED&NOT_VPN LinkUpBandwidth>=51200Kbps LinkDnBandwidth>=102400Kbps Specifier: <1>] mRestrictedNetworkOverride=false mApnContexts={{mApnType=default mState=CONNECTED mWaitingApns={[[ApnSettingV3] Jio 4G, 2082, 405854, jionet, , , , , , -1, default, IPV4V6, IPV4V6, true, 0, 0, 0, false, 0, 0, 0, 0, , , false]} mApnSetting={[ApnSettingV3] Jio 4G, 2082, 405854, jionet, , , , , , -1, default, IPV4V6, IPV4V6, true, 0, 0, 0, false, 0, 0, 0, 0, , , false} mReason=connected mDataEnabled=true mDependencyMet=true}={mTag=2 mApnContext={mApnType=default mState=CONNECTED mWaitingApns={[[ApnSettingV3] Jio 4G, 2082, 405854, jionet, , , , , , -1, default, IPV4V6, IPV4V6, true, 0, 0, 0, false, 0, 0, 0, 0, , , false]} mApnSetting={[ApnSettingV3] Jio 4G, 2082, 405854, jionet, , , , , , -1, default, IPV4V6, IPV4V6, true, 0, 0, 0, false, 0, 0, 0, 0, , , false} mReason=connected mDataEnabled=true mDependencyMet=true} mProfileId=0 mRat=14 mUnmeteredUseOnly=false mOnCompletedMsg={what=0x42000 when=-3h56m48s907ms obj=Pair{{mApnType=default mState=CONNECTED mWaitingApns={[[ApnSettingV3] Jio 4G, 2082, 405854, jionet, , , , , , -1, default, IPV4V6, IPV4V6, true, 0, 0, 0, false, 0, 0, 0, 0, , , false]} mApnSetting={[ApnSettingV3] Jio 4G, 2082, 405854, jionet, , , , , , -1, default, IPV4V6, IPV4V6, true, 0, 0, 0, false, 0, 0, 0, 0, , , false} mReason=connected mDataEnabled=true mDependencyMet=true} 1} target=Handler (com.qualcomm.qti.internal.telephony.dataconnection.QtiDcTracker) {b5d24c4} replyTo=null}}}}, 1={DC-3: State=DcActiveState mApnSetting=[ApnSettingV3] IMS, 2083, 405854, ims, , , , , , -1, ims, IPV4V6, IPV4V6, true, 0, 0, 0, false, 0, 0, 0, 0, , , false RefCount=1 mCid=1 mCreateTime=-1 mLastastFailTime=-1 mLastFailCause=NONE mTag=2 mLinkProperties={InterfaceName: rmnet_data1 LinkAddresses: [10.240.79.116/29,2405:204:692c:dccc:8d19:3a87:6333:d24d/64,]  Routes: [0.0.0.0/0 -> 10.240.79.117 rmnet_data1,::/0 -> fe80::45be:507a:2a9b:618c rmnet_data1,] DnsAddresses: [49.45.0.1,2405:200:800::1,] Domains: null MTU: 1400 TcpBufferSizes: 2097152,4194304,8388608,262144,524288,1048576} linkCapabilities=[ Transports: CELLULAR Capabilities: IMS&NOT_METERED&TRUSTED&NOT_VPN LinkUpBandwidth>=51200Kbps LinkDnBandwidth>=102400Kbps Specifier: <1>] mRestrictedNetworkOverride=false mApnContexts={{mApnType=ims mState=CONNECTED mWaitingApns={[[ApnSettingV3] IMS, 2083, 405854, ims, , , , , , -1, ims, IPV4V6, IPV4V6, true, 0, 0, 0, false, 0, 0, 0, 0, , , false]} mApnSetting={[ApnSettingV3] IMS, 2083, 405854, ims, , , , , , -1, ims, IPV4V6, IPV4V6, true, 0, 0, 0, false, 0, 0, 0, 0, , , false} mReason=connected mDataEnabled=true mDependencyMet=true
06-05 18:10:29.132 radio  3545  4179 D Dcc     : onDataStateChanged: dcsToRetry=[]
06-05 18:10:29.133 radio  3545  4179 D Dcc     : onDataStateChanged: Found ConnId=0 newState=DataCallResponse: { status=0 retry=-1 cid=0 active=1 type=IPV4V6 ifname=rmnet_data2 mtu=1400 addresses=[10.138.114.109/30,2405:0204:6109:4dd7:0c6a:eaaa:6625:abdd/64] dnses=[49.45.0.1,8.8.8.8,2405:0200:0800:0000:0000:0000:0000:0001] gateways=[10.138.114.110,fe80:0000:0000:0000:2c0b:28c6:2dc6:b774] pcscf=[]}
06-05 18:10:29.133 radio  3545  4179 D DataCallResponse: addr/pl=10.138.114.109/30
06-05 18:10:29.133 radio  3545  4179 D DataCallResponse: addr/pl=2405:0204:6109:4dd7:0c6a:eaaa:6625:abdd/64
06-05 18:10:29.133 radio  3545  4179 D DC-1    : MTU set by call response to: 1400
06-05 18:10:29.134 radio  3545  4179 D Dcc     : onDataStateChanged: no change
06-05 18:10:29.134 radio  3545  4179 D Dcc     : onDataStateChanged: Found ConnId=1 newState=DataCallResponse: { status=0 retry=-1 cid=1 active=2 type=IPV4V6 ifname=rmnet_data1 mtu=1400 addresses=[10.240.79.116/29,2405:0204:692c:dccc:8d19:3a87:6333:d24d/64] dnses=[49.45.0.1,2405:0200:0800:0000:0000:0000:0000:0001] gateways=[10.240.79.117,fe80:0000:0000:0000:45be:507a:2a9b:618c] pcscf=[10.56.141.143,10.56.152.12,2405:200:390:1581::1b,2405:200:60a:1581::1b]}
06-05 18:10:29.134 radio  3545  4179 D DataCallResponse: addr/pl=10.240.79.116/29
06-05 18:10:29.134 radio  3545  4179 D DataCallResponse: addr/pl=2405:0204:692c:dccc:8d19:3a87:6333:d24d/64
06-05 18:10:29.135 radio  3545  4179 D DC-3    : MTU set by call response to: 1400
06-05 18:10:29.135 radio  3545  4179 D Dcc     : onDataStateChanged: no change
06-05 18:10:29.135 radio  3545  4179 D Dcc     : onDataStateChanged: Data Activity updated to NONE. isAnyDataCallActive = true isAnyDataCallDormant = true
06-05 18:10:29.135 radio  3545  4179 D Dcc     : onDataStateChanged: dcsToRetry=[] apnsToCleanup=[]
06-05 18:10:29.135 radio  3545  3545 D QtiGsmDCT: [0]QtiDcTracker handleMessage msg={ when=0 what=270376 arg1=1 obj=NONE target=com.qualcomm.qti.internal.telephony.dataconnection.QtiDcTracker }
06-05 18:10:29.142 radio  3545  3545 D QtiGsmDCT: [0]setActivity = NONE
06-05 18:10:29.145 radio  3545  4179 D Dcc     : onDataStateChanged: dcsList=[DataCallResponse: { status=0 retry=-1 cid=0 active=1 type=IPV4V6 ifname=rmnet_data2 mtu=1400 addresses=[10.138.114.109/30,2405:0204:6109:4dd7:0c6a:eaaa:6625:abdd/64] dnses=[49.45.0.1,8.8.8.8,2405:0200:0800:0000:0000:0000:0000:0001] gateways=[10.138.114.110,fe80:0000:0000:0000:2c0b:28c6:2dc6:b774] pcscf=[]}, DataCallResponse: { status=0 retry=-1 cid=1 active=1 type=IPV4V6 ifname=rmnet_data1 mtu=1400 addresses=[10.240.79.116/29,2405:0204:692c:dccc:8d19:3a87:6333:d24d/64] dnses=[49.45.0.1,2405:0200:0800:0000:0000:0000:0000:0001] gateways=[10.240.79.117,fe80:0000:0000:0000:45be:507a:2a9b:618c] pcscf=[10.56.141.143,10.56.152.12,2405:200:390:1581::1b,2405:200:60a:1581::1b]}] mDcListActiveByCid={0={DC-1: State=DcActiveState mApnSetting=[ApnSettingV3] Jio 4G, 2082, 405854, jionet, , , , , , -1, default, IPV4V6, IPV4V6, true, 0, 0, 0, false, 0, 0, 0, 0, , , false RefCount=1 mCid=0 mCreateTime=-1 mLastastFailTime=-1 mLastFailCause=NONE mTag=2 mLinkProperties={InterfaceName: rmnet_data2 LinkAddresses: [10.138.114.109/30,2405:204:6109:4dd7:c6a:eaaa:6625:abdd/64,]  Routes: [0.0.0.0/0 -> 10.138.114.110 rmnet_data2,::/0 -> fe80::2c0b:28c6:2dc6:b774 rmnet_data2,] DnsAddresses: [49.45.0.1,8.8.8.8,2405:200:800::1,] Domains: null MTU: 1400 TcpBufferSizes: 2097152,4194304,8388608,262144,524288,1048576} linkCapabilities=[ Transports: CELLULAR Capabilities: INTERNET&NOT_RESTRICTED&TRUSTED&NOT_VPN LinkUpBandwidth>=51200Kbps LinkDnBandwidth>=102400Kbps Specifier: <1>] mRestrictedNetworkOverride=false mApnContexts={{mApnType=default mState=CONNECTED mWaitingApns={[[ApnSettingV3] Jio 4G, 2082, 405854, jionet, , , , , , -1, default, IPV4V6, IPV4V6, true, 0, 0, 0, false, 0, 0, 0, 0, , , false]} mApnSetting={[ApnSettingV3] Jio 4G, 2082, 405854, jionet, , , , , , -1, default, IPV4V6, IPV4V6, true, 0, 0, 0, false, 0, 0, 0, 0, , , false} mReason=connected mDataEnabled=true mDependencyMet=true}={mTag=2 mApnContext={mApnType=default mState=CONNECTED mWaitingApns={[[ApnSettingV3] Jio 4G, 2082, 405854, jionet, , , , , , -1, default, IPV4V6, IPV4V6, true, 0, 0, 0, false, 0, 0, 0, 0, , , false]} mApnSetting={[ApnSettingV3] Jio 4G, 2082, 405854, jionet, , , , , , -1, default, IPV4V6, IPV4V6, true, 0, 0, 0, false, 0, 0, 0, 0, , , false} mReason=connected mDataEnabled=true mDependencyMet=true} mProfileId=0 mRat=14 mUnmeteredUseOnly=false mOnCompletedMsg={what=0x42000 when=-3h56m48s919ms obj=Pair{{mApnType=default mState=CONNECTED mWaitingApns={[[ApnSettingV3] Jio 4G, 2082, 405854, jionet, , , , , , -1, default, IPV4V6, IPV4V6, true, 0, 0, 0, false, 0, 0, 0, 0, , , false]} mApnSetting={[ApnSettingV3] Jio 4G, 2082, 405854, jionet, , , , , , -1, default, IPV4V6, IPV4V6, true, 0, 0, 0, false, 0, 0, 0, 0, , , false} mReason=connected mDataEnabled=true mDependencyMet=true} 1} target=Handler (com.qualcomm.qti.internal.telephony.dataconnection.QtiDcTracker) {b5d24c4} replyTo=null}}}}, 1={DC-3: State=DcActiveState mApnSetting=[ApnSettingV3] IMS, 2083, 405854, ims, , , , , , -1, ims, IPV4V6, IPV4V6, true, 0, 0, 0, false, 0, 0, 0, 0, , , false RefCount=1 mCid=1 mCreateTime=-1 mLastastFailTime=-1 mLastFailCause=NONE mTag=2 mLinkProperties={InterfaceName: rmnet_data1 LinkAddresses: [10.240.79.116/29,2405:204:692c:dccc:8d19:3a87:6333:d24d/64,]  Routes: [0.0.0.0/0 -> 10.240.79.117 rmnet_data1,::/0 -> fe80::45be:507a:2a9b:618c rmnet_data1,] DnsAddresses: [49.45.0.1,2405:200:800::1,] Domains: null MTU: 1400 TcpBufferSizes: 2097152,4194304,8388608,262144,524288,1048576} linkCapabilities=[ Transports: CELLULAR Capabilities: IMS&NOT_METERED&TRUSTED&NOT_VPN LinkUpBandwidth>=51200Kbps LinkDnBandwidth>=102400Kbps Specifier: <1>] mRestrictedNetworkOverride=false mApnContexts={{mApnType=ims mState=CONNECTED mWaitingApns={[[ApnSettingV3] IMS, 2083, 405854, ims, , , , , , -1, ims, IPV4V6, IPV4V6, true, 0, 0, 0, false, 0, 0, 0, 0, , , false]} mApnSetting={[ApnSettingV3] IMS, 2083, 405854, ims, , , , , , -1, ims, IPV4V6, IPV4V6, true, 0, 0, 0, false, 0, 0, 0, 0, , , false} mReason=connected mDataEnabled=true mDependencyMet=true
06-05 18:10:29.146 radio  3545  4179 D Dcc     : onDataStateChanged: dcsToRetry=[]
06-05 18:10:29.146 radio  3545  4179 D Dcc     : onDataStateChanged: Found ConnId=0 newState=DataCallResponse: { status=0 retry=-1 cid=0 active=1 type=IPV4V6 ifname=rmnet_data2 mtu=1400 addresses=[10.138.114.109/30,2405:0204:6109:4dd7:0c6a:eaaa:6625:abdd/64] dnses=[49.45.0.1,8.8.8.8,2405:0200:0800:0000:0000:0000:0000:0001] gateways=[10.138.114.110,fe80:0000:0000:0000:2c0b:28c6:2dc6:b774] pcscf=[]}
06-05 18:10:29.146 radio  3545  4179 D DataCallResponse: addr/pl=10.138.114.109/30
06-05 18:10:29.146 radio  3545  4179 D DataCallResponse: addr/pl=2405:0204:6109:4dd7:0c6a:eaaa:6625:abdd/64
06-05 18:10:29.147 radio  3545  4179 D DC-1    : MTU set by call response to: 1400
06-05 18:10:29.147 radio  3545  4179 D Dcc     : onDataStateChanged: no change
06-05 18:10:29.147 radio  3545  4179 D Dcc     : onDataStateChanged: Found ConnId=1 newState=DataCallResponse: { status=0 retry=-1 cid=1 active=1 type=IPV4V6 ifname=rmnet_data1 mtu=1400 addresses=[10.240.79.116/29,2405:0204:692c:dccc:8d19:3a87:6333:d24d/64] dnses=[49.45.0.1,2405:0200:0800:0000:0000:0000:0000:0001] gateways=[10.240.79.117,fe80:0000:0000:0000:45be:507a:2a9b:618c] pcscf=[10.56.141.143,10.56.152.12,2405:200:390:1581::1b,2405:200:60a:1581::1b]}
06-05 18:10:29.148 radio  3545  4179 D DataCallResponse: addr/pl=10.240.79.116/29
06-05 18:10:29.148 radio  3545  4179 D DataCallResponse: addr/pl=2405:0204:692c:dccc:8d19:3a87:6333:d24d/64
06-05 18:10:29.148 radio  3545  4179 D DC-3    : MTU set by call response to: 1400
06-05 18:10:29.148 radio  3545  4179 D Dcc     : onDataStateChanged: no change
06-05 18:10:29.148 radio  3545  4179 D Dcc     : onDataStateChanged: Data Activity updated to DORMANT. stopNetStatePoll
06-05 18:10:29.149 radio  3545  3545 D QtiGsmDCT: [0]QtiDcTracker handleMessage msg={ when=0 what=270376 obj=DORMANT target=com.qualcomm.qti.internal.telephony.dataconnection.QtiDcTracker }
06-05 18:10:29.149 radio  3545  3545 D QtiGsmDCT: [0]stopNetStatPoll
06-05 18:10:29.149 radio  3545  4179 D Dcc     : onDataStateChanged: dcsToRetry=[] apnsToCleanup=[]
06-05 18:10:29.154 radio  3545  3545 D QtiGsmDCT: [0]setActivity = DORMANT
06-05 18:10:30.970 radio  3545  3946 W SignalStrength: initialize: SignalStrength: 99 0 -1 -1 -1 -1 -1 21 96 10 150 2147483647 0 2147483647 cdma
06-05 18:10:30.970 radio  3545  3545 W SignalStrength: Signal before validate=SignalStrength: 99 0 -1 -1 -1 -1 -1 21 96 10 150 2147483647 0 2147483647 cdma
06-05 18:10:30.970 radio  3545  3545 W SignalStrength: Signal after validate=SignalStrength: 99 0 -120 -160 -120 -1 -1 21 -96 -10 150 2147483647 0 2147483647 cdma
06-05 18:10:30.970  1000  2628 10846 W SignalStrength: Size of signalstrength parcel:180
06-05 18:10:30.971  1000  2628 10846 W SignalStrength: getLTELevel - rsrp:-96 snr:150 rsrpIconLevel:4 snrIconLevel:4 lteRsrpBoost:0
06-05 18:10:30.971  1000  2628 10846 W SignalStrength: getLevel=4
06-05 18:10:30.971 10034  3373 16465 W SignalStrength: Size of signalstrength parcel:176
06-05 18:10:30.971 10034  3373  3647 W SignalStrength: getLTELevel - rsrp:-96 snr:150 rsrpIconLevel:4 snrIconLevel:4 lteRsrpBoost:0
06-05 18:10:30.971 10034  3373  3647 W SignalStrength: getLevel=4
06-05 18:10:31.386 radio  3545  3946 W SignalStrength: initialize: SignalStrength: 99 0 -1 -1 -1 -1 -1 23 95 11 146 2147483647 0 2147483647 cdma
06-05 18:10:31.386 radio  3545  3545 W SignalStrength: Signal before validate=SignalStrength: 99 0 -1 -1 -1 -1 -1 23 95 11 146 2147483647 0 2147483647 cdma
06-05 18:10:31.386 radio  3545  3545 W SignalStrength: Signal after validate=SignalStrength: 99 0 -120 -160 -120 -1 -1 23 -95 -11 146 2147483647 0 2147483647 cdma
06-05 18:10:31.387  1000  2628 10843 W SignalStrength: Size of signalstrength parcel:180
06-05 18:10:31.387  1000  2628 10843 W SignalStrength: getLTELevel - rsrp:-95 snr:146 rsrpIconLevel:4 snrIconLevel:4 lteRsrpBoost:0
06-05 18:10:31.387  1000  2628 10843 W SignalStrength: getLevel=4
06-05 18:10:31.388 10034  3373  9414 W SignalStrength: Size of signalstrength parcel:176
06-05 18:10:31.388 10034  3373  3647 W SignalStrength: getLTELevel - rsrp:-95 snr:146 rsrpIconLevel:4 snrIconLevel:4 lteRsrpBoost:0
06-05 18:10:31.388 10034  3373  3647 W SignalStrength: getLevel=4
06-05 18:10:32.447 radio  2296  2401 E RILQ    : (1/2296): RIL[1][event] qcril_qmi_lte_direct_disc_pack_msg_tag: encoding the MsgHeader
06-05 18:10:32.451 radio  3545  3545 D use-Rlog/RLOG-QC_RIL_OEM_HOOK: Received Broadcast Intent ACTION_UNSOL_RESPONSE_OEM_HOOK_RAW
06-05 18:10:32.452 radio  3545  3545 D use-Rlog/RLOG-QC_RIL_OEM_HOOK: Oem ID in QCRILHOOK UNSOL RESP is QOEMHOOK
06-05 18:10:32.452 radio  3545  3545 D use-Rlog/RLOG-QC_RIL_OEM_HOOK: Received Broadcast Intent ACTION_UNSOL_RESPONSE_OEM_HOOK_RAW
06-05 18:10:32.452 radio  3545  3545 D use-Rlog/RLOG-QC_RIL_OEM_HOOK: Oem ID in QCRILHOOK UNSOL RESP is QOEMHOOK
06-05 18:10:32.452 radio  3545  3545 D use-Rlog/RLOG-QC_RIL_OEM_HOOK: Received Broadcast Intent ACTION_UNSOL_RESPONSE_OEM_HOOK_RAW
06-05 18:10:32.452 radio  3545  3545 D use-Rlog/RLOG-QC_RIL_OEM_HOOK: Oem ID in QCRILHOOK UNSOL RESP is QOEMHOOK
06-05 18:10:32.452 radio  3545  3545 D use-Rlog/RLOG-QC_RIL_OEM_HOOK: Received Broadcast Intent ACTION_UNSOL_RESPONSE_OEM_HOOK_RAW
06-05 18:10:32.452 radio  3545  3545 D use-Rlog/RLOG-QC_RIL_OEM_HOOK: Oem ID in QCRILHOOK UNSOL RESP is QOEMHOOK
06-05 18:10:32.452 radio  3545  3545 D PhoneSwitcher: handle event - 110
06-05 18:10:32.453 radio  3511  3511 D use-Rlog/RLOG-QC_RIL_OEM_HOOK: Received Broadcast Intent ACTION_UNSOL_RESPONSE_OEM_HOOK_RAW
06-05 18:10:32.453 radio  3511  3511 D use-Rlog/RLOG-QC_RIL_OEM_HOOK: Oem ID in QCRILHOOK UNSOL RESP is QOEMHOOK
06-05 18:10:32.461 radio  3545  3946 D RILJ    : Unsol response received; Sending ack to ril.cpp [SUB0]
06-05 18:10:32.461 radio  3545  3946 D RILJ    : [UNSL]< UNSOL_RESPONSE_NETWORK_STATE_CHANGED [SUB0]
06-05 18:10:32.462 radio  3545  3545 D SST     : pollState: modemTriggered=true
06-05 18:10:32.463 radio  3545  3545 D RILJ    : [5547]> OPERATOR [SUB0]
06-05 18:10:32.464 radio  3545  3545 D RILJ    : [5548]> DATA_REGISTRATION_STATE [SUB0]
06-05 18:10:32.465 radio  3545  3545 D RILJ    : [5549]> VOICE_REGISTRATION_STATE [SUB0]
06-05 18:10:32.466 radio  3545  3545 D RILJ    : [5550]> QUERY_NETWORK_SELECTION_MODE [SUB0]
06-05 18:10:32.474 radio  3545  3946 D RILJ    : [5547]< OPERATOR {Jio 4G, Jio 4G, 405854} [SUB0]
06-05 18:10:32.476 radio  3545  3946 D RILJ    : [5550]< QUERY_NETWORK_SELECTION_MODE {0} [SUB0]
06-05 18:10:32.477 radio  3545  3545 D SST     : EVENT_POLL_STATE_NETWORK_SELECTION_MODE
06-05 18:10:32.478 radio  3545  3946 D RILJ    : [5548]< DATA_REGISTRATION_STATE {.regState = REG_HOME, .rat = 14, .reasonDataDenied = 0, .maxDataCalls = 20, .cellIdentity = {.cellInfoType = LTE, .cellIdentityGsm = [], .cellIdentityWcdma = [], .cellIdentityCdma = [], .cellIdentityLte = [{.mcc = 405, .mnc = 854, .ci = 10008, .pci = 331, .tac = 126, .earfcn = 39225}], .cellIdentityTdscdma = []}} [SUB0]
06-05 18:10:32.478 radio  3545  3545 D SST     : handlPollStateResultMessage: GsmSST setDataRegState=0 regState=1 dataRadioTechnology=14
06-05 18:10:32.480 radio  3545  3946 D RILJ    : [5549]< VOICE_REGISTRATION_STATE {.regState = REG_HOME, .rat = 14, .cssSupported = true, .roamingIndicator = 1, .systemIsInPrl = -1, .defaultRoamingIndicator = -1, .reasonForDenial = 0, .cellIdentity = {.cellInfoType = LTE, .cellIdentityGsm = [], .cellIdentityWcdma = [], .cellIdentityCdma = [], .cellIdentityLte = [{.mcc = 405, .mnc = 854, .ci = 10008, .pci = 331, .tac = 126, .earfcn = 39225}], .cellIdentityTdscdma = []}} [SUB0]
06-05 18:10:32.480 radio  3545  3545 D SST     : handlPollVoiceRegResultMessage: regState=1 radioTechnology=14
06-05 18:10:32.483 radio  3545  3545 D SST     : Poll ServiceState done:  oldSS=[{mVoiceRegState=0(IN_SERVICE), mDataRegState=0(IN_SERVICE), mVoiceRoamingType=home, mDataRoamingType=home, mVoiceOperatorAlphaLong=Jio 4G, mVoiceOperatorAlphaShort=Jio 4G, mDataOperatorAlphaLong=Jio 4G, mDataOperatorAlphaShort=Jio 4G, isManualNetworkSelection=false(automatic), mRilVoiceRadioTechnology=14(LTE), mRilDataRadioTechnology=14(LTE), mCssIndicator=supported, mNetworkId=-1, mSystemId=-1, mCdmaRoamingIndicator=-1, mCdmaDefaultRoamingIndicator=-1, mIsEmergencyOnly=false, mIsDataRoamingFromRegistration=false, mIsUsingCarrierAggregation=false, mLteEarfcnRsrpBoost=0}] newSS=[{mVoiceRegState=0(IN_SERVICE), mDataRegState=0(IN_SERVICE), mVoiceRoamingType=home, mDataRoamingType=home, mVoiceOperatorAlphaLong=Jio 4G, mVoiceOperatorAlphaShort=Jio 4G, mDataOperatorAlphaLong=Jio 4G, mDataOperatorAlphaShort=Jio 4G, isManualNetworkSelection=false(automatic), mRilVoiceRadioTechnology=14(LTE), mRilDataRadioTechnology=14(LTE), mCssIndicator=supported, mNetworkId=-1, mSystemId=-1, mCdmaRoamingIndicator=-1, mCdmaDefaultRoamingIndicator=-1, mIsEmergencyOnly=false, mIsDataRoamingFromRegistration=false, mIsUsingCarrierAggregation=false, mLteEarfcnRsrpBoost=0}] oldMaxDataCalls=20 mNewMaxDataCalls=20 oldReasonDataDenied=0 mNewReasonDataDenied=0
06-05 18:10:32.483 radio  3545  3545 D SST     : pollStateDone: hasRegistered=false hasDeregistered=false hasDataAttached=false hasDataDetached=false hasDataRegStateChanged=false hasRilVoiceRadioTechnologyChanged= false hasRilDataRadioTechnologyChanged=false hasChanged=false hasVoiceRoamingOn=false hasVoiceRoamingOff=false hasDataRoamingOn=false hasDataRoamingOff=false hasLocationChanged=true has4gHandoff = false hasMultiApnSupport=false hasLostMultiApnSupport=false
06-05 18:10:32.484  1000  2628 10846 D TelephonyRegistry: notifyCellLocationForSubscriber: subId=1 cellLocation=Bundle[mParcelledData.dataSize=64]
06-05 18:10:33.009 radio  3511  3511 D use-Rlog/RLOG-QC_RIL_OEM_HOOK: Oem ID in QCRILHOOK UNSOL RESP is QOEMHOOK
06-05 18:10:33.011 radio  3545  3545 I SST     : NITZ: after Setting time of day
06-05 18:10:33.013 radio  3545  3545 D SST     : NITZ: end=16990678 dur=13
06-05 18:10:33.014 radio  3545  3545 D use-Rlog/RLOG-QC_RIL_OEM_HOOK: Received Broadcast Intent ACTION_UNSOL_RESPONSE_OEM_HOOK_RAW
06-05 18:10:33.014 radio  3545  3545 D use-Rlog/RLOG-QC_RIL_OEM_HOOK: Oem ID in QCRILHOOK UNSOL RESP is QOEMHOOK
06-05 18:10:33.015 radio  3545  3545 D use-Rlog/RLOG-QC_RIL_OEM_HOOK: Received Broadcast Intent ACTION_UNSOL_RESPONSE_OEM_HOOK_RAW
06-05 18:10:33.015 radio  3545  3545 D use-Rlog/RLOG-QC_RIL_OEM_HOOK: Oem ID in QCRILHOOK UNSOL RESP is QOEMHOOK
06-05 18:10:33.015 radio  3545  3545 D use-Rlog/RLOG-QC_RIL_OEM_HOOK: Received Broadcast Intent ACTION_UNSOL_RESPONSE_OEM_HOOK_RAW
06-05 18:10:33.015 radio  3545  3545 D use-Rlog/RLOG-QC_RIL_OEM_HOOK: Oem ID in QCRILHOOK UNSOL RESP is QOEMHOOK
06-05 18:10:33.015 radio  3545  3545 D use-Rlog/RLOG-QC_RIL_OEM_HOOK: Received Broadcast Intent ACTION_UNSOL_RESPONSE_OEM_HOOK_RAW
06-05 18:10:33.015 radio  3545  3545 D use-Rlog/RLOG-QC_RIL_OEM_HOOK: Oem ID in QCRILHOOK UNSOL RESP is QOEMHOOK
06-05 18:10:33.015 radio  3545  3545 D use-Rlog/RLOG-QC_RIL_OEM_HOOK: Received Broadcast Intent ACTION_UNSOL_RESPONSE_OEM_HOOK_RAW
06-05 18:10:33.015 radio  3545  3545 D use-Rlog/RLOG-QC_RIL_OEM_HOOK: Oem ID in QCRILHOOK UNSOL RESP is QOEMHOOK
06-05 18:10:33.015 radio  3545  3545 D use-Rlog/RLOG-QC_RIL_OEM_HOOK: Received Broadcast Intent ACTION_UNSOL_RESPONSE_OEM_HOOK_RAW
06-05 18:10:33.015 radio  3545  3545 D use-Rlog/RLOG-QC_RIL_OEM_HOOK: Oem ID in QCRILHOOK UNSOL RESP is QOEMHOOK
06-05 18:10:33.015 radio  3545  3545 D use-Rlog/RLOG-QC_RIL_OEM_HOOK: Received Broadcast Intent ACTION_UNSOL_RESPONSE_OEM_HOOK_RAW
06-05 18:10:33.015 radio  3545  3545 D use-Rlog/RLOG-QC_RIL_OEM_HOOK: Oem ID in QCRILHOOK UNSOL RESP is QOEMHOOK
06-05 18:10:33.016 radio  3545  3545 D use-Rlog/RLOG-QC_RIL_OEM_HOOK: Received Broadcast Intent ACTION_UNSOL_RESPONSE_OEM_HOOK_RAW
06-05 18:10:33.016 radio  3545  3545 D use-Rlog/RLOG-QC_RIL_OEM_HOOK: Oem ID in QCRILHOOK UNSOL RESP is QOEMHOOK
06-05 18:10:33.016 radio  3545  3545 D PhoneSwitcher: handle event - 110
06-05 18:10:33.016 radio  3545  3545 D PhoneSwitcher: handle event - 110
06-05 18:10:33.042 radio  2296  2401 E RILQ    : (1/2296): RIL[1][event] qcril_qmi_lte_direct_disc_pack_msg_tag: encoding the MsgHeader
06-05 18:10:33.044 radio  3545  3946 D RILJ    : Unsol response received; Sending ack to ril.cpp [SUB0]
06-05 18:10:33.044 radio  3545  3946 D RILJ    : [UNSL]< UNSOL_NITZ_TIME_RECEIVED 18/06/05,12:40:33+22,00 [SUB0]
06-05 18:10:33.044 radio  3545  3545 D SST     : NITZ: 18/06/05,12:40:33+22,00,16990663 start=16990665 delay=2
06-05 18:10:33.047 radio  3545  3545 D SST     : NITZ: nitz=18/06/05,12:40:33+22,00 nitzReceiveTime=16990663 tzOffset=19800000 dst=0 zone=Asia/Kolkata iso=in mGotCountryCode=true mNeedFixZoneAfterNitz=false getAutoTimeZone()=true
06-05 18:10:33.048 radio  3545  3545 D SST     : setAndBroadcastNetworkSetTimeZone: setTimeZone=Asia/Kolkata
06-05 18:10:33.048 radio  3511  3511 D use-Rlog/RLOG-QC_RIL_OEM_HOOK: Received Broadcast Intent ACTION_UNSOL_RESPONSE_OEM_HOOK_RAW
06-05 18:10:33.049 radio  3511  3511 D use-Rlog/RLOG-QC_RIL_OEM_HOOK: Oem ID in QCRILHOOK UNSOL RESP is QOEMHOOK
06-05 18:10:33.051 radio  3545  3545 D SST     : setAndBroadcastNetworkSetTimeZone: call alarm.setTimeZone and broadcast zoneId=Asia/Kolkata
06-05 18:10:33.052 radio  3545  3545 D SST     : NITZ: nitz=18/06/05,12:40:33+22,00 nitzReceiveTime=16990663 Setting time of day to Tue Jun 05 18:10:33 GMT+05:30 2018 NITZ receive delay(ms): 9 gained(ms): -43 from 18/06/05,12:40:33+22,00
06-05 18:10:33.053 radio  3545  3545 D SST     : setAndBroadcastNetworkSetTime: time=1528202433009ms
06-05 18:10:33.053 radio  3511  3511 D use-Rlog/RLOG-QC_RIL_OEM_HOOK: Received Broadcast Intent ACTION_UNSOL_RESPONSE_OEM_HOOK_RAW
06-05 18:10:33.189 radio  3545  3946 W SignalStrength: initialize: SignalStrength: 99 0 -1 -1 -1 -1 -1 23 96 10 146 2147483647 0 2147483647 cdma
06-05 18:10:33.189 radio  3545  3545 W SignalStrength: Signal before validate=SignalStrength: 99 0 -1 -1 -1 -1 -1 23 96 10 146 2147483647 0 2147483647 cdma
06-05 18:10:33.189 radio  3545  3545 W SignalStrength: Signal after validate=SignalStrength: 99 0 -120 -160 -120 -1 -1 23 -96 -10 146 2147483647 0 2147483647 cdma
06-05 18:10:33.189  1000  2628 10846 W SignalStrength: Size of signalstrength parcel:180
06-05 18:10:33.190 10034  3373  9414 W SignalStrength: Size of signalstrength parcel:176
06-05 18:10:33.190  1000  2628 10846 W SignalStrength: getLTELevel - rsrp:-96 snr:146 rsrpIconLevel:4 snrIconLevel:4 lteRsrpBoost:0
06-05 18:10:33.190  1000  2628 10846 W SignalStrength: getLevel=4
06-05 18:10:33.190 10034  3373  3647 W SignalStrength: getLTELevel - rsrp:-96 snr:146 rsrpIconLevel:4 snrIconLevel:4 lteRsrpBoost:0
06-05 18:10:33.190 10034  3373  3647 W SignalStrength: getLevel=4
06-05 18:10:34.600 radio  3545  3946 W SignalStrength: initialize: SignalStrength: 99 0 -1 -1 -1 -1 -1 25 95 11 162 2147483647 0 2147483647 cdma
06-05 18:10:34.600 radio  3545  3545 W SignalStrength: Signal before validate=SignalStrength: 99 0 -1 -1 -1 -1 -1 25 95 11 162 2147483647 0 2147483647 cdma
06-05 18:10:34.600 radio  3545  3545 W SignalStrength: Signal after validate=SignalStrength: 99 0 -120 -160 -120 -1 -1 25 -95 -11 162 2147483647 0 2147483647 cdma
06-05 18:10:34.601  1000  2628  7604 W SignalStrength: Size of signalstrength parcel:180
06-05 18:10:34.601  1000  2628  7604 W SignalStrength: getLTELevel - rsrp:-95 snr:162 rsrpIconLevel:4 snrIconLevel:4 lteRsrpBoost:0
06-05 18:10:34.601  1000  2628  7604 W SignalStrength: getLevel=4
06-05 18:10:34.601 10034  3373  9414 W SignalStrength: Size of signalstrength parcel:176
06-05 18:10:34.602 10034  3373  3647 W SignalStrength: getLTELevel - rsrp:-95 snr:162 rsrpIconLevel:4 snrIconLevel:4 lteRsrpBoost:0
06-05 18:10:34.602 10034  3373  3647 W SignalStrength: getLevel=4
06-05 18:10:37.895 radio  3545  3946 W SignalStrength: initialize: SignalStrength: 99 0 -1 -1 -1 -1 -1 25 92 10 138 2147483647 0 2147483647 cdma
06-05 18:10:37.895 radio  3545  3545 W SignalStrength: Signal before validate=SignalStrength: 99 0 -1 -1 -1 -1 -1 25 92 10 138 2147483647 0 2147483647 cdma
06-05 18:10:37.895 radio  3545  3545 W SignalStrength: Signal after validate=SignalStrength: 99 0 -120 -160 -120 -1 -1 25 -92 -10 138 2147483647 0 2147483647 cdma
06-05 18:10:37.896  1000  2628 10846 W SignalStrength: Size of signalstrength parcel:180
06-05 18:10:37.896  1000  2628 10846 W SignalStrength: getLTELevel - rsrp:-92 snr:138 rsrpIconLevel:4 snrIconLevel:4 lteRsrpBoost:0
06-05 18:10:37.896  1000  2628 10846 W SignalStrength: getLevel=4
06-05 18:10:37.896 10034  3373  9414 W SignalStrength: Size of signalstrength parcel:176
06-05 18:10:37.897 10034  3373  3647 W SignalStrength: getLTELevel - rsrp:-92 snr:138 rsrpIconLevel:4 snrIconLevel:4 lteRsrpBoost:0
06-05 18:10:37.897 10034  3373  3647 W SignalStrength: getLevel=4
06-05 18:10:41.191 radio  3545  3946 W SignalStrength: initialize: SignalStrength: 99 0 -1 -1 -1 -1 -1 28 93 16 -36 2147483647 0 2147483647 cdma
06-05 18:10:41.191 radio  3545  3545 W SignalStrength: Signal before validate=SignalStrength: 99 0 -1 -1 -1 -1 -1 28 93 16 -36 2147483647 0 2147483647 cdma
06-05 18:10:41.191 radio  3545  3545 W SignalStrength: Signal after validate=SignalStrength: 99 0 -120 -160 -120 -1 -1 28 -93 -16 -36 2147483647 0 2147483647 cdma
06-05 18:10:41.192  1000  2628  3396 W SignalStrength: Size of signalstrength parcel:180
06-05 18:10:41.192  1000  2628  3396 W SignalStrength: getLTELevel - rsrp:-93 snr:-36 rsrpIconLevel:4 snrIconLevel:0 lteRsrpBoost:0
06-05 18:10:41.192 10034  3373  9414 W SignalStrength: Size of signalstrength parcel:176
06-05 18:10:41.192  1000  2628  3396 W SignalStrength: getLevel=4
06-05 18:10:41.192 10034  3373  3647 W SignalStrength: getLTELevel - rsrp:-93 snr:-36 rsrpIconLevel:4 snrIconLevel:0 lteRsrpBoost:0
06-05 18:10:41.192 10034  3373  3647 W SignalStrength: getLevel=4
06-05 18:10:42.770 radio  3545  3946 D RILJ    : Unsol response received; Sending ack to ril.cpp [SUB0]
