06-05 18:09:40.711 radio  3545  4867 D SMARTRON: PhoneInterfaceManager.isImsRegisteredForSubscriber : subId = 1, mPhone = Handler (com.qualcomm.qti.internal.telephony.QtiGsmCdmaPhone) {7af4c9}, mPhone.isVolteEnabled = true, mPhone.hashCode = 8058057
06-05 18:09:40.711 radio  3545  4867 D SMARTRON: PhoneInterfaceManager.isImsRegisteredForSubscriber : subId = 1, phone = Handler (com.qualcomm.qti.internal.telephony.QtiGsmCdmaPhone) {7af4c9}, phone.isVolteEnabled = true, phone.hashCode = 8058057
06-05 18:09:40.725 10034  3373  3647 D NetworkController.MobileSignalController(1): isMobileIms : subId = 1, phoneId = 0, isImsRegisteredForSubscriber = true, isVolteAvailable = true, isImsRegisteredInWifi = false
06-05 18:09:40.726 radio  3545  4867 D SMARTRON: PhoneInterfaceManager.isImsRegisteredForSubscriber : subId = 1, mPhone = Handler (com.qualcomm.qti.internal.telephony.QtiGsmCdmaPhone) {7af4c9}, mPhone.isVolteEnabled = true, mPhone.hashCode = 8058057
06-05 18:09:40.726 radio  3545  4867 D SMARTRON: PhoneInterfaceManager.isImsRegisteredForSubscriber : subId = 1, phone = Handler (com.qualcomm.qti.internal.telephony.QtiGsmCdmaPhone) {7af4c9}, phone.isVolteEnabled = true, phone.hashCode = 8058057
06-05 18:09:40.808 10034  3373  3373 D StatusBar: disable<e i a s b h r c s q >
06-05 18:09:40.841 10034  3373  3373 D StatusBar: disable<e i a s b h r c s q >
06-05 18:09:41.006  1000  2152  2258 E libnav  : CablComputeBacklightLevel(): UpdateType = DifferentSceneUpdate
06-05 18:09:41.767  root   586   627 E ANDR-PERF-MPCTL: Invalid profile no. 0, total profiles 0 only
06-05 18:09:41.791 10034  3373  3373 D StatusBar: disable<e i a s b h r c s q >
06-05 18:09:41.810 10034  3373  3373 D StatusBar: disable<e i a s b h r c s q >
06-05 18:09:41.923  1000  2152  2258 E libnav  : CablComputeBacklightLevel(): UpdateType = DifferentSceneUpdate
06-05 18:09:44.091 10042  4079  4079 D Launcher.Workspace: Scroll x:1016
06-05 18:09:44.092 10042  4079  4079 D Launcher.Workspace: Transulate hotseat:
06-05 18:09:44.108 10042  4079  4079 D Launcher.Workspace: Scroll x:946
06-05 18:09:44.108 10042  4079  4079 D Launcher.Workspace: Transulate hotseat:
06-05 18:09:44.125 10042  4079  4079 D Launcher.Workspace: Scroll x:838
06-05 18:09:44.125 10042  4079  4079 D Launcher.Workspace: Transulate hotseat:
06-05 18:09:44.141 10042  4079  4079 D Launcher.Workspace: Scroll x:727
06-05 18:09:44.141 10042  4079  4079 D Launcher.Workspace: Transulate hotseat:
06-05 18:09:44.150 10042  4079  4079 D Launcher.Workspace: Scroll x:683
06-05 18:09:44.150 10042  4079  4079 D Launcher.Workspace: Transulate hotseat:
06-05 18:09:44.158 10042  4079  4079 D Launcher.Workspace: Scroll x:617
06-05 18:09:44.158 10042  4079  4079 D Launcher.Workspace: Transulate hotseat:
06-05 18:09:44.175 10042  4079  4079 D Launcher.Workspace: Scroll x:458
06-05 18:09:44.175 10042  4079  4079 D Launcher.Workspace: Transulate hotseat:
06-05 18:09:44.198 10042  4079  4079 D Launcher.Workspace: Scroll x:340
06-05 18:09:44.198 10042  4079  4079 D Launcher.Workspace: Transulate hotseat:
06-05 18:09:44.209 10042  4079  4079 D Launcher.Workspace: Scroll x:243
06-05 18:09:44.209 10042  4079  4079 D Launcher.Workspace: Transulate hotseat:
06-05 18:09:44.225 10042  4079  4079 D Launcher.Workspace: Scroll x:169
06-05 18:09:44.225 10042  4079  4079 D Launcher.Workspace: Transulate hotseat:
06-05 18:09:44.242 10042  4079  4079 D Launcher.Workspace: Scroll x:118
06-05 18:09:44.242 10042  4079  4079 D Launcher.Workspace: Transulate hotseat:
06-05 18:09:44.258 10042  4079  4079 D Launcher.Workspace: Scroll x:77
06-05 18:09:44.258 10042  4079  4079 D Launcher.Workspace: Transulate hotseat:
06-05 18:09:44.275 10042  4079  4079 D Launcher.Workspace: Scroll x:49
06-05 18:09:44.275 10042  4079  4079 D Launcher.Workspace: Transulate hotseat:
06-05 18:09:44.292 10042  4079  4079 D Launcher.Workspace: Scroll x:30
06-05 18:09:44.292 10042  4079  4079 D Launcher.Workspace: Transulate hotseat:
06-05 18:09:44.308 10042  4079  4079 D Launcher.Workspace: Scroll x:17
06-05 18:09:44.309 10042  4079  4079 D Launcher.Workspace: Transulate hotseat:
06-05 18:09:44.325 10042  4079  4079 D Launcher.Workspace: Scroll x:9
06-05 18:09:44.325 10042  4079  4079 D Launcher.Workspace: Transulate hotseat:
06-05 18:09:44.342 10042  4079  4079 D Launcher.Workspace: Scroll x:5
06-05 18:09:44.342 10042  4079  4079 D Launcher.Workspace: Transulate hotseat:
06-05 18:09:44.358 10042  4079  4079 D Launcher.Workspace: Scroll x:2
06-05 18:09:44.358 10042  4079  4079 D Launcher.Workspace: Transulate hotseat:
06-05 18:09:44.375 10042  4079  4079 D Launcher.Workspace: Scroll x:1
06-05 18:09:44.375 10042  4079  4079 D Launcher.Workspace: Transulate hotseat:
06-05 18:09:44.392 10042  4079  4079 D Launcher.Workspace: Scroll x:0
06-05 18:09:44.392 10042  4079  4079 D Launcher.Workspace: Transulate hotseat:
06-05 18:09:44.510 10042  4079  4079 I zygote64: Deoptimizing void android.support.v7.widget.RecyclerView$Recycler.markItemDecorInsetsDirty() due to JIT inline cache
06-05 18:09:44.511 10042  4079  4079 I zygote64: Deoptimizing void android.support.v7.widget.RecyclerView$Recycler.dispatchViewRecycled(android.support.v7.widget.RecyclerView$ViewHolder) due to JIT inline cache
06-05 18:09:44.511 10042  4079  4079 I zygote64: Deoptimizing void android.support.v7.widget.ViewInfoStore.removeViewHolder(android.support.v7.widget.RecyclerView$ViewHolder) due to JIT inline cache
06-05 18:09:44.526 10042  4079  4079 I zygote64: Deoptimizing void android.support.v7.widget.RecyclerView.defaultOnMeasure(int, int) due to JIT inline cache
06-05 18:09:44.526 10042  4079  4079 I zygote64: Deoptimizing int android.support.v4.view.ViewCompat$ViewCompatApi16Impl.getMinimumWidth(android.view.View) due to JIT inline cache
06-05 18:09:44.527 10042  4079  4079 I zygote64: Deoptimizing int android.support.v4.view.ViewCompat$ViewCompatApi16Impl.getMinimumHeight(android.view.View) due to JIT inline cache
06-05 18:09:44.527 10042  4079  4079 I zygote64: Deoptimizing void android.support.v7.widget.RecyclerView.dispatchLayoutStep1() due to JIT inline cache
06-05 18:09:44.528 10042  4079  4079 I zygote64: Deoptimizing void android.support.v7.widget.LinearLayoutManager.onLayoutChildren(android.support.v7.widget.RecyclerView$Recycler, android.support.v7.widget.RecyclerView$State) due to JIT inline cache
06-05 18:09:44.528 10042  4079  4079 I zygote64: Deoptimizing void android.support.v7.widget.RecyclerView$LayoutManager.scrapOrRecycleView(android.support.v7.widget.RecyclerView$Recycler, int, android.view.View) due to JIT inline cache
06-05 18:09:44.528 10042  4079  4079 I zygote64: Deoptimizing void android.support.v7.widget.RecyclerView.dispatchChildDetached(android.view.View) due to JIT inline cache
06-05 18:09:44.530 10042  4079  4079 I zygote64: Deoptimizing void android.support.v7.widget.ChildHelper.removeViewAt(int) due to JIT inline cache
06-05 18:09:44.530 10042  4079  4079 I zygote64: Deoptimizing void android.support.v7.widget.RecyclerView$5.removeViewAt(int) due to JIT inline cache
06-05 18:09:44.531 10042  4079  4079 I zygote64: Deoptimizing android.support.v7.widget.RecyclerView$ViewHolder android.support.v7.widget.RecyclerView$Recycler.tryGetViewHolderForPositionByDeadline(int, boolean, long) due to JIT inline cache
06-05 18:09:44.612 10042  4079  4079 I zygote64: Deoptimizing boolean android.support.v7.widget.RecyclerView.checkLayoutParams(android.view.ViewGroup$LayoutParams) due to JIT inline cache
06-05 18:09:44.612 10042  4079  4079 I zygote64: Deoptimizing void android.support.v7.widget.RecyclerView$LayoutManager.addViewInt(android.view.View, int, boolean) due to JIT inline cache
06-05 18:09:44.613 10042  4079  4079 I zygote64: Deoptimizing void android.support.v7.widget.RecyclerView.dispatchChildAttached(android.view.View) due to JIT inline cache
06-05 18:09:44.615 10042  4079  4079 I zygote64: Deoptimizing boolean android.support.v7.widget.LinearLayoutManager.isLayoutRTL() due to JIT inline cache
06-05 18:09:44.616 10042  4079  4079 I zygote64: Deoptimizing int android.support.v4.view.ViewCompat$ViewCompatApi17Impl.getLayoutDirection(android.view.View) due to JIT inline cache
06-05 18:09:44.617 10042  4079  4079 I zygote64: Deoptimizing int android.support.v7.widget.RecyclerView$LayoutManager.getLayoutDirection() due to JIT inline cache
06-05 18:09:44.643 10042  4079  4079 I zygote64: Deoptimizing int android.support.v4.view.ViewCompat.getLayoutDirection(android.view.View) due to JIT inline cache
06-05 18:09:44.643 10042  4079  4079 D Launcher.Workspace: Scroll x:0
06-05 18:09:44.643 10042  4079  4079 D Launcher.Workspace: Transulate hotseat:
06-05 18:09:44.678  1000  2628 10843 D CompatibilityInfo: mCompatibilityFlags - 10
06-05 18:09:44.678  1000  2628 10843 D CompatibilityInfo: applicationDensity - 480
06-05 18:09:44.678  1000  2628 10843 D CompatibilityInfo: applicationScale - 1.0
06-05 18:09:44.707  1000  2628  2708 D CompatibilityInfo: mCompatibilityFlags - 10
06-05 18:09:44.707  1000  2628  2708 D CompatibilityInfo: applicationDensity - 480
06-05 18:09:44.707  1000  2628  2708 D CompatibilityInfo: applicationScale - 1.0
06-05 18:09:44.713  1000  2628  2708 D CompatibilityInfo: mCompatibilityFlags - 10
06-05 18:09:44.713  1000  2628  2708 D CompatibilityInfo: applicationDensity - 480
06-05 18:09:44.713  1000  2628  2708 D CompatibilityInfo: applicationScale - 1.0
06-05 18:09:44.720 10042  4079  4079 I zygote64: Deoptimizing boolean com.smartron.tronxlauncher.CellLayout.onInterceptTouchEvent(android.view.MotionEvent) due to JIT inline cache
06-05 18:09:44.721 10042  4079  4079 I zygote64: Deoptimizing boolean android.support.v7.widget.RecyclerView.onInterceptTouchEvent(android.view.MotionEvent) due to JIT inline cache
06-05 18:09:44.775 10042  4079  4079 D Launcher.Workspace: Scroll x:55
06-05 18:09:44.775 10042  4079  4079 D Launcher.Workspace: Transulate hotseat:
06-05 18:09:44.792 10042  4079  4079 D Launcher.Workspace: Scroll x:129
06-05 18:09:44.792 10042  4079  4079 D Launcher.Workspace: Transulate hotseat:
06-05 18:09:44.808 10042  4079  4079 D Launcher.Workspace: Scroll x:222
06-05 18:09:44.808 10042  4079  4079 D Launcher.Workspace: Transulate hotseat:
06-05 18:09:44.824 10042  4079  4079 D Launcher.Workspace: Scroll x:322
06-05 18:09:44.825 10042  4079  4079 D Launcher.Workspace: Transulate hotseat:
06-05 18:09:44.834 10042  4079  4079 D Launcher.Workspace: Scroll x:359
06-05 18:09:44.834 10042  4079  4079 D Launcher.Workspace: Transulate hotseat:
06-05 18:09:44.834  root   586   627 E ANDR-PERF-MPCTL: Invalid profile no. 0, total profiles 0 only
06-05 18:09:44.841 10042  4079  4079 D Launcher.Workspace: Scroll x:413
06-05 18:09:44.841 10042  4079  4079 D Launcher.Workspace: Transulate hotseat:
06-05 18:09:44.858 10042  4079  4079 D Launcher.Workspace: Scroll x:573
06-05 18:09:44.858 10042  4079  4079 D Launcher.Workspace: Transulate hotseat:
06-05 18:09:44.881 10042  4079  4079 D Launcher.Workspace: Scroll x:700
06-05 18:09:44.881 10042  4079  4079 D Launcher.Workspace: Transulate hotseat:
06-05 18:09:44.892 10042  4079  4079 D Launcher.Workspace: Scroll x:796
06-05 18:09:44.892 10042  4079  4079 D Launcher.Workspace: Transulate hotseat:
06-05 18:09:44.908 10042  4079  4079 D Launcher.Workspace: Scroll x:875
06-05 18:09:44.908 10042  4079  4079 D Launcher.Workspace: Transulate hotseat:
06-05 18:09:44.925 10042  4079  4079 D Launcher.Workspace: Scroll x:935
06-05 18:09:44.925 10042  4079  4079 D Launcher.Workspace: Transulate hotseat:
06-05 18:09:44.942 10042  4079  4079 D Launcher.Workspace: Scroll x:978
06-05 18:09:44.942 10042  4079  4079 D Launcher.Workspace: Transulate hotseat:
06-05 18:09:44.958 10042  4079  4079 D Launcher.Workspace: Scroll x:1012
06-05 18:09:44.959 10042  4079  4079 D Launcher.Workspace: Transulate hotseat:
06-05 18:09:44.975 10042  4079  4079 D Launcher.Workspace: Scroll x:1036
06-05 18:09:44.975 10042  4079  4079 D Launcher.Workspace: Transulate hotseat:
06-05 18:09:44.992 10042  4079  4079 D Launcher.Workspace: Scroll x:1053
06-05 18:09:44.992 10042  4079  4079 D Launcher.Workspace: Transulate hotseat:
06-05 18:09:45.009 10042  4079  4079 D Launcher.Workspace: Scroll x:1064
06-05 18:09:45.009 10042  4079  4079 D Launcher.Workspace: Transulate hotseat:
06-05 18:09:45.025 10042  4079  4079 D Launcher.Workspace: Scroll x:1071
06-05 18:09:45.025 10042  4079  4079 D Launcher.Workspace: Transulate hotseat:
06-05 18:09:45.042 10042  4079  4079 D Launcher.Workspace: Scroll x:1075
06-05 18:09:45.042 10042  4079  4079 D Launcher.Workspace: Transulate hotseat:
06-05 18:09:45.059 10042  4079  4079 D Launcher.Workspace: Scroll x:1078
06-05 18:09:45.059 10042  4079  4079 D Launcher.Workspace: Transulate hotseat:
06-05 18:09:45.075 10042  4079  4079 D Launcher.Workspace: Scroll x:1079
06-05 18:09:45.076 10042  4079  4079 D Launcher.Workspace: Transulate hotseat:
06-05 18:09:45.092 10042  4079  4079 D Launcher.Workspace: Scroll x:1080
06-05 18:09:45.092 10042  4079  4079 D Launcher.Workspace: Transulate hotseat:
06-05 18:09:45.284  1000  2628  2708 D CompatibilityInfo: mCompatibilityFlags - 10
06-05 18:09:45.284  1000  2628  2708 D CompatibilityInfo: applicationDensity - 480
06-05 18:09:45.284  1000  2628  2708 D CompatibilityInfo: applicationScale - 1.0
06-05 18:09:45.290  1000  2628  2708 D CompatibilityInfo: mCompatibilityFlags - 10
06-05 18:09:45.290  1000  2628  2708 D CompatibilityInfo: applicationDensity - 480
06-05 18:09:45.290  1000  2628  2708 D CompatibilityInfo: applicationScale - 1.0
06-05 18:09:45.358  1000  2628  2708 D CompatibilityInfo: mCompatibilityFlags - 10
06-05 18:09:45.358  1000  2628  2708 D CompatibilityInfo: applicationDensity - 480
06-05 18:09:45.358  1000  2628  2708 D CompatibilityInfo: applicationScale - 1.0
06-05 18:09:45.364  1000  2628  2708 D CompatibilityInfo: mCompatibilityFlags - 10
06-05 18:09:45.364  1000  2628  2708 D CompatibilityInfo: applicationDensity - 480
06-05 18:09:45.364  1000  2628  2708 D CompatibilityInfo: applicationScale - 1.0
06-05 18:09:45.736 radio  3545  4867 D SMARTRON: PhoneInterfaceManager.isImsRegisteredForSubscriber : subId = 1, mPhone = Handler (com.qualcomm.qti.internal.telephony.QtiGsmCdmaPhone) {7af4c9}, mPhone.isVolteEnabled = true, mPhone.hashCode = 8058057
06-05 18:09:45.737 radio  3545  4867 D SMARTRON: PhoneInterfaceManager.isImsRegisteredForSubscriber : subId = 1, phone = Handler (com.qualcomm.qti.internal.telephony.QtiGsmCdmaPhone) {7af4c9}, phone.isVolteEnabled = true, phone.hashCode = 8058057
06-05 18:09:45.747 10034  3373  3647 D NetworkController.MobileSignalController(1): isMobileIms : subId = 1, phoneId = 0, isImsRegisteredForSubscriber = true, isVolteAvailable = true, isImsRegisteredInWifi = false
06-05 18:09:45.748 radio  3545  4867 D SMARTRON: PhoneInterfaceManager.isImsRegisteredForSubscriber : subId = 1, mPhone = Handler (com.qualcomm.qti.internal.telephony.QtiGsmCdmaPhone) {7af4c9}, mPhone.isVolteEnabled = true, mPhone.hashCode = 8058057
06-05 18:09:45.749 radio  3545  4867 D SMARTRON: PhoneInterfaceManager.isImsRegisteredForSubscriber : subId = 1, phone = Handler (com.qualcomm.qti.internal.telephony.QtiGsmCdmaPhone) {7af4c9}, phone.isVolteEnabled = true, phone.hashCode = 8058057
06-05 18:09:46.596  1041  2123  2123 I AudioPolicyManagerCustom: FLAG None hence request for a primary output
06-05 18:09:46.597  1041  2123  2123 I AudioPolicyManagerCustom: FLAG None hence request for a primary output
06-05 18:09:46.617 10071 15758 15758 I GoogleInputMethod: onFinishInput() : Dummy InputConnection bound
06-05 18:09:46.618 10071 15758 15758 I GoogleInputMethod: onStartInput() : Dummy InputConnection bound
06-05 18:09:46.697  1041   566 18123 D audio_hw_primary: out_set_parameters: enter: usecase(1: low-latency-playback) kvpairs: routing=4
06-05 18:09:46.697  1041   566 18123 D audio_hw_extn: audio_extn_set_anc_parameters: anc_enabled:0
06-05 18:09:46.698  1041   566 18123 D audio_hw_spkr_prot: audio_extn_fbsp_set_parameters: Speaker protection disabled
06-05 18:09:46.702  1041   566  7626 D audio_hw_primary: start_output_stream: enter: stream(0xeab39000)usecase(1: low-latency-playback) devices(0x4)
06-05 18:09:46.703  1041   566  7626 D audio_hw_primary: select_devices for use case (low-latency-playback)
06-05 18:09:46.703  1041   566  7626 D audio_hw_extn: audio_extn_get_anc_enabled: anc_enabled:0
06-05 18:09:46.703  1041   566  7626 D audio_hw_primary: select_devices: out_snd_device(9: headphones) in_snd_device(0: )
06-05 18:09:46.703  1041   566  7626 I msm8916_platform: platform_check_and_set_codec_backend_cfg:becf: afe: bitwidth 16, samplerate 48000 channels 2, backend_idx 0 usecase = 1 device (headphones)
06-05 18:09:46.703  1041   566  7626 D msm8916_platform: platform_split_snd_device: snd_device(9) num devices(1) new_snd_devices(0)
06-05 18:09:46.703  1041   566  7626 I msm8916_platform: platform_check_and_set_codec_backend_cfg: becf: new_snd_devices[0] is headphones
06-05 18:09:46.703  1041   566  7626 I msm8916_platform: platform_check_codec_backend_cfg:becf: afe: Codec selected backend: 0 current bit width: 16 sample rate: 48000 channels: 2 usecase 1 device (headphones)
06-05 18:09:46.703  1041   566  7626 D msm8916_platform: platform_check_codec_backend_cfg:becf: afe: napb not active - set non fractional rate
06-05 18:09:46.703  1041   566  7626 D msm8916_platform: platform_check_codec_backend_cfg:becf: afe: only 48KHZ sample rate is supported Configure afe to default Sample Rate(48k)
06-05 18:09:46.703  1041   566  7626 I msm8916_platform: platform_check_codec_backend_cfg:becf: afe: Codec selected backend: 0 updated bit width: 16 sample rate: 48000 channels: 2
06-05 18:09:46.703  1041   566  7626 E audio_route: unable to find path 'hph-lowpower-mode'
06-05 18:09:46.703  1041   566  7626 D audio_hw_primary: check_usecases_codec_backend:becf: force routing 0
06-05 18:09:46.704  1041   566  7626 E msm8916_platform: platform_check_backends_match: Invalid snd_device = 
06-05 18:09:46.704  1041   566  7626 D audio_hw_primary: check_usecases_codec_backend:becf: (59) check_usecases curr device: headphones, usecase device: backends match 0
06-05 18:09:46.704  1041   566  7626 D audio_hw_primary: check_usecases_codec_backend:becf: check_usecases num.of Usecases to switch 0
06-05 18:09:46.704  1041   566  7626 D hardware_info: hw_info_append_hw_type : device_name = headphones
06-05 18:09:46.704  1041   566  7626 D msm8916_platform: platform_split_snd_device: snd_device(9) num devices(0) new_snd_devices(0)
06-05 18:09:46.704  1041   566  7626 D audio_hw_primary: enable_snd_device: snd_device(9: headphones)
06-05 18:09:46.704  1041   566  7626 I soundtrigger: audio_extn_sound_trigger_update_device_status: device 0x9 of type 0 for Event 1, with Raise=0
06-05 18:09:46.704  1041   566  7626 D audio_route: Apply path: headphones
06-05 18:09:46.705  root   586   627 E ANDR-PERF-MPCTL: Invalid profile no. 0, total profiles 0 only
06-05 18:09:46.713  1041   566  7626 D soundtrigger: audio_extn_sound_trigger_update_stream_status: uc_id 1 of type 0 for Event 3, with Raise=0
06-05 18:09:46.713  1041   566  7626 D audio_hw_utils: audio_extn_utils_send_app_type_cfg: usecase->out_snd_device headphones
06-05 18:09:46.713  1041   566  7626 D msm8916_platform: platform_split_snd_device: snd_device(9) num devices(0) new_snd_devices(0)
06-05 18:09:46.714  1041   566  7626 E msm8916_platform: platform_get_snd_device_backend_index: BE DAI Name Table is not present
06-05 18:09:46.714  1041   566  7626 E audio_hw_utils: send_app_type_cfg_for_device: Couldn't get the backend index for snd device headphones ret=-14
06-05 18:09:46.714  1041   566  7626 I audio_hw_utils: send_app_type_cfg_for_device PLAYBACK app_type 69937, acdb_dev_id 10, sample_rate 48000, snd_device_be_idx -14
06-05 18:09:46.714  1041   566  7626 D msm8916_platform: platform_split_snd_device: snd_device(9) num devices(1) new_snd_devices(0)
06-05 18:09:46.714  1041   566  7626 D ACDB-LOADER: ACDB -> send_audio_cal, acdb_id = 10, path = 0, app id = 0x11131, sample rate = 48000
06-05 18:09:46.714  1041   566  7626 D ACDB-LOADER: ACDB -> send_asm_topology
06-05 18:09:46.714  1041   566  7626 D ACDB-LOADER: ACDB -> ACDB_CMD_GET_AUDPROC_STREAM_TOPOLOGY_ID
06-05 18:09:46.715  1041   566  7626 D ACDB-LOADER: ACDB -> send_adm_topology
06-05 18:09:46.715  1041   566  7626 D ACDB-LOADER: ACDB -> ACDB_CMD_GET_AUDPROC_COMMON_TOPOLOGY_ID
06-05 18:09:46.715  1041   566  7626 D ACDB-LOADER: ACDB -> send_audtable
06-05 18:09:46.715  1041   566  7626 D ACDB-LOADER: ACDB -> ACDB_CMD_GET_AUDPROC_COMMON_TABLE_SIZE
06-05 18:09:46.715  1041   566  7626 D ACDB-LOADER: ACDB -> ACDB_CMD_GET_AUDPROC_COMMON_TABLE
06-05 18:09:46.715  1041   566  7626 D ACDB-LOADER: ACDB -> AUDIO_SET_AUDPROC_CAL
06-05 18:09:46.715  1041   566  7626 D ACDB-LOADER: ACDB -> send_audvoltable
06-05 18:09:46.715  1041   566  7626 D ACDB-LOADER: ACDB -> ACDB_CMD_GET_AUDPROC_VOL_STEP_TABLE_SIZE
06-05 18:09:46.715  1041   566  7626 D ACDB-LOADER: ACDB -> ACDB_CMD_GET_AUDPROC_GAIN_DEP_STEP_TABLE, vol index 0
06-05 18:09:46.715  1041   566  7626 D         : Failed to fetch the lookup information of the device 0000000A 
06-05 18:09:46.715  1041   566  7626 E ACDB-LOADER: Error: ACDB AudProc vol returned = -19
06-05 18:09:46.715  1041   566  7626 D ACDB-LOADER: ACDB -> AUDIO_SET_VOL_CAL cal type = 12
06-05 18:09:46.715  1041   566  7626 D ACDB-LOADER: ACDB -> ACDB_CMD_GET_AUDPROC_STREAM_TABLE_SIZE
06-05 18:09:46.715  1041   566  7626 D ACDB-LOADER: ACDB -> send_audstrmtable
06-05 18:09:46.715  1041   566  7626 D ACDB-LOADER: ACDB -> ACDB_CMD_GET_AUDPROC_STREAM_TABLE_V2
06-05 18:09:46.715  1041   566  7626 D ACDB-LOADER: ACDB -> audstrm_cal->cal_type.cal_data.cal_size = 16
06-05 18:09:46.715  1041   566  7626 D ACDB-LOADER: ACDB -> send_afe_topology
06-05 18:09:46.715  1041   566  7626 D ACDB-LOADER: ACDB -> ACDB_CMD_GET_AFE_TOPOLOGY_ID
06-05 18:09:46.715  1041   566  7626 D ACDB-LOADER: ACDB -> GET_AFE_TOPOLOGY_ID for adcd_id 10, Topology Id 112fc
06-05 18:09:46.715  1041   566  7626 D ACDB-LOADER: ACDB -> send_afe_cal
06-05 18:09:46.715  1041   566  7626 D ACDB-LOADER: ACDB -> ACDB_CMD_GET_AFE_COMMON_TABLE_SIZE
06-05 18:09:46.715  1041   566  7626 D         : Failed to fetch the lookup information of the device 0000000A 
06-05 18:09:46.715  1041   566  7626 E ACDB-LOADER: Error: ACDB_CMD_GET_AFE_COMMON_TABLE_SIZE Returned = -19
06-05 18:09:46.715  1041   566  7626 D ACDB-LOADER: ACDB -> ACDB_CMD_GET_AFE_COMMON_TABLE
06-05 18:09:46.715  1041   566  7626 D         : Failed to fetch the lookup information of the device 0000000A 
06-05 18:09:46.715  1041   566  7626 E ACDB-LOADER: Error: ACDB AFE returned = -19
06-05 18:09:46.715  1041   566  7626 D ACDB-LOADER: ACDB -> AUDIO_SET_AFE_CAL
06-05 18:09:46.715  1041   566  7626 D ACDB-LOADER: ACDB -> send_hw_delay : acdb_id = 10 path = 0
06-05 18:09:46.715  1041   566  7626 D ACDB-LOADER: ACDB -> ACDB_AVSYNC_INFO: ACDB_CMD_GET_DEVICE_PROPERTY
06-05 18:09:46.716  1041   566  7626 D audio_hw_primary: enable_audio_route: apply mixer and update path: low-latency-playback
06-05 18:09:46.716  1041   566  7626 D audio_route: Apply path: low-latency-playback
06-05 18:09:46.716  1041   566  7626 D audio_hw_primary: select_devices: done
06-05 18:09:46.777  1041   566  7626 D msm8916_platform: platform_set_channel_map mixer_ctl_name:Playback Channel Map12
06-05 18:09:46.777  1041   566  7626 D msm8916_platform: platform_set_channel_map: set mapping(1 2 0 0 0 0 0 0) for channel:2
06-05 18:09:46.778  1041   566  7626 D audio_hw_primary: start_output_stream: exit
06-05 18:09:46.907  1000  2152  2258 E libnav  : CablComputeBacklightLevel(): UpdateType = DifferentSceneUpdate
06-05 18:09:47.579  1041  2123 18216 I AudioPolicyManagerCustom: FLAG None hence request for a primary output
06-05 18:09:47.580  1041  2123 18216 I AudioPolicyManagerCustom: FLAG None hence request for a primary output
06-05 18:09:47.581  1000  2628  2650 I ActivityManager: START u0 {act=android.intent.action.MAIN cat=[android.intent.category.LAUNCHER] flg=0x10200000 cmp=com.google.android.apps.tachyon/.MainActivity bnds=[26,1243][243,1494]} from uid 10042
06-05 18:09:47.583  1041   566 18123 D audio_hw_primary: out_set_parameters: enter: usecase(1: low-latency-playback) kvpairs: routing=4
06-05 18:09:47.584  1041   566 18123 D audio_hw_primary: select_devices for use case (low-latency-playback)
06-05 18:09:47.584  1041   566 18123 D audio_hw_extn: audio_extn_get_anc_enabled: anc_enabled:0
06-05 18:09:47.584  1041   566 18123 D audio_hw_extn: audio_extn_set_anc_parameters: anc_enabled:0
06-05 18:09:47.585  1041   566 18123 D audio_hw_spkr_prot: audio_extn_fbsp_set_parameters: Speaker protection disabled
06-05 18:09:47.586  root   586   627 E ANDR-PERF-MPCTL: Invalid profile no. 0, total profiles 0 only
06-05 18:09:47.593  1000  2628  2650 D ActivityTrigger: activityStartTrigger: Activity is Triggerred in full screen ApplicationInfo{c9cea73 com.google.android.apps.tachyon}
06-05 18:09:47.593  1000  2628  2650 E ActivityTrigger: activityStartTrigger: not whiteListedcom.google.android.apps.tachyon/com.google.android.apps.tachyon.MainActivity/2263975
06-05 18:09:47.594  1000  2628  2650 D CompatibilityInfo: mCompatibilityFlags - 10
06-05 18:09:47.594  1000  2628  2650 D CompatibilityInfo: applicationDensity - 480
06-05 18:09:47.594  1000  2628  2650 D CompatibilityInfo: applicationScale - 1.0
06-05 18:09:47.594  1000  2628  2650 D ActivityTrigger: activityResumeTrigger: The activity in ApplicationInfo{c9cea73 com.google.android.apps.tachyon} is now in focus and seems to be in full-screen mode
06-05 18:09:47.595  1000  2628  2650 E ActivityTrigger: activityResumeTrigger: not whiteListedcom.google.android.apps.tachyon/com.google.android.apps.tachyon.MainActivity/2263975
06-05 18:09:47.595  1000  2628  2650 D ActivityTrigger: ActivityTrigger activityPauseTrigger 
06-05 18:09:47.604  1000  2628  2650 D ActivityTrigger: activityResumeTrigger: The activity in ApplicationInfo{c9cea73 com.google.android.apps.tachyon} is now in focus and seems to be in full-screen mode
06-05 18:09:47.604  1000  2628  2650 E ActivityTrigger: activityResumeTrigger: not whiteListedcom.google.android.apps.tachyon/com.google.android.apps.tachyon.MainActivity/2263975
06-05 18:09:47.624  1000  2628  2650 I ActivityManager: Start proc 30625:com.google.android.apps.tachyon/u0a60 for activity com.google.android.apps.tachyon/.MainActivity
06-05 18:09:47.643  1000  2628  2650 D CompatibilityInfo: mCompatibilityFlags - 10
06-05 18:09:47.643  1000  2628  2650 D CompatibilityInfo: applicationDensity - 480
06-05 18:09:47.643  1000  2628  2650 D CompatibilityInfo: applicationScale - 1.0
06-05 18:09:47.649  1000  2628  2650 D CompatibilityInfo: mCompatibilityFlags - 10
06-05 18:09:47.649  1000  2628  2650 D CompatibilityInfo: applicationDensity - 480
06-05 18:09:47.649  1000  2628  2650 D CompatibilityInfo: applicationScale - 1.0
06-05 18:09:47.742 radio  3545  4863 D SMARTRON: PhoneInterfaceManager.isImsRegisteredForSubscriber : subId = 1, mPhone = Handler (com.qualcomm.qti.internal.telephony.QtiGsmCdmaPhone) {7af4c9}, mPhone.isVolteEnabled = true, mPhone.hashCode = 8058057
06-05 18:09:47.742 radio  3545  4863 D SMARTRON: PhoneInterfaceManager.isImsRegisteredForSubscriber : subId = 1, phone = Handler (com.qualcomm.qti.internal.telephony.QtiGsmCdmaPhone) {7af4c9}, phone.isVolteEnabled = true, phone.hashCode = 8058057
06-05 18:09:47.748 10034  3373  3647 D NetworkController.MobileSignalController(1): isMobileIms : subId = 1, phoneId = 0, isImsRegisteredForSubscriber = true, isVolteAvailable = true, isImsRegisteredInWifi = false
06-05 18:09:47.749 radio  3545  4863 D SMARTRON: PhoneInterfaceManager.isImsRegisteredForSubscriber : subId = 1, mPhone = Handler (com.qualcomm.qti.internal.telephony.QtiGsmCdmaPhone) {7af4c9}, mPhone.isVolteEnabled = true, mPhone.hashCode = 8058057
06-05 18:09:47.749 radio  3545  4863 D SMARTRON: PhoneInterfaceManager.isImsRegisteredForSubscriber : subId = 1, phone = Handler (com.qualcomm.qti.internal.telephony.QtiGsmCdmaPhone) {7af4c9}, phone.isVolteEnabled = true, phone.hashCode = 8058057
06-05 18:09:47.750 10060 30625 30625 E zygote64: The String#value field is not present on Android versions >= 6.0
06-05 18:09:47.783 10060 30625 30625 I org.webrtc.Logging: NativeLibrary: Loading native library.
06-05 18:09:47.801 10060 30625 30625 W native  : commandlineflags.cc:1511 Ignoring RegisterValidateFunction() for flag pointer 0x7c25296c58: no flag found at that address
06-05 18:09:47.885 10060 30625 30625 E TachyonNetworkQuality: setCronetEngine called with Cronet disabled.
06-05 18:09:47.931 10060 30625 30625 W id.apps.tachyon: type=1400 audit(0.0:639): avc: denied { read } for name="stat" dev="proc" ino=4026532312 scontext=u:r:untrusted_app_25:s0:c512,c768 tcontext=u:object_r:proc_stat:s0 tclass=file permissive=0
06-05 18:09:47.932  1000  2628  7604 D CompatibilityInfo: mCompatibilityFlags - 10
06-05 18:09:47.932  1000  2628  7604 D CompatibilityInfo: applicationDensity - 480
06-05 18:09:47.932  1000  2628  7604 D CompatibilityInfo: applicationScale - 1.0
06-05 18:09:47.968 10060 30625 30625 I zygote64: Deoptimizing java.lang.Object hkk.a() due to JIT inline cache
06-05 18:09:48.010 10060 30625 30625 I FA      : App measurement is starting up, version: 11400
06-05 18:09:48.011 10060 30625 30625 I FA      : To enable debug logging run: adb shell setprop log.tag.FA VERBOSE
06-05 18:09:48.017 10060 30625 30625 I FA      : To enable faster debug mode event logging run:
06-05 18:09:48.017 10060 30625 30625 I FA      :   adb shell setprop debug.firebase.analytics.app com.google.android.apps.tachyon
06-05 18:09:48.073  1000  2152  2258 E libnav  : CablComputeBacklightLevel(): UpdateType = DifferentSceneUpdate
06-05 18:09:48.081 10060 30625 30625 W GoogleTagManager: Failed to extract the container from the resource file. Resource is a UTF-8 encoded string but doesn't contain a JSON container
06-05 18:09:48.094  1000  2628  7604 D CompatibilityInfo: mCompatibilityFlags - 10
06-05 18:09:48.094  1000  2628  7604 D CompatibilityInfo: applicationDensity - 480
06-05 18:09:48.094  1000  2628  7604 D CompatibilityInfo: applicationScale - 1.0
06-05 18:09:48.601 10060 30625 30625 E GoogleTagManager: Invalid macro: _gtm.loadEventEnabled
06-05 18:09:48.644  1000  2628  7604 D CompatibilityInfo: mCompatibilityFlags - 10
06-05 18:09:48.644  1000  2628  7604 D CompatibilityInfo: applicationDensity - 480
06-05 18:09:48.644  1000  2628  7604 D CompatibilityInfo: applicationScale - 1.0
06-05 18:09:48.672 10060 30625 30625 I zygote64: Deoptimizing hut hut.a(int, java.lang.Object[]) due to JIT inline cache
06-05 18:09:48.761 10060 30625 30625 W Glide   : Failed to find GeneratedAppGlideModule. You should include an annotationProcessor compile dependency on com.github.bumptech.glide:compiler in your application and a @GlideModule annotated AppGlideModule implementation or LibraryGlideModules will be silently ignored
06-05 18:09:48.761 10060 30625 30630 I zygote64: Do partial code cache collection, code=26KB, data=28KB
06-05 18:09:48.761 10060 30625 30630 I zygote64: After code cache collection, code=21KB, data=27KB
06-05 18:09:48.761 10060 30625 30630 I zygote64: Increasing code cache capacity to 128KB
06-05 18:09:48.818  1000  2628  7604 D CompatibilityInfo: mCompatibilityFlags - 10
06-05 18:09:48.818  1000  2628  7604 D CompatibilityInfo: applicationDensity - 480
06-05 18:09:48.818  1000  2628  7604 D CompatibilityInfo: applicationScale - 1.0
06-05 18:09:48.829 10060 30625 30625 E TachyonExtStartCallTask: [000:192] [30625] TachyonExtStartCallTask: Unauthorized call intent - ComponentInfo{com.google.android.apps.tachyon/com.google.android.apps.tachyon.MainActivity}
06-05 18:09:48.837 10060 30625 30625 I Adreno  : QUALCOMM build                   : 3ad4eca, I4a28d2d249
06-05 18:09:48.837 10060 30625 30625 I Adreno  : Build Date                       : 12/31/17
06-05 18:09:48.837 10060 30625 30625 I Adreno  : OpenGL ES Shader Compiler Version: EV031.22.00.01
06-05 18:09:48.837 10060 30625 30625 I Adreno  : Local Branch                     : 
06-05 18:09:48.837 10060 30625 30625 I Adreno  : Remote Branch                    : quic/gfx-adreno.lnx.1.0.r36-rel
06-05 18:09:48.837 10060 30625 30625 I Adreno  : Remote Branch                    : NONE
06-05 18:09:48.837 10060 30625 30625 I Adreno  : Reconstruct Branch               : NOTHING
06-05 18:09:48.849 10060 30625 30625 I Adreno  : PFP: 0x005ff087, ME: 0x005ff063
06-05 18:09:48.857 10060 30625 30625 I zygote64: android::hardware::configstore::V1_0::ISurfaceFlingerConfigs::hasWideColorDisplay retrieved: 0
06-05 18:09:48.887 10060 30625 30654 D NetworkSecurityConfig: No Network Security Config specified, using platform default
06-05 18:09:48.901 10060 30625 30625 W VideoCapabilities: Unrecognized profile 2130706433 for video/avc
06-05 18:09:48.901 10060 30625 30625 W VideoCapabilities: Unrecognized profile 2130706434 for video/avc
06-05 18:09:48.903 10060 30625 30625 W VideoCapabilities: Unrecognized profile 2130706433 for video/avc
06-05 18:09:48.904 10060 30625 30625 W VideoCapabilities: Unrecognized profile 2130706434 for video/avc
06-05 18:09:48.908 10060 30625 30625 W VideoCapabilities: Unsupported mime video/divx
06-05 18:09:48.923 10060 30625 30625 W VideoCapabilities: Unrecognized profile/level 0/3 for video/mpeg2
06-05 18:09:48.925 10060 30625 30625 W VideoCapabilities: Unrecognized profile/level 0/3 for video/mpeg2
06-05 18:09:48.933 10060 30625 30625 W VideoCapabilities: Unsupported mime video/x-ms-wmv
06-05 18:09:48.936 10060 30625 30625 I chatty  : uid=10060(com.google.android.apps.tachyon) identical 19 lines
06-05 18:09:48.951 10060 30625 30630 I chatty  : uid=10060(com.google.android.apps.tachyon) Jit thread pool expire 3 lines
06-05 18:09:49.009 10060 30625 30685 I chatty  : uid=10060(com.google.android.apps.tachyon) PeerConnection- expire 16 lines
06-05 18:09:49.033  1000  2628  2650 D ConnectivityService: requestNetwork for uid/pid:10060/30625 NetworkRequest [ REQUEST id=59, [ Transports: CELLULAR Capabilities: INTERNET&NOT_RESTRICTED&TRUSTED&NOT_VPN] ]
06-05 18:09:49.037  1000  2628  3310 D WIFI    : got request NetworkRequest [ REQUEST id=59, [ Transports: CELLULAR Capabilities: INTERNET&NOT_RESTRICTED&TRUSTED&NOT_VPN] ] with score 50
06-05 18:09:49.037 radio  3545  3545 D PhoneSwitcherNetworkRequstListener: got request NetworkRequest [ REQUEST id=59, [ Transports: CELLULAR Capabilities: INTERNET&NOT_RESTRICTED&TRUSTED&NOT_VPN] ] with score 50
06-05 18:09:49.037  1000  2628  3310 D WIFI_UT : got request NetworkRequest [ REQUEST id=59, [ Transports: CELLULAR Capabilities: INTERNET&NOT_RESTRICTED&TRUSTED&NOT_VPN] ] with score 50
06-05 18:09:49.037  1000  2628  3329 D Ethernet: got request NetworkRequest [ REQUEST id=59, [ Transports: CELLULAR Capabilities: INTERNET&NOT_RESTRICTED&TRUSTED&NOT_VPN] ] with score 50
06-05 18:09:49.038 radio  3545  3545 D QtiRilInterface: instance = com.qualcomm.qti.internal.telephony.QtiRilInterface@e049ac5
06-05 18:09:49.039 radio  4063  4063 D QcrilMsgTunnelIfaceManager: handleMessage what = 1
06-05 18:09:49.040 radio  4063  4063 I QcrilOemhookMsgTunnel: [0]invokeOemRilRequestRaw: serial=1069 length=20
06-05 18:09:49.041  1041  2123 18216 I AudioPolicyManagerCustom: setting force DEEP buffer now 
06-05 18:09:49.042  1041  2123 18216 I chatty  : uid=1041(audioserver) Binder:2123_7 identical 2 lines
06-05 18:09:49.042 radio  4063  4092 I QcrilOemhookMsgTunnel: [0]processOemHookResponse serial no: 1069 error: 0length=0
06-05 18:09:49.042 radio  4063  4063 D QcrilMsgTunnelIfaceManager: handleMessage what = 2
06-05 18:09:49.045 radio  4063  4063 D QcrilMsgTunnelIfaceManager: handleMessage what = 1
06-05 18:09:49.046 radio  4063  4063 I QcrilOemhookMsgTunnel: [1]invokeOemRilRequestRaw: serial=1070 length=20
06-05 18:09:49.046 radio  4063  4092 I QcrilOemhookMsgTunnel: [0]processOemHookIndication length=28
06-05 18:09:49.046  1041   566   566 I chatty  : uid=1041(audioserver) audio@2.0-servi expire 10 lines
06-05 18:09:49.046 radio  4063  4063 D QcrilMsgTunnelIfaceManager: handleMessage what = 0
06-05 18:09:49.047 radio  4063  4092 I QcrilOemhookMsgTunnel: [1]processOemHookResponse serial no: 1070 error: 0length=0
06-05 18:09:49.047 radio  4063  4063 D QcrilMsgTunnelIfaceManager: handleMessage what = 2
06-05 18:09:49.049 radio  4063  4092 I QcrilOemhookMsgTunnel: [1]processOemHookIndication length=28
06-05 18:09:49.049 radio  4063  4063 D QcrilMsgTunnelIfaceManager: handleMessage what = 0
06-05 18:09:49.134  1000  2628  2708 D CompatibilityInfo: mCompatibilityFlags - 10
06-05 18:09:49.134  1000  2628  2708 D CompatibilityInfo: applicationDensity - 480
06-05 18:09:49.134  1000  2628  2708 D CompatibilityInfo: applicationScale - 1.0
06-05 18:09:49.136 10060 30625 30699 I chatty  : uid=10060(com.google.android.apps.tachyon) VideoCapturerTh expire 7 lines
06-05 18:09:49.137  1047  2124  2124 I CameraService: CameraService::connect call (PID -1 "com.google.android.apps.tachyon", camera ID 1) for HAL version default and Camera API version 2
06-05 18:09:49.137  1000  2628  7604 D CompatibilityInfo: mCompatibilityFlags - 10
06-05 18:09:49.137  1000  2628  7604 D CompatibilityInfo: applicationDensity - 480
06-05 18:09:49.137  1000  2628  7604 D CompatibilityInfo: applicationScale - 1.0
06-05 18:09:49.139  1047  2124  2124 I Camera2ClientBase: Camera 1: Opened. Client: com.google.android.apps.tachyon (PID 30625, UID 10060)
06-05 18:09:49.139  1047  2124  2124 I CameraDeviceClient: CameraDeviceClient 1: Opened
06-05 18:09:49.141  1047  2124  2124 I CameraService: onTorchStatusChangedLocked: Torch status changed for cameraId=1, newStatus=0
06-05 18:09:49.143  1000  2628  7604 D CompatibilityInfo: mCompatibilityFlags - 10
06-05 18:09:49.143  1000  2628  7604 D CompatibilityInfo: applicationDensity - 480
06-05 18:09:49.143  1000  2628  7604 D CompatibilityInfo: applicationScale - 1.0
06-05 18:09:49.145  1000  3531  3531 D faceLog : (BaseApp.java:85)onCameraUnavailable->onCameraUnAvailable cameraId: 1
06-05 18:09:49.146  1047   568 26256 I QCamera : <HAL><INFO> cameraDeviceOpen: 405: Open camera id 1 API version 768
06-05 18:09:49.147  1000  2628 10843 D CompatibilityInfo: mCompatibilityFlags - 10
06-05 18:09:49.147  1000  2628 10843 D CompatibilityInfo: applicationDensity - 480
06-05 18:09:49.147  1047   568 26256 D vndksupport: Loading /vendor/lib/hw/power.qcom.so from current namespace instead of sphal namespace.
06-05 18:09:49.147  1000  2628 10843 D CompatibilityInfo: applicationScale - 1.0
06-05 18:09:49.150  1000  2628 10843 D CompatibilityInfo: mCompatibilityFlags - 10
06-05 18:09:49.150  1000  2628 10843 D CompatibilityInfo: applicationDensity - 480
06-05 18:09:49.150  1000  2628 10843 D CompatibilityInfo: applicationScale - 1.0
06-05 18:09:49.154  1047   568 26256 I QCamera : <HAL><INFO> openCamera: 714: [KPI Perf]: E PROFILE_OPEN_CAMERA camera id 1
06-05 18:09:49.155  1047  2124  2124 I CameraProviderManager: Camera device device@1.0/legacy/1 torch status is now NOT_AVAILABLE
06-05 18:09:49.155  1047  2124  2124 I CameraService: onTorchStatusChangedLocked: Torch status changed for cameraId=1, newStatus=0
06-05 18:09:49.155  1047  2124  2124 I CameraProviderManager: Camera device device@3.3/legacy/1 torch status is now NOT_AVAILABLE
06-05 18:09:49.155  1000  2628  2650 W AccountManagerService: insertAccountIntoDatabase: Account {name=Duo, type=com.google.android.apps.tachyon}, skipping since the account already exists
06-05 18:09:49.156  1047  2124  2124 I CameraService: onTorchStatusChangedLocked: Torch status changed for cameraId=1, newStatus=0
06-05 18:09:49.156  1006  2142  2142 I chatty  : uid=1006(camera) mm-qcamera-daem expire 22 lines
06-05 18:09:49.159  1006  2142 30701 I chatty  : uid=1006(camera) mm-qcamera-daem expire 5 lines
06-05 18:09:49.161  1006  2142 30703 I chatty  : uid=1006(camera) mm-qcamera-daem expire 5 lines
06-05 18:09:49.163  1006  2142 30704 I chatty  : uid=1006(camera) mm-qcamera-daem expire 6 lines
06-05 18:09:49.165  1006  2142 30706 I chatty  : uid=1006(camera) mm-qcamera-daem expire 6 lines
06-05 18:09:49.167  1006  2142 30707 I chatty  : uid=1006(camera) mm-qcamera-daem expire 5 lines
06-05 18:09:49.168  1006  2142 30708 I chatty  : uid=1006(camera) mm-qcamera-daem expire 5 lines
06-05 18:09:49.174 10060 30625 30670 I chatty  : uid=10060(com.google.android.apps.tachyon) expire 7 lines
06-05 18:09:49.190  1000   574 26035 I SDM     : ResourceImpl::SetMaxBandwidthMode: new bandwidth mode=1
06-05 18:09:49.191  1047   568 26256 I QCamera : <HAL><INFO> openCamera: 724: [KPI Perf]: X PROFILE_OPEN_CAMERA camera id 1, rc: 0
06-05 18:09:49.192  1047   568 26256 I QCamera : <HAL><INFO> initialize: 946: E :mCameraId = 1 mState = 1
06-05 18:09:49.193  1047   568 26256 I QCamera : <HAL><INFO> initialize: 979: X
06-05 18:09:49.197  1000  2628 10843 D CompatibilityInfo: mCompatibilityFlags - 10
06-05 18:09:49.197  1000  2628 10843 D CompatibilityInfo: applicationDensity - 480
06-05 18:09:49.197  1000  2628 10843 D CompatibilityInfo: applicationScale - 1.0
06-05 18:09:49.238  1047  2124  2124 W CameraDeviceClient: createSurfaceFromGbp: Camera 1 with consumer usage flag: 256: Forcing asynchronous mode for stream
06-05 18:09:49.238  1047  2124  2124 W CameraDeviceClient: createSurfaceFromGbp: Camera 1: Overriding format 0x1 to IMPLEMENTATION_DEFINED
06-05 18:09:49.242  1047   568 26256 E QCamera : <MCI><ERROR> mm_channel_fsm_fn_stopped: 893: invalid state (1) for evt (6)
06-05 18:09:49.243  1047   568 26256 I QCamera : <HAL><INFO> configureStreamsPerfLocked: 1576: stream[0] type = 0, format = 34, width = 1280, height = 720, rotation = 0, usage = 0x100
06-05 18:09:49.243  1006  2142 30722 I chatty  : uid=1006(camera) mm-qcamera-daem expire 66 lines
06-05 18:09:49.247  1000  2628  2650 I ActivityManager: Start proc 30732:android.process.acore/u0a2 for content provider com.android.providers.contacts/.ContactsProvider2
06-05 18:09:49.252  1047  2124  2124 D Camera3-Device: Set real time priority for request queue thread (tid 30729)
06-05 18:09:49.257  1047   568 26256 E CamComm1.0-MD: Mismatched tag type when updating entry enable (-2146762752) of type byte; got type int32 data instead 
06-05 18:09:49.257  1047   568 26256 E CamComm1.0-MD: Mismatched tag type when updating entry is_main (-2146762751) of type byte; got type int32 data instead 
06-05 18:09:49.263 10060 30625 30625 I chatty  : uid=10060(com.google.android.apps.tachyon) expire 2 lines
06-05 18:09:49.279  1006  2142 30702 I chatty  : uid=1006(camera) mm-qcamera-daem expire 1 line
06-05 18:09:49.306  1000  2628 10846 D CompatibilityInfo: mCompatibilityFlags - 0
06-05 18:09:49.306  1000  2628 10846 D CompatibilityInfo: applicationDensity - 480
06-05 18:09:49.306  1000  2628 10846 D CompatibilityInfo: applicationScale - 1.0
06-05 18:09:49.330 u0_a2 30732 30732 I zygote64: The ClassLoaderContext is a special shared library.
06-05 18:09:49.418 u0_a2 30732 30732 I ContactsPerf: VoicemailContentProvider.onCreate start
06-05 18:09:49.420  1047   568 26256 I QCamera : <HAL><INFO> processCaptureRequest: 4181: STREAM INFO : type 1, wxh: 1280 x 720, pp_mask: 0x100068e Format:0 is_type: 0
06-05 18:09:49.420  1047   568 26256 I QCamera : <HAL><INFO> processCaptureRequest: 4181: STREAM INFO : type 11, wxh: 640 x 480, pp_mask: 0x100068e Format:0 is_type: 0
06-05 18:09:49.421  1006  2142  2538 I chatty  : uid=1006(camera) CAM_imgTh expire 3 lines
06-05 18:09:49.423 u0_a2 30732 30732 I ContactsPerf: VoicemailContentProvider.onCreate finish
06-05 18:09:49.437 u0_a2 30732 30732 I zygote64: The ClassLoaderContext is a special shared library.
06-05 18:09:49.471  1006  2142  2539 I chatty  : uid=1006(camera) CAM_imgTh expire 11 lines
06-05 18:09:49.475  1006  2142 30718 I chatty  : uid=1006(camera) mm-qcamera-daem expire 1 line
06-05 18:09:49.476 u0_a2 30732 30732 I zygote64: The ClassLoaderContext is a special shared library.
06-05 18:09:49.480 u0_a2 30732 30749 D ContactsDatabaseHelper: WAL enabled for contacts2.db: true
06-05 18:09:49.486  1006  2142 30761 I chatty  : uid=1006(camera) mm-qcamera-daem expire 24 lines
06-05 18:09:49.489  1006  2142 30722 I chatty  : uid=1006(camera) mm-qcamera-daem expire 1 line
06-05 18:09:49.489  1006  2142 30705 I chatty  : uid=1006(camera) mm-qcamera-daem expire 2 lines
06-05 18:09:49.490  1006  2142 30722 I chatty  : uid=1006(camera) mm-qcamera-daem expire 1 line
06-05 18:09:49.499  1006  2142 30719 I chatty  : uid=1006(camera) mm-qcamera-daem expire 1 line
06-05 18:09:49.500  1006  2142 30722 I chatty  : uid=1006(camera) mm-qcamera-daem expire 5 lines
06-05 18:09:49.501  1006  2142 30711 I chatty  : uid=1006(camera) mm-qcamera-daem expire 1 line
06-05 18:09:49.504  1006  2142 30722 I chatty  : uid=1006(camera) mm-qcamera-daem expire 2 lines
06-05 18:09:49.504  1006  2142 30705 I chatty  : uid=1006(camera) mm-qcamera-daem expire 2 lines
06-05 18:09:49.505  1006  2142 30719 I chatty  : uid=1006(camera) mm-qcamera-daem expire 1 line
06-05 18:09:49.505  1006  2142 30722 I chatty  : uid=1006(camera) mm-qcamera-daem expire 6 lines
06-05 18:09:49.518  1006  2142 30705 I chatty  : uid=1006(camera) mm-qcamera-daem expire 1 line
06-05 18:09:49.518  1006  2142 30722 I chatty  : uid=1006(camera) mm-qcamera-daem expire 2 lines
06-05 18:09:49.519  1047   568 26256 I QTI PowerHAL: Got process_video_encode_hint
06-05 18:09:49.520  1047   568 26256 E QCamera3HWI: CAM_DEBUG: Setting compensation:0
06-05 18:09:49.552  1006  2142 30760 I chatty  : uid=1006(camera) mm-qcamera-daem expire 1 line
06-05 18:09:49.602 u0_a2 30732 30749 I ContactLocale: AddressBook Labels [[en_IN]]: [, A, B, C, D, E, F, G, H, I, J, K, L, M, N, O, P, Q, R, S, T, U, V, W, X, Y, Z, , , , , , , , , , , , , , , , , , , , , , , , , , , , , , , , , , , , , , , , , , , , , , , , , , , , , , , , , , , , , , , , , , , , , , , , , , , , , , , , , , , , , , , , , , , , , , , , , , , , , , , , , , , , , , , , , , , , , , , , , , , , , , , , , , , , , , , , , , , , , , , , , , , , , , , , , , , , , , , , , , , , , , , , , , , , , , , , , , , , , , , , , , , #, ]
06-05 18:09:49.630 u0_a2 30732 30749 D ContactsDatabaseHelper: WAL enabled for profile.db: false
06-05 18:09:49.632  1006  2142 30711 I chatty  : uid=1006(camera) mm-qcamera-daem expire 1 line
06-05 18:09:49.635  1006  2142 30714 I chatty  : uid=1006(camera) mm-qcamera-daem expire 3 lines
06-05 18:09:49.651 10060 30625 30635 I chatty  : uid=10060(com.google.android.apps.tachyon) HeapTaskDaemon expire 3 lines
06-05 18:09:49.654  1000  2628  7604 I ActivityManager: Displayed com.google.android.apps.tachyon/.MainActivity: +2s48ms
06-05 18:09:49.654  1000  2628  7604 I ActivityManager: Fully drawn com.google.android.apps.tachyon/.MainActivity: +2s48ms
06-05 18:09:49.675 10060 30625 30767 I chatty  : uid=10060(com.google.android.apps.tachyon) DuoBlockingThre expire 3 lines
06-05 18:09:49.682 10060 30625 30768 I chatty  : uid=10060(com.google.android.apps.tachyon) RenderThread expire 3 lines
06-05 18:09:49.749  1000  2628  2650 D CompatibilityInfo: mCompatibilityFlags - 10
06-05 18:09:49.749  1000  2628  2650 D CompatibilityInfo: applicationDensity - 480
06-05 18:09:49.749  1000  2628  2650 D CompatibilityInfo: applicationScale - 1.0
06-05 18:09:49.781 10060 30625 30640 I chatty  : uid=10060(com.google.android.apps.tachyon) DuoBgThread #0 expire 7 lines
06-05 18:09:49.787  1000  2628  2650 W AccountManagerService: insertAccountIntoDatabase: Account {name=Duo, type=com.google.android.apps.tachyon}, skipping since the account already exists
06-05 18:09:49.797  1000  2628  8538 I Telecom : PhoneAccountRegistrar: Modify account: [ComponentInfo{com.google.android.apps.tachyon/com.google.android.apps.tachyon.telecom.TachyonTelecomConnectionService}, [****], UserHandle{0}]: TSI.rPA@Dvg
06-05 18:09:49.814 10016 10873 28456 I AsyncOpDispatcher: 131-GetDynamicLink
06-05 18:09:49.823  1000  2628  8538 D CompatibilityInfo: mCompatibilityFlags - 10
06-05 18:09:49.823  1000  2628  8538 D CompatibilityInfo: applicationDensity - 480
06-05 18:09:49.824  1000  2628  8538 D CompatibilityInfo: applicationScale - 1.0
06-05 18:09:49.850 10060 30625 30675 I chatty  : uid=10060(com.google.android.apps.tachyon) pool-5-thread-1 expire 1 line
06-05 18:09:49.859 10060 30625 30630 I chatty  : uid=10060(com.google.android.apps.tachyon) Jit thread pool expire 13 lines
06-05 18:09:49.891  1000  2628  7604 D CompatibilityInfo: mCompatibilityFlags - 10
06-05 18:09:49.891  1000  2628  7604 D CompatibilityInfo: applicationDensity - 480
06-05 18:09:49.891  1000  2628  7604 D CompatibilityInfo: applicationScale - 1.0
06-05 18:09:50.278  1000  2628  7604 D CompatibilityInfo: mCompatibilityFlags - 10
06-05 18:09:50.279  1000  2628  7604 D CompatibilityInfo: applicationDensity - 480
06-05 18:09:50.279  1000  2628  7604 D CompatibilityInfo: applicationScale - 1.0
06-05 18:09:50.282 10071 15758 15758 I GoogleInputMethod: onFinishInput() : Dummy InputConnection bound
06-05 18:09:50.283 10071 15758 15758 I GoogleInputMethod: onStartInput() : Dummy InputConnection bound
06-05 18:09:50.403 10016 10873 28456 I AsyncOpDispatcher: 5-LoadOwners
06-05 18:09:50.405  1000  2628  2708 D CompatibilityInfo: mCompatibilityFlags - 10
06-05 18:09:50.406  1000  2628  2708 D CompatibilityInfo: applicationDensity - 480
06-05 18:09:50.406  1000  2628  2708 D CompatibilityInfo: applicationScale - 1.0
06-05 18:09:50.415  1000  2628  7823 D CompatibilityInfo: mCompatibilityFlags - 10
06-05 18:09:50.420  1000  2628  7823 D CompatibilityInfo: applicationDensity - 480
06-05 18:09:50.420  1000  2628  7823 D CompatibilityInfo: applicationScale - 1.0
06-05 18:09:50.428 10060 30625 30681 I chatty  : uid=10060(com.google.android.apps.tachyon) DuoBgThread #3 expire 25 lines
06-05 18:09:50.442  1000  2628  2650 D ActivityTrigger: ActivityTrigger activityStopTrigger 
