06-05 18:10:24.088  1000 27469 27469 E ActivityThread: 	at android.app.FragmentManagerImpl.moveToState(FragmentManager.java:1618)
06-05 18:10:24.088  1000 27469 27469 E ActivityThread: 	at android.app.FragmentManagerImpl.dispatchMoveToState(FragmentManager.java:3027)
06-05 18:10:24.088  1000 27469 27469 E ActivityThread: 	at android.app.FragmentManagerImpl.dispatchActivityCreated(FragmentManager.java:2979)
06-05 18:10:24.088  1000 27469 27469 E ActivityThread: 	at android.app.FragmentController.dispatchActivityCreated(FragmentController.java:178)
06-05 18:10:24.088  1000 27469 27469 E ActivityThread: 	at android.app.Activity.performCreate(Activity.java:7005)
06-05 18:10:24.088  1000 27469 27469 E ActivityThread: 	at android.app.Activity.performCreate(Activity.java:6990)
06-05 18:10:24.088  1000 27469 27469 E ActivityThread: 	at android.app.Instrumentation.callActivityOnCreate(Instrumentation.java:1215)
06-05 18:10:24.088  1000 27469 27469 E ActivityThread: 	at android.app.ActivityThread.performLaunchActivity(ActivityThread.java:2731)
06-05 18:10:24.088  1000 27469 27469 E ActivityThread: 	at android.app.ActivityThread.handleLaunchActivity(ActivityThread.java:2856)
06-05 18:10:24.088  1000 27469 27469 E ActivityThread: 	at android.app.ActivityThread.-wrap11(Unknown Source:0)
06-05 18:10:24.088  1000 27469 27469 E ActivityThread: 	at android.app.ActivityThread$H.handleMessage(ActivityThread.java:1589)
06-05 18:10:24.088  1000 27469 27469 E ActivityThread: 	at android.os.Handler.dispatchMessage(Handler.java:106)
06-05 18:10:24.088  1000 27469 27469 E ActivityThread: 	at android.os.Looper.loop(Looper.java:164)
06-05 18:10:24.088  1000 27469 27469 E ActivityThread: 	at android.app.ActivityThread.main(ActivityThread.java:6501)
06-05 18:10:24.088  1000 27469 27469 E ActivityThread: 	at java.lang.reflect.Method.invoke(Native Method)
06-05 18:10:24.088  1000 27469 27469 E ActivityThread: 	at com.android.internal.os.RuntimeInit$MethodAndArgsCaller.run(RuntimeInit.java:438)
06-05 18:10:24.088  1000 27469 27469 E ActivityThread: 	at com.android.internal.os.ZygoteInit.main(ZygoteInit.java:807)
06-05 18:10:24.088  1000  2628  2650 W ActivityManager: Unbind failed: could not find connection for android.os.BinderProxy@c730890
06-05 18:10:24.097  1000 27469 27488 D BatteryInfo: time to make batteryStatsHelper: 4ms
06-05 18:10:24.099  1000  2628  2722 I chatty  : uid=1000(system) batterystats-wo expire 3 lines
06-05 18:10:24.101  wifi   582   582 E WifiHAL : wifi_get_logger_supported_feature_set: Error -3 happened. 
06-05 18:10:24.101  1000  2628  3310 I chatty  : uid=1000(system) WifiStateMachin expire 1 line
06-05 18:10:24.102  wifi   582   582 E WifiHAL : wifi_get_logger_supported_feature_set: Error -3 happened. 
06-05 18:10:24.113  1000  2628  2722 E BatteryExternalStatsWorker: no controller energy info supplied for wifi
06-05 18:10:24.114  1000  2628  2722 E BatteryExternalStatsWorker: no controller energy info supplied for bluetooth
06-05 18:10:24.136  1000 27469 30966 D Settings: No enabled state changed, skipping updateCategory call
06-05 18:10:24.149  1000 27469 27469 D DashboardSummary: Listening for condition changes
06-05 18:10:24.150  1000 27469 27469 D DashboardSummary: onConditionsChanged
06-05 18:10:24.150  1000 27469 27469 D DashboardAdapter: adapter setConditions called
06-05 18:10:24.151  1000 27469 27469 D DashboardSummary: conditions refreshed
06-05 18:10:24.151  1000 27469 27469 D APM_Condition: APM condition refreshed
06-05 18:10:24.152  1000 27469 27469 D APM_Condition: setActive was called with false
06-05 18:10:24.152  1000 27469 30967 D SuggestionParser: Day 0 for com.android.settings.suggested.category.FIRST_IMPRESSION
06-05 18:10:24.152  1000  2628 10843 I chatty  : uid=1000(system) Binder:2628_1D expire 2 lines
06-05 18:10:24.188 10071 15758 15758 I GoogleInputMethod: onFinishInput() : Dummy InputConnection bound
06-05 18:10:24.189 10071 15758 15758 I GoogleInputMethod: onStartInput() : Dummy InputConnection bound
06-05 18:10:24.221  1000 27469 27488 D BatteryInfo: time for getStats: 123ms
06-05 18:10:24.223  1000 27469 30968 D BatteryInfo: time for regular BatteryInfo: 1ms
06-05 18:10:24.224  1000 27469 30968 D BatteryInfo: time for getBatteryInfo: 1ms
06-05 18:10:24.224  1000 27469 27469 D BatteryInfo: time for callback: 0ms
06-05 18:10:24.313  1000 27469 27469 I zygote64: Deoptimizing void android.support.v7.widget.RecyclerView$LayoutManager.measureChildWithMargins(android.view.View, int, int) due to JIT inline cache
06-05 18:10:24.314  1000 27469 27469 I zygote64: Deoptimizing void android.support.v7.widget.LinearLayoutManager.layoutChunk(android.support.v7.widget.RecyclerView$Recycler, android.support.v7.widget.RecyclerView$State, android.support.v7.widget.LinearLayoutManager$LayoutState, android.support.v7.widget.LinearLayoutManager$LayoutChunkResult) due to JIT inline cache
06-05 18:10:24.477  1000  2152  2258 E libnav  : CablComputeBacklightLevel(): UpdateType = DifferentSceneUpdate
06-05 18:10:24.543  1000  2628  2708 I chatty  : uid=1000(system) ActivityManager expire 1 line
06-05 18:10:25.425  1047  2124  2124 I Camera2ClientBase: Closed Camera 1. Client was: com.google.android.apps.tachyon (PID 30625, UID 10060)
06-05 18:10:25.445  1000 27469 27469 I zygote64: Deoptimizing boolean android.support.v7.widget.RecyclerView.scrollByInternal(int, int, android.view.MotionEvent) due to JIT inline cache
06-05 18:10:25.448  1000 27469 27469 I zygote64: Deoptimizing void android.support.v7.widget.GapWorker.run() due to JIT inline cache
06-05 18:10:25.612  1000 27469 27474 I zygote64: Do partial code cache collection, code=239KB, data=155KB
06-05 18:10:25.614  1000 27469 27474 I zygote64: After code cache collection, code=210KB, data=141KB
06-05 18:10:25.614  1000 27469 27474 I zygote64: Increasing code cache capacity to 1024KB
06-05 18:10:26.118 10060 30625 30947 E TachyonFlowPool: no call flow in progress
06-05 18:10:26.118 10060 30625 30947 E TachyonFlowPool: hzf: MEDIUM
06-05 18:10:26.246  root   586   627 E ANDR-PERF-MPCTL: Invalid profile no. 0, total profiles 0 only
06-05 18:10:26.651  1041  2123 18216 I AudioPolicyManagerCustom: FLAG None hence request for a primary output
06-05 18:10:26.652  1041  2123 18216 I AudioPolicyManagerCustom: FLAG None hence request for a primary output
06-05 18:10:26.653  1000  2628 10843 I ActivityManager: START u0 {flg=0x8000 cmp=com.android.settings/.Settings$SystemDashboardActivity (has extras)} from uid 1000
06-05 18:10:26.655  root   586   627 E ANDR-PERF-MPCTL: Invalid profile no. 0, total profiles 0 only
06-05 18:10:26.659  1000  2628 10843 I chatty  : uid=1000(system) Binder:2628_1D expire 7 lines
06-05 18:10:26.673  1000  2628 10846 I chatty  : uid=1000(system) Binder:2628_1E expire 5 lines
06-05 18:10:26.714  1000 27469 30965 E ActivityThread: Failed to find provider info for com.qti.smq.qualcommFeedback.provider
06-05 18:10:26.751  1000 27469 27469 I zygote64: Deoptimizing int android.support.v4.content.res.TypedArrayUtils.getAttr(android.content.Context, int, int) due to JIT inline cache
06-05 18:10:26.796  1000 27469 30966 W TileUtils: Found com.android.settings.backup.BackupSettingsActivity for intent Intent { act=com.android.settings.action.SETTINGS pkg=com.android.settings } missing metadata com.android.settings.category
06-05 18:10:26.796  1000 27469 30966 W TileUtils: Found com.android.settings.Settings$SimRingtoneSettingsActivity for intent Intent { act=com.android.settings.action.SETTINGS pkg=com.android.settings } missing metadata 
06-05 18:10:26.799  1000 27469 27469 D DashboardSummary: Stopped listening for condition changes
06-05 18:10:26.809  1000 27469 30966 D Settings: No enabled state changed, skipping updateCategory call
06-05 18:10:26.913 10071 15758 15758 I GoogleInputMethod: onFinishInput() : Dummy InputConnection bound
06-05 18:10:26.914 10071 15758 15758 I GoogleInputMethod: onStartInput() : Dummy InputConnection bound
06-05 18:10:26.914  1000  2628  2765 I chatty  : uid=1000(system) android.display expire 1 line
06-05 18:10:26.917  1000 27469 27469 I zygote64: Deoptimizing void android.support.v7.widget.RecyclerView$5.detachViewFromParent(int) due to JIT inline cache
06-05 18:10:26.957  1000 27469 27493 D OpenGLRenderer: endAllActiveAnimators on 0x7c24fef800 (RippleDrawable) with handle 0x7c3b924220
06-05 18:10:27.161  1000  2152  2258 E libnav  : CablComputeBacklightLevel(): UpdateType = DifferentSceneUpdate
06-05 18:10:27.279  1000  2628  2708 I chatty  : uid=1000(system) ActivityManager expire 1 line
06-05 18:10:28.035  1041  2123 18216 I AudioPolicyManagerCustom: FLAG None hence request for a primary output
06-05 18:10:28.036  1041  2123 18216 I AudioPolicyManagerCustom: FLAG None hence request for a primary output
06-05 18:10:28.036  1000  2628 10843 I ActivityManager: START u0 {act=android.intent.action.MAIN cmp=com.android.settings/.SubSettings (has extras)} from uid 1000
06-05 18:10:28.039  root   586   627 E ANDR-PERF-MPCTL: Invalid profile no. 0, total profiles 0 only
06-05 18:10:28.043  1000  2628 10843 I chatty  : uid=1000(system) Binder:2628_1D expire 8 lines
06-05 18:10:28.054  1000  2628  7823 I chatty  : uid=1000(system) Binder:2628_16 expire 2 lines
06-05 18:10:28.056  1000  2628  7823 D CompatibilityInfo: mCompatibilityFlags - 0
06-05 18:10:28.056  1000  2628  7823 D CompatibilityInfo: applicationDensity - 480
06-05 18:10:28.056  1000  2628  7823 D CompatibilityInfo: applicationScale - 1.0
06-05 18:10:28.079  1000 27469 30968 E ActivityThread: Failed to find provider info for com.qti.smq.qualcommFeedback.provider
06-05 18:10:28.113  1000 27469 27469 D SubSettings: Launching fragment com.android.settings.development.DevelopmentSettings
06-05 18:10:28.122  1000  2628 10843 E UserRestrictionsUtils: Unknown restriction: null
06-05 18:10:28.124  1000  2628 10843 I chatty  : uid=1000(system) Binder:2628_1D identical 1 line
06-05 18:10:28.127  1000  2628 10843 E UserRestrictionsUtils: Unknown restriction: null
06-05 18:10:28.152  1000 27469 30967 D SharedPreferencesLogger: Tried to log string preference development.DevelopmentSettings/bluetooth_select_a2dp_codec = 1000000
06-05 18:10:28.152  1000 27469 30966 D SharedPreferencesLogger: Tried to log string preference development.DevelopmentSettings/bluetooth_select_a2dp_sample_rate = 0
06-05 18:10:28.152  1000 27469 30968 D SharedPreferencesLogger: Tried to log string preference development.DevelopmentSettings/bluetooth_select_a2dp_bits_per_sample = 0
06-05 18:10:28.152  1000  2628  7823 D CryptdConnector: SND -> {14 cryptfs isConvertibleToFBE}
06-05 18:10:28.152  1000 27469 30965 D SharedPreferencesLogger: Tried to log string preference development.DevelopmentSettings/bluetooth_select_avrcp_version = avrcp14
06-05 18:10:28.153  root   470   475 D VoldCryptCmdListener: cryptfs isConvertibleToFBE
06-05 18:10:28.154  1000 27469 30967 D SharedPreferencesLogger: Tried to log string preference development.DevelopmentSettings/bluetooth_select_a2dp_channel_mode = 0
06-05 18:10:28.154  1000 27469 30966 D SharedPreferencesLogger: Tried to log string preference development.DevelopmentSettings/bluetooth_select_a2dp_ldac_playback_quality = 1003
06-05 18:10:28.154  1000  2628  3209 D CryptdConnector: RCV <- {200 14 0}
06-05 18:10:28.193  1000 27469 30968 W TileUtils: Found com.android.settings.backup.BackupSettingsActivity for intent Intent { act=com.android.settings.action.SETTINGS pkg=com.android.settings } missing metadata com.android.settings.category
06-05 18:10:28.193  1000 27469 27469 W Settings: Setting bugreport_in_power_menu has moved from android.provider.Settings.Secure to android.provider.Settings.Global.
06-05 18:10:28.193  1000 27469 30968 W TileUtils: Found com.android.settings.Settings$SimRingtoneSettingsActivity for intent Intent { act=com.android.settings.action.SETTINGS pkg=com.android.settings } missing metadata 
06-05 18:10:28.205  1000 27469 30966 D SharedPreferencesLogger: Tried to log string preference development.DevelopmentSettings/track_frame_time = false
06-05 18:10:28.206  1000 27469 30967 D SharedPreferencesLogger: Tried to log string preference development.DevelopmentSettings/show_non_rect_clip = hide
06-05 18:10:28.207  1000 27469 30968 D Settings: No enabled state changed, skipping updateCategory call
06-05 18:10:28.207  1000 27469 30965 D SharedPreferencesLogger: Tried to log string preference development.DevelopmentSettings/debug_hw_overdraw = false
06-05 18:10:28.208  1000 27469 30966 D SharedPreferencesLogger: Tried to log string preference development.DevelopmentSettings/debug_hw_renderer = opengl
06-05 18:10:28.209  1000 27469 30967 D SharedPreferencesLogger: Tried to log string preference development.DevelopmentSettings/window_animation_scale = 1
06-05 18:10:28.211  1000 27469 30968 D SharedPreferencesLogger: Tried to log string preference development.DevelopmentSettings/transition_animation_scale = 1
06-05 18:10:28.213  1000 27469 30965 D SharedPreferencesLogger: Tried to log string preference development.DevelopmentSettings/animator_duration_scale = 1
06-05 18:10:28.214  1000 27469 30966 D SharedPreferencesLogger: Tried to log string preference development.DevelopmentSettings/overlay_display_devices = 
06-05 18:10:28.216  1000 27469 30967 D SharedPreferencesLogger: Tried to log string preference development.DevelopmentSettings/app_process_limit = -1
06-05 18:10:28.222  1000 27469 30968 D SharedPreferencesLogger: Tried to log string preference development.DevelopmentSettings/select_logd_size = 262144
06-05 18:10:28.223  1000  2628  7823 I WifiService: getVerboseLoggingLevel uid=1000
06-05 18:10:28.224  1000  2628  7823 I WifiService: getAggressiveHandover uid=1000
06-05 18:10:28.225  1000  2628  7823 I WifiService: getAllowScansWithTraffic uid=1000
06-05 18:10:28.230  1000 27469 30965 D SharedPreferencesLogger: Tried to log string preference development.DevelopmentSettings/simulate_color_space = -1
06-05 18:10:28.256 radio  3545  3545 E PhoneInterfaceManager: [PhoneIntfMgr] getAllowedCarriers: CommandException: com.android.internal.telephony.CommandException: REQUEST_NOT_SUPPORTED
06-05 18:10:28.261 radio  3545  3545 E PhoneInterfaceManager: [PhoneIntfMgr] getAllowedCarriers: CommandException: com.android.internal.telephony.CommandException: REQUEST_NOT_SUPPORTED
06-05 18:10:28.341  1000 27469 27469 I zygote64: Deoptimizing void android.support.v7.preference.Preference.onBindViewHolder(android.support.v7.preference.PreferenceViewHolder) due to JIT inline cache
06-05 18:10:28.372  1000 27469 30966 D SharedPreferencesLogger: Tried to log string preference development.DevelopmentSettings/select_usb_configuration = none
06-05 18:10:28.422 10071 15758 15758 I GoogleInputMethod: onFinishInput() : Dummy InputConnection bound
06-05 18:10:28.422 10071 15758 15758 I GoogleInputMethod: onStartInput() : Dummy InputConnection bound
06-05 18:10:28.425  1000  2628  2765 I ActivityManager: Displayed com.android.settings/.SubSettings: +360ms
06-05 18:10:28.448  1000 27469 27493 D OpenGLRenderer: endAllActiveAnimators on 0x7c2138ec00 (RippleDrawable) with handle 0x7c331fcf80
06-05 18:10:28.664  1000  2152  2258 E libnav  : CablComputeBacklightLevel(): UpdateType = DifferentSceneUpdate
06-05 18:10:28.778  1000  2628  2708 D ActivityTrigger: ActivityTrigger activityStopTrigger 
06-05 18:10:29.126 radio  4063  4092 I QcrilOemhookMsgTunnel: [1]processOemHookIndication length=44
06-05 18:10:29.127 radio  4063  4063 D QcrilMsgTunnelIfaceManager: handleMessage what = 0
06-05 18:10:29.502  1041  2123 18216 I AudioPolicyManagerCustom: FLAG None hence request for a primary output
06-05 18:10:29.503  1041  2123 18216 I AudioPolicyManagerCustom: FLAG None hence request for a primary output
06-05 18:10:29.605  1000   600   600 D SurfaceFlinger: duplicate layer name: changing com.android.settings/com.android.settings.SubSettings to com.android.settings/com.android.settings.SubSettings#1
06-05 18:10:29.961  1000  2152  2258 E libnav  : CablComputeBacklightLevel(): UpdateType = DifferentSceneUpdate
06-05 18:10:30.803  1000 27469 27469 V BugreportPreference: Taking interactive bugreport right away
06-05 18:10:30.806  1000  2628 10846 I ActivityManager: bugreportplus requested by UID 1000
06-05 18:10:30.811  1041  2123 18216 I AudioPolicyManagerCustom: FLAG None hence request for a primary output
06-05 18:10:30.811  1041  2123 18216 I AudioPolicyManagerCustom: FLAG None hence request for a primary output
06-05 18:10:30.957  root 30982 30982 D dumpstate: Loading stats from /data/user_de/0/com.android.shell/files/bugreports/dumpstate-stats.txt
06-05 18:10:30.957  root 30982 30982 I dumpstate: Could not read stats from /data/user_de/0/com.android.shell/files/bugreports/dumpstate-stats.txt; using max of 5000
06-05 18:10:30.958  root 30982 30982 I dumpstate: begin
06-05 18:10:30.958  root 30982 30982 I dumpstate: Starting 'dumpstate' service
06-05 18:10:30.960  root 30982 30982 I dumpstate: dumpstate info: id=1, args='/system/bin/dumpstate -d -p -B -z -o /data/user_de/0/com.android.shell/files/bugreports/bugreport', extra_options= bugreportplus)
06-05 18:10:30.960  root 30982 30982 I dumpstate: bugreport format version: 1.0
06-05 18:10:30.964  root 30982 30982 D dumpstate: Bugreport dir: /data/user_de/0/com.android.shell/files/bugreports
06-05 18:10:30.964  root 30982 30982 D dumpstate: Base name: bugreport-tphoneE-T5911INDABURF-57
06-05 18:10:30.964  root 30982 30982 D dumpstate: Suffix: 2018-06-05-18-10-30
06-05 18:10:30.964  root 30982 30982 D dumpstate: Log path: /data/user_de/0/com.android.shell/files/bugreports/bugreport-tphoneE-T5911INDABURF-57-2018-06-05-18-10-30-dumpstate_log-30982.txt
06-05 18:10:30.964  root 30982 30982 D dumpstate: Temporary path: /data/user_de/0/com.android.shell/files/bugreports/bugreport-tphoneE-T5911INDABURF-57-2018-06-05-18-10-30.tmp
06-05 18:10:30.964  root 30982 30982 D dumpstate: Screenshot path: 
06-05 18:10:30.964  root 30982 30982 D dumpstate: Creating initial .zip file (/data/user_de/0/com.android.shell/files/bugreports/bugreport-tphoneE-T5911INDABURF-57-2018-06-05-18-10-30.zip)
06-05 18:10:30.964  root 30982 30982 I dumpstate: Creating directory /data/user_de/0/com.android.shell/files
06-05 18:10:30.965  root 30982 30982 I dumpstate: Creating directory /data/user_de/0/com.android.shell/files/bugreports
06-05 18:10:30.965  root 30982 30982 D dumpstate: Adding zip text entry version.txt
06-05 18:10:30.966  root 30982 30982 I dumpstate: Sending broadcast: '/system/bin/cmd activity broadcast --user 0 --receiver-foreground --receiver-include-background -a com.android.internal.intent.action.BUGREPORT_STARTED --receiver-permission android.permission.DUMP --es android.intent.extra.NAME 2018-06-05-18-10-30 --ei android.intent.extra.ID 1 --ei android.intent.extra.PID 30982 --ei android.intent.extra.MAX 5000'
06-05 18:10:31.035  1000  2628  2708 I ActivityManager: Start proc 30987:com.android.shell/2000 for broadcast com.android.shell/.BugreportReceiver
06-05 18:10:31.060  1000  2628  7823 D CompatibilityInfo: mCompatibilityFlags - 0
06-05 18:10:31.060  1000  2628  7823 D CompatibilityInfo: applicationDensity - 480
06-05 18:10:31.060  1000  2628  7823 D CompatibilityInfo: applicationScale - 1.0
06-05 18:10:31.063  1000  2628  7823 D CompatibilityInfo: mCompatibilityFlags - 0
06-05 18:10:31.063  1000  2628  7823 D CompatibilityInfo: applicationDensity - 480
06-05 18:10:31.063  1000  2628  7823 D CompatibilityInfo: applicationScale - 1.0
06-05 18:10:31.085 shell 30987 30987 I zygote64: The ClassLoaderContext is a special shared library.
06-05 18:10:31.112 shell 30987 30987 D BugreportReceiver: onReceive(): com.android.internal.intent.action.BUGREPORT_STARTED extras: ID=1, PID=30982, MAX=5000, NAME=2018-06-05-18-10-30, no DESCRIPTION, no BUGREPORT, no SCREENSHOT, no INFO, no TITLE, no ORIGINAL_INTENT
06-05 18:10:31.114  1000  2628  7823 D CompatibilityInfo: mCompatibilityFlags - 0
06-05 18:10:31.114  1000  2628  7823 D CompatibilityInfo: applicationDensity - 480
06-05 18:10:31.114  1000  2628  7823 D CompatibilityInfo: applicationScale - 1.0
06-05 18:10:31.119  root 30982 30982 I dumpstate: Vibrate: 'cmd vibrator vibrate 150 dumpstate'
06-05 18:10:31.123 shell 30987 30987 V BugreportProgressService: onStartCommand(): no action extras: no ID, no PID, no MAX, no NAME, no DESCRIPTION, no BUGREPORT, no SCREENSHOT, no INFO, no TITLE, ORIGINAL_INTENT: com.android.internal.intent.action.BUGREPORT_STARTED extras: ID=1, PID=30982, MAX=5000, NAME=2018-06-05-18-10-30, no DESCRIPTION, no BUGREPORT, no SCREENSHOT, no INFO, no TITLE, no ORIGINAL_INTENT
06-05 18:10:31.124 shell 30987 31002 V BugreportProgressService: handleMessage(): com.android.internal.intent.action.BUGREPORT_STARTED extras: ID=1, PID=30982, MAX=5000, NAME=2018-06-05-18-10-30, no DESCRIPTION, no BUGREPORT, no SCREENSHOT, no INFO, no TITLE, no ORIGINAL_INTENT
06-05 18:10:31.152 shell 30987 31002 D BugreportProgressService: Progress #1: 0.00%
06-05 18:10:31.152 shell 30987 31002 D BugreportProgressService: Start running as foreground service on id 1
06-05 18:10:31.194  root 30982 30982 E dumpstate: can't find the pid
06-05 18:10:31.194  root 30982 30982 E dumpstate: Failed to find: /data/misc/anrd/
06-05 18:10:31.194  root 30982 30982 D dumpstate: Skipping systrace because '/sys/kernel/debug/tracing/tracing_on' content is '0'
06-05 18:10:31.261  1000  2152  2258 E libnav  : CablComputeBacklightLevel(): UpdateType = DifferentSceneUpdate
06-05 18:10:31.429  1000 27469 27480 I zygote64: Explicit concurrent copying GC freed 11397(577KB) AllocSpace objects, 0(0B) LOS objects, 67% free, 5MB/17MB, paused 73us total 84.654ms
06-05 18:10:31.785 10042  4079  4124 I zygote64: Explicit concurrent copying GC freed 44843(1797KB) AllocSpace objects, 8(416KB) LOS objects, 67% free, 5MB/17MB, paused 91us total 76.024ms
06-05 18:10:31.786  1000  2115  2227 I chatty  : uid=1000(system) HwBinder:2115_1 expire 396 lines
06-05 18:10:32.285 10060 30625 30775 I zygote64: Explicit concurrent copying GC freed 20625(1124KB) AllocSpace objects, 0(0B) LOS objects, 27% free, 10MB/14MB, paused 150us total 183.497ms
06-05 18:10:32.449 radio  4063  4092 I QcrilOemhookMsgTunnel: [1]processOemHookIndication length=44
06-05 18:10:32.449 radio  4063  4063 D QcrilMsgTunnelIfaceManager: handleMessage what = 0
06-05 18:10:32.818 10016 10873 10886 I zygote64: Explicit concurrent copying GC freed 92636(4MB) AllocSpace objects, 40(2MB) LOS objects, 52% free, 10MB/22MB, paused 126us total 175.274ms
06-05 18:10:33.009  1000  2628 10846 W AlarmManagerService: Unable to set rtc to 1528202433: Invalid argument
06-05 18:10:33.022 radio  2136  2350 E QC-time-services: Receive Passed == base = 12, unit = 1, operation = 0, result = 0
06-05 18:10:33.022  1000  2116  2161 E QC-time-services: Daemon: Time-services: Waiting to acceptconnection
06-05 18:10:33.022 radio  2136  2350 D QC-time-services: Lib:time_genoff_operation: pargs->base = 13
06-05 18:10:33.022 radio  2136  2350 D QC-time-services: Lib:time_genoff_operation: pargs->operation = 0
06-05 18:10:33.022 radio  2136  2350 D QC-time-services: Lib:time_genoff_operation: pargs->ts_val = 1528202433262
06-05 18:10:33.023 radio  2136  2350 D QC-time-services: Lib:time_genoff_operation: Send to server  passed!!
06-05 18:10:33.023  1000  2116  2161 D QC-time-services: Daemon: Connection accepted:time_genoff
06-05 18:10:33.023  1000  2116 31022 D QC-time-services: Daemon:Received base = 13, unit = 1, operation = 0,value = 1528202433262
06-05 18:10:33.023  1000  2116 31022 D QC-time-services: Daemon:genoff_opr: Base = 13, val = 1528202433262, operation = 0
06-05 18:10:33.023  1000  2116 31022 D QC-time-services: Daemon:Value read from QTimer mseconds = 16994618
06-05 18:10:33.023  1000  2116 31022 D QC-time-services: Daemon:Value read from RTC mseconds on boot = 1896230000
06-05 18:10:33.023  1000  2116 31022 D QC-time-services: Daemon:Delta read on boot mseconds = 1896145683
06-05 18:10:33.023  1000  2116 31022 D QC-time-services: Daemon:new time 1528202433262 
06-05 18:10:33.023  1000  2116 31022 D QC-time-services: Daemon: delta 1526289292961 genoff 1526289292961 
06-05 18:10:33.023  1000  2116 31022 D QC-time-services: Daemon:genoff_persistent_update: Writing genoff = 1526289292961 to memory
06-05 18:10:33.023  1000  2116 31022 D QC-time-services: Daemon:Opening File: /persist/time/ats_13 /data/time/ats_13
06-05 18:10:33.023  1000  2116 31022 D QC-time-services: Daemon:time_persistent_memory_opr:Genoff write operation 
06-05 18:10:33.032 radio  2136  2350 E QC-time-services: Receive Passed == base = 13, unit = 1, operation = 0, result = 0
06-05 18:10:33.032  1000  2116  2161 E QC-time-services: Daemon: Time-services: Waiting to acceptconnection
06-05 18:10:33.042 radio  2136  2350 D QC-time-services: Lib:time_genoff_operation: pargs->base = 12
06-05 18:10:33.042 radio  2136  2350 D QC-time-services: Lib:time_genoff_operation: pargs->operation = 0
06-05 18:10:33.043 radio  2136  2350 D QC-time-services: Lib:time_genoff_operation: pargs->ts_val = 1528202433262
06-05 18:10:33.043 radio  2136  2350 D QC-time-services: Lib:time_genoff_operation: Send to server  passed!!
06-05 18:10:33.043  1000  2116  2161 D QC-time-services: Daemon: Connection accepted:time_genoff
06-05 18:10:33.044  1000  2116 31021 D QC-time-services: Daemon:Received base = 12, unit = 1, operation = 0,value = 1528202433262
06-05 18:10:33.044  1000  2116 31021 D QC-time-services: Daemon:genoff_opr: Base = 12, val = 1528202433262, operation = 0
06-05 18:10:33.044  1000  2116 31021 D QC-time-services: Daemon:Value read from QTimer mseconds = 16994595
06-05 18:10:33.044  1000  2116 31021 D QC-time-services: Daemon:Value read from RTC mseconds on boot = 1896230000
06-05 18:10:33.044  1000  2116 31021 D QC-time-services: Daemon:Delta read on boot mseconds = 1896145683
06-05 18:10:33.044  1000  2116 31021 D QC-time-services: Daemon:new time 1528202433262 
06-05 18:10:33.045  1000  2116 31021 D QC-time-services: Daemon: delta 1526289292984 genoff 1526289292984 
06-05 18:10:33.045  1000  2116 31021 D QC-time-services: Daemon:genoff_persistent_update: Writing genoff = 1526289292984 to memory
06-05 18:10:33.045 radio  4063  4092 I QcrilOemhookMsgTunnel: [0]processOemHookIndication length=28
06-05 18:10:33.045  1000  2116 31021 D QC-time-services: Daemon:Opening File: /persist/time/ats_12 /data/time/ats_12
06-05 18:10:33.045  1000  2116 31021 D QC-time-services: Daemon:time_persistent_memory_opr:Genoff write operation 
06-05 18:10:33.045 radio  4063  4063 D QcrilMsgTunnelIfaceManager: handleMessage what = 0
06-05 18:10:33.048  1000  2628 10843 D AlarmManagerService: Kernel timezone updated to -330 minutes west of GMT
06-05 18:10:33.049 radio  4063  4092 I QcrilOemhookMsgTunnel: [1]processOemHookIndication length=44
06-05 18:10:33.050 radio  4063  4063 D QcrilMsgTunnelIfaceManager: handleMessage what = 0
06-05 18:10:33.053  1000  2628 10846 D AlarmManagerService: Setting time of day to sec=1528202433
06-05 18:10:33.308 10016 10888 10905 I zygote64: Explicit concurrent copying GC freed 239530(10MB) AllocSpace objects, 37(1576KB) LOS objects, 58% free, 8MB/20MB, paused 128us total 174.876ms
06-05 18:10:33.492  1000  2115  7768 I chatty  : uid=1000(system) HwBinder:2115_1 expire 2 lines
06-05 18:10:33.492  1000  2115  2115 I chatty  : uid=1000(system) /system/vendor/bin/dpmQmiMgr expire 9 lines
06-05 18:10:33.714 10071 15758 15772 I zygote64: Explicit concurrent copying GC freed 35419(1370KB) AllocSpace objects, 0(0B) LOS objects, 68% free, 5MB/17MB, paused 125us total 97.594ms
06-05 18:10:33.908  1041   566 18123 D audio_hw_primary: out_standby: enter: stream (0xeab39000) usecase(1: low-latency-playback)
06-05 18:10:33.976 10010 26334 26346 I zygote64: Explicit concurrent copying GC freed 5352(300KB) AllocSpace objects, 0(0B) LOS objects, 70% free, 1730KB/5MB, paused 172us total 27.357ms
06-05 18:10:33.976 10010 26334 26344 I zygote64: WaitForGcToComplete blocked NativeAlloc on HeapTrim for 28.915ms
06-05 18:10:34.114  1041   566 18123 D audio_hw_primary: disable_audio_route: reset and update mixer path: low-latency-playback
06-05 18:10:34.115  1041   566 18123 D soundtrigger: audio_extn_sound_trigger_update_stream_status: uc_id 1 of type 0 for Event 2, with Raise=0
06-05 18:10:34.115  1041   566 18123 D hardware_info: hw_info_append_hw_type : device_name = headphones
06-05 18:10:34.115  1041   566 18123 D audio_hw_primary: disable_snd_device: snd_device(9: headphones)
06-05 18:10:34.115  1041   566 18123 D msm8916_platform: platform_split_snd_device: snd_device(9) num devices(0) new_snd_devices(0)
06-05 18:10:34.125  1041   566 18123 I soundtrigger: audio_extn_sound_trigger_update_device_status: device 0x9 of type 0 for Event 0, with Raise=0
06-05 18:10:34.125  1041   566 18123 D audio_hw_primary: out_standby: exit
06-05 18:10:34.147 10017 26386 26398 I zygote64: Explicit concurrent copying GC freed 396(35KB) AllocSpace objects, 0(0B) LOS objects, 81% free, 932KB/4MB, paused 344us total 11.433ms
06-05 18:10:34.355 10033 10031 10130 I zygote64: Explicit concurrent copying GC freed 71505(8MB) AllocSpace objects, 37(1844KB) LOS objects, 88% free, 1646KB/13MB, paused 161us total 35.459ms
06-05 18:10:34.537 shell 30987 31001 I zygote64: Explicit concurrent copying GC freed 971(167KB) AllocSpace objects, 0(0B) LOS objects, 92% free, 952KB/12MB, paused 105us total 9.883ms
06-05 18:10:34.712 u0_a2 30732 30957 I zygote64: Explicit concurrent copying GC freed 1582(79KB) AllocSpace objects, 0(0B) LOS objects, 76% free, 1226KB/5MB, paused 57us total 15.155ms
06-05 18:10:34.893 10016  4118  4137 I zygote64: Explicit concurrent copying GC freed 108(26KB) AllocSpace objects, 0(0B) LOS objects, 77% free, 1156KB/5MB, paused 54us total 11.961ms
06-05 18:10:34.911 10034  3373  3373 D KeyguardUpdateMonitor: received broadcast android.intent.action.BATTERY_CHANGED
06-05 18:10:34.916 10034  3373  3373 D KeyguardUpdateMonitor: handleBatteryUpdate
06-05 18:10:35.107 10081 30530 30543 I zygote64: Explicit concurrent copying GC freed 4105(334KB) AllocSpace objects, 2(40KB) LOS objects, 65% free, 2MB/6MB, paused 57us total 30.689ms
06-05 18:10:35.295 10014 28420 28431 I zygote64: Explicit concurrent copying GC freed 1418(89KB) AllocSpace objects, 0(0B) LOS objects, 77% free, 1161KB/5MB, paused 62us total 13.885ms
06-05 18:10:35.447  1000  2628  3206 V WiredAccessoryManager: notifyWiredAccessoryChanged: when=14215270537000 bits= mask=94
06-05 18:10:35.447  1000  2628  3206 V WiredAccessoryManager: newName=h2w newState=0 headsetState=0 prev headsetState=2
06-05 18:10:35.447  1000  2628  3206 I WiredAccessoryManager: MSG_NEW_DEVICE_STATE
06-05 18:10:35.448  1000  2628  2628 V WiredAccessoryManager: headsetName:  disconnected
06-05 18:10:35.450  1000  2628  2708 W BroadcastQueue: Background execution not allowed: receiving Intent { act=android.media.AUDIO_BECOMING_NOISY flg=0x14000010 } to com.smartron.music/.MediaButtonIntentReceiver
06-05 18:10:35.474 10034 30413 30426 I zygote64: Explicit concurrent copying GC freed 58(40KB) AllocSpace objects, 0(0B) LOS objects, 79% free, 1024KB/5MB, paused 49us total 10.754ms
06-05 18:10:35.650 10055 30148 30159 I zygote64: Explicit concurrent copying GC freed 890(91KB) AllocSpace objects, 0(0B) LOS objects, 74% free, 1401KB/5MB, paused 66us total 18.639ms
06-05 18:10:35.815 u0_a3 30171 30183 I zygote64: Explicit concurrent copying GC freed 448(55KB) AllocSpace objects, 0(0B) LOS objects, 80% free, 982KB/4MB, paused 102us total 10.395ms
06-05 18:10:36.071 10089 30037 30048 I zygote64: Explicit concurrent copying GC freed 2265(217KB) AllocSpace objects, 0(0B) LOS objects, 60% free, 2MB/6MB, paused 171us total 45.297ms
06-05 18:10:36.151  1041  2123 18216 D AudioPolicyManagerCustom: setForceUse() usage 1, config 0, mPhoneState 0
06-05 18:10:36.152  1041  2123 18216 D AudioPolicyManagerCustom: setDeviceConnectionStateInt() device: 0x4, state 0, address  name 
06-05 18:10:36.153  1041   566 18123 D audio_hw_primary: adev_set_parameters: enter: disconnect=4
06-05 18:10:36.153  1041   566 18123 D audio_hw_extn: audio_extn_set_anc_parameters: anc_enabled:0
06-05 18:10:36.153  1041   566 18123 D audio_hw_spkr_prot: audio_extn_fbsp_set_parameters: Speaker protection disabled
06-05 18:10:36.156  1041   566 18123 D audio_hw_primary: out_set_parameters: enter: usecase(1: low-latency-playback) kvpairs: routing=0
06-05 18:10:36.156  1041   566 18123 D audio_hw_extn: audio_extn_set_anc_parameters: anc_enabled:0
06-05 18:10:36.156  1041   566 18123 D audio_hw_spkr_prot: audio_extn_fbsp_set_parameters: Speaker protection disabled
06-05 18:10:36.158  1041   566 18123 D audio_hw_primary: out_set_parameters: enter: usecase(12: audio-ull-playback) kvpairs: routing=0
06-05 18:10:36.161  1041   566   566 D audio_hw_primary: out_set_parameters: enter: usecase(0: deep-buffer-playback) kvpairs: routing=0
06-05 18:10:36.165 10034  3373  3373 V MediaRouter: Audio routes updated: AudioRoutesInfo{ type=SPEAKER }, a2dp=false
06-05 18:10:36.166 10034  3373  3373 V MediaRouter: Selecting route: RouteInfo{ name=Phone, description=null, status=null, category=RouteCategory{ name=System types=ROUTE_TYPE_LIVE_AUDIO ROUTE_TYPE_LIVE_VIDEO  groupable=false }, supportedTypes=ROUTE_TYPE_LIVE_AUDIO ROUTE_TYPE_LIVE_VIDEO , presentationDisplay=null }
06-05 18:10:36.174  1000  2628  2628 V MediaRouter: Audio routes updated: AudioRoutesInfo{ type=SPEAKER }, a2dp=false
06-05 18:10:36.174  1000  2628  2628 V MediaRouter: Selecting route: RouteInfo{ name=Phone, description=null, status=null, category=RouteCategory{ name=System types=ROUTE_TYPE_LIVE_AUDIO ROUTE_TYPE_LIVE_VIDEO  groupable=false }, supportedTypes=ROUTE_TYPE_LIVE_AUDIO ROUTE_TYPE_LIVE_VIDEO , presentationDisplay=null }
06-05 18:10:36.174  1000  2628  2628 I Telecom : WiredHeadsetManager: ACTION_HEADSET_PLUG event, plugged in: true, : WHC.oADR@Dwk
06-05 18:10:36.181  1041  2123 18216 D AudioPolicyManagerCustom: setDeviceConnectionStateInt() device: 0x80000010, state 0, address  name 
06-05 18:10:36.181  1041   566   566 D audio_hw_primary: adev_set_parameters: enter: disconnect=-2147483632
06-05 18:10:36.181  1041   566   566 D audio_hw_extn: audio_extn_set_anc_parameters: anc_enabled:0
06-05 18:10:36.181  1041   566   566 D sound_trigger_hw: handle_device_switch: device 0x80000010 Disconnected
06-05 18:10:36.181  1041   566   566 D audio_hw_spkr_prot: audio_extn_fbsp_set_parameters: Speaker protection disabled
06-05 18:10:36.181 10016 10873 10873 V MediaRouter: Audio routes updated: AudioRoutesInfo{ type=SPEAKER }, a2dp=false
06-05 18:10:36.182 10016 10873 10873 V MediaRouter: Selecting route: RouteInfo{ name=Phone, description=null, status=null, category=RouteCategory{ name=System types=ROUTE_TYPE_LIVE_AUDIO ROUTE_TYPE_LIVE_VIDEO  groupable=false }, supportedTypes=ROUTE_TYPE_LIVE_AUDIO ROUTE_TYPE_LIVE_VIDEO , presentationDisplay=null }
06-05 18:10:36.184  1041   566   566 D audio_hw_primary: adev_close_input_stream: enter:stream_handle(0xea517200)
06-05 18:10:36.184  1041   566   566 D compress_voip: voice_extn_compress_voip_close_input_stream: enter
06-05 18:10:36.184  1041   566   566 D compress_voip: voip_stop_call: enter, out_stream_count=0, in_stream_count=0
06-05 18:10:36.184  1041   566   566 E compress_voip: voip_stop_call: Could not find the usecase (36) in the list
06-05 18:10:36.185  1041   566   566 E audio_hw_primary: adev_close_input_stream: Compress voip input cannot be closed, error:-22
06-05 18:10:36.187  1000  2628  2628 I Telecom : WiredHeadsetManager: ACTION_HEADSET_PLUG event, plugged in: false, : WHC.oADR@Dwo
06-05 18:10:36.188  1000  2628  3753 I Telecom : CallAudioRouteStateMachine: Message received: DISCONNECT_WIRED_HEADSET=2, arg1=0: WHC.oADR->CARSM.pM_DISCONNECT_WIRED_HEADSET@Dwo
06-05 18:10:36.188  1000  2628  3753 I Telecom : Logging.Events: Non-call EVENT: AUDIO_ROUTE, Wired headset disconnected: WHC.oADR->CARSM.pM_DISCONNECT_WIRED_HEADSET@Dwo
06-05 18:10:36.189  1000  2628  3753 I Telecom : CallAudioRouteStateMachine: Message received: SWITCH_BASELINE_ROUTE=1005, arg1=1: WHC.oADR->CARSM.pM_DISCONNECT_WIRED_HEADSET->CARSM.pM_SWITCH_BASELINE_ROUTE@Dwo
06-05 18:10:36.189  1000  2628  3753 I Telecom : CallAudioRouteStateMachine: Message received: SWITCH_EARPIECE=1001, arg1=0: WHC.oADR->CARSM.pM_DISCONNECT_WIRED_HEADSET->CARSM.pM_SWITCH_BASELINE_ROUTE->CARSM.pM_SWITCH_EARPIECE@Dwo
06-05 18:10:36.189  1000  2628  3753 I Telecom : Logging.Events: Non-call EVENT: AUDIO_ROUTE, Leaving state QuiescentHeadsetRoute: WHC.oADR->CARSM.pM_DISCONNECT_WIRED_HEADSET->CARSM.pM_SWITCH_BASELINE_ROUTE->CARSM.pM_SWITCH_EARPIECE@Dwo
06-05 18:10:36.190  1000  2628  3753 I Telecom : Logging.Events: Non-call EVENT: AUDIO_ROUTE, Entering state QuiescentEarpieceRoute: WHC.oADR->CARSM.pM_DISCONNECT_WIRED_HEADSET->CARSM.pM_SWITCH_BASELINE_ROUTE->CARSM.pM_SWITCH_EARPIECE@Dwo
06-05 18:10:36.288 10076 29986 29997 I zygote64: Explicit concurrent copying GC freed 4193(395KB) AllocSpace objects, 0(0B) LOS objects, 50% free, 3MB/7MB, paused 61us total 26.218ms
06-05 18:10:36.450 radio 29968 29982 I zygote64: Explicit concurrent copying GC freed 308(35KB) AllocSpace objects, 0(0B) LOS objects, 81% free, 929KB/4MB, paused 124us total 8.657ms
06-05 18:10:36.659 u0_a7 28876 28970 I zygote64: Explicit concurrent copying GC freed 5873(299KB) AllocSpace objects, 0(0B) LOS objects, 62% free, 2MB/6MB, paused 75us total 38.013ms
06-05 18:10:36.870 10065 29899 30021 I zygote64: Explicit concurrent copying GC freed 4004(209KB) AllocSpace objects, 0(0B) LOS objects, 67% free, 1932KB/5MB, paused 75us total 27.674ms
06-05 18:10:37.045 10014 29880 29896 I zygote64: Explicit concurrent copying GC freed 386(42KB) AllocSpace objects, 0(0B) LOS objects, 81% free, 946KB/4MB, paused 128us total 10.288ms
06-05 18:10:37.214 10032 29859 29875 I zygote64: Explicit concurrent copying GC freed 321(40KB) AllocSpace objects, 0(0B) LOS objects, 81% free, 936KB/4MB, paused 90us total 8.960ms
06-05 18:10:37.389 10013 29841 29855 I zygote64: Explicit concurrent copying GC freed 904(78KB) AllocSpace objects, 0(0B) LOS objects, 80% free, 1007KB/4MB, paused 210us total 11.984ms
06-05 18:10:37.583 10059 29790 29802 I zygote  : Explicit concurrent copying GC freed 11419(585KB) AllocSpace objects, 2(104KB) LOS objects, 76% free, 1241KB/5MB, paused 141us total 23.112ms
06-05 18:10:37.848 10057 29766 29778 I zygote64: Explicit concurrent copying GC freed 690(62KB) AllocSpace objects, 0(0B) LOS objects, 72% free, 1526KB/5MB, paused 54us total 17.061ms
06-05 18:10:38.004  1000  2115  2227 I chatty  : uid=1000(system) HwBinder:2115_1 expire 35 lines
06-05 18:10:38.007  1000  2115  2227 D         : DpmQmiUtils::parseSocketLine: Skip non-listening udp6 Socket: state = 87, nProtocol = 17, front = 498:, nSrcAddrV6 = ::, tempFilter.srcPort= 8256, nDestAddrV6 =::, tempFilter.dstPort=0, rest = 0
06-05 18:10:38.007  1000  2115  2227 D         : DpmQmiUtils::parseSocketLine: Now Parsing   824: 00000000000000000000000000000000:839C 00000000000000000000000000000000:0000 87 00000000:00000000 00:00000000 00000000  1001        0 36833 2 0000000000000000 0
06-05 18:10:38.007  1000  2115  2227 D         : DpmQmiUtils::parseSocketLine: Skip non-listening udp6 Socket: state = 87, nProtocol = 17, front = 824:, nSrcAddrV6 = ::, tempFilter.srcPort= 839C, nDestAddrV6 =::, tempFilter.dstPort=0, rest = 0
06-05 18:10:38.007  1000  2115  2227 D         : DpmQmiUtils::parseSocketLine: Now Parsing   912: 00000000000000000000000000000000:83F4 00000000000000000000000000000000:0000 87 00000000:00000000 00:00000000 00000000  1001        0 36832 2 0000000000000000 0
06-05 18:10:38.007  1000  2115  2227 D         : DpmQmiUtils::parseSocketLine: Skip non-listening udp6 Socket: state = 87, nProtocol = 17, front = 912:, nSrcAddrV6 = ::, tempFilter.srcPort= 83F4, nDestAddrV6 =::, tempFilter.dstPort=0, rest = 0
06-05 18:10:38.007  1000  2115  2227 D         : DpmQmiUtils::parseSocketLine: Now Parsing  1153: 00000000000000000000000000000000:8CE5 00000000000000000000000000000000:0000 87 00000000:00000000 00:00000000 00000000  1001        0 36831 2 0000000000000000 0
06-05 18:10:38.007  1000  2115  2227 D         : DpmQmiUtils::parseSocketLine: Skip non-listening udp6 Socket: state = 87, nProtocol = 17, front = 1153:, nSrcAddrV6 = ::, tempFilter.srcPort= 8CE5, nDestAddrV6 =::, tempFilter.dstPort=0, rest = 0
06-05 18:10:38.007  1000  2115  2227 D         : DpmQmiUtils::parseSocketLine: Now Parsing  1599: 000080FE00000000CA0B382623CFEED8:A6A3 00000000000000000000000000000000:0000 07 00000000:00000000 00:00000000 00000000  1000        0 44247 2 0000000000000000 0
06-05 18:10:38.007  1000  2115  2227 D         : DpmQmiUtils::parseSocketLine: Add filter for AF=10, protocol=17, nSrcAddrV6 = fe80::2638:bca:d8ee:cf23, sport=A3A6, nDestAddrV6 =::, dport=0, 
06-05 18:10:38.007  1000  2115  2227 D         : DpmQmiUtils::parseSocketLine: Now Parsing  1619: 000080FE00000000CA0B382623CFEED8:A6B7 00000000000000000000000000000000:0000 07 00000000:00000000 00:00000000 00000000  1000        0 43778 2 0000000000000000 0
06-05 18:10:38.007  1000  2115  2227 D         : DpmQmiUtils::parseSocketLine: Add filter for AF=10, protocol=17, nSrcAddrV6 = fe80::2638:bca:d8ee:cf23, sport=B7A6, nDestAddrV6 =::, dport=0, 
06-05 18:10:38.007  1000  2115  2227 D         : DpmQmiUtils::parseSocketFile: closing pSocketFile
06-05 18:10:38.007  1000  2115  2227 D         : DpmQmiMgr::installListenFilters: Found listen filters size v4 0 v6 3 for iface rmnet_data2
06-05 18:10:38.007  1000  2115  2227 D         : DpmQmiMgr::installListenFilters: Currently installed listen filters size v4 0 v6 3
06-05 18:10:38.007  1000  2115  2227 D         : DpmQmiMgr::installListenFilters: New listen filters size v4 0 v6 0
06-05 18:10:38.007  1000  2115  2227 D         : DpmQmiMgr::installListenFilters: No new filter to install
06-05 18:10:38.013 u0_a2 29749 29762 I zygote64: Explicit concurrent copying GC freed 458(37KB) AllocSpace objects, 0(0B) LOS objects, 81% free, 932KB/4MB, paused 108us total 9.236ms
06-05 18:10:38.337 10044 15443 15461 I zygote64: Explicit concurrent copying GC freed 35566(1998KB) AllocSpace objects, 2(72KB) LOS objects, 36% free, 7MB/11MB, paused 111us total 110.233ms
06-05 18:10:38.591  1000 29021 29034 I zygote64: Explicit concurrent copying GC freed 397(35KB) AllocSpace objects, 0(0B) LOS objects, 81% free, 943KB/4MB, paused 368us total 10.981ms
06-05 18:10:38.780 10014 28972 28984 I zygote64: Explicit concurrent copying GC freed 7644(437KB) AllocSpace objects, 20(1040KB) LOS objects, 75% free, 1355KB/5MB, paused 63us total 19.689ms
06-05 18:10:38.948 10027 28729 28742 I zygote64: Explicit concurrent copying GC freed 390(35KB) AllocSpace objects, 0(0B) LOS objects, 81% free, 927KB/4MB, paused 359us total 11.638ms
06-05 18:10:39.124  1000 28711 28722 I zygote64: Explicit concurrent copying GC freed 488(37KB) AllocSpace objects, 0(0B) LOS objects, 80% free, 1002KB/4MB, paused 378us total 13.139ms
06-05 18:10:39.306 10044 15417 15432 I zygote64: Explicit concurrent copying GC freed 19559(8MB) AllocSpace objects, 0(0B) LOS objects, 91% free, 1173KB/13MB, paused 193us total 17.261ms
06-05 18:10:39.490 radio  4063  4078 I zygote64: Explicit concurrent copying GC freed 40347(3MB) AllocSpace objects, 0(0B) LOS objects, 92% free, 994KB/12MB, paused 73us total 20.390ms
06-05 18:10:39.664 10085  4098  4127 I zygote64: Explicit concurrent copying GC freed 4885(1403KB) AllocSpace objects, 0(0B) LOS objects, 92% free, 926KB/12MB, paused 150us total 12.219ms
06-05 18:10:39.841  1000  4038  4062 I zygote64: Explicit concurrent copying GC freed 5708(1368KB) AllocSpace objects, 0(0B) LOS objects, 92% free, 931KB/12MB, paused 90us total 12.103ms
06-05 18:10:40.013 radio  4028  4053 I zygote64: Explicit concurrent copying GC freed 4654(1220KB) AllocSpace objects, 0(0B) LOS objects, 92% free, 931KB/12MB, paused 94us total 10.767ms
06-05 18:10:40.186  1000  4013  4027 I zygote64: Explicit concurrent copying GC freed 5170(1195KB) AllocSpace objects, 4(144KB) LOS objects, 92% free, 939KB/12MB, paused 84us total 12.339ms
06-05 18:10:40.468 radio  3545  3601 I zygote64: Explicit concurrent copying GC freed 152969(11MB) AllocSpace objects, 0(0B) LOS objects, 76% free, 3MB/15MB, paused 136us total 70.500ms
06-05 18:10:40.719  1000  3531  3591 I zygote64: Explicit concurrent copying GC freed 37327(2MB) AllocSpace objects, 4(1136KB) LOS objects, 91% free, 1144KB/13MB, paused 88us total 20.593ms
06-05 18:10:40.892 radio  3511 26523 I zygote64: Explicit concurrent copying GC freed 132755(3MB) AllocSpace objects, 0(0B) LOS objects, 92% free, 963KB/12MB, paused 122us total 13.442ms
06-05 18:10:41.106  1000  3487 23532 I zygote64: Explicit concurrent copying GC freed 146987(7MB) AllocSpace objects, 4(80KB) LOS objects, 88% free, 1651KB/13MB, paused 98us total 44.579ms
06-05 18:10:41.458 10034  3373  9414 I zygote64: Explicit concurrent copying GC freed 135534(6MB) AllocSpace objects, 0(0B) LOS objects, 65% free, 6MB/18MB, paused 115us total 105.152ms
06-05 18:10:42.137  1000  2628  7823 I zygote64: Explicit concurrent copying GC freed 149167(6MB) AllocSpace objects, 14(1196KB) LOS objects, 42% free, 16MB/28MB, paused 199us total 285.391ms
06-05 18:10:42.592  1000  2628  7604 I ActivityManager: Killing 29749:com.android.calllogbackup/u0a2 (adj 906): empty #17
06-05 18:10:42.594  1000  2628  2710 W zygote64: kill(-29749, 9) failed: No such process
06-05 18:10:42.594  1000  2115  7768 D         : DpmDfsTracker::dfsIndCb: Received DFS IND id 44
06-05 18:10:42.594  1000  2115  7768 D         : DpmComH::addComEventHandler fd 24, ComEventCallback 0x5db1a70470, void* 0x7b6b62d090, ComCloseCallback 0x0, events 1
06-05 18:10:42.594  1000  2115  2115 D         : DpmComH :there are 1 file descriptor(s) with events pending
06-05 18:10:42.594  1000  2115  2115 D         : DpmComH : 1 events pending, handling 1 for 24
06-05 18:10:42.594  1000  2115  2115 D         : DpmComH :fd '24' is processing events [callback:0x5db1a70470, data:0x7b6b62d090]
06-05 18:10:42.594  1000  2115  2115 D         : DpmDfsTracker::dfsEventfdCallback: fd 24
06-05 18:10:42.594  1000  2115  2115 D         : DpmComH::removeComEventHandler fd 24
06-05 18:10:42.594  1000  2115  2115 D         : DpmQmiMgr::dfsFilteringIndHdlr: Calling update filter status 
06-05 18:10:42.594  1000  2115  2115 D         : DpmQmiMgr::updateFilterStatus: 
06-05 18:10:42.594  1000  2115  2115 D         : DpmQmiMgr::getFilterStatus:
06-05 18:10:42.595  1000  2115  2115 D         : DpmQmiMgr::Calling filterIndCb: 
06-05 18:10:42.596  1000  2115  2227 D         : DpmQmiMgr uninstallFilters
06-05 18:10:42.596  1000  2115  2227 D         : DpmQmiMgr::clearAllDfsFilters:
06-05 18:10:42.596  1000  2115  2227 D         : DpmDfsTracker::removeAllDfsFilters enter
06-05 18:10:42.597  1000  2115  2227 D         : DpmQmiMgr setDfsFilterMode
06-05 18:10:42.597  1000  2115  2227 D         : DpmQmiMgr::setDfsFilterMode v4: enable 0
06-05 18:10:42.639  1000  2628  2710 W zygote64: kill(-29749, 9) failed: No such process
06-05 18:10:42.639  1000  2628  2710 I zygote64: Successfully killed process cgroup uid 10002 pid 29749 in 46ms
06-05 18:10:42.766  1000  2115  7767 D         : DpmWdsTracker::dpmQmiWdsIndHdlr: Recieved EVENT_REPORT_IND with dormancy status:2
06-05 18:10:42.766  1000  2115  7767 D         : DpmWdsTracker::processEventReportIndication: Entering here 
06-05 18:10:42.766  1000  2115  7767 D         : DpmComH::addComEventHandler fd 24, ComEventCallback 0x5db1a70ee4, void* 0x7b6ba2b4d0, ComCloseCallback 0x0, events 1
06-05 18:10:42.767  1000  2115  2115 D         : DpmComH :there are 1 file descriptor(s) with events pending
06-05 18:10:42.767  1000  2115  2115 D         : DpmComH : 1 events pending, handling 1 for 24
06-05 18:10:42.767  1000  2115  2115 D         : DpmComH :fd '24' is processing events [callback:0x5db1a70ee4, data:0x7b6ba2b4d0]
06-05 18:10:42.767  1000  2115  2115 D         : DpmWdsTracker::wdsEventfdCallback: fd 24
06-05 18:10:42.767  1000  2115  2115 D         : DpmComH::removeComEventHandler fd 24
06-05 18:10:42.767  1000  2115  2115 D         : DpmQmiMgr::WdsPortTracker::dormIndHdlr
06-05 18:10:42.768  1000  2115  2115 D         : DpmWdsTracker::getDormancy: iface rmnet_data2 dormancy status 1
06-05 18:10:42.768  1000  2115  2115 D         : Dispatching QMI_WDS_DORMANCY_STATUS_CHG event
06-05 18:10:42.769  1000  2115  8124 D         : DpmWdsTracker::dpmQmiWdsIndHdlr: Recieved EVENT_REPORT_IND with dormancy status:2
06-05 18:10:42.769  1000  2115  8124 D         : DpmWdsTracker::processEventReportIndication: Entering here 
06-05 18:10:42.769  1000  2115  8124 D         : DpmComH::addComEventHandler fd 24, ComEventCallback 0x5db1a70ee4, void* 0x7b6ba2b520, ComCloseCallback 0x0, events 1
06-05 18:10:42.769  1000  2115  2115 D         : DpmComH :there are 1 file descriptor(s) with events pending
06-05 18:10:42.769  1000  2115  2115 D         : DpmComH : 1 events pending, handling 1 for 24
06-05 18:10:42.769  1000  2115  2115 D         : DpmComH :fd '24' is processing events [callback:0x5db1a70ee4, data:0x7b6ba2b520]
06-05 18:10:42.770  1000  2115  2227 D         : DpmQmiMgr setDormancyEventReport 
06-05 18:10:42.770  1000  2115  2227 D         : DpmWdsTracker::setDormancyEventReport: enable:0 for QMI port:rmnet_data2
06-05 18:10:42.770  1000  2115  2115 D         : DpmWdsTracker::wdsEventfdCallback: fd 24
06-05 18:10:42.770  1000  2115  2115 D         : DpmComH::removeComEventHandler fd 24
06-05 18:10:42.770  1000  2115  2115 D         : DpmQmiMgr::WdsPortTracker::dormIndHdlr
06-05 18:10:42.771  1000  2115  2227 D         : DpmWdsTracker::setDormancyEventReport: Set dorm event report for QMI port:rmnet_data2, as:0
06-05 18:10:42.771  1000  2115  2115 D         : DpmWdsTracker::getDormancy: iface rmnet_data1 dormancy status 1
06-05 18:10:42.771  1000  2115  2115 D         : Dispatching QMI_WDS_DORMANCY_STATUS_CHG event
