06-05 18:09:06.017  1000  2628  3753 I Telecom : Logging.Events: Non-call EVENT: AUDIO_ROUTE, Wired headset disconnected: WHC.oADA->CARSM.pM_DISCONNECT_WIRED_HEADSET@DuE
06-05 18:09:06.018  1000  2628  3753 I Telecom : CallAudioRouteStateMachine: Message received: SWITCH_BASELINE_ROUTE=1005, arg1=1: WHC.oADA->CARSM.pM_DISCONNECT_WIRED_HEADSET->CARSM.pM_SWITCH_BASELINE_ROUTE@DuE
06-05 18:09:06.018  1000  2628  3753 I Telecom : CallAudioRouteStateMachine: Message received: SWITCH_EARPIECE=1001, arg1=0: WHC.oADA->CARSM.pM_DISCONNECT_WIRED_HEADSET->CARSM.pM_SWITCH_BASELINE_ROUTE->CARSM.pM_SWITCH_EARPIECE@DuE
06-05 18:09:06.018  1000  2628  3753 I Telecom : Logging.Events: Non-call EVENT: AUDIO_ROUTE, Leaving state QuiescentHeadsetRoute: WHC.oADA->CARSM.pM_DISCONNECT_WIRED_HEADSET->CARSM.pM_SWITCH_BASELINE_ROUTE->CARSM.pM_SWITCH_EARPIECE@DuE
06-05 18:09:06.018  1000  2628  3753 I Telecom : Logging.Events: Non-call EVENT: AUDIO_ROUTE, Entering state QuiescentEarpieceRoute: WHC.oADA->CARSM.pM_DISCONNECT_WIRED_HEADSET->CARSM.pM_SWITCH_BASELINE_ROUTE->CARSM.pM_SWITCH_EARPIECE@DuE
06-05 18:09:06.024  1000  2628  2628 V WiredAccessoryManager: headsetName:  connected
06-05 18:09:06.286  1000  2628  2708 E ActivityManager: ANR in com.google.android.apps.tachyon (com.google.android.apps.tachyon/.MainActivity)
06-05 18:09:06.286  1000  2628  2708 E ActivityManager: PID: 27299
06-05 18:09:06.286  1000  2628  2708 E ActivityManager: Reason: Input dispatching timed out (Waiting to send non-key event because the touched window has not finished processing certain input events that were delivered to it over 500.0ms ago.  Wait queue length: 8.  Wait queue head age: 5651.7ms.)
06-05 18:09:06.286  1000  2628  2708 E ActivityManager: Load: 9.39 / 8.91 / 7.08
06-05 18:09:06.286  1000  2628  2708 E ActivityManager: CPU usage from 0ms to 6328ms later (2018-06-05 18:08:59.896 to 2018-06-05 18:09:06.224):
06-05 18:09:06.286  1000  2628  2708 E ActivityManager:   91% 27299/com.google.android.apps.tachyon: 66% user + 25% kernel / faults: 4564 minor 108 major
06-05 18:09:06.286  1000  2628  2708 E ActivityManager:   43% 2142/mm-qcamera-daemon: 32% user + 11% kernel / faults: 13082 minor
06-05 18:09:06.286  1000  2628  2708 E ActivityManager:   41% 2628/system_server: 25% user + 16% kernel / faults: 4181 minor 66 major
06-05 18:09:06.286  1000  2628  2708 E ActivityManager:   19% 2135/media.codec: 6% user + 13% kernel / faults: 1956 minor 28 major
06-05 18:09:06.286  1000  2628  2708 E ActivityManager:   14% 566/android.hardware.audio@2.0-service: 4.4% user + 9.6% kernel / faults: 102 minor
06-05 18:09:06.286  1000  2628  2708 E ActivityManager:   12% 568/android.hardware.camera.provider@2.4-service: 2.5% user + 9.4% kernel / faults: 13 minor
06-05 18:09:06.286  1000  2628  2708 E ActivityManager:   10% 3373/com.android.systemui: 8.5% user + 2% kernel / faults: 2159 minor 44 major
06-05 18:09:06.286  1000  2628  2708 E ActivityManager:   8.2% 2123/audioserver: 5.5% user + 2.6% kernel / faults: 640 minor 8 major
06-05 18:09:06.286  1000  2628  2708 E ActivityManager:   6.1% 2124/cameraserver: 3.9% user + 2.2% kernel / faults: 575 minor 3 major
06-05 18:09:06.286  1000  2628  2708 E ActivityManager:   5.3% 3545/com.android.phone: 3.9% user + 1.4% kernel / faults: 2011 minor 40 major
06-05 18:09:06.286  1000  2628  2708 E ActivityManager:   5% 600/surfaceflinger: 2.2% user + 2.8% kernel / faults: 254 minor 8 major
06-05 18:09:06.286  1000  2628  2708 E ActivityManager:   4.1% 28785/adbd: 1.4% user + 2.6% kernel / faults: 1004 minor
06-05 18:09:06.286  1000  2628  2708 E ActivityManager:   3.4% 9892/VosTXThread: 0% user + 3.4% kernel
06-05 18:09:06.286  1000  2628  2708 E ActivityManager:   3.3% 574/android.hardware.graphics.composer@2.1-service: 3% user + 0.3% kernel
06-05 18:09:06.286  1000  2628  2708 E ActivityManager:   3.3% 9894/VosRXThread: 0% user + 3.3% kernel
06-05 18:09:06.286  1000  2628  2708 E ActivityManager:   3.1% 457/logd: 1.7% user + 1.4% kernel / faults: 2 minor
06-05 18:09:06.286  1000  2628  2708 E ActivityManager:   2.8% 15758/com.google.android.inputmethod.latin: 2.5% user + 0.3% kernel / faults: 1343 minor 3 major
06-05 18:09:06.286  1000  2628  2708 E ActivityManager:   2.5% 3511/com.qualcomm.qti.telephonyservice: 1.5% user + 0.9% kernel / faults: 2144 minor 103 major
06-05 18:09:06.286  1000  2628  2708 E ActivityManager:   2% 3487/.dataservices: 2% user + 0% kernel / faults: 1959 minor 111 major
06-05 18:09:06.286  1000  2628  2708 E ActivityManager:   1.8% 260/kgsl_worker_thr: 0% user + 1.8% kernel
06-05 18:09:06.286  1000  2628  2708 E ActivityManager:   1.8% 28819/logcat: 1.2% user + 0.6% kernel
06-05 18:09:06.286  1000  2628  2708 E ActivityManager:   1.5% 10834/kworker/u16:12: 0% user + 1.5% kernel
06-05 18:09:06.286  1000  2628  2708 E ActivityManager:   1.5% 25491/kworker/u16:9: 0% user + 1.5% kernel
06-05 18:09:06.286  1000  2628  2708 E ActivityManager:   1.4% 351/mmc-cmdqd/0: 0% user + 1.4% kernel
06-05 18:09:06.286  1000  2628  2708 E ActivityManager:   1.4% 3531/com.elephanttek.faceunlock: 0.7% user + 0.6% kernel / faults: 1918 minor 171 major
06-05 18:09:06.286  1000  2628  2708 E ActivityManager:   1.4% 23318/kworker/u16:8: 0% user + 1.4% kernel
06-05 18:09:06.286  1000  2628  2708 E ActivityManager:   1.2% 2152/mm-pp-dpps: 0.7% user + 0.4% kernel
06-05 18:09:06.286  1000  2628  2708 E ActivityManager:   1.2% 26836/kworker/u16:0: 0% user + 1.2% kernel
06-05 18:09:06.286  1000  2628  2708 E ActivityManager:   1.1% 177/kswapd0: 0% user + 1.1% kernel
06-05 18:09:06.286  1000  2628  2708 E ActivityManager:   1.1% 4038/com.qualcomm.qti.services.secureui:sui_service: 0.3% user + 0.7% kernel / faults: 2102 minor 155 major
06-05 18:09:06.286  1000  2628  2708 E ActivityManager:   0% 27160/kworker/u17:0: 0% user + 0% kernel
06-05 18:09:06.286  1000  2628  2708 E ActivityManager:   0.9% 4013/com.android.runintest: 0.4% user + 0.4% kernel / faults: 2062 minor 169 major
06-05 18:09:06.286  1000  2628  2708 E ActivityManager:   0.9% 4028/com.qualcomm.qti.loadcarrier: 0.4% user + 0.4% kernel / faults: 2050 minor 159 major
06-05 18:09:06.286  1000  2628  2708 E ActivityManager:   0.9% 24159/kworker/u16:6: 0% user + 0.9% kernel
06-05 18:09:06.286  1000  2628  2708 E ActivityManager:   0% 2129/media.extractor: 0% user + 0% kernel / faults: 1366 minor 14 major
06-05 18:09:06.286  1000  2628  2708 E ActivityManager:   0% 27166/kworker/u17:8: 0% user + 0% kernel
06-05 18:09:06.286  1000  2628  2708 E ActivityManager:   0.6% 610/android.hardware.sensors@1.0-service: 0.1% user + 0.4% kernel
06-05 18:09:06.286  1000  2628  2708 E ActivityManager:   0.6% 10888/com.google.android.gms.persistent: 0.3% user + 0.3% kernel / faults: 31 minor
06-05 18:09:06.286  1000  2628  2708 E ActivityManager:   0.6% 27162/kworker/u17:3: 0% user + 0.6% kernel
06-05 18:09:06.286  1000  2628  2708 E ActivityManager:   0% 27165/kworker/u17:7: 0% user + 0% kernel
06-05 18:09:06.286  1000  2628  2708 E ActivityManager:   0.6% 27190/mdss_fb0: 0% user + 0.6% kernel
06-05 18:09:06.286  1000  2628  2708 E ActivityManager:   0.4% 7/rcu_preempt: 0% user + 0.4% kernel
06-05 18:09:06.286  1000  2628  2708 E ActivityManager:   0.4% 82/kworker/u16:1: 0% user + 0.4% kernel
06-05 18:09:06.286  1000  2628  2708 E ActivityManager:   0.4% 300/irq/72-ssd2098: 0% user + 0.4% kernel
06-05 18:09:06.286  1000  2628  2708 E ActivityManager:   0% 27163/kworker/u17:4: 0% user + 0% kernel
06-05 18:09:06.286  1000  2628  2708 E ActivityManager:   0.4% 28803/kworker/u16:2: 0% user + 0.4% kernel
06-05 18:09:06.286  1000  2628  2708 E ActivityManager:   0.4% 29746/kworker/0:0: 0% user + 0.4% kernel
06-05 18:09:06.286  1000  2628  2708 E ActivityManager:   0.3% 110/system: 0% user + 0.3% kernel
06-05 18:09:06.286  1000  2628  2708 E ActivityManager:   0.3% 586/vendor.qti.hardware.perf@1.0-service: 0% user + 0.3% kernel / faults: 4 minor
06-05 18:09:06.286  1000  2628  2708 E ActivityManager:   0% 27164/kworker/u17:6: 0% user + 0% kernel
06-05 18:09:06.286  1000  2628  2708 E ActivityManager:   0% 1//init: 0% user + 0% kernel / faults: 10 minor
06-05 18:09:06.286  1000  2628  2708 E ActivityManager:   0.1% 8/rcu_sched: 0% user + 0.1% kernel
06-05 18:09:06.286  1000  2628  2708 E ActivityManager:   0.1% 45/rcuop/4: 0% user + 0.1% kernel
06-05 18:09:06.286  1000  2628  2708 E ActivityManager:   0.1% 53/rcuop/5: 0% user + 0.1% kernel
06-05 18:09:06.286  1000  2628  2708 E ActivityManager:   0.1% 61/rcuop/6: 0% user + 0.1% kernel
06-05 18:09:06.286  1000  2628  2708 E ActivityManager:   0.1% 62/rcuos/6: 0% user + 0.1% kernel
06-05 18:09:06.286  1000  2628  2708 E ActivityManager:   0.1% 69/rcuop/7: 0% user 
06-05 18:09:06.371  1000  2628  3307 D NetworkStats: Resolving plan for NetworkTemplate: matchRule=MOBILE_ALL, subscriberId=404490..., matchSubscriberIds=[404490...]
06-05 18:09:06.381  1000  2628  3307 D NetworkStats: Found active matching subId 2
06-05 18:09:06.398  1000  2628  3307 D NetworkStats: Resolved to plan null
06-05 18:09:06.414  1000  2628  3307 D NetworkStats: Resolving plan for NetworkTemplate: matchRule=MOBILE_ALL, subscriberId=405854..., matchSubscriberIds=[405854...]
06-05 18:09:06.417  1000  2628  3307 D NetworkStats: Found active matching subId 1
06-05 18:09:06.433  1000  2628  3307 D NetworkStats: Resolved to plan null
06-05 18:09:06.645  1000  2628  2709 W Looper  : Dispatch took 229ms on android.ui, h=Handler (android.view.Choreographer$FrameHandler) {798f476} cb=android.view.Choreographer$FrameDisplayEventReceiver@fe03a77 msg=0
06-05 18:09:08.122  1000  2628  3307 D NetworkStats: Resolving plan for NetworkTemplate: matchRule=MOBILE_ALL, subscriberId=404490..., matchSubscriberIds=[404490...]
06-05 18:09:08.131  1000  2628  3307 D NetworkStats: Found active matching subId 2
06-05 18:09:08.140  1000  2628  3307 D NetworkStats: Resolved to plan null
06-05 18:09:08.149  1000  2628  3307 D NetworkStats: Resolving plan for NetworkTemplate: matchRule=MOBILE_ALL, subscriberId=405854..., matchSubscriberIds=[405854...]
06-05 18:09:08.152  1000  2628  3307 D NetworkStats: Found active matching subId 1
06-05 18:09:08.158  1000  2628  3307 D NetworkStats: Resolved to plan null
06-05 18:09:09.560  1000  2628  3206 I FaceUnlockUtil: interceptPowerKeyDown interactive = true
06-05 18:09:09.789  1000  2628  2709 I ActivityManager: Start proc 30413:com.android.systemui:screenshot/u0a34 for service com.android.systemui/.screenshot.TakeScreenshotService
06-05 18:09:09.860 10034 30413 30413 D FaceUnlockUtil: startFaceUnlockService
06-05 18:09:09.860 10034 30413 30413 D FaceUnlockUtil: setContext
06-05 18:09:11.593  root  2132  2297 E NetlinkEvent: NetlinkEvent::FindParam(): Parameter 'INTERFACE' not found
06-05 18:09:11.593  root  2132  2297 E NetlinkEvent: NetlinkEvent::FindParam(): Parameter 'STATE' not found
06-05 18:09:11.593  root  2132  2297 E NetlinkEvent: NetlinkEvent::FindParam(): Parameter 'TIME_NS' not found
06-05 18:09:11.593  root  2132  2297 E NetlinkEvent: NetlinkEvent::FindParam(): Parameter 'UID' not found
06-05 18:09:11.786  root  2132  2297 E NetlinkEvent: NetlinkEvent::FindParam(): Parameter 'INTERFACE' not found
06-05 18:09:11.786  root  2132  2297 E NetlinkEvent: NetlinkEvent::FindParam(): Parameter 'STATE' not found
06-05 18:09:11.786  root  2132  2297 E NetlinkEvent: NetlinkEvent::FindParam(): Parameter 'TIME_NS' not found
06-05 18:09:11.787  root  2132  2297 E NetlinkEvent: NetlinkEvent::FindParam(): Parameter 'UID' not found
06-05 18:09:12.673  1000  2628  3307 D NetworkStats: Resolving plan for NetworkTemplate: matchRule=MOBILE_ALL, subscriberId=404490..., matchSubscriberIds=[404490...]
06-05 18:09:12.680  1000  2628  3307 D NetworkStats: Found active matching subId 2
06-05 18:09:12.686  1000  2628  3307 D NetworkStats: Resolved to plan null
06-05 18:09:12.697  1000  2628  3307 D NetworkStats: Resolving plan for NetworkTemplate: matchRule=MOBILE_ALL, subscriberId=405854..., matchSubscriberIds=[405854...]
06-05 18:09:12.701  1000  2628  3307 D NetworkStats: Found active matching subId 1
06-05 18:09:12.710  1000  2628  3307 D NetworkStats: Resolved to plan null
06-05 18:09:16.331  1000  2628  2708 W BroadcastQueue: Timeout of broadcast BroadcastRecord{40c30d0 u-1 android.intent.action.TIME_TICK} - receiver=android.app.LoadedApk$ReceiverDispatcher$InnerReceiver@c6fd58b, started 10000ms ago
06-05 18:09:16.331  1000  2628  2708 W BroadcastQueue: Receiver during timeout of BroadcastRecord{40c30d0 u-1 android.intent.action.TIME_TICK} : BroadcastFilter{c264a81 u0 ReceiverList{3307668 2628 system/1000/u0 local:c6fd58b}}
06-05 18:09:16.356  1000  2628 13719 W BroadcastQueue: Background execution not allowed: receiving Intent { act=android.media.AUDIO_BECOMING_NOISY flg=0x14000010 } to com.smartron.music/.MediaButtonIntentReceiver
06-05 18:09:16.996  1000  2628  3307 D NetworkStats: Resolving plan for NetworkTemplate: matchRule=MOBILE_ALL, subscriberId=404490..., matchSubscriberIds=[404490...]
06-05 18:09:16.999  1000  2628  3307 D NetworkStats: Found active matching subId 2
06-05 18:09:17.006  1000  2628  3307 D NetworkStats: Resolved to plan null
06-05 18:09:17.019  1000  2628  3307 D NetworkStats: Resolving plan for NetworkTemplate: matchRule=MOBILE_ALL, subscriberId=405854..., matchSubscriberIds=[405854...]
06-05 18:09:17.023  1000  2628  3307 D NetworkStats: Found active matching subId 1
06-05 18:09:17.035  1000  2628  3307 D NetworkStats: Resolved to plan null
06-05 18:09:17.042  1000  2628  2628 V WiredAccessoryManager: headsetName:  disconnected
06-05 18:09:17.046  1000  2628  2708 W BroadcastQueue: Background execution not allowed: receiving Intent { act=android.media.AUDIO_BECOMING_NOISY flg=0x14000010 } to com.smartron.music/.MediaButtonIntentReceiver
06-05 18:09:17.060  1000  2628  2628 V WiredAccessoryManager: headsetName:  connected
06-05 18:09:17.070  1000  2628  2628 I Telecom : WiredHeadsetManager: ACTION_HEADSET_PLUG event, plugged in: true, : WHC.oADR@DuU
06-05 18:09:17.071  1000  2628  3753 I Telecom : CallAudioRouteStateMachine: Message received: CONNECT_WIRED_HEADSET=1, arg1=0: WHC.oADR->CARSM.pM_CONNECT_WIRED_HEADSET@DuU
06-05 18:09:17.072  1000  2628  3753 I Telecom : Logging.Events: Non-call EVENT: AUDIO_ROUTE, Wired headset connected: WHC.oADR->CARSM.pM_CONNECT_WIRED_HEADSET@DuU
06-05 18:09:17.073  1000  2628  3753 I Telecom : CallAudioRouteStateMachine: Message received: SWITCH_HEADSET=1003, arg1=0: WHC.oADR->CARSM.pM_CONNECT_WIRED_HEADSET->CARSM.pM_SWITCH_HEADSET@DuU
06-05 18:09:17.073  1000  2628  3753 I Telecom : Logging.Events: Non-call EVENT: AUDIO_ROUTE, Leaving state QuiescentEarpieceRoute: WHC.oADR->CARSM.pM_CONNECT_WIRED_HEADSET->CARSM.pM_SWITCH_HEADSET@DuU
06-05 18:09:17.073  1000  2628  3753 I Telecom : Logging.Events: Non-call EVENT: AUDIO_ROUTE, Entering state QuiescentHeadsetRoute: WHC.oADR->CARSM.pM_CONNECT_WIRED_HEADSET->CARSM.pM_SWITCH_HEADSET@DuU
06-05 18:09:18.345  1000  2628  2628 I Telecom : WiredHeadsetManager: ACTION_HEADSET_PLUG event, plugged in: true, : WHC.oADA@Duc
06-05 18:09:18.354  1000  2628  2628 I Telecom : WiredHeadsetManager: ACTION_HEADSET_PLUG event, plugged in: true, : WHC.oADA@Dug
06-05 18:09:19.444  1000  2628  2628 I Telecom : WiredHeadsetManager: ACTION_HEADSET_PLUG event, plugged in: true, : WHC.oADA@Duo
06-05 18:09:19.445  1000  2628  2628 I Telecom : WiredHeadsetManager: ACTION_HEADSET_PLUG event, plugged in: true, : WHC.oADR@Dus
06-05 18:09:21.583  1000  2628  3307 D NetworkStats: Resolving plan for NetworkTemplate: matchRule=MOBILE_ALL, subscriberId=404490..., matchSubscriberIds=[404490...]
06-05 18:09:21.588  1000  2628  3307 D NetworkStats: Found active matching subId 2
06-05 18:09:21.594  1000  2628  3307 D NetworkStats: Resolved to plan null
06-05 18:09:21.602  1000  2628  3307 D NetworkStats: Resolving plan for NetworkTemplate: matchRule=MOBILE_ALL, subscriberId=405854..., matchSubscriberIds=[405854...]
06-05 18:09:21.605  1000  2628  3307 D NetworkStats: Found active matching subId 1
06-05 18:09:21.616  1000  2628  3307 D NetworkStats: Resolved to plan null
06-05 18:09:21.724  1000  2628  3205 I ActivityManager: START u0 {act=android.intent.action.MAIN cat=[android.intent.category.HOME] flg=0x10200000 cmp=com.smartron.tronxlauncher/com.smartron.smextension.TronxLauncher (has extras)} from uid 1000
06-05 18:09:22.515  1000  2628 13719 I ActivityManager: START u0 {cmp=com.android.systemui/.pip.phone.PipMenuActivity (has extras)} from uid 10034
06-05 18:09:22.522  1000  2628 13719 W ActivityManager: startActivity called from non-Activity context; forcing Intent.FLAG_ACTIVITY_NEW_TASK for: Intent { flg=0x800000 cmp=com.android.systemui/.pip.phone.PipMenuActivity (has extras) }
06-05 18:09:26.331  1000  2628  3307 D NetworkStats: Resolving plan for NetworkTemplate: matchRule=MOBILE_ALL, subscriberId=404490..., matchSubscriberIds=[404490...]
06-05 18:09:26.339  1000  2628  3307 D NetworkStats: Found active matching subId 2
06-05 18:09:26.354  1000  2628  3307 D NetworkStats: Resolved to plan null
06-05 18:09:26.374  1000  2628  3307 D NetworkStats: Resolving plan for NetworkTemplate: matchRule=MOBILE_ALL, subscriberId=405854..., matchSubscriberIds=[405854...]
06-05 18:09:26.380  1000  2628  3307 D NetworkStats: Found active matching subId 1
06-05 18:09:26.392  1000  2628  3307 D NetworkStats: Resolved to plan null
06-05 18:09:27.626  1000  2628  3206 I FaceUnlockUtil: interceptPowerKeyDown interactive = true
06-05 18:09:29.486  1000  2628  2628 I ActivityManager: Start proc 30530:com.google.android.apps.photos/u0a81 for service com.google.android.apps.photos/com.google.android.libraries.social.mediamonitor.MediaMonitorJobSchedulerService
06-05 18:09:29.695  1000  2628  3205 I ActivityManager: START u0 {act=android.intent.action.MAIN cat=[android.intent.category.HOME] flg=0x10200000 cmp=com.smartron.tronxlauncher/com.smartron.smextension.TronxLauncher (has extras)} from uid 1000
06-05 18:09:30.541  1000  2628  3205 I ActivityManager: START u0 {act=android.intent.action.MAIN cat=[android.intent.category.HOME] flg=0x10200000 cmp=com.smartron.tronxlauncher/com.smartron.smextension.TronxLauncher (has extras)} from uid 1000
06-05 18:09:31.130  1000  2628  3307 D NetworkStats: Resolving plan for NetworkTemplate: matchRule=MOBILE_ALL, subscriberId=404490..., matchSubscriberIds=[404490...]
06-05 18:09:31.149  1000  2628  3307 D NetworkStats: Found active matching subId 2
06-05 18:09:31.167  1000  2628  3307 D NetworkStats: Resolved to plan null
06-05 18:09:31.185  1000  2628  3307 D NetworkStats: Resolving plan for NetworkTemplate: matchRule=MOBILE_ALL, subscriberId=405854..., matchSubscriberIds=[405854...]
06-05 18:09:31.190  1000  2628  3307 D NetworkStats: Found active matching subId 1
06-05 18:09:31.206  1000  2628  3307 D NetworkStats: Resolved to plan null
06-05 18:09:31.579  1000  2628  2709 W ActivityManager:   Force finishing activity com.google.android.apps.tachyon/.MainActivity
06-05 18:09:31.583  1000  2628  2709 W ActivityManager: Activity ActivityRecord{e2d43ad u0 com.google.android.apps.tachyon/.MainActivity t22 f} being finished, but not in LRU list
06-05 18:09:31.637  1000  2628  2709 I ActivityManager: Killing 27299:com.google.android.apps.tachyon/u0a60 (adj 200): user request after error
06-05 18:09:31.801  1000  2628  3396 D ConnectivityService: ConnectivityService NetworkRequestInfo binderDied(NetworkRequest [ LISTEN id=49, [ Capabilities: INTERNET&NOT_RESTRICTED&TRUSTED&NOT_VPN] ], android.os.BinderProxy@a5a9fe)
06-05 18:09:31.801  1000  2628  7825 D ConnectivityService: ConnectivityService NetworkRequestInfo binderDied(NetworkRequest [ REQUEST id=48, [ Transports: CELLULAR Capabilities: INTERNET&NOT_RESTRICTED&TRUSTED&NOT_VPN] ], android.os.BinderProxy@8c8f55f)
06-05 18:09:31.804  1000  2628 10843 I WindowManager: WIN DEATH: Window{ad1d2aa u0 com.google.android.apps.tachyon/com.google.android.apps.tachyon.MainActivity}
06-05 18:09:31.804  1000  2628  3528 D ConnectivityService: ConnectivityService NetworkRequestInfo binderDied(NetworkRequest [ LISTEN id=47, [ Capabilities: INTERNET&NOT_RESTRICTED&TRUSTED] ], android.os.BinderProxy@ecd9bac)
06-05 18:09:31.804  1000  2628  3315 D ConnectivityService: releasing NetworkRequest [ REQUEST id=48, [ Transports: CELLULAR Capabilities: INTERNET&NOT_RESTRICTED&TRUSTED&NOT_VPN] ] (release request)
--------- beginning of main
06-05 18:09:31.814 media  2131 29570 D NuPlayerDriver: notifyResetComplete(0xf4f27b60)
06-05 18:09:31.815  1047  2124  2291 E Surface : queueBuffer: error queuing buffer to SurfaceTexture, -32
06-05 18:09:31.815  1047  2124  2291 E Camera3-OutputStream: returnBufferCheckedLocked: Stream 0: Error queueing buffer to native window: Broken pipe (-32)
06-05 18:09:31.815  1047  2124  2291 E Camera3-Device: Can't return buffer to its stream: Broken pipe (-32)
06-05 18:09:31.818  1000  2628  7604 W WindowManager: Ignoring move of always-on-top stack=com.android.server.wm.DisplayContent$TaskStackContainers@ae680a to bottom
06-05 18:09:31.822  1047  2124  2291 E Surface : queueBuffer: error queuing buffer to SurfaceTexture, -32
06-05 18:09:31.822  1047  2124  2291 E Camera3-OutputStream: returnBufferCheckedLocked: Stream 0: Error queueing buffer to native window: Broken pipe (-32)
06-05 18:09:31.822  1047  2124  2291 E Camera3-Device: Can't return buffer to its stream: Broken pipe (-32)
06-05 18:09:31.824  1047  2124  2291 E Surface : queueBuffer: error queuing buffer to SurfaceTexture, -32
06-05 18:09:31.825  1047  2124  2291 E Camera3-OutputStream: returnBufferCheckedLocked: Stream 0: Error queueing buffer to native window: Broken pipe (-32)
06-05 18:09:31.825  1047  2124  2291 E Camera3-Device: Can't return buffer to its stream: Broken pipe (-32)
06-05 18:09:31.827  1041   566 18123 D audio_hw_primary: out_set_parameters: enter: usecase(1: low-latency-playback) kvpairs: routing=2
06-05 18:09:31.829  1041   566 18123 D audio_hw_primary: select_devices for use case (low-latency-playback)
06-05 18:09:31.829  1041   566 18123 D audio_hw_extn: audio_extn_set_anc_parameters: anc_enabled:0
06-05 18:09:31.829  1000  2628  7604 W AppOps  : Finishing op nesting under-run: uid 1000 pkg android code 24 time=0 duration=0 nesting=0
06-05 18:09:31.830  1041   566 18123 D audio_hw_spkr_prot: audio_extn_fbsp_set_parameters: Speaker protection disabled
06-05 18:09:31.837  1041   566 18123 D audio_hw_primary: adev_close_input_stream: enter:stream_handle(0xea517200)
06-05 18:09:31.837  1041   566 18123 D compress_voip: voice_extn_compress_voip_close_input_stream: enter
06-05 18:09:31.837  1041   566 18123 D compress_voip: voip_stop_call: enter, out_stream_count=0, in_stream_count=0
06-05 18:09:31.837  1041   566 18123 E compress_voip: voip_stop_call: Could not find the usecase (36) in the list
06-05 18:09:31.837  1041   566 18123 E audio_hw_primary: adev_close_input_stream: Compress voip input cannot be closed, error:-22
06-05 18:09:31.839  1000  2628  2765 W ActivityManager: setHasOverlayUi called on unknown pid: 27299
06-05 18:09:31.846  1000  2628  3315 E ConnectivityService: RemoteException caught trying to send a callback msg for NetworkRequest [ LISTEN id=47, [ Capabilities: INTERNET&NOT_RESTRICTED&TRUSTED] ]
06-05 18:09:31.846  1000  2628  3315 E ConnectivityService: RemoteException caught trying to send a callback msg for NetworkRequest [ LISTEN id=49, [ Capabilities: INTERNET&NOT_RESTRICTED&TRUSTED&NOT_VPN] ]
06-05 18:09:31.846  1000  2628  2710 W zygote64: kill(-27299, 9) failed: No such process
06-05 18:09:31.850 radio  3545  3545 D QtiRilInterface: instance = com.qualcomm.qti.internal.telephony.QtiRilInterface@e049ac5
06-05 18:09:31.852 radio  4063  4063 D QcrilMsgTunnelIfaceManager: handleMessage what = 1
06-05 18:09:31.853 radio  4063  4063 I QcrilOemhookMsgTunnel: [0]invokeOemRilRequestRaw: serial=1067 length=20
06-05 18:09:31.855 radio  4063  4092 I QcrilOemhookMsgTunnel: [0]processOemHookResponse serial no: 1067 error: 0length=0
06-05 18:09:31.856 radio  4063  4063 D QcrilMsgTunnelIfaceManager: handleMessage what = 2
06-05 18:09:31.858 radio  4063  4092 I QcrilOemhookMsgTunnel: [0]processOemHookIndication length=28
06-05 18:09:31.859 radio  4063  4063 D QcrilMsgTunnelIfaceManager: handleMessage what = 0
06-05 18:09:31.859  1041  2123  2524 E AudioFlinger: <API name> Track (0xe4cf3900), is being removed : uid = 10060 and trackcount is=1 
06-05 18:09:31.859  1041  2123  2524 W BatteryNotifier: noteStopAudio: audio refcount is broken for uid(10060).
06-05 18:09:31.864  1047  2124  2124 I Camera3-Device: disconnect: E
06-05 18:09:31.864  1047  2124  2124 I CameraLatencyHistogram: ProcessCaptureRequest latency histogram (7305) samples:
06-05 18:09:31.865  1047  2124  2124 I CameraLatencyHistogram:        40     80    120    160    200    240    280    320    360    inf (max ms)
06-05 18:09:31.865  1047  2124  2124 I CameraLatencyHistogram:      99.73   0.21   0.03   0.00   0.03   0.00   0.00   0.00   0.01   0.00 (%)
06-05 18:09:31.866 radio  4063  4063 D QcrilMsgTunnelIfaceManager: handleMessage what = 1
06-05 18:09:31.869 radio  4063  4063 I QcrilOemhookMsgTunnel: [1]invokeOemRilRequestRaw: serial=1068 length=20
06-05 18:09:31.870  1047   568 26256 I QCamera : <HAL><INFO> close_camera_device: 10826: [KPI Perf]: E camera id 1
06-05 18:09:31.870  1047   568 26256 I QTI PowerHAL: Got process_video_encode_hint
06-05 18:09:31.876 radio  4063  4092 I QcrilOemhookMsgTunnel: [1]processOemHookResponse serial no: 1068 error: 0length=0
06-05 18:09:31.877 radio  4063  4063 D QcrilMsgTunnelIfaceManager: handleMessage what = 2
06-05 18:09:31.878  1006  2142 29220 I chatty  : uid=1006(camera) mm-qcamera-daem expire 37 lines
06-05 18:09:31.878 radio  4063  4092 I QcrilOemhookMsgTunnel: [1]processOemHookIndication length=28
06-05 18:09:31.878 radio  4063  4063 D QcrilMsgTunnelIfaceManager: handleMessage what = 0
06-05 18:09:31.881  1006  2142 29204 I chatty  : uid=1006(camera) mm-qcamera-daem expire 12 lines
06-05 18:09:31.884  1000  2628  2710 W zygote64: kill(-27299, 9) failed: No such process
06-05 18:09:31.887  1006  2142 29207 I chatty  : uid=1006(camera) mm-qcamera-daem expire 1 line
06-05 18:09:31.896  1006  2142 29241 I chatty  : uid=1006(camera) mm-qcamera-daem expire 1 line
06-05 18:09:31.917  1006  2142  2538 I chatty  : uid=1006(camera) CAM_imgTh expire 3 lines
06-05 18:09:31.924  1000  2628  2710 W zygote64: kill(-27299, 9) failed: No such process
06-05 18:09:31.926  1047   568 26256 I QCamera : <HAL><INFO> closeCamera: 883: [KPI Perf]: E PROFILE_CLOSE_CAMERA camera id 1
06-05 18:09:31.928  1006  2142  2142 I chatty  : uid=1006(camera) mm-qcamera-daem expire 19 lines
06-05 18:09:31.935  1006  2142 30572 I chatty  : uid=1006(camera) mm-qcamera-daem expire 2 lines
06-05 18:09:31.935  1006  2142 30574 I chatty  : uid=1006(camera) mm-qcamera-daem expire 4 lines
06-05 18:09:31.936  1006  2142 30573 I chatty  : uid=1006(camera) mm-qcamera-daem expire 2 lines
06-05 18:09:31.937  1006  2142 30575 I chatty  : uid=1006(camera) mm-qcamera-daem expire 2 lines
06-05 18:09:31.940  1006  2142 30576 I chatty  : uid=1006(camera) mm-qcamera-daem expire 5 lines
06-05 18:09:31.941  1000  2628 12393 I OpenGLRenderer: Initialized EGL, version 1.4
06-05 18:09:31.941  1006  2142 30577 I chatty  : uid=1006(camera) mm-qcamera-daem expire 2 lines
06-05 18:09:31.941  1000  2628 12393 D OpenGLRenderer: Swap behavior 2
06-05 18:09:31.950  1000   574 26035 I SDM     : ResourceImpl::SetMaxBandwidthMode: new bandwidth mode=0
06-05 18:09:31.951  1047  2124  2124 I CameraProviderManager: Camera device device@1.0/legacy/1 torch status is now AVAILABLE_OFF
06-05 18:09:31.951  1047  2124  2124 I CameraService: onTorchStatusChangedLocked: Torch status changed for cameraId=1, newStatus=1
06-05 18:09:31.952  1047  2124  2124 I CameraProviderManager: Camera device device@3.3/legacy/1 torch status is now AVAILABLE_OFF
06-05 18:09:31.952  1047  2124  2124 I CameraService: onTorchStatusChangedLocked: Torch status changed for cameraId=1, newStatus=1
06-05 18:09:31.952  1047   568 26256 I QCamera : <HAL><INFO> closeCamera: 925: [KPI Perf]: X PROFILE_CLOSE_CAMERA camera id 1, rc: 0
06-05 18:09:31.954  1047   568 26256 I QCamera : <HAL><INFO> close_camera_device: 10828: [KPI Perf]: X
06-05 18:09:31.955  1047  2124  2124 W Camera3-OutputStream: disconnectLocked: While disconnecting stream 0 from native window, the native window died from under us
06-05 18:09:31.956  1047  2124  2124 I CameraLatencyHistogram: Stream 0 dequeueBuffer latency histogram (7321) samples:
06-05 18:09:31.956  1047  2124  2124 I CameraLatencyHistogram:         5     10     15     20     25     30     35     40     45    inf (max ms)
06-05 18:09:31.956  1047  2124  2124 I CameraLatencyHistogram:      99.96   0.03   0.00   0.00   0.00   0.01   0.00   0.00   0.00   0.00 (%)
06-05 18:09:31.956  1047  2124  2124 I Camera3-Device: disconnect: X
06-05 18:09:31.956  1047  2124  2124 I Camera3-Device: disconnect: E
06-05 18:09:31.958  1000  3531  3531 D faceLog : (BaseApp.java:74)onCameraAvailable->onCameraAvailable cameraId: 1
06-05 18:09:31.959  1047  2124  2124 I CameraService: disconnect: Disconnected client for camera 1 for PID 27299
06-05 18:09:31.959  1047  2124  2124 I Camera2ClientBase: Closed Camera 1. Client was: com.google.android.apps.tachyon (PID 27299, UID 10060)
06-05 18:09:31.959  1047  2124  2124 E CameraService: binderDied: Java client's binder died, removing it from the list of active clients
06-05 18:09:31.964  1000  2628  2710 W zygote64: kill(-27299, 9) failed: No such process
06-05 18:09:31.968  1000  2152  2258 E libnav  : CablComputeBacklightLevel(): UpdateType = DifferentSceneUpdate
06-05 18:09:31.974  1046  2135 26143 E OMXNodeInstance: !!! Observer died. Quickly, do something, ... anything...
06-05 18:09:31.974  1046  2135  3395 E OMXNodeInstance: !!! Observer died. Quickly, do something, ... anything...
06-05 18:09:32.010  1000  2628  2710 W zygote64: kill(-27299, 9) failed: No such process
06-05 18:09:32.010  1000  2628  2710 I zygote64: Successfully killed process cgroup uid 10060 pid 27299 in 370ms
06-05 18:09:32.091  1046  2135 26143 I OMX-VENC: Component Deinit
06-05 18:09:32.092  1046  2135 26143 I OMX-VENC: Video encode perflock released
06-05 18:09:32.181  1046  2135  3395 I OMX-VDEC-1080P: omx_vdec::component_deinit() complete
06-05 18:09:32.187  1046  2135  3395 I OMX-VDEC-1080P: Exit OMX vdec Destructor: fd=10
06-05 18:09:32.187  1046  2135  3395 I OMX-VDEC-1080P: Video slvp perflock released
06-05 18:09:32.278 radio  3545  4973 D SMARTRON: PhoneInterfaceManager.isImsRegisteredForSubscriber : subId = 1, mPhone = Handler (com.qualcomm.qti.internal.telephony.QtiGsmCdmaPhone) {7af4c9}, mPhone.isVolteEnabled = true, mPhone.hashCode = 8058057
06-05 18:09:32.278 radio  3545  4973 D SMARTRON: PhoneInterfaceManager.isImsRegisteredForSubscriber : subId = 1, phone = Handler (com.qualcomm.qti.internal.telephony.QtiGsmCdmaPhone) {7af4c9}, phone.isVolteEnabled = true, phone.hashCode = 8058057
06-05 18:09:32.290 10034  3373  3647 D NetworkController.MobileSignalController(1): isMobileIms : subId = 1, phoneId = 0, isImsRegisteredForSubscriber = true, isVolteAvailable = true, isImsRegisteredInWifi = false
06-05 18:09:32.292 radio  3545  4973 D SMARTRON: PhoneInterfaceManager.isImsRegisteredForSubscriber : subId = 1, mPhone = Handler (com.qualcomm.qti.internal.telephony.QtiGsmCdmaPhone) {7af4c9}, mPhone.isVolteEnabled = true, mPhone.hashCode = 8058057
06-05 18:09:32.292 radio  3545  4973 D SMARTRON: PhoneInterfaceManager.isImsRegisteredForSubscriber : subId = 1, phone = Handler (com.qualcomm.qti.internal.telephony.QtiGsmCdmaPhone) {7af4c9}, phone.isVolteEnabled = true, phone.hashCode = 8058057
06-05 18:09:32.956 10034  3373  3373 D StatusBar: disable<e i a s b h r c s q >
06-05 18:09:32.962 10034  3373  3373 D StatusBar: disable<e i a s b h r c s q >
06-05 18:09:32.999 10034  3373  3373 I zygote64: Deoptimizing void com.android.systemui.statusbar.NotificationContentView.setContentHeight(int) due to JIT inline cache
06-05 18:09:33.268  1000  2152  2258 E libnav  : CablComputeBacklightLevel(): UpdateType = DifferentSceneUpdate
06-05 18:09:34.410  1000  2115  7767 D         : DpmWdsTracker::dpmQmiWdsIndHdlr: Recieved EVENT_REPORT_IND with dormancy status:2
06-05 18:09:34.410  1000  2115  8124 D         : DpmWdsTracker::dpmQmiWdsIndHdlr: Recieved EVENT_REPORT_IND with dormancy status:2
06-05 18:09:34.410  1000  2115  7767 D         : DpmWdsTracker::processEventReportIndication: Entering here 
06-05 18:09:34.410  1000  2115  8124 D         : DpmWdsTracker::processEventReportIndication: Entering here 
06-05 18:09:34.410  1000  2115  7767 D         : DpmComH::addComEventHandler fd 24, ComEventCallback 0x5db1a70ee4, void* 0x7b6ba2b480, ComCloseCallback 0x0, events 1
06-05 18:09:34.410  1000  2115  8124 D         : DpmComH::addComEventHandler fd 26, ComEventCallback 0x5db1a70ee4, void* 0x7b6ba2b500, ComCloseCallback 0x0, events 1
06-05 18:09:34.410  1000  2115  2115 D         : DpmComH :there are 2 file descriptor(s) with events pending
06-05 18:09:34.410  1000  2115  2115 D         : DpmComH : 2 events pending, handling 1 for 26
06-05 18:09:34.410  1000  2115  2115 D         : DpmComH :fd '26' is processing events [callback:0x5db1a70ee4, data:0x7b6ba2b500]
06-05 18:09:34.410  1000  2115  2115 D         : DpmWdsTracker::wdsEventfdCallback: fd 26
06-05 18:09:34.411  1000  2115  2115 D         : DpmComH::removeComEventHandler fd 26
06-05 18:09:34.411  1000  2115  2115 D         : DpmQmiMgr::WdsPortTracker::dormIndHdlr
06-05 18:09:34.413  1000  2115  2115 D         : DpmWdsTracker::getDormancy: iface rmnet_data1 dormancy status 1
06-05 18:09:34.413  1000  2115  2115 D         : Dispatching QMI_WDS_DORMANCY_STATUS_CHG event
06-05 18:09:34.414  1000  2115  2227 D         : DpmQmiMgr setDormancyEventReport 
06-05 18:09:34.414  1000  2115  2227 D         : DpmWdsTracker::setDormancyEventReport: enable:0 for QMI port:rmnet_data1
06-05 18:09:34.416  1000  2115  2115 D         : DpmComH :there are 1 file descriptor(s) with events pending
06-05 18:09:34.416  1000  2115  2227 D         : DpmWdsTracker::setDormancyEventReport: Set dorm event report for QMI port:rmnet_data1, as:0
06-05 18:09:34.416  1000  2115  2115 D         : DpmComH : 1 events pending, handling 1 for 24
06-05 18:09:34.416  1000  2115  2115 D         : DpmComH :fd '24' is processing events [callback:0x5db1a70ee4, data:0x7b6ba2b480]
06-05 18:09:34.416  1000  2115  2115 D         : DpmWdsTracker::wdsEventfdCallback: fd 24
06-05 18:09:34.416  1000  2115  2115 D         : DpmComH::removeComEventHandler fd 24
06-05 18:09:34.417  1000  2115  2115 D         : DpmQmiMgr::WdsPortTracker::dormIndHdlr
06-05 18:09:34.419  1000  2115  2115 D         : DpmWdsTracker::getDormancy: iface rmnet_data2 dormancy status 1
06-05 18:09:34.420  1000  2115  2115 D         : Dispatching QMI_WDS_DORMANCY_STATUS_CHG event
06-05 18:09:34.451  1000  2628  2628 D CompatibilityInfo: mCompatibilityFlags - 0
06-05 18:09:34.452  1000  2628  2628 D CompatibilityInfo: applicationDensity - 480
06-05 18:09:34.452  1000  2628  2628 D CompatibilityInfo: applicationScale - 1.0
06-05 18:09:34.517 radio  3545  4973 D SMARTRON: PhoneInterfaceManager.isImsRegisteredForSubscriber : subId = 1, mPhone = Handler (com.qualcomm.qti.internal.telephony.QtiGsmCdmaPhone) {7af4c9}, mPhone.isVolteEnabled = true, mPhone.hashCode = 8058057
06-05 18:09:34.517 radio  3545  4973 D SMARTRON: PhoneInterfaceManager.isImsRegisteredForSubscriber : subId = 1, phone = Handler (com.qualcomm.qti.internal.telephony.QtiGsmCdmaPhone) {7af4c9}, phone.isVolteEnabled = true, phone.hashCode = 8058057
06-05 18:09:34.526 10034  3373  3647 D NetworkController.MobileSignalController(1): isMobileIms : subId = 1, phoneId = 0, isImsRegisteredForSubscriber = true, isVolteAvailable = true, isImsRegisteredInWifi = false
06-05 18:09:34.527 radio  3545  4973 D SMARTRON: PhoneInterfaceManager.isImsRegisteredForSubscriber : subId = 1, mPhone = Handler (com.qualcomm.qti.internal.telephony.QtiGsmCdmaPhone) {7af4c9}, mPhone.isVolteEnabled = true, mPhone.hashCode = 8058057
06-05 18:09:34.527 radio  3545  4973 D SMARTRON: PhoneInterfaceManager.isImsRegisteredForSubscriber : subId = 1, phone = Handler (com.qualcomm.qti.internal.telephony.QtiGsmCdmaPhone) {7af4c9}, phone.isVolteEnabled = true, phone.hashCode = 8058057
06-05 18:09:34.527  root  2132  2297 E NetlinkEvent: NetlinkEvent::FindParam(): Parameter 'INTERFACE' not found
06-05 18:09:34.527  root  2132  2297 E NetlinkEvent: NetlinkEvent::FindParam(): Parameter 'STATE' not found
06-05 18:09:34.527  root  2132  2297 E NetlinkEvent: NetlinkEvent::FindParam(): Parameter 'TIME_NS' not found
06-05 18:09:34.527  root  2132  2297 E NetlinkEvent: NetlinkEvent::FindParam(): Parameter 'UID' not found
06-05 18:09:34.587  1000  2115  2227 D         : DpmQmiMgr getDormancy Status rmnet_data1
06-05 18:09:34.589  1000  2115  2227 D         : DpmWdsTracker::getDormancy: iface rmnet_data1 dormancy status 1
06-05 18:09:34.589  1000  2115  2227 D         : DpmQmiMgr setDormancyEventReport 
06-05 18:09:34.589  1000  2115  2227 D         : DpmWdsTracker::setDormancyEventReport: enable:0 for QMI port:rmnet_data2
06-05 18:09:34.590  1000  2115  2227 D         : DpmWdsTracker::setDormancyEventReport: Set dorm event report for QMI port:rmnet_data2, as:0
06-05 18:09:34.684  root  2132  2297 E NetlinkEvent: NetlinkEvent::FindParam(): Parameter 'INTERFACE' not found
06-05 18:09:34.684  root  2132  2297 E NetlinkEvent: NetlinkEvent::FindParam(): Parameter 'STATE' not found
06-05 18:09:34.684  root  2132  2297 E NetlinkEvent: NetlinkEvent::FindParam(): Parameter 'TIME_NS' not found
06-05 18:09:34.684  root  2132  2297 E NetlinkEvent: NetlinkEvent::FindParam(): Parameter 'UID' not found
06-05 18:09:34.719 10034  3373  3373 D KeyguardUpdateMonitor: received broadcast android.intent.action.BATTERY_CHANGED
06-05 18:09:34.721  1041   566 18123 D audio_hw_primary: out_standby: enter: stream (0xeab39000) usecase(1: low-latency-playback)
06-05 18:09:34.725 10034  3373  3373 D KeyguardUpdateMonitor: handleBatteryUpdate
06-05 18:09:34.763  1000  2115  2227 D         : DpmQmiMgr getDormancy Status rmnet_data1
06-05 18:09:34.765  1000  2115  2227 D         : DpmWdsTracker::getDormancy: iface rmnet_data1 dormancy status 1
06-05 18:09:34.780 10034  3373  3373 W StatusBar: removeNotification for unknown key: 0|com.android.systemui|1|null|10034
06-05 18:09:34.809  1041   566 18123 D audio_hw_primary: disable_audio_route: reset and update mixer path: low-latency-playback
06-05 18:09:34.810  1041   566 18123 D soundtrigger: audio_extn_sound_trigger_update_stream_status: uc_id 1 of type 0 for Event 2, with Raise=0
06-05 18:09:34.810  1041   566 18123 D hardware_info: hw_info_append_hw_type : device_name = speaker
06-05 18:09:34.810  1041   566 18123 D audio_hw_primary: disable_snd_device: snd_device(2: speaker)
06-05 18:09:34.810  1041   566 18123 D msm8916_platform: platform_split_snd_device: snd_device(2) num devices(0) new_snd_devices(0)
06-05 18:09:34.817  1041   566 18123 I soundtrigger: audio_extn_sound_trigger_update_device_status: device 0x2 of type 0 for Event 0, with Raise=0
06-05 18:09:34.817  1041   566 18123 D audio_hw_primary: out_standby: exit
06-05 18:09:35.114   gps  2137  3459 E IzatSvc_PassiveLocListener: Exiting with error onLocationChanged line 152 "1"
06-05 18:09:35.114   gps  2137  3459 V LocSvc_HIDL_IzatProvider: [onLocationChanged][71] [HS] =>>>> [HC]
06-05 18:09:35.115  1000  2628  8100 V LocSvc_HIDL_IzatProvider_jni: [onLocationChanged][136] [HC] <<= [HS]
06-05 18:09:35.116   gps  2137  3459 V LocSvc_HIDL_IzatProvider: [onLocationChanged][71] [HS] =>>>> [HC]
06-05 18:09:35.116  1000  2628  8100 V LocSvc_HIDL_IzatProvider_jni: [onLocationChanged][136] [HC] <<= [HS]
06-05 18:09:35.754 10034  3373  3373 I zygote64: Deoptimizing void com.android.systemui.qs.QSPanel.setListening(boolean) due to JIT inline cache
06-05 18:09:35.829  root   586   627 E ANDR-PERF-MPCTL: Invalid profile no. 0, total profiles 0 only
06-05 18:09:36.068  1000  2152  2258 E libnav  : CablComputeBacklightLevel(): UpdateType = DifferentSceneUpdate
06-05 18:09:36.280  root   586   627 E ANDR-PERF-MPCTL: Invalid profile no. 0, total profiles 0 only
06-05 18:09:36.321 10034  3373  3373 D StatusBar: disable<e i a s b h r c s q >
06-05 18:09:36.342 10034  3373  3373 D StatusBar: disable<e i a s b h r c s q >
06-05 18:09:36.462  1000  2115  7768 D         : DpmDfsTracker::dfsIndCb: Received DFS IND id 44
06-05 18:09:36.463  1000  2115  7768 D         : DpmComH::addComEventHandler fd 24, ComEventCallback 0x5db1a70470, void* 0x7b6b62d060, ComCloseCallback 0x0, events 1
06-05 18:09:36.463  1000  2115  2115 D         : DpmComH :there are 1 file descriptor(s) with events pending
06-05 18:09:36.463  1000  2115  2115 D         : DpmComH : 1 events pending, handling 1 for 24
06-05 18:09:36.463  1000  2115  2115 D         : DpmComH :fd '24' is processing events [callback:0x5db1a70470, data:0x7b6b62d060]
06-05 18:09:36.463  1000  2115  2115 D         : DpmDfsTracker::dfsEventfdCallback: fd 24
06-05 18:09:36.463  1000  2115  2115 D         : DpmComH::removeComEventHandler fd 24
06-05 18:09:36.463  1000  2115  2115 D         : DpmQmiMgr::dfsFilteringIndHdlr: Calling update filter status 
06-05 18:09:36.463  1000  2115  2115 D         : DpmQmiMgr::updateFilterStatus: 
06-05 18:09:36.463  1000  2115  2115 D         : DpmQmiMgr::getFilterStatus:
06-05 18:09:36.464  1000  2115  2115 D         : DpmQmiMgr::Calling filterIndCb: 
06-05 18:09:36.465  1000  2115  2227 D         : DpmQmiMgr uninstallFilters
06-05 18:09:36.465  1000  2115  2227 D         : DpmQmiMgr::clearAllDfsFilters:
06-05 18:09:36.465  1000  2115  2227 D         : DpmDfsTracker::removeAllDfsFilters enter
06-05 18:09:36.467  1000  2115  2227 D         : DpmQmiMgr setDfsFilterMode
06-05 18:09:36.467  1000  2115  2227 D         : DpmQmiMgr::setDfsFilterMode v4: enable 0
06-05 18:09:36.469  1000  2152  2258 E libnav  : CablComputeBacklightLevel(): UpdateType = DifferentSceneUpdate
06-05 18:09:36.505 radio  4063  4092 I QcrilOemhookMsgTunnel: [0]processOemHookIndication length=21
06-05 18:09:36.505 radio  4063  4063 D QcrilMsgTunnelIfaceManager: handleMessage what = 0
06-05 18:09:36.537 radio  4063  4092 I QcrilOemhookMsgTunnel: [1]processOemHookIndication length=44
06-05 18:09:36.538 radio  4063  4063 D QcrilMsgTunnelIfaceManager: handleMessage what = 0
06-05 18:09:37.760 radio  2136  2350 D QC-time-services: Lib:time_genoff_operation: pargs->base = 12
06-05 18:09:37.761 radio  2136  2350 D QC-time-services: Lib:time_genoff_operation: pargs->operation = 0
06-05 18:09:37.761 radio  2136  2350 D QC-time-services: Lib:time_genoff_operation: pargs->ts_val = 1528202378215
06-05 18:09:37.761 radio  2136  2350 D QC-time-services: Lib:time_genoff_operation: Send to server  passed!!
06-05 18:09:37.762  1000  2116  2161 D QC-time-services: Daemon: Connection accepted:time_genoff
06-05 18:09:37.763 radio  4063  4092 I QcrilOemhookMsgTunnel: [0]processOemHookIndication length=28
06-05 18:09:37.763 radio  4063  4063 D QcrilMsgTunnelIfaceManager: handleMessage what = 0
06-05 18:09:37.763  1000  2116 30614 D QC-time-services: Daemon:Received base = 12, unit = 1, operation = 0,value = 1528202378215
06-05 18:09:37.763  1000  2116 30614 D QC-time-services: Daemon:genoff_opr: Base = 12, val = 1528202378215, operation = 0
06-05 18:09:37.763  1000  2116 30614 D QC-time-services: Daemon:Value read from QTimer mseconds = 16939551
06-05 18:09:37.763  1000  2116 30614 D QC-time-services: Daemon:Value read from RTC mseconds on boot = 1896230000
06-05 18:09:37.763  1000  2116 30614 D QC-time-services: Daemon:Delta read on boot mseconds = 1896145683
06-05 18:09:37.763  1000  2116 30614 D QC-time-services: Daemon:new time 1528202378215 
06-05 18:09:37.763  1000  2116 30614 D QC-time-services: Daemon: delta 1526289292981 genoff 1526289292981 
06-05 18:09:37.764  1000  2116 30614 D QC-time-services: Daemon:genoff_persistent_update: Writing genoff = 1526289292981 to memory
06-05 18:09:37.764  1000  2116 30614 D QC-time-services: Daemon:Opening File: /persist/time/ats_12 /data/time/ats_12
06-05 18:09:37.764  1000  2116 30614 D QC-time-services: Daemon:time_persistent_memory_opr:Genoff write operation 
06-05 18:09:37.766 radio  4063  4092 I QcrilOemhookMsgTunnel: [1]processOemHookIndication length=44
06-05 18:09:37.767  1000  2628  8538 D AlarmManagerService: Kernel timezone updated to -330 minutes west of GMT
06-05 18:09:37.767 radio  4063  4063 D QcrilMsgTunnelIfaceManager: handleMessage what = 0
06-05 18:09:37.774  1000  2628  7604 D AlarmManagerService: Setting time of day to sec=1528202378
06-05 18:09:38.013  1000  2628  7604 W AlarmManagerService: Unable to set rtc to 1528202378: Invalid argument
06-05 18:09:38.033 radio  2136  2350 E QC-time-services: Receive Passed == base = 12, unit = 1, operation = 0, result = 0
06-05 18:09:38.033  1000  2116  2161 E QC-time-services: Daemon: Time-services: Waiting to acceptconnection
06-05 18:09:38.033 radio  2136  2350 D QC-time-services: Lib:time_genoff_operation: pargs->base = 13
06-05 18:09:38.033 radio  2136  2350 D QC-time-services: Lib:time_genoff_operation: pargs->operation = 0
06-05 18:09:38.033 radio  2136  2350 D QC-time-services: Lib:time_genoff_operation: pargs->ts_val = 1528202378215
06-05 18:09:38.034 radio  2136  2350 D QC-time-services: Lib:time_genoff_operation: Send to server  passed!!
06-05 18:09:38.034  1000  2116  2161 D QC-time-services: Daemon: Connection accepted:time_genoff
06-05 18:09:38.034  1000  2116 30615 D QC-time-services: Daemon:Received base = 13, unit = 1, operation = 0,value = 1528202378215
06-05 18:09:38.034  1000  2116 30615 D QC-time-services: Daemon:genoff_opr: Base = 13, val = 1528202378215, operation = 0
06-05 18:09:38.034  1000  2116 30615 D QC-time-services: Daemon:Value read from QTimer mseconds = 16939585
06-05 18:09:38.034  1000  2116 30615 D QC-time-services: Daemon:Value read from RTC mseconds on boot = 1896230000
06-05 18:09:38.034  1000  2116 30615 D QC-time-services: Daemon:Delta read on boot mseconds = 1896145683
06-05 18:09:38.034  1000  2116 30615 D QC-time-services: Daemon:new time 1528202378215 
06-05 18:09:38.034  1000  2116 30615 D QC-time-services: Daemon: delta 1526289292947 genoff 1526289292947 
06-05 18:09:38.034  1000  2116 30615 D QC-time-services: Daemon:genoff_persistent_update: Writing genoff = 1526289292947 to memory
06-05 18:09:38.034  1000  2116 30615 D QC-time-services: Daemon:Opening File: /persist/time/ats_13 /data/time/ats_13
06-05 18:09:38.034  1000  2116 30615 D QC-time-services: Daemon:time_persistent_memory_opr:Genoff write operation 
06-05 18:09:38.042  1000  2116  2161 E QC-time-services: Daemon: Time-services: Waiting to acceptconnection
06-05 18:09:38.042 radio  2136  2350 E QC-time-services: Receive Passed == base = 13, unit = 1, operation = 0, result = 0
06-05 18:09:39.235 radio  3545  4867 D SMARTRON: PhoneInterfaceManager.isImsRegisteredForSubscriber : subId = 1, mPhone = Handler (com.qualcomm.qti.internal.telephony.QtiGsmCdmaPhone) {7af4c9}, mPhone.isVolteEnabled = true, mPhone.hashCode = 8058057
06-05 18:09:39.235 radio  3545  4867 D SMARTRON: PhoneInterfaceManager.isImsRegisteredForSubscriber : subId = 1, phone = Handler (com.qualcomm.qti.internal.telephony.QtiGsmCdmaPhone) {7af4c9}, phone.isVolteEnabled = true, phone.hashCode = 8058057
06-05 18:09:39.250 10034  3373  3647 D NetworkController.MobileSignalController(1): isMobileIms : subId = 1, phoneId = 0, isImsRegisteredForSubscriber = true, isVolteAvailable = true, isImsRegisteredInWifi = false
06-05 18:09:39.251 radio  3545  4867 D SMARTRON: PhoneInterfaceManager.isImsRegisteredForSubscriber : subId = 1, mPhone = Handler (com.qualcomm.qti.internal.telephony.QtiGsmCdmaPhone) {7af4c9}, mPhone.isVolteEnabled = true, mPhone.hashCode = 8058057
06-05 18:09:39.252 radio  3545  4867 D SMARTRON: PhoneInterfaceManager.isImsRegisteredForSubscriber : subId = 1, phone = Handler (com.qualcomm.qti.internal.telephony.QtiGsmCdmaPhone) {7af4c9}, phone.isVolteEnabled = true, phone.hashCode = 8058057
06-05 18:09:39.704 radio  3545  4867 D SMARTRON: PhoneInterfaceManager.isImsRegisteredForSubscriber : subId = 1, mPhone = Handler (com.qualcomm.qti.internal.telephony.QtiGsmCdmaPhone) {7af4c9}, mPhone.isVolteEnabled = true, mPhone.hashCode = 8058057
06-05 18:09:39.704 radio  3545  4867 D SMARTRON: PhoneInterfaceManager.isImsRegisteredForSubscriber : subId = 1, phone = Handler (com.qualcomm.qti.internal.telephony.QtiGsmCdmaPhone) {7af4c9}, phone.isVolteEnabled = true, phone.hashCode = 8058057
06-05 18:09:39.720 10034  3373  3647 D NetworkController.MobileSignalController(1): isMobileIms : subId = 1, phoneId = 0, isImsRegisteredForSubscriber = true, isVolteAvailable = true, isImsRegisteredInWifi = false
06-05 18:09:39.723 radio  3545  4867 D SMARTRON: PhoneInterfaceManager.isImsRegisteredForSubscriber : subId = 1, mPhone = Handler (com.qualcomm.qti.internal.telephony.QtiGsmCdmaPhone) {7af4c9}, mPhone.isVolteEnabled = true, mPhone.hashCode = 8058057
06-05 18:09:39.723 radio  3545  4867 D SMARTRON: PhoneInterfaceManager.isImsRegisteredForSubscriber : subId = 1, phone = Handler (com.qualcomm.qti.internal.telephony.QtiGsmCdmaPhone) {7af4c9}, phone.isVolteEnabled = true, phone.hashCode = 8058057
06-05 18:09:39.999  1000  2115  2227 D         : DpmQmiMgr areAllIfaceActive 
06-05 18:09:39.999  1000  2115  2227 D         : DpmQmiMgr getDormancy Status rmnet_data1
06-05 18:09:40.001  1000  2115  2227 D         : DpmWdsTracker::getDormancy: iface rmnet_data1 dormancy status 1
06-05 18:09:40.001  1000  2115  2227 D         : DpmQmiMgr getDormancy Status rmnet_data2
06-05 18:09:40.002  1000  2115  2227 D         : DpmWdsTracker::getDormancy: iface rmnet_data2 dormancy status 1
