06-05 18:10:14.731  1041   566 18123 I soundtrigger: audio_extn_sound_trigger_update_device_status: device 0x9 of type 0 for Event 0, with Raise=0
06-05 18:10:14.731  1041   566 18123 D audio_hw_primary: out_standby: exit
06-05 18:10:14.931  1041  2123  5546 I AudioPolicyManagerCustom: setting force DEEP buffer now 
06-05 18:10:14.932  1041  2123  5546 I chatty  : uid=1041(audioserver) Binder:2123_4 identical 1 line
06-05 18:10:14.932  1041  2123  5546 I AudioPolicyManagerCustom: setting force DEEP buffer now 
06-05 18:10:14.934  1041  2123  5546 I AudioPolicyManagerCustom: FLAG None hence request for a primary output
06-05 18:10:14.936  1041   566 18123 D audio_hw_spkr_prot: audio_extn_fbsp_get_parameters: Speaker protection disabled
06-05 18:10:14.936  1041   566 18123 D audio_hw_extn: audio_extn_get_parameters: returns 
06-05 18:10:14.937  1041  2123  5546 I hash_map_utils: key: 'audio_mode' value: ''
06-05 18:10:14.938  1041   566 18123 D audio_hw_spkr_prot: audio_extn_fbsp_get_parameters: Speaker protection disabled
06-05 18:10:14.938  1041   566 18123 D audio_hw_extn: audio_extn_get_parameters: returns 
06-05 18:10:14.938  1041  2123  5546 I hash_map_utils: key: 'voip_out_stream_count' value: ''
06-05 18:10:14.939  1041   566 18123 D audio_hw_spkr_prot: audio_extn_fbsp_get_parameters: Speaker protection disabled
06-05 18:10:14.940  1041   566 18123 D audio_hw_extn: audio_extn_get_parameters: returns 
06-05 18:10:14.940  1041  2123  5546 I hash_map_utils: key: 'voip_sample_rate' value: ''
06-05 18:10:14.941  1041  2123  5546 D AudioPolicyManagerCustom: Set VoIP and Direct output flags for PCM format
06-05 18:10:14.941  1041   566 18123 I audio_hw_primary: getting vr mode to 0
06-05 18:10:14.942  1041  2123  5546 I hash_map_utils: key: 'vr_audio_mode_on' value: ''
06-05 18:10:14.945  1041  2123  5546 I AudioPolicyManagerCustom: VR mode is 0, switch to primary output if request is for fast|raw
06-05 18:10:14.946  1041   566 18123 D compress_voip: voice_extn_compress_voip_out_get_parameters: enter
06-05 18:10:14.947  1041  2123  5546 E AudioFlinger: Threards.cpp_createTrack: uid: 10060 and trackcount is = 0
06-05 18:10:14.949 10060 30625 30689 D AudioTrack: Client defaulted notificationFrames to 1922 for frameCount 3844
06-05 18:10:15.424 radio  3545  4973 D SMARTRON: PhoneInterfaceManager.isImsRegisteredForSubscriber : subId = 1, mPhone = Handler (com.qualcomm.qti.internal.telephony.QtiGsmCdmaPhone) {7af4c9}, mPhone.isVolteEnabled = true, mPhone.hashCode = 8058057
06-05 18:10:15.424 radio  3545  4973 D SMARTRON: PhoneInterfaceManager.isImsRegisteredForSubscriber : subId = 1, phone = Handler (com.qualcomm.qti.internal.telephony.QtiGsmCdmaPhone) {7af4c9}, phone.isVolteEnabled = true, phone.hashCode = 8058057
06-05 18:10:15.437 10034  3373  3647 D NetworkController.MobileSignalController(1): isMobileIms : subId = 1, phoneId = 0, isImsRegisteredForSubscriber = true, isVolteAvailable = true, isImsRegisteredInWifi = false
06-05 18:10:15.439 radio  3545  4973 D SMARTRON: PhoneInterfaceManager.isImsRegisteredForSubscriber : subId = 1, mPhone = Handler (com.qualcomm.qti.internal.telephony.QtiGsmCdmaPhone) {7af4c9}, mPhone.isVolteEnabled = true, mPhone.hashCode = 8058057
06-05 18:10:15.440 radio  3545  4973 D SMARTRON: PhoneInterfaceManager.isImsRegisteredForSubscriber : subId = 1, phone = Handler (com.qualcomm.qti.internal.telephony.QtiGsmCdmaPhone) {7af4c9}, phone.isVolteEnabled = true, phone.hashCode = 8058057
06-05 18:10:15.732  1041   566 18123 D audio_hw_primary: adev_open_input_stream: enter: sample_rate(48000) channel_mask(0x10) devices(0x80000010)        stream_handle(0xea517200) io_handle(654) source(7) format 1
06-05 18:10:15.732  1041   566 18123 D compress_voip: voice_extn_compress_voip_pcm_prop_check: VoIP PCM property is enabled
06-05 18:10:15.732  1041   566 18123 D compress_voip: voice_extn_compress_voip_open_input_stream: enter
06-05 18:10:15.732  1041   566 18123 D compress_voip: voip_set_mode: enter, format=1
06-05 18:10:15.732  1041   566 18123 D compress_voip: voip_set_mode: Derived mode = 12
06-05 18:10:15.732  1041   566 18123 W audio_hw_utils: audio_extn_utils_update_stream_input_app_type_cfg: App type could not be selected. Falling back to default
06-05 18:10:15.735  1041  2123 30865 I AudioFlinger: AudioFlinger's thread 0xe1503dc0 tid=30865 ready to run
06-05 18:10:15.735  1041   566 18123 D audio_hw_primary: in_standby: enter: stream (0xea517200) usecase(36: compress-voip-call)
06-05 18:10:15.738  1041   566 18123 D audio_hw_primary: in_standby: enter: stream (0xea517200) usecase(36: compress-voip-call)
06-05 18:10:16.232  1041  2123 18216 I AudioPolicyManagerCustom: FLAG None hence request for a primary output
06-05 18:10:16.233  1041  2123 18216 I AudioPolicyManagerCustom: FLAG None hence request for a primary output
06-05 18:10:16.236  1041   566  7626 D audio_hw_primary: start_output_stream: enter: stream(0xeab39000)usecase(1: low-latency-playback) devices(0x4)
06-05 18:10:16.236  1041   566  7626 D audio_hw_primary: select_devices for use case (low-latency-playback)
06-05 18:10:16.236  1041   566  7626 D audio_hw_extn: audio_extn_get_anc_enabled: anc_enabled:0
06-05 18:10:16.236  1041   566  7626 D audio_hw_primary: select_devices: out_snd_device(9: headphones) in_snd_device(0: )
06-05 18:10:16.236  1041   566  7626 I msm8916_platform: platform_check_and_set_codec_backend_cfg:becf: afe: bitwidth 16, samplerate 48000 channels 2, backend_idx 0 usecase = 1 device (headphones)
06-05 18:10:16.236  1041   566  7626 D msm8916_platform: platform_split_snd_device: snd_device(9) num devices(1) new_snd_devices(0)
06-05 18:10:16.236  1041   566  7626 I msm8916_platform: platform_check_and_set_codec_backend_cfg: becf: new_snd_devices[0] is headphones
06-05 18:10:16.236  1041   566  7626 I msm8916_platform: platform_check_codec_backend_cfg:becf: afe: Codec selected backend: 0 current bit width: 16 sample rate: 48000 channels: 2 usecase 1 device (headphones)
06-05 18:10:16.236  1041   566  7626 D msm8916_platform: platform_check_codec_backend_cfg:becf: afe: napb not active - set non fractional rate
06-05 18:10:16.236  1041   566  7626 D msm8916_platform: platform_check_codec_backend_cfg:becf: afe: only 48KHZ sample rate is supported Configure afe to default Sample Rate(48k)
06-05 18:10:16.236  1041   566  7626 I msm8916_platform: platform_check_codec_backend_cfg:becf: afe: Codec selected backend: 0 updated bit width: 16 sample rate: 48000 channels: 2
06-05 18:10:16.236  1041   566  7626 E audio_route: unable to find path 'hph-lowpower-mode'
06-05 18:10:16.236  1041   566  7626 D audio_hw_primary: check_usecases_codec_backend:becf: force routing 0
06-05 18:10:16.237  1041   566  7626 E msm8916_platform: platform_check_backends_match: Invalid snd_device = 
06-05 18:10:16.237  1041   566  7626 D audio_hw_primary: check_usecases_codec_backend:becf: (59) check_usecases curr device: headphones, usecase device: backends match 0
06-05 18:10:16.237  1041   566  7626 D audio_hw_primary: check_usecases_codec_backend:becf: check_usecases num.of Usecases to switch 0
06-05 18:10:16.237  1041   566  7626 D hardware_info: hw_info_append_hw_type : device_name = headphones
06-05 18:10:16.237  1041   566  7626 D msm8916_platform: platform_split_snd_device: snd_device(9) num devices(0) new_snd_devices(0)
06-05 18:10:16.237  1041   566  7626 D audio_hw_primary: enable_snd_device: snd_device(9: headphones)
06-05 18:10:16.237  1041   566  7626 I soundtrigger: audio_extn_sound_trigger_update_device_status: device 0x9 of type 0 for Event 1, with Raise=0
06-05 18:10:16.237  1041   566  7626 D audio_route: Apply path: headphones
06-05 18:10:16.240  root   586   627 E ANDR-PERF-MPCTL: Invalid profile no. 0, total profiles 0 only
06-05 18:10:16.242  1000  2628  8538 I ActivityManager: START u0 {act=com.google.android.apps.tachyon.action.RESUME_CALL flg=0x34000000 cmp=com.google.android.apps.tachyon/.MainActivity} from uid 10060
06-05 18:10:16.249  1041   566  7626 D soundtrigger: audio_extn_sound_trigger_update_stream_status: uc_id 1 of type 0 for Event 3, with Raise=0
06-05 18:10:16.249  1041   566  7626 D audio_hw_utils: audio_extn_utils_send_app_type_cfg: usecase->out_snd_device headphones
06-05 18:10:16.249  1041   566  7626 D msm8916_platform: platform_split_snd_device: snd_device(9) num devices(0) new_snd_devices(0)
06-05 18:10:16.250  1041   566  7626 E msm8916_platform: platform_get_snd_device_backend_index: BE DAI Name Table is not present
06-05 18:10:16.250  1041   566  7626 E audio_hw_utils: send_app_type_cfg_for_device: Couldn't get the backend index for snd device headphones ret=-14
06-05 18:10:16.250  1041   566  7626 I audio_hw_utils: send_app_type_cfg_for_device PLAYBACK app_type 69937, acdb_dev_id 10, sample_rate 48000, snd_device_be_idx -14
06-05 18:10:16.250  1041   566  7626 D msm8916_platform: platform_split_snd_device: snd_device(9) num devices(1) new_snd_devices(0)
06-05 18:10:16.250  1041   566  7626 D ACDB-LOADER: ACDB -> send_audio_cal, acdb_id = 10, path = 0, app id = 0x11131, sample rate = 48000
06-05 18:10:16.250  1041   566  7626 D ACDB-LOADER: ACDB -> send_asm_topology
06-05 18:10:16.250  1041   566  7626 D ACDB-LOADER: ACDB -> ACDB_CMD_GET_AUDPROC_STREAM_TOPOLOGY_ID
06-05 18:10:16.250  1041   566  7626 D ACDB-LOADER: ACDB -> send_adm_topology
06-05 18:10:16.250  1041   566  7626 D ACDB-LOADER: ACDB -> ACDB_CMD_GET_AUDPROC_COMMON_TOPOLOGY_ID
06-05 18:10:16.251  1041   566  7626 D ACDB-LOADER: ACDB -> send_audtable
06-05 18:10:16.251  1041   566  7626 D ACDB-LOADER: ACDB -> ACDB_CMD_GET_AUDPROC_COMMON_TABLE_SIZE
06-05 18:10:16.251  1041   566  7626 D ACDB-LOADER: ACDB -> ACDB_CMD_GET_AUDPROC_COMMON_TABLE
06-05 18:10:16.251  1041   566  7626 D ACDB-LOADER: ACDB -> AUDIO_SET_AUDPROC_CAL
06-05 18:10:16.251  1041   566  7626 D ACDB-LOADER: ACDB -> send_audvoltable
06-05 18:10:16.251  1041   566  7626 D ACDB-LOADER: ACDB -> ACDB_CMD_GET_AUDPROC_VOL_STEP_TABLE_SIZE
06-05 18:10:16.251  1041   566  7626 D ACDB-LOADER: ACDB -> ACDB_CMD_GET_AUDPROC_GAIN_DEP_STEP_TABLE, vol index 0
06-05 18:10:16.251  1041   566  7626 D         : Failed to fetch the lookup information of the device 0000000A 
06-05 18:10:16.251  1041   566  7626 E ACDB-LOADER: Error: ACDB AudProc vol returned = -19
06-05 18:10:16.251  1041   566  7626 D ACDB-LOADER: ACDB -> AUDIO_SET_VOL_CAL cal type = 12
06-05 18:10:16.251  1041   566  7626 D ACDB-LOADER: ACDB -> ACDB_CMD_GET_AUDPROC_STREAM_TABLE_SIZE
06-05 18:10:16.251  1041   566  7626 D ACDB-LOADER: ACDB -> send_audstrmtable
06-05 18:10:16.251  1041   566  7626 D ACDB-LOADER: ACDB -> ACDB_CMD_GET_AUDPROC_STREAM_TABLE_V2
06-05 18:10:16.251  1041   566  7626 D ACDB-LOADER: ACDB -> audstrm_cal->cal_type.cal_data.cal_size = 16
06-05 18:10:16.251  1041   566  7626 D ACDB-LOADER: ACDB -> send_afe_topology
06-05 18:10:16.251  1041   566  7626 D ACDB-LOADER: ACDB -> ACDB_CMD_GET_AFE_TOPOLOGY_ID
06-05 18:10:16.251  1041   566  7626 D ACDB-LOADER: ACDB -> GET_AFE_TOPOLOGY_ID for adcd_id 10, Topology Id 112fc
06-05 18:10:16.251  1041   566  7626 D ACDB-LOADER: ACDB -> send_afe_cal
06-05 18:10:16.251  1041   566  7626 D ACDB-LOADER: ACDB -> ACDB_CMD_GET_AFE_COMMON_TABLE_SIZE
06-05 18:10:16.251  1041   566  7626 D         : Failed to fetch the lookup information of the device 0000000A 
06-05 18:10:16.251  1041   566  7626 E ACDB-LOADER: Error: ACDB_CMD_GET_AFE_COMMON_TABLE_SIZE Returned = -19
06-05 18:10:16.251  1041   566  7626 D ACDB-LOADER: ACDB -> ACDB_CMD_GET_AFE_COMMON_TABLE
06-05 18:10:16.251  1041   566  7626 D         : Failed to fetch the lookup information of the device 0000000A 
06-05 18:10:16.251  1041   566  7626 E ACDB-LOADER: Error: ACDB AFE returned = -19
06-05 18:10:16.251  1041   566  7626 D ACDB-LOADER: ACDB -> AUDIO_SET_AFE_CAL
06-05 18:10:16.251  1041   566  7626 D ACDB-LOADER: ACDB -> send_hw_delay : acdb_id = 10 path = 0
06-05 18:10:16.251  1041   566  7626 D ACDB-LOADER: ACDB -> ACDB_AVSYNC_INFO: ACDB_CMD_GET_DEVICE_PROPERTY
06-05 18:10:16.251  1041   566  7626 D audio_hw_primary: enable_audio_route: apply mixer and update path: low-latency-playback
06-05 18:10:16.251  1041   566  7626 D audio_route: Apply path: low-latency-playback
06-05 18:10:16.252  1041   566  7626 D audio_hw_primary: select_devices: done
06-05 18:10:16.260  1000  2628  8538 I chatty  : uid=1000(system) Binder:2628_19 expire 2 lines
06-05 18:10:16.264  1000  2628  7823 I chatty  : uid=1000(system) Binder:2628_16 expire 2 lines
06-05 18:10:16.265  1000  2628  7823 E ActivityManager: applyOptionsLocked: Unknown animationType=0
06-05 18:10:16.286 10060 30625 30625 E TachyonExtStartCallTask: [027:649] [30625] TachyonExtStartCallTask: Unauthorized call intent - ComponentInfo{com.google.android.apps.tachyon/com.google.android.apps.tachyon.MainActivity}
06-05 18:10:16.288 10016 10873 11287 I AsyncOpDispatcher: 131-GetDynamicLink
06-05 18:10:16.289 10060 30625 30664 W AudioManager: Use of stream types is deprecated for operations other than volume control
06-05 18:10:16.289 10060 30625 30664 W AudioManager: See the documentation of requestAudioFocus() for what to use instead with android.media.AudioAttributes to qualify your playback use case
06-05 18:10:16.290  1000  2628 10728 I chatty  : uid=1000(system) Binder:2628_1C expire 1 line
06-05 18:10:16.298  1000  2628  2650 V MediaRouterService: restoreBluetoothA2dp(false)
06-05 18:10:16.299  1041  2123 18216 D AudioPolicyManagerCustom: setForceUse() usage 1, config 10, mPhoneState 3
06-05 18:10:16.302 media  2131  3491 D NuPlayerDriver: start(0xf35c1540), state is 4, eos is 0
06-05 18:10:16.302 media  2131 30836 I GenericSource: start
06-05 18:10:16.306  1000  2628  8538 I chatty  : uid=1000(system) Binder:2628_19 expire 3 lines
06-05 18:10:16.314 media  2131 30836 W Utils   : track of type 'audio/vorbis' does not publish channel mask, channel count 2
06-05 18:10:16.316 media  2131 30836 W Utils   : track of type 'audio/vorbis' does not publish channel mask, channel count 2
06-05 18:10:16.320  1041   566  7626 D msm8916_platform: platform_set_channel_map mixer_ctl_name:Playback Channel Map12
06-05 18:10:16.320  1041   566  7626 D msm8916_platform: platform_set_channel_map: set mapping(1 2 0 0 0 0 0 0) for channel:2
06-05 18:10:16.321  1041   566  7626 D audio_hw_primary: start_output_stream: exit
06-05 18:10:16.321  1041   566 18123 D audio_hw_spkr_prot: audio_extn_fbsp_get_parameters: Speaker protection disabled
06-05 18:10:16.321  1041   566 18123 D audio_hw_extn: audio_extn_get_parameters: returns 
06-05 18:10:16.322  1041  2123 29682 I hash_map_utils: key: 'is_hw_dec_session_available' value: 'audio/vorbis'
06-05 18:10:16.329  1041   566 18123 D audio_hw_primary: adev_set_mic_mute state 0
06-05 18:10:16.330  1041   566 18123 W DeviceHAL: Device 0xeb188c00 set_mic_mute: Function not implemented
06-05 18:10:16.331 10060 30625 30625 W VideoCapturerTh: type=1400 audit(0.0:643): avc: denied { read } for name="u:object_r:camera_prop:s0" dev="tmpfs" ino=6405 scontext=u:r:untrusted_app_25:s0:c512,c768 tcontext=u:object_r:camera_prop:s0 tclass=file permissive=0
06-05 18:10:16.331  1041   566 18123 W DeviceHAL: Device 0xeab5b1c0 set_mic_mute: Function not implemented
06-05 18:10:16.332 media  2131 30869 I OMXClient: Treble IOmx obtained
06-05 18:10:16.333  1046  2135  3395 I OMXMaster: makeComponentInstance(OMX.google.vorbis.decoder) in omx@1.0-service process
06-05 18:10:16.337  1041  2123 18216 D AudioPolicyManagerCustom: setForceUse() usage 0, config 0, mPhoneState 3
06-05 18:10:16.339  1046  2135  3395 E OMXNodeInstance: setConfig(0xf21a3740:google.vorbis.decoder, ConfigPriority(0x6f800002)) ERROR: Undefined(0x80001001)
06-05 18:10:16.339 media  2131 30869 I ACodec  : codec does not support config priority (err -2147483648)
06-05 18:10:16.349 10060 30625 30699 E libc    : Access denied finding property "persist.camera.cfa.packagelist"
06-05 18:10:16.349  1046  2135  3395 E OMXNodeInstance: setConfig(0xf21a3740:google.vorbis.decoder, ConfigPriority(0x6f800002)) ERROR: Undefined(0x80001001)
06-05 18:10:16.349 media  2131 30869 I ACodec  : codec does not support config priority (err -2147483648)
06-05 18:10:16.349  1047  2124  2124 I CameraService: CameraService::connect call (PID -1 "com.google.android.apps.tachyon", camera ID 1) for HAL version default and Camera API version 2
06-05 18:10:16.351  1047  2124  2124 I Camera2ClientBase: Camera 1: Opened. Client: com.google.android.apps.tachyon (PID 30625, UID 10060)
06-05 18:10:16.351  1047  2124  2124 I CameraDeviceClient: CameraDeviceClient 1: Opened
06-05 18:10:16.352  1046  2135  3395 E OMXNodeInstance: getConfig(0xf21a3740:google.vorbis.decoder, ConfigAndroidVendorExtension(0x6f100004)) ERROR: Undefined(0x80001001)
06-05 18:10:16.353  1047  2124  2124 I CameraService: onTorchStatusChangedLocked: Torch status changed for cameraId=1, newStatus=0
06-05 18:10:16.354 media  2131 30869 W ExtendedACodec: Failed to get extension for extradata parameter
06-05 18:10:16.355  1000  3531  3531 D faceLog : (BaseApp.java:85)onCameraUnavailable->onCameraUnAvailable cameraId: 1
06-05 18:10:16.355  1047   568 25999 I QCamera : <HAL><INFO> cameraDeviceOpen: 405: Open camera id 1 API version 768
06-05 18:10:16.356  1047   568 25999 D vndksupport: Loading /vendor/lib/hw/power.qcom.so from current namespace instead of sphal namespace.
06-05 18:10:16.356 10060 30625 30625 E TachyonExtStartCallTask: [027:719] [30625] TachyonExtStartCallTask: Unauthorized call intent - ComponentInfo{com.google.android.apps.tachyon/com.google.android.apps.tachyon.MainActivity}
06-05 18:10:16.360 media  2131 30869 I MediaCodec: MediaCodec will operate in async mode
06-05 18:10:16.366  1000   565   565 W /system/bin/hw/android.hidl.allocator@1.0-service: ashmem_create_region(65307) returning hidl_memory(0x7b7402b460, 65307)
06-05 18:10:16.366  root   586   627 E ANDR-PERF-MPCTL: Invalid profile no. 0, total profiles 0 only
06-05 18:10:16.368  1000   565   565 W /system/bin/hw/android.hidl.allocator@1.0-service: ashmem_create_region(65307) returning hidl_memory(0x7b7402b460, 65307)
06-05 18:10:16.369  1000   565   565 I chatty  : uid=1000(system) allocator@1.0-s identical 13 lines
06-05 18:10:16.370  1000   565   565 W /system/bin/hw/android.hidl.allocator@1.0-service: ashmem_create_region(65307) returning hidl_memory(0x7b7402b460, 65307)
06-05 18:10:16.374  1000   565   565 W /system/bin/hw/android.hidl.allocator@1.0-service: ashmem_create_region(32768) returning hidl_memory(0x7b7402b460, 32768)
06-05 18:10:16.375 10060 30625 30625 W StaticLayout: maxLineHeight should not be -1.  maxLines:1 lineCount:1
06-05 18:10:16.375  1000   565   565 W /system/bin/hw/android.hidl.allocator@1.0-service: ashmem_create_region(32768) returning hidl_memory(0x7b7402b460, 32768)
06-05 18:10:16.376 10060 30625 30625 W StaticLayout: maxLineHeight should not be -1.  maxLines:1 lineCount:1
06-05 18:10:16.376  1000   565   565 W /system/bin/hw/android.hidl.allocator@1.0-service: ashmem_create_region(32768) returning hidl_memory(0x7b7402b460, 32768)
06-05 18:10:16.379  1047   568 25999 I QCamera : <HAL><INFO> openCamera: 714: [KPI Perf]: E PROFILE_OPEN_CAMERA camera id 1
06-05 18:10:16.379  1000   565   565 W /system/bin/hw/android.hidl.allocator@1.0-service: ashmem_create_region(32768) returning hidl_memory(0x7b7402b460, 32768)
06-05 18:10:16.379  1047  2124  2124 I CameraProviderManager: Camera device device@1.0/legacy/1 torch status is now NOT_AVAILABLE
06-05 18:10:16.380  1047  2124  2124 I CameraService: onTorchStatusChangedLocked: Torch status changed for cameraId=1, newStatus=0
06-05 18:10:16.398  1000   565   565 W /system/bin/hw/android.hidl.allocator@1.0-service: ashmem_create_region(32768) returning hidl_memory(0x7b7402b460, 32768)
06-05 18:10:16.399  1047  2124  2124 I CameraProviderManager: Camera device device@3.3/legacy/1 torch status is now NOT_AVAILABLE
06-05 18:10:16.399  1047  2124  2124 I CameraService: onTorchStatusChangedLocked: Torch status changed for cameraId=1, newStatus=0
06-05 18:10:16.399  1000   565   565 W /system/bin/hw/android.hidl.allocator@1.0-service: ashmem_create_region(32768) returning hidl_memory(0x7b7402b460, 32768)
06-05 18:10:16.400  1006  2142  2142 I mm-camera: < INFO> 395: enable_memleak_trace: start memleak tracking.
06-05 18:10:16.401  1000   565   565 W /system/bin/hw/android.hidl.allocator@1.0-service: ashmem_create_region(32768) returning hidl_memory(0x7b7402b460, 32768)
06-05 18:10:16.402  1000   565   565 W /system/bin/hw/android.hidl.allocator@1.0-service: ashmem_create_region(32768) returning hidl_memory(0x7b7402b460, 32768)
06-05 18:10:16.402  1006  2142  2142 W libc    : Unable to set property "persist.camera.debug.logfile" to "0": error code: 0x18
06-05 18:10:16.403  1006  2142  2142 I mm-camera: <MCT   >< INFO> 63: mct_controller_new: Creating new mct_controller with session-id 3
06-05 18:10:16.408  1006  2142 30873 I mm-camera: <MCT   >< INFO> 4581: mct_pipeline_start_session_thread: E sensor
06-05 18:10:16.408  1006  2142 30873 I mm-camera: <MCT   >< INFO> 4588: mct_pipeline_start_session_thread: Calling start_session on Module sensor
06-05 18:10:16.409  1006  2142 30874 I mm-camera: <MCT   >< INFO> 4581: mct_pipeline_start_session_thread: E iface
06-05 18:10:16.409  1006  2142 30874 I mm-camera: <MCT   >< INFO> 4588: mct_pipeline_start_session_thread: Calling start_session on Module iface
06-05 18:10:16.409 media  2131 30868 I ExtendedNuUtils: Both src and dst missing for bit-width
06-05 18:10:16.409 media  2131 30868 I ExtendedNuUtils: Overriding durationUs: with 64 bit src value 4156000
06-05 18:10:16.409 media  2131 30868 I ExtendedNuUtils: Both src and dst missing for channel-mask
06-05 18:10:16.409  1006  2142 30876 I mm-camera: <MCT   >< INFO> 4581: mct_pipeline_start_session_thread: E isp
06-05 18:10:16.409  1006  2142 30876 I mm-camera: <MCT   >< INFO> 4588: mct_pipeline_start_session_thread: Calling start_session on Module isp
06-05 18:10:16.410  1006  2142 30876 I mm-camera: <ISP   >< INFO> 205: isp_module_start_session: session id 3
06-05 18:10:16.410  1041  2123 18216 I AudioPolicyManagerCustom: FLAG None hence request for a primary output
06-05 18:10:16.411  1041  2123 18216 I AudioPolicyManagerCustom: FLAG None hence request for a primary output
06-05 18:10:16.412  1006  2142 30877 I mm-camera: <MCT   >< INFO> 4581: mct_pipeline_start_session_thread: E stats
06-05 18:10:16.412  1006  2142 30877 I mm-camera: <MCT   >< INFO> 4588: mct_pipeline_start_session_thread: Calling start_session on Module stats
06-05 18:10:16.415  1041   566 18123 D compress_voip: voice_extn_compress_voip_out_get_parameters: enter
06-05 18:10:16.416  1041  2123 29682 E AudioFlinger: Threards.cpp_createTrack: uid: 10060 and trackcount is = 1
06-05 18:10:16.419 media  2131 30867 D AudioTrack: Client defaulted notificationFrames to 12000 for frameCount 24000
06-05 18:10:16.420  1006  2142 30877 E mm-camera: <STATS_AIS ><ERROR> 173: dsps_send_req: DSPS Send Request Timeout!!
06-05 18:10:16.421  1006  2142 30879 I mm-camera: <MCT   >< INFO> 4581: mct_pipeline_start_session_thread: E pproc
06-05 18:10:16.421  1006  2142 30879 I mm-camera: <MCT   >< INFO> 4588: mct_pipeline_start_session_thread: Calling start_session on Module pproc
06-05 18:10:16.421 media  2131 30836 D NuPlayerDriver: notifyListener_l(0xf35c1540), (6, 0, 0, -1), loop setting(0, 0)
06-05 18:10:16.426  1006  2142 30874 I mm-camera: <MCT   >< INFO> 4591: mct_pipeline_start_session_thread: Module iface start_session rc = 1
06-05 18:10:16.427  1006  2142 30874 I mm-camera: <MCT   >< INFO> 4599: mct_pipeline_start_session_thread: started_num = 1, success = 1
06-05 18:10:16.427  1006  2142 30874 I mm-camera: <MCT   >< INFO> 4606: mct_pipeline_start_session_thread: X iface
06-05 18:10:16.431  1006  2142 30873 I mm-camera: <MCT   >< INFO> 4591: mct_pipeline_start_session_thread: Module sensor start_session rc = 1
06-05 18:10:16.432  1006  2142 30873 I mm-camera: <MCT   >< INFO> 4599: mct_pipeline_start_session_thread: started_num = 2, success = 2
06-05 18:10:16.432  1006  2142 30873 I mm-camera: <MCT   >< INFO> 4606: mct_pipeline_start_session_thread: X sensor
06-05 18:10:16.435  1006  2142 30879 I mm-camera: <MCT   >< INFO> 4591: mct_pipeline_start_session_thread: Module pproc start_session rc = 1
06-05 18:10:16.435  1006  2142 30879 I mm-camera: <MCT   >< INFO> 4599: mct_pipeline_start_session_thread: started_num = 3, success = 3
06-05 18:10:16.436  1006  2142 30879 I mm-camera: <MCT   >< INFO> 4606: mct_pipeline_start_session_thread: X pproc
06-05 18:10:16.436  1006  2142 30883 I mm-camera: <MCT   >< INFO> 4581: mct_pipeline_start_session_thread: E imglib
06-05 18:10:16.436  1006  2142 30877 I mm-camera: <MCT   >< INFO> 4591: mct_pipeline_start_session_thread: Module stats start_session rc = 1
06-05 18:10:16.436  1006  2142 30883 I mm-camera: <MCT   >< INFO> 4588: mct_pipeline_start_session_thread: Calling start_session on Module imglib
06-05 18:10:16.436  1006  2142 30877 I mm-camera: <MCT   >< INFO> 4599: mct_pipeline_start_session_thread: started_num = 4, success = 4
06-05 18:10:16.436  1006  2142 30877 I mm-camera: <MCT   >< INFO> 4606: mct_pipeline_start_session_thread: X stats
06-05 18:10:16.438  1006  2142 30883 I mm-camera: <MCT   >< INFO> 4591: mct_pipeline_start_session_thread: Module imglib start_session rc = 1
06-05 18:10:16.438  1006  2142 30883 I mm-camera: <MCT   >< INFO> 4599: mct_pipeline_start_session_thread: started_num = 5, success = 5
06-05 18:10:16.438  1006  2142 30883 I mm-camera: <MCT   >< INFO> 4606: mct_pipeline_start_session_thread: X imglib
06-05 18:10:16.442  1006  2142 30876 I mm-camera: <MCT   >< INFO> 4591: mct_pipeline_start_session_thread: Module isp start_session rc = 1
06-05 18:10:16.442  1006  2142 30876 I mm-camera: <MCT   >< INFO> 4599: mct_pipeline_start_session_thread: started_num = 6, success = 6
06-05 18:10:16.442  1006  2142 30876 I mm-camera: <MCT   >< INFO> 4606: mct_pipeline_start_session_thread: X isp
06-05 18:10:16.467  1006  2142  2142 I mm-camera: <MCT   >< INFO> 4502: mct_pipeline_start_stream_internal: Adding session stream streamid= 0xf for session=3
06-05 18:10:16.467  1006  2142  2142 I mm-camera: <MCT   >< INFO> 4550: mct_pipeline_start_stream_internal: Linking session stream for session 3
06-05 18:10:16.467  1006  2142  2142 I mm-camera: <MCT   >< INFO> 510: mct_stream_start_link: Start linking Session-stream 0x3000f
06-05 18:10:16.467  1006  2142  2142 I mm-camera: <ISP   >< INFO> 801: isp_port_check_caps_reserve: port 0xf21e24c0 ide 3000f type 10 dim 0 0
06-05 18:10:16.468  1006  2142  2142 I mm-camera: <PPROC >< INFO> 446: pproc_port_add_modules_to_stream: in identity 3000f stream 10 int_link = 0xf21e7c40
06-05 18:10:16.468  1006  2142  2142 I mm-camera: <PPROC >< INFO> 458: pproc_port_add_modules_to_stream: :LINK linking mods tmod and c2d for identity 3000f
06-05 18:10:16.468  1006  2142  2142 I mm-camera: <C2D   >< INFO> 1490: c2d_module_notify_add_stream: width 0, height 0, stride 0, scanline 0, is_type 0
06-05 18:10:16.468  1006  2142  2142 I mm-camera: <PPROC >< INFO> 458: pproc_port_add_modules_to_stream: :LINK linking mods c2d and cpp for identity 3000f
06-05 18:10:16.468  1000  2628  2708 I chatty  : uid=1000(system) ActivityManager expire 12 lines
06-05 18:10:16.468  1006  2142  2142 I mm-camera: <CPP   >< INFO> 2154: cpp_module_notify_add_stream: :width 0, height 0, stride 0, scanline 0, framelen 0
06-05 18:10:16.468  1006  2142  2142 I mm-camera: <CPP   >< INFO> 2319: cpp_module_notify_add_stream: : stream 10, fmt 1, asf_mode 0, sharpness_level 0.000000,asf mask 0, denoise 0, denoise_mask 0, dsdn mask 0,dsdn enable 0, tnr mask 0, tnr enable 0, ds_mask 0
06-05 18:10:16.468  1006  2142  2142 I mm-camera: <PPROC >< INFO> 458: pproc_port_add_modules_to_stream: :LINK linking mods cpp and paaf for identity 3000f
06-05 18:10:16.468  1006  2142  2142 I mm-camera: <PPROC >< INFO> 458: pproc_port_add_modules_to_stream: :LINK linking mods paaf and ezt for identity 3000f
06-05 18:10:16.468  1006  2142  2142 I mm-camera: <PPROC >< INFO> 458: pproc_port_add_modules_to_stream: :LINK linking mods ezt and quadracfa for identity 3000f
06-05 18:10:16.469  1006  2142  2142 E mm-camera: <STATS ><ERROR> 2822: stats_port_check_caps_reserve: Invalid Port capability type!
06-05 18:10:16.469  1006  2142  2142 I chatty  : uid=1006(camera) mm-qcamera-daem identical 3 lines
06-05 18:10:16.469  1006  2142  2142 E mm-camera: <STATS ><ERROR> 2822: stats_port_check_caps_reserve: Invalid Port capability type!
06-05 18:10:16.471 radio  3545  4973 D SMARTRON: PhoneInterfaceManager.isImsRegisteredForSubscriber : subId = 1, mPhone = Handler (com.qualcomm.qti.internal.telephony.QtiGsmCdmaPhone) {7af4c9}, mPhone.isVolteEnabled = true, mPhone.hashCode = 8058057
06-05 18:10:16.471 radio  3545  4973 D SMARTRON: PhoneInterfaceManager.isImsRegisteredForSubscriber : subId = 1, phone = Handler (com.qualcomm.qti.internal.telephony.QtiGsmCdmaPhone) {7af4c9}, phone.isVolteEnabled = true, phone.hashCode = 8058057
06-05 18:10:16.473 10071 15758 15758 I GoogleInputMethod: onFinishInput() : Dummy InputConnection bound
06-05 18:10:16.473  1006  2142  2142 I mm-camera: <MCT   >< INFO> 4559: mct_pipeline_start_stream_internal: Session stream linked successfully session 3
06-05 18:10:16.473 10071 15758 15758 I GoogleInputMethod: onStartInput() : Dummy InputConnection bound
06-05 18:10:16.499  1000  2628  7604 I Telecom : PhoneAccountRegistrar: Modify account: [ComponentInfo{com.google.android.apps.tachyon/com.google.android.apps.tachyon.telecom.TachyonTelecomConnectionService}, [****], UserHandle{0}]: TSI.rPA@DwI
06-05 18:10:16.501  1000  2628 10843 I chatty  : uid=1000(system) Binder:2628_1D expire 1 line
06-05 18:10:16.508 media  2131 30867 W AudioTrack: getTimestamp() location moved from kernel to server
06-05 18:10:16.511 10034  3373  3647 D NetworkController.MobileSignalController(1): isMobileIms : subId = 1, phoneId = 0, isImsRegisteredForSubscriber = true, isVolteAvailable = true, isImsRegisteredInWifi = false
06-05 18:10:16.515  1000   574 26035 I SDM     : ResourceImpl::SetMaxBandwidthMode: new bandwidth mode=1
06-05 18:10:16.517 radio  3545  4973 D SMARTRON: PhoneInterfaceManager.isImsRegisteredForSubscriber : subId = 1, mPhone = Handler (com.qualcomm.qti.internal.telephony.QtiGsmCdmaPhone) {7af4c9}, mPhone.isVolteEnabled = true, mPhone.hashCode = 8058057
06-05 18:10:16.517 radio  3545  4973 D SMARTRON: PhoneInterfaceManager.isImsRegisteredForSubscriber : subId = 1, phone = Handler (com.qualcomm.qti.internal.telephony.QtiGsmCdmaPhone) {7af4c9}, phone.isVolteEnabled = true, phone.hashCode = 8058057
06-05 18:10:16.518  1047   568 25999 I QCamera : <HAL><INFO> openCamera: 724: [KPI Perf]: X PROFILE_OPEN_CAMERA camera id 1, rc: 0
06-05 18:10:16.518  1047   568 25999 I QCamera : <HAL><INFO> initialize: 946: E :mCameraId = 1 mState = 1
06-05 18:10:16.531  1006  2142 30875 E mm-camera: ov16885gz_bl24c64a_eeprom_get_calibration_items:34,is_wbc:1,is_afc:0,is_lsc:1,is_dpc:0,is_insensor:0,  is_ois:0
06-05 18:10:16.534  1047   568 25999 I QCamera : <HAL><INFO> initialize: 979: X
06-05 18:10:16.541  1047  2124  2124 W CameraDeviceClient: createSurfaceFromGbp: Camera 1 with consumer usage flag: 256: Forcing asynchronous mode for stream
06-05 18:10:16.542  1047  2124  2124 W CameraDeviceClient: createSurfaceFromGbp: Camera 1: Overriding format 0x1 to IMPLEMENTATION_DEFINED
06-05 18:10:16.544  root   586   627 E ANDR-PERF-MPCTL: Invalid profile no. 0, total profiles 0 only
06-05 18:10:16.547  1047   568 25999 E QCamera : <MCI><ERROR> mm_channel_fsm_fn_stopped: 893: invalid state (1) for evt (6)
06-05 18:10:16.547  1047   568 25999 I QCamera : <HAL><INFO> configureStreamsPerfLocked: 1576: stream[0] type = 0, format = 34, width = 1280, height = 720, rotation = 0, usage = 0x100
06-05 18:10:16.547  1006  2142 30894 I mm-camera: <MCT   >< INFO> 3700: mct_pipeline_process_set: command=800000a
06-05 18:10:16.550  1006  2142 30894 I mm-camera: <MCT   >< INFO> 3700: mct_pipeline_process_set: command=8000018
06-05 18:10:16.550  1006  2142 30894 I mm-camera: <MCT   >< INFO> 593: mct_stream_start_link: Link Metadata stream 0x30001: do nothing
06-05 18:10:16.551  1006  2142 30894 I mm-camera: <MCT   >< INFO> 3798: mct_pipeline_process_set: Linking successful for stream 0x30001 stream type=7
06-05 18:10:16.552  1006  2142 30894 I mm-camera: <MCT   >< INFO> 3700: mct_pipeline_process_set: command=8000004
06-05 18:10:16.556  1047  2124  2124 D Camera3-Device: Set real time priority for request queue thread (tid 30902)
06-05 18:10:16.558  1047   568 25999 E CamComm1.0-MD: Mismatched tag type when updating entry enable (-2146762752) of type byte; got type int32 data instead 
06-05 18:10:16.558  1047   568 25999 E CamComm1.0-MD: Mismatched tag type when updating entry is_main (-2146762751) of type byte; got type int32 data instead 
06-05 18:10:16.568  1047   568 25999 I QCamera : <HAL><INFO> processCaptureRequest: 4181: STREAM INFO : type 1, wxh: 1280 x 720, pp_mask: 0x100068e Format:0 is_type: 0
06-05 18:10:16.569  1047   568 25999 I QCamera : <HAL><INFO> processCaptureRequest: 4181: STREAM INFO : type 11, wxh: 640 x 480, pp_mask: 0x100068e Format:0 is_type: 0
06-05 18:10:16.569  root   586   627 E ANDR-PERF-MPCTL: Invalid profile no. 0, total profiles 0 only
06-05 18:10:16.570  1006  2142 30894 I mm-camera: <C2D   >< INFO> 1755: c2d_module_handle_set_parm_event: META_STREAM_INFO type = 1 w x h : 1280 x 720 pp_mask = 0x100068e
06-05 18:10:16.570  1006  2142 30894 I mm-camera: <C2D   >< INFO> 1755: c2d_module_handle_set_parm_event: META_STREAM_INFO type = 11 w x h : 640 x 480 pp_mask = 0x100068e
06-05 18:10:16.570  1006  2142 30894 I mm-camera: <ISP   >< INFO> 6662: isp_util_print_meta_stream_info: Stream type 1 Resolution: 1280x720 pp_mask: 0x100068e
06-05 18:10:16.570  1006  2142  2538 E mm-camera: <IMGLIB><ERROR> 303: AllocateBuffers: Invalid dimensions 0x0
06-05 18:10:16.570  1006  2142 30894 I mm-camera: <ISP   >< INFO> 6662: isp_util_print_meta_stream_info: Stream type 11 Resolution: 640x480 pp_mask: 0x100068e
06-05 18:10:16.571  1006  2142  2538 E mm-camera: <IMGLIB><ERROR> 203: img_algo_preload: Preload: Failed to allocate buffer, rc -4
06-05 18:10:16.571  1006  2142  2538 E mm-camera: <IMGLIB><ERROR> 119: module_imgbase_client_preload_exec: IMG_CORE_PRELOAD failed -4
06-05 18:10:16.572  1006  2142 30894 I mm-camera: <ISP   >< INFO> 2537: isp_resource_allocate: INFO: ISP resource acquired: session 3 num_isp 1
06-05 18:10:16.572  1006  2142 30894 I mm-camera: <ISP   >< INFO> 2539: isp_resource_allocate: INFO: ISP resource acquired: hw_id 1
06-05 18:10:16.572  1006  2142 30894 I mm-camera: <ISP   >< INFO> 6515: isp_util_decide_stream_mapping: stream_port_map num streams 2
06-05 18:10:16.572  1006  2142 30894 I mm-camera: <ISP   >< INFO> 6529: isp_util_decide_stream_mapping: INFO: type -179708550 resolution 1x1280 hw_stream 720 need_native_buff 1 controllable_output 1 shared_output 0
06-05 18:10:16.572  1006  2142 30894 I mm-camera: <ISP   >< INFO> 6529: isp_util_decide_stream_mapping: INFO: type -179708550 resolution 11x640 hw_stream 480 need_native_buff 0 controllable_output 1 shared_output 0
06-05 18:10:16.574  1006  2142 30894 E mm-camera: <IFACE ><ERROR> 2791: iface_util_modify_plane_info_for_native_buf: iface_util_modify_plane_info_for_native_buf: Invalid cam_format 2088533116
06-05 18:10:16.574  1006  2142 30894 E mm-camera: <IFACE ><ERROR> 2826: iface_util_calculate_frame_length_for_native_buf: iface_util_calculate_frame_length_for_native_buf: returned fail=-1
06-05 18:10:16.574  1006  2142 30894 E mm-camera: <IFACE ><ERROR> 2791: iface_util_modify_plane_info_for_native_buf: iface_util_modify_plane_info_for_native_buf: Invalid cam_format 2088533116
06-05 18:10:16.574  1006  2142 30894 E mm-camera: <IFACE ><ERROR> 2826: iface_util_calculate_frame_length_for_native_buf: iface_util_calculate_frame_length_for_native_buf: returned fail=-1
06-05 18:10:16.577  1006  2142 30894 I mm-camera: <MCT   >< INFO> 3700: mct_pipeline_process_set: command=800000a
06-05 18:10:16.579  1006  2142 30894 I mm-camera: <MCT   >< INFO> 3700: mct_pipeline_process_set: command=8000018
06-05 18:10:16.579  1006  2142 30894 I mm-camera: <MCT   >< INFO> 488: mct_stream_start_link: Start linking preview stream 0x30002
06-05 18:10:16.579  1006  2142 30894 I mm-camera: <MCT   >< INFO> 498: mct_stream_start_link: non secure stream linking
06-05 18:10:16.580  1006  2142 30894 I mm-camera: <ISP   >< INFO> 801: isp_port_check_caps_reserve: port 0xf21e24c0 ide 30002 type 1 dim 1280 720
06-05 18:10:16.581  1006  2142 30894 I mm-camera: <PPROC >< INFO> 446: pproc_port_add_modules_to_stream: in identity 30002 stream 1 int_link = 0xf21e7ec0
06-05 18:10:16.581  1006  2142 30894 I mm-camera: <PPROC >< INFO> 458: pproc_port_add_modules_to_stream: :LINK linking mods tmod and cpp for identity 30002
06-05 18:10:16.585  1006  2142 30894 I mm-camera: <CPP   >< INFO> 2154: cpp_module_notify_add_stream: :width 1280, height 720, stride 1280, scanline 736, framelen 1433600
06-05 18:10:16.585  1006  2142 30894 I mm-camera: <CPP   >< INFO> 2178: cpp_module_notify_add_stream: offset_x 0, offset_y 0, offset 0, meta_len 0,meta_scanline 0, meta_stride 0, plane_len 942080
06-05 18:10:16.586  1006  2142 30894 I mm-camera: <CPP   >< INFO> 2178: cpp_module_notify_add_stream: offset_x 0, offset_y 0, offset 0, meta_len 0,meta_scanline 0, meta_stride 0, plane_len 491520
06-05 18:10:16.586  1006  2142 30894 I mm-camera: <CPP   >< INFO> 2319: cpp_module_notify_add_stream: : stream 1, fmt 7, asf_mode 0, sharpness_level 0.333333,asf mask 1, denoise 0, denoise_mask 1, dsdn mask 0,dsdn enable 0, tnr mask 0, tnr enable 0, ds_mask 1
06-05 18:10:16.586  1006  2142 30894 E mm-camera: <IMGLIB><ERROR> 4525: faceproc_hw_comp_create: Library not loaded, handle=0x0, p_ops=0xf1e54e4c
06-05 18:10:16.586  1006  2142 30894 I mm-camera: <MCT   >< INFO> 3798: mct_pipeline_process_set: Linking successful for stream 0x30002 stream type=1
06-05 18:10:16.588  1006  2142 30894 I mm-camera: <MCT   >< INFO> 3700: mct_pipeline_process_set: command=8000004
06-05 18:10:16.588  1006  2142 30894 I mm-camera: <MCT   >< INFO> 3700: mct_pipeline_process_set: command=800000a
06-05 18:10:16.590  1006  2142 30894 I mm-camera: <MCT   >< INFO> 3700: mct_pipeline_process_set: command=8000018
06-05 18:10:16.590  1006  2142 30894 I mm-camera: <MCT   >< INFO> 581: mct_stream_start_link: Starting Analysis stream linking
06-05 18:10:16.590  1006  2142 30894 I mm-camera: <ISP   >< INFO> 801: isp_port_check_caps_reserve: port 0xf21e24c0 ide 30003 type 11 dim 640 480
06-05 18:10:16.591  1006  2142 30894 I mm-camera: <PPROC >< INFO> 446: pproc_port_add_modules_to_stream: in identity 30003 stream 11 int_link = 0xf2178140
06-05 18:10:16.591  1006  2142 30894 I mm-camera: <MCT   >< INFO> 3798: mct_pipeline_process_set: Linking successful for stream 0x30003 stream type=11
06-05 18:10:16.592  1006  2142 30894 I mm-camera: <MCT   >< INFO> 3700: mct_pipeline_process_set: command=8000004
06-05 18:10:16.593  1006  2142 30894 I mm-camera: <MCT   >< INFO> 3700: mct_pipeline_process_set: command=8000019
06-05 18:10:16.593  1006  2142 30894 I mm-camera: <MCT   >< INFO> 3700: mct_pipeline_process_set: command=8000019
06-05 18:10:16.627 10034  3373  3373 D StatusBar: disable<e i a s b h r c s q >
06-05 18:10:16.631  1006  2142 30894 I mm-camera: <MCT   >< INFO> 3700: mct_pipeline_process_set: command=8000008
06-05 18:10:16.631  1006  2142 30894 I mm-camera: <MCT   >< INFO> 3838: mct_pipeline_process_set:  STREAM-ON on stream 0x30001 stream type=7
06-05 18:10:16.631  1006  2142 30894 I mm-camera: <MCT   >< INFO> 3853: mct_pipeline_process_set:  STREAM-ON success for stream 0x30001, stream type=7
06-05 18:10:16.640  1006  2142 30894 I mm-camera: <MCT   >< INFO> 3700: mct_pipeline_process_set: command=8000008
06-05 18:10:16.640  1006  2142 30894 I mm-camera: <MCT   >< INFO> 3838: mct_pipeline_process_set:  STREAM-ON on stream 0x30002 stream type=1
06-05 18:10:16.641  1006  2142 30894 I mm-camera: <SENSOR>< INFO> 3667: sensor_get_resolution_info: sensor info: name: ov16885, res: 1, max_fps: 30.000000, w: 1920, h: 1080 op pix clk: 307200000, FLL: 3808, LLPCK: 1400, mode: 1, PDAF support: 0
06-05 18:10:16.641  1006  2142 30894 E mm-camera: <STATS_AF ><ERROR> 3167: af_port_handle_sensor_update: Depth_Err: actuator sensitivity: 0.000000 is invalid
06-05 18:10:16.642  1006  2142 30894 I mm-camera: <CPP   >< INFO> 1734: cpp_module_handle_stream_cfg_event: frame_offset=3, input_fps=30.00, identity=0x3000f
06-05 18:10:16.642  1006  2142 30894 I mm-camera: <CPP   >< INFO> 1734: cpp_module_handle_stream_cfg_event: frame_offset=3, input_fps=30.00, identity=0x30002
06-05 18:10:16.642  1006  2142  2539 D QCameraQuadraCfa: img_algo_preload:126 : E
06-05 18:10:16.642  1006  2142  2539 D QCameraQuadraCfa: PresetConfig:495 : E
06-05 18:10:16.642  1006  2142  2539 D QCameraQuadraCfa: PresetConfig:497 : custom_cal_data  0
06-05 18:10:16.642  1006  2142  2539 D QCameraQuadraCfa: PresetConfig:498 : full_height  6d8
06-05 18:10:16.642  1006  2142  2539 D QCameraQuadraCfa: PresetConfig:499 : full_width  920
06-05 18:10:16.642  1006  2142  2539 D QCameraQuadraCfa: PresetConfig:500 : filter_arrangement  0
06-05 18:10:16.642  1006  2142  2539 D QCameraQuadraCfa: PresetConfig:501 : pedestal  40
06-05 18:10:16.642  1006  2142  2539 E quadracfa_dummy: inside dummy remosaic_init 1
06-05 18:10:16.642  1006  2142  2539 E quadracfa_dummy: inside dummy remosaic_gainmap_gen 1
06-05 18:10:16.642  1006  2142  2539 D QCameraQuadraCfa: PresetConfig:515 : X
06-05 18:10:16.642  1006  2142  2539 D QCameraQuadraCfa: img_algo_preload:128 : X
06-05 18:10:16.642  1006  2142 30894 E mm-camera: ov16885gz_bl24c64a_eeprom_get_calibration_items:34,is_wbc:1,is_afc:0,is_lsc:1,is_dpc:0,is_insensor:0,  is_ois:0
06-05 18:10:16.654  1006  2142 30890 I mm-camera: <STATS_AF >< INFO> 1277: af_haf_update_tuning_data: Setting default init pos to far end
06-05 18:10:16.654  1006  2142 30894 I mm-camera: <IFACE >< INFO> 409: iface_util_dump_sensor_cfg: iface_util_dump_sensor_cfg: sensor dim: width = 1920, heght = 1080, fmt = 31, is_bayer = 1, init_skip = 2
06-05 18:10:16.667  1006  2142 30894 I mm-camera: <IFACE >< INFO> 3573: iface_util_dump_isp_resource_request:  =====DUMP RESOURCE: PIX STREAM=== 
06-05 18:10:16.667  1006  2142 30894 I mm-camera: <IFACE >< INFO> 3574: iface_util_dump_isp_resource_request: num pix stream = 2
06-05 18:10:16.667  1006  2142 30894 I mm-camera: <IFACE >< INFO> 3577: iface_util_dump_isp_resource_request: num_isp = 1, isp_mask = 2, request_op_pix_clk = 0
06-05 18:10:16.667  1006  2142 30894 I mm-camera: <IFACE >< INFO> 3581: iface_util_dump_isp_resource_request: ispif stripe info: split 0, overlap 0, stripe offset 0
06-05 18:10:16.667  1006  2142 30894 I mm-camera: <IFACE >< INFO> 3584: iface_util_dump_isp_resource_request: pix stream 0
06-05 18:10:16.667  1006  2142 30894 I mm-camera: <IFACE >< INFO> 3587: iface_util_dump_isp_resource_request: num mct stream mapped = 1(Mapped stream ID[0] = 3)
06-05 18:10:16.667  1006  2142 30894 I mm-camera: <IFACE >< INFO> 3590: iface_util_dump_isp_resource_request: axi path = 1(ENC-0/VIEW-1/CAMIF-2/IDEAL-3), cam_fmt 7
06-05 18:10:16.667  1006  2142 30894 I mm-camera: <IFACE >< INFO> 3584: iface_util_dump_isp_resource_request: pix stream 1
06-05 18:10:16.667  1006  2142 30894 I mm-camera: <IFACE >< INFO> 3587: iface_util_dump_isp_resource_request: num mct stream mapped = 1(Mapped stream ID[0] = 2)
06-05 18:10:16.667  1006  2142 30894 I mm-camera: <IFACE >< INFO> 3590: iface_util_dump_isp_resource_request: axi path = 0(ENC-0/VIEW-1/CAMIF-2/IDEAL-3), cam_fmt 7
06-05 18:10:16.667  1006  2142 30894 I mm-camera: <IFACE >< INFO> 3612: iface_util_dump_isp_resource_request: num STATS stream = 5
06-05 18:10:16.669  1006  2142 30894 I mm-camera: <CPP   >< INFO> 865: cpp_module_handle_isp_out_dim_event: [STREAM_PARAMS]  stream type 1, width 1280, height 720,stride 1280, scanline 720, planes 2
06-05 18:10:16.669  1006  2142 30894 I mm-camera: <CPP   >< INFO> 884: cpp_module_handle_isp_out_dim_event: [STREAM_PARAMS] plane 0, stride 1280, scanline 720, offset_x 0, offset_y 0, len 921600, offset:0
06-05 18:10:16.669  1006  2142 30894 I mm-camera: <CPP   >< INFO> 884: cpp_module_handle_isp_out_dim_event: [STREAM_PARAMS] plane 1, stride 1280, scanline 720, offset_x 0, offset_y 0, len 460800, offset:0
06-05 18:10:16.673  1006  2142 30913 I mm-camera: <IFACE >< INFO> 549: iface_dump_axi_plane_config: === AXI DUMP: VFE session_id 3, hw_stream_id 10003 ===
06-05 18:10:16.673  1006  2142 30913 I mm-camera: <IFACE >< INFO> 553: iface_dump_axi_plane_config:     AXI DUMP Axi_src: VIEWFINDER hw_stream width 640, height 480
06-05 18:10:16.673  1006  2142 30913 I mm-camera: <IFACE >< INFO> 555: iface_dump_axi_plane_config: need buf divert = 1, burst count = 0
06-05 18:10:16.673  1006  2142 30913 I mm-camera: <IFACE >< INFO> 558: iface_dump_axi_plane_config: hfr mode = 0, skip pattern = 0, init_frame_drop = 2
06-05 18:10:16.673  1006  2142 30913 I mm-camera: <IFACE >< INFO> 591: iface_dump_axi_plane_config: plane[0]: plane_fmt 0(Y-0/CB-1/Cr-2/CrCb-3/CbCr-4)
06-05 18:10:16.673  1006  2142 30913 I mm-camera: <IFACE >< INFO> 593: iface_dump_axi_plane_config: plane[0]: width = 640, height = 480
06-05 18:10:16.673  1006  2142 30913 I mm-camera: <IFACE >< INFO> 595: iface_dump_axi_plane_config: plane[0]: stride = 640, scanlines = 480
06-05 18:10:16.673  1006  2142 30913 I mm-camera: <IFACE >< INFO> 597: iface_dump_axi_plane_config: plane[0]: address_offset 0
06-05 18:10:16.673  1006  2142 30913 I mm-camera: <IFACE >< INFO> 591: iface_dump_axi_plane_config: plane[1]: plane_fmt 4(Y-0/CB-1/Cr-2/CrCb-3/CbCr-4)
06-05 18:10:16.673  1006  2142 30913 I mm-camera: <IFACE >< INFO> 593: iface_dump_axi_plane_config: plane[1]: width = 640, height = 240
06-05 18:10:16.673  1006  2142 30913 I mm-camera: <IFACE >< INFO> 595: iface_dump_axi_plane_config: plane[1]: stride = 640, scanlines = 240
06-05 18:10:16.673  1006  2142 30913 I mm-camera: <IFACE >< INFO> 597: iface_dump_axi_plane_config: plane[1]: address_offset 0
06-05 18:10:16.673  1006  2142 30913 I mm-camera: <IFACE >< INFO> 549: iface_dump_axi_plane_config: === AXI DUMP: VFE session_id 3, hw_stream_id 10002 ===
06-05 18:10:16.673  1006  2142 30913 I mm-camera: <IFACE >< INFO> 553: iface_dump_axi_plane_config:     AXI DUMP Axi_src: ENCODER hw_stream width 1280, height 720
06-05 18:10:16.673  1006  2142 30913 I mm-camera: <IFACE >< INFO> 555: iface_dump_axi_plane_config: need buf divert = 1, burst count = 0
06-05 18:10:16.673  1006  2142 30913 I mm-camera: <IFACE >< INFO> 558: iface_dump_axi_plane_config: hfr mode = 0, skip pattern = 0, init_frame_drop = 2
06-05 18:10:16.673  1006  2142 30913 I mm-camera: <IFACE >< INFO> 591: iface_dump_axi_plane_config: plane[0]: plane_fmt 0(Y-0/CB-1/Cr-2/CrCb-3/CbCr-4)
06-05 18:10:16.673  1006  2142 30913 I mm-camera: <IFACE >< INFO> 593: iface_dump_axi_plane_config: plane[0]: width = 1280, height = 720
06-05 18:10:16.673  1006  2142 30913 I mm-camera: <IFACE >< INFO> 595: iface_dump_axi_plane_config: plane[0]: stride = 1280, scanlines = 720
06-05 18:10:16.673  1006  2142 30913 I mm-camera: <IFACE >< INFO> 597: iface_dump_axi_plane_config: plane[0]: address_offset 0
06-05 18:10:16.673  1006  2142 30913 I mm-camera: <IFACE >< INFO> 591: iface_dump_axi_plane_config: plane[1]: plane_fmt 4(Y-0/CB-1/Cr-2/CrCb-3/CbCr-4)
06-05 18:10:16.674  1006  2142 30913 I mm-camera: <IFACE >< INFO> 593: iface_dump_axi_plane_config: plane[1]: width = 1280, height = 360
06-05 18:10:16.674  1006  2142 30913 I mm-camera: <IFACE >< INFO> 595: iface_dump_axi_plane_config: plane[1]: stride = 1280, scanlines = 360
06-05 18:10:16.674  1006  2142 30913 I mm-camera: <IFACE >< INFO> 597: iface_dump_axi_plane_config: plane[1]: address_offset 0
06-05 18:10:16.676  1006  2142 30894 I mm-camera: <IFACE >< INFO> 1562: iface_streamon_to_thread: iface_streamon_to_thread: E, session id = 3, user stream id = 2
06-05 18:10:16.676  1006  2142 30878 I mm-camera: <IFACE >< INFO> 1907: iface_streamon: E, session_id 3 mct_stream_id = 2
06-05 18:10:16.676  1006  2142 30878 I mm-camera: <IFACE >< INFO> 10970: iface_util_get_user_streams_by_bundle: got No.1 bundled streamon, mct stream id 2total bundled stream num = 2
06-05 18:10:16.678  1006  2142 30894 I mm-camera: <ISP   >< INFO> 3632: mesh_rolloff40_normalize_table: full 1920 1080 out 1920 1080 offset 0 0 scale 1
06-05 18:10:16.689  1006  2142 30891 I mm-camera: <ISP   >< INFO> 90: rs_stats44_stats_config_update: warning: max_support_h_rgn invalid 8
06-05 18:10:16.690  1006  2142 30884 I mm-camera: <CPP   >< INFO> 359: cpp_hardware_set_clock: Set clock 100000000 BW avg 93312000 BW inst 93312000
06-05 18:10:16.690  1006  2142 30894 I mm-camera: <CPP   >< INFO> 3836: cpp_module_handle_streamon_event: identity=0x30002, stream-on done
06-05 18:10:16.691  1006  2142 30894 I mm-camera: <IFACE >< INFO> 1593: iface_streamon_to_thread: iface_streamon_to_thread: X, session id = 3, user stream id = 2
06-05 18:10:16.691  1006  2142 30894 I mm-camera: <MCT   >< INFO> 154: start_sof_check_thread: Starting SOF timeout thread session id =3
06-05 18:10:16.691  1006  2142 30894 I mm-camera: <MCT   >< INFO> 3853: mct_pipeline_process_set:  STREAM-ON success for stream 0x30002, stream type=1
06-05 18:10:16.692  1006  2142 30894 I mm-camera: <MCT   >< INFO> 3700: mct_pipeline_process_set: command=8000008
06-05 18:10:16.692  1006  2142 30894 I mm-camera: <MCT   >< INFO> 3838: mct_pipeline_process_set:  STREAM-ON on stream 0x30003 stream type=11
06-05 18:10:16.692  1006  2142 30894 I mm-camera: <IFACE >< INFO> 1562: iface_streamon_to_thread: iface_streamon_to_thread: E, session id = 3, user stream id = 3
06-05 18:10:16.692  1006  2142 30878 I mm-camera: <IFACE >< INFO> 1907: iface_streamon: E, session_id 3 mct_stream_id = 3
