06-05 18:03:35.282 10034  3373  3647 I sysui_multi_action: [757,1093,758,4,793,1496,1094,9437248,1095,4]
06-05 18:03:36.753 10034  3373  3647 I sysui_multi_action: [757,1093,758,4,793,1471,1094,9437248,1095,4]
06-05 18:03:37.754  1000 27469 27469 I sysui_multi_action: [757,744,758,2]
06-05 18:03:37.763  1000  2628  2708 I sysui_multi_action: [757,803,799,window_time_0,802,22]
06-05 18:03:37.827  1000 27469 28632 I sysui_multi_action: [757,803,799,development.DevelopmentSettings/bluetooth_select_avrcp_version|avrcp14,802,1]
06-05 18:03:37.828  1000 27469 28628 I sysui_multi_action: [757,803,799,development.DevelopmentSettings/bluetooth_select_a2dp_sample_rate|0,802,1]
06-05 18:03:37.828  1000 27469 28627 I sysui_multi_action: [757,803,799,development.DevelopmentSettings/bluetooth_select_a2dp_codec|1000000,802,1]
06-05 18:03:37.828  1000 27469 28626 I sysui_multi_action: [757,803,799,development.DevelopmentSettings/bluetooth_select_a2dp_bits_per_sample|0,802,1]
06-05 18:03:37.829  1000 27469 28632 I sysui_multi_action: [757,803,799,development.DevelopmentSettings/bluetooth_select_a2dp_channel_mode|0,802,1]
06-05 18:03:37.829  1000 27469 28627 I sysui_multi_action: [757,803,799,development.DevelopmentSettings/bluetooth_select_a2dp_ldac_playback_quality|1003,802,1]
06-05 18:03:37.880  1000 27469 27469 I sysui_multi_action: [757,39,758,1,833,744]
06-05 18:03:37.894  1000 27469 28632 I sysui_multi_action: [757,803,799,development.DevelopmentSettings/track_frame_time|false,802,1]
06-05 18:03:37.895  1000 27469 28627 I sysui_multi_action: [757,803,799,development.DevelopmentSettings/show_non_rect_clip|hide,802,1]
06-05 18:03:37.896  1000 27469 28628 I sysui_multi_action: [757,803,799,development.DevelopmentSettings/debug_hw_overdraw|false,802,1]
06-05 18:03:37.897  1000 27469 28626 I sysui_multi_action: [757,803,799,development.DevelopmentSettings/debug_hw_renderer|opengl,802,1]
06-05 18:03:37.898  1000 27469 28632 I sysui_multi_action: [757,803,799,development.DevelopmentSettings/window_animation_scale|1,802,1]
06-05 18:03:37.899  1000 27469 28627 I sysui_multi_action: [757,803,799,development.DevelopmentSettings/transition_animation_scale|1,802,1]
06-05 18:03:37.900  1000 27469 28628 I sysui_multi_action: [757,803,799,development.DevelopmentSettings/animator_duration_scale|1,802,1]
06-05 18:03:37.901  1000 27469 28626 I sysui_multi_action: [757,803,799,development.DevelopmentSettings/overlay_display_devices|,802,1]
06-05 18:03:37.903  1000 27469 28632 I sysui_multi_action: [757,803,799,development.DevelopmentSettings/app_process_limit|-1,802,1]
06-05 18:03:37.907  1000 27469 28627 I sysui_multi_action: [757,803,799,development.DevelopmentSettings/select_logd_size|262144,802,1]
06-05 18:03:37.937  1000 27469 28628 I sysui_multi_action: [757,803,799,development.DevelopmentSettings/simulate_color_space|-1,802,1]
06-05 18:03:38.135  1000 27469 28626 I sysui_multi_action: [757,803,799,development.DevelopmentSettings/select_usb_configuration|mtp,802,1]
06-05 18:03:40.361  1000 27469 27469 I sysui_multi_action: [757,803,799,development.DevelopmentSettings/enable_adb|true,802,1]
06-05 18:03:40.362  1000 27469 27469 I sysui_multi_action: [757,853,758,4,806,,854,development.DevelopmentSettings/enable_adb,1089,1]
06-05 18:03:41.214  1000 27469 27469 I sysui_multi_action: [757,803,799,development.DevelopmentSettings/verify_apps_over_usb|true,802,1]
06-05 18:03:41.214  1000 27469 27469 I sysui_multi_action: [757,853,758,4,806,,854,development.DevelopmentSettings/verify_apps_over_usb,1089,1]
06-05 18:03:41.718  1000 27469 28632 I sysui_multi_action: [757,803,799,development.DevelopmentSettings/select_usb_configuration|none,802,1]
06-05 18:03:48.250  1000 27469 27469 I sysui_multi_action: [757,39,758,2]
06-05 18:03:48.263  1000  2628  2708 I sysui_multi_action: [757,803,799,window_time_0,802,10]
06-05 18:03:48.487  1000  2628  2765 I sysui_multi_action: [319,253,322,252,325,13807,757,761,758,8,759,2,806,com.android.systemui,871,com.android.systemui.usb.UsbDebuggingActivity,904,android,905,0]
06-05 18:03:50.726  1000  2628  2708 I sysui_multi_action: [757,803,799,window_time_0,802,3]
06-05 18:03:50.808  1000  2628  2708 I sysui_multi_action: [757,803,799,window_time_0,802,0]
06-05 18:03:50.829  1000 27469 27469 I sysui_multi_action: [757,39,758,1,833,744]
06-05 18:04:04.189 10034  3373  3647 I sysui_multi_action: [757,1093,758,4,793,27437,1094,9437248,1095,4]
06-05 18:04:12.206 10034  3373  3647 I sysui_multi_action: [757,1093,758,4,793,8017,1094,9437248,1095,4]
06-05 18:04:13.213 10034  3373  3647 I sysui_multi_action: [757,1093,758,4,793,1006,1094,9437248,1095,4]
06-05 18:04:21.679  1000 27469 27469 I sysui_multi_action: [757,39,758,2]
06-05 18:04:21.689 10034  3373  3373 I sysui_multi_action: [757,803,799,overview_trigger_nav_btn,802,1]
06-05 18:04:21.689 10034  3373  3373 I sysui_multi_action: [757,803,799,overview_source_app,802,1]
06-05 18:04:21.689 10034  3373  3373 I sysui_multi_action: [757,804,799,overview_source_app_index,801,2,802,1]
06-05 18:04:21.689 10034  3373  3373 I sysui_multi_action: [757,804,799,overview_task_count,801,3,802,1]
06-05 18:04:21.696 10034  3373  3373 I sysui_multi_action: [757,224,758,1]
06-05 18:04:21.704  1000  2628  2708 I sysui_multi_action: [757,803,799,window_time_0,802,31]
06-05 18:04:21.815  1000  2628  2765 I sysui_multi_action: [319,135,322,118,325,13841,757,761,758,9,759,2,806,com.android.systemui,871,com.android.systemui.recents.RecentsActivity,904,com.android.systemui,905,0]
06-05 18:04:22.783 10034  3373  3373 I sysui_multi_action: [757,277,758,4,806,ComponentInfo{com.google.android.apps.tachyon/com.google.android.apps.tachyon.MainActivity}]
06-05 18:04:22.854  1000  2628  2708 I sysui_multi_action: [757,803,799,window_time_0,802,1]
06-05 18:04:22.859 10034  3373  3373 I sysui_multi_action: [757,804,799,overview_task_launch_index,801,1,802,1]
06-05 18:04:23.178  1000  2628  2765 I sysui_multi_action: [319,64,321,56,322,384,325,13842,757,761,758,9,759,4,806,com.google.android.apps.tachyon,871,com.google.android.apps.tachyon.MainActivity,904,com.smartron.tronxlauncher,905,0]
06-05 18:04:23.240 10034  3373  3373 I sysui_multi_action: [757,224,758,2]
06-05 18:04:23.278 10034  3373  3647 I sysui_multi_action: [757,1093,758,4,793,10066,1094,9437248,1095,4]
06-05 18:04:30.538 10034  3373  3647 I sysui_multi_action: [757,1093,758,4,793,7260,1094,9437248,1095,4]
06-05 18:04:32.777 10034  3373  3647 I sysui_multi_action: [757,1093,758,4,793,2239,1094,9437248,1095,4]
06-05 18:04:36.170 10034  3373  3647 I sysui_multi_action: [757,1093,758,4,793,3393,1094,9437248,1095,4]
06-05 18:04:40.373 10034  3373  3647 I sysui_multi_action: [757,1093,758,4,793,4203,1094,9437248,1095,4]
06-05 18:04:45.383 10034  3373  3647 I sysui_multi_action: [757,1093,758,4,793,5009,1094,9437248,1095,4]
06-05 18:04:50.411 10034  3373  3647 I sysui_multi_action: [757,1093,758,4,793,5029,1094,9437248,1095,4]
06-05 18:04:52.439 10034  3373  3647 I sysui_multi_action: [757,1093,758,4,793,2028,1094,9437248,1095,4]
06-05 18:04:55.406 10034  3373  3647 I sysui_multi_action: [757,1093,758,4,793,2967,1094,9437248,1095,4]
06-05 18:04:56.431 10034  3373  3647 I sysui_multi_action: [757,1093,758,4,793,1025,1094,9437248,1095,4]
06-05 18:04:57.435 10034  3373  3647 I sysui_multi_action: [757,1093,758,4,793,1003,1094,9437248,1095,4]
06-05 18:04:58.442 10034  3373  3647 I sysui_multi_action: [757,1093,758,4,793,1008,1094,9437248,1095,4]
06-05 18:04:59.483 10034  3373  3647 I sysui_multi_action: [757,1093,758,4,793,1040,1094,9437248,1095,4]
06-05 18:05:04.470 10034  3373  3647 I sysui_multi_action: [757,1093,758,4,793,4988,1094,9437248,1095,4]
06-05 18:05:05.511 10034  3373  3647 I sysui_multi_action: [757,1093,758,4,793,1041,1094,9437248,1095,4]
06-05 18:05:07.553 10034  3373  3647 I sysui_multi_action: [757,1093,758,4,793,2042,1094,9437248,1095,4]
06-05 18:05:09.521 10034  3373  3647 I sysui_multi_action: [757,1093,758,4,793,1968,1094,9437248,1095,4]
06-05 18:05:12.550 10034  3373  3647 I sysui_multi_action: [757,1093,758,4,793,3029,1094,9437248,1095,4]
06-05 18:05:14.549 10034  3373  3647 I sysui_multi_action: [757,1093,758,4,793,1999,1094,9437248,1095,4]
06-05 18:05:15.583 10034  3373  3647 I sysui_multi_action: [757,1093,758,4,793,1034,1094,9437248,1095,4]
06-05 18:05:18.566 10034  3373  3647 I sysui_multi_action: [757,1093,758,4,793,2983,1094,9437248,1095,4]
06-05 18:05:19.623 10034  3373  3647 I sysui_multi_action: [757,1093,758,4,793,1057,1094,9437248,1095,4]
06-05 18:05:23.599 10034  3373  3647 I sysui_multi_action: [757,1093,758,4,793,3976,1094,9437248,1095,4]
06-05 18:05:23.863  1000  2628  2628 I sysui_multi_action: [757,128,758,5,759,8,793,32193,794,0,795,16686,796,-1,806,com.google.android.apps.tachyon,857,notification_channel_call_n-3e0f0557,858,3,947,0]
06-05 18:05:24.610 10034  3373  3647 I sysui_multi_action: [757,1093,758,4,793,1011,1094,9437248,1095,4]
06-05 18:05:25.650 10034  3373  3647 I sysui_multi_action: [757,1093,758,4,793,1040,1094,9437248,1095,4]
06-05 18:05:26.273  1000  2628  2708 I sysui_multi_action: [757,803,799,window_time_0,802,63]
06-05 18:05:27.633 10034  3373  3647 I sysui_multi_action: [757,1093,758,4,793,1982,1094,9437248,1095,4]
06-05 18:05:27.868  1000  2628  2708 I sysui_multi_action: [757,803,799,window_time_0,802,2]
06-05 18:05:27.919  1000  2628  2708 I sysui_multi_action: [757,803,799,window_time_0,802,0]
06-05 18:05:36.173 10034  3373  3647 I sysui_multi_action: [757,1093,758,4,793,8540,1094,9437248,1095,4]
06-05 18:05:38.058  1000  2628  7825 I sysui_multi_action: [757,824,758,4,825,0.562500]
06-05 18:05:41.706 10034  3373  3647 I sysui_multi_action: [757,1093,758,4,793,5534,1094,9437248,1095,4]
06-05 18:05:42.733 10034  3373  3647 I sysui_multi_action: [757,1093,758,4,793,1027,1094,9437248,1095,4]
06-05 18:05:51.177  1000  2628  7604 I sysui_multi_action: [757,824,758,4,825,0.562500]
06-05 18:05:53.794 10034  3373  3647 I sysui_multi_action: [757,1093,758,4,793,11061,1094,9437248,1095,4]
06-05 18:05:56.760 10034  3373  3647 I sysui_multi_action: [757,1093,758,4,793,2966,1094,9437248,1095,4]
06-05 18:05:57.807 10034  3373  3647 I sysui_multi_action: [757,1093,758,4,793,1047,1094,9437248,1095,4]
06-05 18:05:59.813 10034  3373  3647 I sysui_multi_action: [757,1093,758,4,793,2005,1094,9437248,1095,4]
06-05 18:06:01.813 10034  3373  3647 I sysui_multi_action: [757,1093,758,4,793,2000,1094,9437248,1095,4]
06-05 18:06:03.804 10034  3373  3647 I sysui_multi_action: [757,1093,758,4,793,1992,1094,9437248,1095,4]
06-05 18:06:04.845 10034  3373  3647 I sysui_multi_action: [757,1093,758,4,793,1041,1094,9437248,1095,4]
06-05 18:06:06.853 10034  3373  3647 I sysui_multi_action: [757,1093,758,4,793,2008,1094,9437248,1095,4]
06-05 18:06:08.866 10034  3373  3647 I sysui_multi_action: [757,1093,758,4,793,2013,1094,9437248,1095,4]
06-05 18:06:10.844 10034  3373  3647 I sysui_multi_action: [757,1093,758,4,793,1978,1094,9437248,1095,4]
06-05 18:06:11.848 10034  3373  3647 I sysui_multi_action: [757,1093,758,4,793,1004,1094,9437248,1095,4]
06-05 18:06:12.887 10034  3373  3647 I sysui_multi_action: [757,1093,758,4,793,1039,1094,9437248,1095,4]
06-05 18:06:14.853 10034  3373  3647 I sysui_multi_action: [757,1093,758,4,793,1966,1094,9437248,1095,4]
06-05 18:06:15.895 10034  3373  3647 I sysui_multi_action: [757,1093,758,4,793,1042,1094,9437248,1095,4]
06-05 18:06:17.876 10034  3373  3647 I sysui_multi_action: [757,1093,758,4,793,1981,1094,9437248,1095,4]
06-05 18:06:18.918 10034  3373  3647 I sysui_multi_action: [757,1093,758,4,793,1042,1094,9437248,1095,4]
06-05 18:06:21.922 10034  3373  3647 I sysui_multi_action: [757,1093,758,4,793,3004,1094,9437248,1095,4]
06-05 18:06:23.922 10034  3373  3647 I sysui_multi_action: [757,1093,758,4,793,2000,1094,9437248,1095,4]
06-05 18:06:26.904 10034  3373  3647 I sysui_multi_action: [757,1093,758,4,793,2982,1094,9437248,1095,4]
06-05 18:06:27.905 10034  3373  3647 I sysui_multi_action: [757,1093,758,4,793,1001,1094,9437248,1095,4]
06-05 18:06:28.942 10034  3373  3647 I sysui_multi_action: [757,1093,758,4,793,1037,1094,9437248,1095,4]
06-05 18:06:30.916 10034  3373  3647 I sysui_multi_action: [757,1093,758,4,793,1974,1094,9437248,1095,4]
06-05 18:06:31.387 10034  3373  3373 I sysui_multi_action: [757,803,799,panel_open,802,1]
06-05 18:06:31.410  1000  2628 13719 I sysui_multi_action: [757,127,758,1]
06-05 18:06:31.411  1000  2628 13719 I sysui_multi_action: [757,804,799,note_load,801,3,802,1]
06-05 18:06:31.912  1000  2628 13719 I sysui_multi_action: [757,128,758,1,793,170625,794,0,795,170625,796,26,798,1,806,android,857,DEVELOPER,858,2,947,0]
06-05 18:06:31.912  1000  2628 13719 I sysui_multi_action: [757,804,799,note_freshness,801,170625,802,1]
06-05 18:06:31.913  1000  2628 13719 I sysui_multi_action: [757,128,758,1,793,55804,794,0,795,41822,796,-1,798,0,806,com.google.android.apps.tachyon,857,notification_channel_call_n-3e0f0557,858,3,947,0]
06-05 18:06:31.913  1000  2628 13719 I sysui_multi_action: [757,804,799,note_freshness,801,41822,802,1]
06-05 18:06:31.913  1000  2628 13719 I sysui_multi_action: [757,128,758,1,793,176402,794,0,795,176402,796,32,798,2,806,android,857,USB,858,1,947,0]
06-05 18:06:31.913  1000  2628 13719 I sysui_multi_action: [757,804,799,note_freshness,801,176402,802,1]
06-05 18:06:31.919 10034  3373  3647 I sysui_multi_action: [757,1093,758,4,793,1003,1094,9437248,1095,4]
06-05 18:06:32.942 10034  3373  3647 I sysui_multi_action: [757,1093,758,4,793,1023,1094,9437248,1095,4]
06-05 18:06:33.893 10034  3373  3373 I sysui_multi_action: [757,925,758,4,759,126,833,0,927,0,928,0]
06-05 18:06:33.964 10034  3373  3647 I sysui_multi_action: [757,1093,758,4,793,1022,1094,9437248,1095,4]
06-05 18:06:34.772  1000  2628  7604 I sysui_multi_action: [757,128,758,2,793,173484,794,2859,795,173484,796,26,798,1,806,android,857,DEVELOPER,858,2,947,0]
06-05 18:06:34.772  1000  2628  7604 I sysui_multi_action: [757,128,758,2,793,58664,794,2860,795,44682,796,-1,798,0,806,com.google.android.apps.tachyon,857,notification_channel_call_n-3e0f0557,858,3,947,0]
06-05 18:06:34.772  1000  2628  7604 I sysui_multi_action: [757,128,758,2,793,179261,794,2859,795,179261,796,32,798,2,806,android,857,USB,858,1,947,0]
06-05 18:06:34.773  1000  2628  7604 I sysui_multi_action: [757,127,758,2]
06-05 18:06:34.994 10034  3373  3647 I sysui_multi_action: [757,1093,758,4,793,1029,1094,9437248,1095,4]
06-05 18:06:36.172 10034  3373  3647 I sysui_multi_action: [757,1093,758,4,793,1178,1094,9470016,1095,5]
06-05 18:06:37.435 10034  3373  3647 I sysui_multi_action: [757,1093,758,4,793,1264,1094,9470016,1095,5]
06-05 18:06:39.014  1000  2628  2628 I sysui_multi_action: [757,128,758,5,759,8,793,62906,794,7102,795,48924,796,-1,806,com.google.android.apps.tachyon,857,notification_channel_call_n-3e0f0557,858,3,947,0]
06-05 18:06:39.106 10034  3373  3647 I sysui_multi_action: [757,1093,758,4,793,1670,1094,9470016,1095,5]
06-05 18:06:39.462  1000  2628  7826 I sysui_multi_action: [757,824,758,4,825,0.562500]
06-05 18:06:39.560  1000  2628  7826 I sysui_multi_action: [757,824,758,4,825,0.562500]
06-05 18:06:40.113 10034  3373  3647 I sysui_multi_action: [757,1093,758,4,793,1007,1094,9470016,1095,5]
06-05 18:06:42.046 10034  3373  3647 I sysui_multi_action: [757,1093,758,4,793,1933,1094,9470016,1095,5]
06-05 18:06:45.618 10034  3373  3647 I sysui_multi_action: [757,1093,758,4,793,3573,1094,9470016,1095,5]
06-05 18:06:46.804  1000  2628  7823 I sysui_multi_action: [757,824,758,4,825,0.562500]
06-05 18:06:47.013 10034  3373  3647 I sysui_multi_action: [757,1093,758,4,793,1394,1094,9470016,1095,5]
06-05 18:06:48.021 10034  3373  3647 I sysui_multi_action: [757,1093,758,4,793,1008,1094,9470016,1095,5]
06-05 18:06:49.060 10034  3373  3647 I sysui_multi_action: [757,1093,758,4,793,1040,1094,9470016,1095,5]
06-05 18:06:50.563  1000  2628  4787 I sysui_multi_action: [757,824,758,4,825,0.562500]
06-05 18:06:51.640 10034  3373  3647 I sysui_multi_action: [757,1093,758,4,793,2580,1094,9470016,1095,5]
06-05 18:06:53.095 10034  3373  3647 I sysui_multi_action: [757,1093,758,4,793,1454,1094,9470016,1095,5]
06-05 18:06:54.672 10034  3373  3647 I sysui_multi_action: [757,1093,758,4,793,1578,1094,9470016,1095,5]
06-05 18:06:57.687 10034  3373  3647 I sysui_multi_action: [757,1093,758,4,793,3014,1094,9470016,1095,5]
06-05 18:07:01.139 10034  3373  3647 I sysui_multi_action: [757,1093,758,4,793,3452,1094,9470016,1095,5]
06-05 18:07:03.143 10034  3373  3647 I sysui_multi_action: [757,1093,758,4,793,2005,1094,9470016,1095,5]
06-05 18:07:06.134 10034  3373  3647 I sysui_multi_action: [757,1093,758,4,793,2990,1094,9470016,1095,5]
06-05 18:07:07.173 10034  3373  3647 I sysui_multi_action: [757,1093,758,4,793,1040,1094,9470016,1095,5]
06-05 18:07:09.582 10034  3373  3647 I sysui_multi_action: [757,1093,758,4,793,2408,1094,9470016,1095,5]
06-05 18:07:10.768 10034  3373  3647 I sysui_multi_action: [757,1093,758,4,793,1187,1094,9470016,1095,6]
06-05 18:07:11.808 10034  3373  3647 I sysui_multi_action: [757,1093,758,4,793,1040,1094,9470016,1095,6]
06-05 18:07:14.493 10034  3373  3647 I sysui_multi_action: [757,1093,758,4,793,2684,1094,9470016,1095,5]
06-05 18:07:15.582 10034  3373  3647 I sysui_multi_action: [757,1093,758,4,793,1090,1094,9470016,1095,6]
06-05 18:07:27.411  1000  2628  4787 I sysui_multi_action: [757,859,758,6,806,com.android.chrome,860,sites]
06-05 18:07:27.413  1000  2628  4787 I sysui_multi_action: [757,856,758,1,806,com.android.chrome,857,web:https://www.google.com;13172675847377071,858,3]
06-05 18:07:30.150  1000  2628  4812 I sysui_multi_action: [757,856,758,1,806,com.android.mtp,857,device_notification_channel,858,2]
06-05 18:07:31.263 10034  3373  3647 I sysui_multi_action: [757,1093,758,4,793,15681,1094,9470016,1095,6]
06-05 18:07:32.912  1000  2628 10460 I sysui_multi_action: [757,856,758,2,806,com.android.chrome,857,web:https://www.google.com;13172675847377071,858,3]
06-05 18:07:32.926  1000  2628  3508 I sysui_multi_action: [757,856,758,1,806,com.android.chrome,857,web:https://www.google.co.in;13172675852920895,858,3]
06-05 18:07:34.092 10034  3373  3647 I sysui_multi_action: [757,1093,758,4,793,2829,1094,9470016,1095,6]
06-05 18:07:34.303  1000  2628  3508 I sysui_multi_action: [757,824,758,4,825,1.777778]
06-05 18:07:35.408  1000  2628  8546 I sysui_multi_action: [757,824,758,4,825,0.562500]
06-05 18:07:36.160 10034  3373  3647 I sysui_multi_action: [757,1093,758,4,793,2068,1094,9470016,1095,6]
06-05 18:07:37.230 10034  3373  3647 I sysui_multi_action: [757,1093,758,4,793,1069,1094,9470016,1095,6]
06-05 18:07:38.267 10034  3373  3647 I sysui_multi_action: [757,1093,758,4,793,1037,1094,9470016,1095,6]
06-05 18:07:48.914 10034  3373  3647 I sysui_multi_action: [757,1093,758,4,793,10648,1094,9470016,1095,6]
06-05 18:07:54.548 10034  3373  3647 I sysui_multi_action: [757,1093,758,4,793,5634,1094,9470016,1095,6]
06-05 18:08:02.223 10034  3373  3647 I sysui_multi_action: [757,1093,758,4,793,7675,1094,9470016,1095,6]
06-05 18:08:07.333 10034  3373  3647 I sysui_multi_action: [757,1093,758,4,793,5109,1094,9470016,1095,6]
06-05 18:08:10.055 10034  3373  3647 I sysui_multi_action: [757,1093,758,4,793,2723,1094,9470016,1095,6]
06-05 18:08:12.263 10034  3373  3647 I sysui_multi_action: [757,1093,758,4,793,2207,1094,9470016,1095,5]
06-05 18:08:18.917 10034  3373  3647 I sysui_multi_action: [757,1093,758,4,793,6655,1094,9470016,1095,5]
06-05 18:08:21.136 10034  3373  3647 I sysui_multi_action: [757,1093,758,4,793,2219,1094,9470016,1095,6]
06-05 18:08:26.263 10034  3373  3647 I sysui_multi_action: [757,1093,758,4,793,5127,1094,9470016,1095,5]
06-05 18:08:30.947 10034  3373  3647 I sysui_multi_action: [757,1093,758,4,793,4684,1094,9470016,1095,5]
06-05 18:08:34.100 10034  3373  3647 I sysui_multi_action: [757,1093,758,4,793,3153,1094,9470016,1095,5]
06-05 18:08:37.217 10034  3373  3373 I sysui_multi_action: [757,803,799,panel_open,802,1]
06-05 18:08:37.228  1000  2628  4787 I sysui_multi_action: [757,127,758,1]
06-05 18:08:37.228  1000  2628  4787 I sysui_multi_action: [757,804,799,note_load,801,3,802,1]
06-05 18:08:37.536 10034  3373  3647 I sysui_multi_action: [757,1093,758,4,793,3436,1094,9470016,1095,6]
06-05 18:08:37.738  1000  2628  4787 I sysui_multi_action: [757,128,758,1,793,111203,794,0,795,107470,796,-1,798,0,806,com.google.android.apps.tachyon,857,notification_channel_call_n-3e0f0557,858,3,947,0]
06-05 18:08:37.738  1000  2628  4787 I sysui_multi_action: [757,804,799,note_freshness,801,107470,802,1]
06-05 18:08:37.987  1000  2628  3558 I sysui_multi_action: [757,128,758,2,793,111451,794,248,795,107718,796,-1,798,0,806,com.google.android.apps.tachyon,857,notification_channel_call_n-3e0f0557,858,3,947,0]
06-05 18:08:37.988  1000  2628  4787 I sysui_multi_action: [757,127,758,2]
06-05 18:08:39.223 10034  3373  3647 I sysui_multi_action: [757,1093,758,4,793,1687,1094,9470016,1095,6]
06-05 18:08:42.083 10034  3373  3647 I sysui_multi_action: [757,1093,758,4,793,2859,1094,9470016,1095,6]
06-05 18:08:46.032 10034  3373  3647 I sysui_multi_action: [757,1093,758,4,793,3950,1094,9470016,1095,6]
06-05 18:08:48.465 10034  3373  3647 I sysui_multi_action: [757,1093,758,4,793,2433,1094,9470016,1095,6]
06-05 18:08:51.053 10034  3373  3647 I sysui_multi_action: [757,1093,758,4,793,2588,1094,9470016,1095,5]
06-05 18:09:00.422 10034  3373  3373 I sysui_multi_action: [757,803,799,panel_open,802,1]
06-05 18:09:00.437  1000  2628  3558 I sysui_multi_action: [757,127,758,1]
06-05 18:09:00.438  1000  2628  3558 I sysui_multi_action: [757,804,799,note_load,801,3,802,1]
06-05 18:09:00.450 10034  3373  3373 I sysui_multi_action: [757,194,758,4,826,0,827,1393]
06-05 18:09:00.888  1000  2628  3394 I sysui_multi_action: [757,127,758,2]
06-05 18:09:07.348 10034  3373  3647 I sysui_multi_action: [757,1093,758,4,793,16295,1094,9470016,1095,5]
06-05 18:09:09.563  1000  2628  3206 I sysui_multi_action: [757,804,799,power_consecutive_short_tap_count,801,1,802,1]
06-05 18:09:09.563  1000  2628  3206 I sysui_multi_action: [757,804,799,power_double_tap_interval,801,582376,802,1]
06-05 18:09:12.796 10034  3373  3647 I sysui_multi_action: [757,1093,758,4,793,5448,1094,9470016,1095,5]
06-05 18:09:16.616 10034  3373  3647 I sysui_multi_action: [757,1093,758,4,793,3819,1094,9470016,1095,5]
06-05 18:09:17.734 10034  3373  3647 I sysui_multi_action: [757,1093,758,4,793,1118,1094,9470016,1095,6]
06-05 18:09:19.204 10034  3373  3647 I sysui_multi_action: [757,1093,758,4,793,1470,1094,9470016,1095,6]
06-05 18:09:20.850 10034  3373  3647 I sysui_multi_action: [757,1093,758,4,793,1647,1094,9470016,1095,6]
06-05 18:09:21.660 10034  3373  3373 I sysui_multi_action: [757,931,758,4,759,3,932,0,933,0]
06-05 18:09:21.717 10034  3373  3373 I sysui_multi_action: [757,931,758,4,759,3,932,0,933,1]
06-05 18:09:21.780  1000  2628 13719 I sysui_multi_action: [757,819,758,4,759,0]
06-05 18:09:21.854  1000  2628  2708 I sysui_multi_action: [757,803,799,window_time_0,802,234]
06-05 18:09:21.977  1000  2628  2765 I sysui_multi_action: [319,216,322,215,325,14141,757,761,758,9,759,2,806,com.smartron.tronxlauncher,871,com.smartron.smextension.TronxLauncher,905,0]
06-05 18:09:22.603  1000  2628  2708 I sysui_multi_action: [757,803,799,window_time_0,802,1]
06-05 18:09:22.771  1000  2628  2765 I sysui_multi_action: [319,20,322,238,325,14142,757,761,758,8,759,3,806,com.android.systemui,871,com.android.systemui.pip.phone.PipMenuActivity,904,com.android.systemui,905,0]
06-05 18:09:23.754 10034  3373  3647 I sysui_multi_action: [757,1093,758,4,793,2904,1094,9470016,1095,6]
06-05 18:09:26.313 10034  3373  3373 I sysui_multi_action: [757,823,758,2]
06-05 18:09:26.470  1000  2628  2708 I sysui_multi_action: [757,803,799,window_time_0,802,4]
06-05 18:09:26.487  1000  2628  2708 I sysui_multi_action: [757,803,799,window_time_0,802,0]
06-05 18:09:26.574  1000  2628  2708 I sysui_multi_action: [757,803,799,window_time_0,802,0]
06-05 18:09:27.628  1000  2628  3206 I sysui_multi_action: [757,804,799,power_consecutive_short_tap_count,801,1,802,1]
06-05 18:09:27.628  1000  2628  3206 I sysui_multi_action: [757,804,799,power_double_tap_interval,801,18453,802,1]
06-05 18:09:29.611 10034  3373  3373 I sysui_multi_action: [757,931,758,4,759,3,932,0,933,0]
06-05 18:09:29.686 10034  3373  3373 I sysui_multi_action: [757,931,758,4,759,3,932,0,933,1]
06-05 18:09:30.476 10034  3373  3373 I sysui_multi_action: [757,931,758,4,759,3,932,0,933,0]
06-05 18:09:30.535 10034  3373  3373 I sysui_multi_action: [757,931,758,4,759,3,932,0,933,1]
06-05 18:09:31.076 10034  3373  3647 I sysui_multi_action: [757,1093,758,4,793,7322,1094,9470016,1095,6]
06-05 18:09:31.579  1000  2628  2709 I sysui_multi_action: [757,317,758,4,759,1]
06-05 18:09:31.639  1000  2628  2708 I sysui_multi_action: [757,803,799,window_time_0,802,5]
06-05 18:09:31.806  1000  2628  2628 I sysui_multi_action: [757,128,758,5,759,8,793,165271,794,54068,795,161538,796,-1,806,com.google.android.apps.tachyon,857,notification_channel_call_n-3e0f0557,858,3,947,0]
06-05 18:09:31.836  1000  2628  2708 I sysui_multi_action: [757,803,799,window_time_0,802,0]
06-05 18:09:31.842  1000  2628  2628 I sysui_multi_action: [757,128,758,5,759,8,793,195,794,0,795,195,796,40,806,android,857,FOREGROUND_SERVICE,858,2,947,0]
06-05 18:09:31.867  1000  2628  2628 I sysui_multi_action: [757,128,758,5,759,8,793,9235,794,0,795,9235,796,0,797,com.android.systemui.pip.phone.PipNotificationController,806,com.android.systemui,857,GEN,858,1,947,0]
06-05 18:09:32.937 10034  3373  3373 I sysui_multi_action: [757,803,799,panel_open,802,1]
06-05 18:09:32.955  1000  2628  8538 I sysui_multi_action: [757,127,758,1]
06-05 18:09:32.955  1000  2628  8538 I sysui_multi_action: [757,804,799,note_load,801,3,802,1]
06-05 18:09:33.332 10034  3373  3647 I sysui_multi_action: [757,1093,758,4,793,2256,1094,9470016,1095,6]
06-05 18:09:33.456  1000  2628  8538 I sysui_multi_action: [757,128,758,1,793,352169,794,0,795,352169,796,26,798,1,806,android,857,DEVELOPER,858,2,947,0]
06-05 18:09:33.457  1000  2628  8538 I sysui_multi_action: [757,804,799,note_freshness,801,352169,802,1]
06-05 18:09:33.457  1000  2628  8538 I sysui_multi_action: [757,128,758,1,793,16194,794,0,795,3551,796,1,798,0,806,com.android.systemui,857,SCN,858,2,947,0]
06-05 18:09:33.457  1000  2628  8538 I sysui_multi_action: [757,804,799,note_freshness,801,3551,802,1]
06-05 18:09:33.458  1000  2628  8538 I sysui_multi_action: [757,128,758,1,793,357947,794,0,795,357947,796,32,798,2,806,android,857,USB,858,1,947,0]
06-05 18:09:33.459  1000  2628  8538 I sysui_multi_action: [757,804,799,note_freshness,801,357947,802,1]
06-05 18:09:34.773  1000  2628  2628 I sysui_multi_action: [757,804,799,note_dismiss_longevity,801,0,802,1]
06-05 18:09:34.773  1000  2628  2628 I sysui_multi_action: [757,128,758,5,759,2,793,17510,794,1316,795,4867,796,1,806,com.android.systemui,857,SCN,858,2,947,0]
06-05 18:09:35.583 10034  3373  3647 I sysui_multi_action: [757,1093,758,4,793,2251,1094,9470016,1095,6]
06-05 18:09:35.757 10034  3373  3373 I sysui_multi_action: [757,111,758,1]
06-05 18:09:35.757 10034  3373  3373 I sysui_multi_action: [757,126,758,1,759,126,833,1,927,0,928,1]
06-05 18:09:35.758 10034  3373  3373 I sysui_multi_action: [757,113,758,1,759,113,833,1,927,1,928,0]
06-05 18:09:35.758 10034  3373  3373 I sysui_multi_action: [757,118,758,1,759,118,833,1,927,2,928,0]
06-05 18:09:35.758 10034  3373  3373 I sysui_multi_action: [757,119,758,1,759,119,833,1,927,3,928,0]
06-05 18:09:35.758 10034  3373  3373 I sysui_multi_action: [757,123,758,1,759,123,833,1,927,4,928,1]
06-05 18:09:35.758 10034  3373  3373 I sysui_multi_action: [757,261,758,1,759,261,833,1,927,5,928,0]
06-05 18:09:35.758 10034  3373  3373 I sysui_multi_action: [757,115,758,1,759,115,833,0,927,6,928,1]
06-05 18:09:35.758 10034  3373  3373 I sysui_multi_action: [757,112,758,1,759,112,833,0,927,7,928,0]
06-05 18:09:35.758 10034  3373  3373 I sysui_multi_action: [757,122,758,1,759,122,833,0,927,8,928,1]
06-05 18:09:35.758 10034  3373  3373 I sysui_multi_action: [757,1144,758,1,759,1144,833,0,927,9,928,0]
06-05 18:09:35.758 10034  3373  3373 I sysui_multi_action: [757,1145,758,1,759,1145,833,0,927,10,928,0]
06-05 18:09:35.758 10034  3373  3373 I sysui_multi_action: [757,111,758,1]
06-05 18:09:35.758 10034  3373  3373 I sysui_multi_action: [757,126,758,1,759,126,833,1,927,0,928,1]
06-05 18:09:35.759 10034  3373  3373 I sysui_multi_action: [757,113,758,1,759,113,833,1,927,1,928,0]
06-05 18:09:35.759 10034  3373  3373 I sysui_multi_action: [757,118,758,1,759,118,833,1,927,2,928,0]
06-05 18:09:35.759 10034  3373  3373 I sysui_multi_action: [757,119,758,1,759,119,833,1,927,3,928,0]
06-05 18:09:35.759 10034  3373  3373 I sysui_multi_action: [757,123,758,1,759,123,833,1,927,4,928,1]
06-05 18:09:35.759 10034  3373  3373 I sysui_multi_action: [757,261,758,1,759,261,833,1,927,5,928,0]
06-05 18:09:36.258  1000  2628 10843 I sysui_multi_action: [757,128,758,2,793,360747,794,2800,795,360747,796,32,798,1,806,android,857,USB,858,1,947,0]
06-05 18:09:36.280 10034  3373  3373 I sysui_multi_action: [757,111,758,2]
06-05 18:09:36.280 10034  3373  3373 I sysui_multi_action: [757,111,758,2]
06-05 18:09:36.338  1000  2628 10843 I sysui_multi_action: [757,128,758,2,793,355050,794,2881,795,355050,796,26,798,0,806,android,857,DEVELOPER,858,2,947,0]
06-05 18:09:36.339  1000  2628 10843 I sysui_multi_action: [757,127,758,2]
06-05 18:09:36.713 10034  3373  3647 I sysui_multi_action: [757,1093,758,4,793,1130,1094,9470016,1095,6]
06-05 18:09:40.001 10034  3373  3647 I sysui_multi_action: [757,1093,758,4,793,3288,1094,9470016,1095,6]
06-05 18:09:40.792 10034  3373  3373 I sysui_multi_action: [757,803,799,panel_open,802,1]
06-05 18:09:40.807  1000  2628  7604 I sysui_multi_action: [757,127,758,1]
06-05 18:09:40.807  1000  2628  7604 I sysui_multi_action: [757,804,799,note_load,801,2,802,1]
06-05 18:09:41.311  1000  2628 10843 I sysui_multi_action: [757,128,758,1,793,360023,794,0,795,360023,796,26,798,0,806,android,857,DEVELOPER,858,2,947,0]
06-05 18:09:41.311  1000  2628 10843 I sysui_multi_action: [757,804,799,note_freshness,801,360023,802,1]
06-05 18:09:41.311  1000  2628 10843 I sysui_multi_action: [757,128,758,1,793,365800,794,0,795,365800,796,32,798,1,806,android,857,USB,858,1,947,0]
06-05 18:09:41.311  1000  2628 10843 I sysui_multi_action: [757,804,799,note_freshness,801,365800,802,1]
06-05 18:09:41.791 10034  3373  3647 I sysui_multi_action: [757,1093,758,4,793,1789,1094,9470016,1095,6]
06-05 18:09:41.806  1000  2628  7604 I sysui_multi_action: [757,128,758,2,793,360518,794,495,795,360518,796,26,798,0,806,android,857,DEVELOPER,858,2,947,0]
06-05 18:09:41.806  1000  2628  7604 I sysui_multi_action: [757,128,758,2,793,366295,794,495,795,366295,796,32,798,1,806,android,857,USB,858,1,947,0]
06-05 18:09:41.807  1000  2628  7604 I sysui_multi_action: [757,127,758,2]
06-05 18:09:43.018 10034  3373  3647 I sysui_multi_action: [757,1093,758,4,793,1228,1094,9470016,1095,6]
06-05 18:09:46.811 10034  3373  3647 I sysui_multi_action: [757,1093,758,4,793,3792,1094,9470016,1095,6]
06-05 18:09:47.636  1000  2628  2708 I sysui_multi_action: [757,803,799,window_time_0,802,16]
06-05 18:09:48.791 10034  3373  3647 I sysui_multi_action: [757,1093,758,4,793,1980,1094,9470016,1095,6]
06-05 18:09:49.655  1000  2628  7604 I sysui_multi_action: [324,1,757,1090,758,12,806,com.google.android.apps.tachyon,871,com.google.android.apps.tachyon.MainActivity,1091,19725]
06-05 18:09:50.119  1000  2628  7604 I sysui_multi_action: [757,824,758,4,825,0.562500]
06-05 18:09:51.861 10034  3373  3647 I sysui_multi_action: [757,1093,758,4,793,3070,1094,9470016,1095,6]
06-05 18:09:54.679 10034  3373  3373 I sysui_multi_action: [757,803,799,panel_open,802,1]
06-05 18:09:54.693  1000  2628  7823 I sysui_multi_action: [757,127,758,1]
06-05 18:09:54.693  1000  2628  7823 I sysui_multi_action: [757,804,799,note_load,801,2,802,1]
06-05 18:09:55.195  1000  2628  7823 I sysui_multi_action: [757,128,758,1,793,373908,794,0,795,373908,796,26,798,0,806,android,857,DEVELOPER,858,2,947,0]
06-05 18:09:55.195  1000  2628  7823 I sysui_multi_action: [757,804,799,note_freshness,801,373908,802,1]
06-05 18:09:55.196  1000  2628  7823 I sysui_multi_action: [757,128,758,1,793,379684,794,0,795,379684,796,32,798,1,806,android,857,USB,858,1,947,0]
06-05 18:09:55.196  1000  2628  7823 I sysui_multi_action: [757,804,799,note_freshness,801,379684,802,1]
06-05 18:09:55.569  1000  2628  8538 I sysui_multi_action: [757,128,758,2,793,374282,794,374,795,374282,796,26,798,0,806,android,857,DEVELOPER,858,2,947,0]
06-05 18:09:55.569  1000  2628  8538 I sysui_multi_action: [757,128,758,2,793,380058,794,374,795,380058,796,32,798,1,806,android,857,USB,858,1,947,0]
06-05 18:09:55.570  1000  2628  8538 I sysui_multi_action: [757,127,758,2]
06-05 18:09:58.051 10034  3373  3647 I sysui_multi_action: [757,1093,758,4,793,6191,1094,9470016,1095,6]
06-05 18:10:06.401 10034  3373  3647 I sysui_multi_action: [757,1093,758,4,793,8350,1094,9470016,1095,6]
06-05 18:10:07.418 10034  3373  3647 I sysui_multi_action: [757,1093,758,4,793,1017,1094,9470016,1095,6]
06-05 18:10:08.431 10034  3373  3647 I sysui_multi_action: [757,1093,758,4,793,1013,1094,9470016,1095,6]
06-05 18:10:10.901 10034  3373  3373 I sysui_multi_action: [757,931,758,4,759,3,932,0,933,0]
06-05 18:10:10.976 10034  3373  3373 I sysui_multi_action: [757,931,758,4,759,3,932,0,933,1]
06-05 18:10:11.232 10034  3373  3373 I sysui_multi_action: [757,931,758,4,759,3,932,0,933,0]
06-05 18:10:11.308 10034  3373  3373 I sysui_multi_action: [757,931,758,4,759,3,932,0,933,1]
06-05 18:10:11.411  1000  2628  2708 I sysui_multi_action: [757,803,799,window_time_0,802,24]
06-05 18:10:11.571  1000  2628  2765 I sysui_multi_action: [319,576,322,551,325,14190,757,761,758,9,759,2,806,com.smartron.tronxlauncher,871,com.smartron.smextension.TronxLauncher,905,0]
06-05 18:10:13.275 10034  3373  3373 I sysui_multi_action: [757,803,799,panel_open,802,1]
06-05 18:10:13.285  1000  2628  8538 I sysui_multi_action: [757,127,758,1]
06-05 18:10:13.285  1000  2628  8538 I sysui_multi_action: [757,804,799,note_load,801,3,802,1]
06-05 18:10:13.787  1000  2628 10846 I sysui_multi_action: [757,128,758,1,793,392500,794,0,795,392500,796,26,798,1,806,android,857,DEVELOPER,858,2,947,0]
06-05 18:10:13.787  1000  2628 10846 I sysui_multi_action: [757,804,799,note_freshness,801,392500,802,1]
06-05 18:10:13.787  1000  2628 10846 I sysui_multi_action: [757,128,758,1,793,2950,794,0,795,2950,796,-1,798,0,806,com.google.android.apps.tachyon,857,notification_channel_call_n-3e0f0557,858,3,947,0]
06-05 18:10:13.787  1000  2628 10846 I sysui_multi_action: [757,804,799,note_freshness,801,2950,802,1]
06-05 18:10:13.788  1000  2628 10846 I sysui_multi_action: [757,128,758,1,793,398277,794,0,795,398277,796,32,798,2,806,android,857,USB,858,1,947,0]
06-05 18:10:13.788  1000  2628 10846 I sysui_multi_action: [757,804,799,note_freshness,801,398277,802,1]
06-05 18:10:14.473 10034  3373  3647 I sysui_multi_action: [757,1093,758,4,793,6042,1094,9470016,1095,6]
06-05 18:10:16.240  1000  2628  8538 I sysui_multi_action: [757,128,758,2,793,394953,794,2453,795,394953,796,26,798,1,806,android,857,DEVELOPER,858,2,947,0]
06-05 18:10:16.240  1000  2628  8538 I sysui_multi_action: [757,128,758,2,793,5403,794,2453,795,5403,796,-1,798,0,806,com.google.android.apps.tachyon,857,notification_channel_call_n-3e0f0557,858,3,947,0]
06-05 18:10:16.240  1000  2628  8538 I sysui_multi_action: [757,128,758,2,793,400729,794,2452,795,400729,796,32,798,2,806,android,857,USB,858,1,947,0]
06-05 18:10:16.242  1000  2628 10846 I sysui_multi_action: [757,127,758,2]
06-05 18:10:16.264  1000  2628  8538 I sysui_multi_action: [757,128,758,4,793,5427,794,2477,795,5427,796,-1,806,com.google.android.apps.tachyon,857,notification_channel_call_n-3e0f0557,858,3,947,0]
06-05 18:10:16.264  1000  2628  2628 I sysui_multi_action: [757,804,799,note_click_longevity,801,0,802,1]
06-05 18:10:16.276  1000  2628  2628 I sysui_multi_action: [757,128,758,5,759,8,793,4473,794,0,795,4473,796,40,806,android,857,FOREGROUND_SERVICE,858,2,947,0]
06-05 18:10:16.276  1000  2628  2708 I sysui_multi_action: [757,803,799,window_time_0,802,4]
06-05 18:10:16.470  1000  2628  2765 I sysui_multi_action: [319,221,322,219,325,14196,757,761,758,9,759,2,806,com.google.android.apps.tachyon,871,com.google.android.apps.tachyon.MainActivity,904,com.smartron.tronxlauncher,905,0]
06-05 18:10:16.567 10034  3373  3647 I sysui_multi_action: [757,1093,758,4,793,2094,1094,9470016,1095,6]
06-05 18:10:16.899  1000  2628  7823 I sysui_multi_action: [757,824,758,4,825,0.562500]
06-05 18:10:17.608 10034  3373  3647 I sysui_multi_action: [757,1093,758,4,793,1040,1094,9470016,1095,6]
06-05 18:10:18.193  1000  2628  2628 I sysui_multi_action: [757,128,758,5,759,8,793,7356,794,4406,795,7356,796,-1,806,com.google.android.apps.tachyon,857,notification_channel_call_n-3e0f0557,858,3,947,0]
06-05 18:10:18.397  1000  2628  7823 I sysui_multi_action: [757,824,758,4,825,0.562500]
06-05 18:10:19.132 10034  3373  3647 I sysui_multi_action: [757,1093,758,4,793,1525,1094,9470016,1095,6]
06-05 18:10:19.664 10034  3373  3373 I sysui_multi_action: [757,931,758,4,759,3,932,0,933,0]
06-05 18:10:19.720 10034  3373  3373 I sysui_multi_action: [757,931,758,4,759,3,932,0,933,1]
06-05 18:10:19.760  1000  2628  2708 I sysui_multi_action: [757,803,799,window_time_0,802,4]
06-05 18:10:19.955  1000  2628  2765 I sysui_multi_action: [319,209,322,171,325,14199,757,761,758,9,759,2,806,com.smartron.tronxlauncher,871,com.smartron.smextension.TronxLauncher,905,0]
06-05 18:10:20.371 10034  3373  3373 I sysui_multi_action: [757,803,799,panel_open,802,1]
06-05 18:10:20.408  1000  2628  2650 I sysui_multi_action: [757,127,758,1]
06-05 18:10:20.408  1000  2628  2650 I sysui_multi_action: [757,804,799,note_load,801,2,802,1]
06-05 18:10:20.911  1000  2628  2650 I sysui_multi_action: [757,128,758,1,793,399623,794,0,795,399623,796,26,798,0,806,android,857,DEVELOPER,858,2,947,0]
06-05 18:10:20.911  1000  2628  2650 I sysui_multi_action: [757,804,799,note_freshness,801,399623,802,1]
06-05 18:10:20.911  1000  2628  2650 I sysui_multi_action: [757,128,758,1,793,405400,794,0,795,405400,796,32,798,1,806,android,857,USB,858,1,947,0]
06-05 18:10:20.912  1000  2628  2650 I sysui_multi_action: [757,804,799,note_freshness,801,405400,802,1]
06-05 18:10:21.294  1000  2628  2650 I sysui_multi_action: [757,128,758,2,793,400007,794,384,795,400007,796,26,798,0,806,android,857,DEVELOPER,858,2,947,0]
06-05 18:10:21.294  1000  2628  2650 I sysui_multi_action: [757,128,758,2,793,405783,794,383,795,405783,796,32,798,1,806,android,857,USB,858,1,947,0]
06-05 18:10:21.295  1000  2628 10846 I sysui_multi_action: [757,127,758,2]
06-05 18:10:23.017 10034  3373  3373 I sysui_multi_action: [757,931,758,4,759,3,932,0,933,0]
06-05 18:10:23.055 10034  3373  3373 I sysui_multi_action: [757,931,758,4,759,3,932,32,933,1]
06-05 18:10:24.028  1000  2628  2708 I sysui_multi_action: [757,803,799,window_time_0,802,4]
06-05 18:10:24.028  1000  2628  2708 I sysui_multi_action: [757,803,799,window_time_0,802,0]
06-05 18:10:24.055  1000  2628  2708 I sysui_multi_action: [757,803,799,window_time_0,802,0]
06-05 18:10:24.077  1000 27469 27469 I sysui_multi_action: [757,35,758,1,833,0]
06-05 18:10:24.156  1000  2628  2765 I sysui_multi_action: [319,152,322,152,325,14203,757,761,758,9,759,2,806,com.android.settings,871,com.android.settings.Settings,904,com.android.systemui,905,0]
06-05 18:10:26.669  1000 27469 27469 I sysui_multi_action: [757,35,758,2]
06-05 18:10:26.684  1000  2628  2708 I sysui_multi_action: [757,803,799,window_time_0,802,3]
06-05 18:10:26.792  1000 27469 27469 I sysui_multi_action: [757,744,758,1,833,35]
06-05 18:10:28.051  1000 27469 27469 I sysui_multi_action: [757,744,758,2]
06-05 18:10:28.063  1000  2628  2708 I sysui_multi_action: [757,803,799,window_time_0,802,1]
06-05 18:10:28.152  1000 27469 30967 I sysui_multi_action: [757,803,799,development.DevelopmentSettings/bluetooth_select_a2dp_codec|1000000,802,1]
06-05 18:10:28.152  1000 27469 30966 I sysui_multi_action: [757,803,799,development.DevelopmentSettings/bluetooth_select_a2dp_sample_rate|0,802,1]
06-05 18:10:28.152  1000 27469 30968 I sysui_multi_action: [757,803,799,development.DevelopmentSettings/bluetooth_select_a2dp_bits_per_sample|0,802,1]
06-05 18:10:28.152  1000 27469 30965 I sysui_multi_action: [757,803,799,development.DevelopmentSettings/bluetooth_select_avrcp_version|avrcp14,802,1]
06-05 18:10:28.154  1000 27469 30966 I sysui_multi_action: [757,803,799,development.DevelopmentSettings/bluetooth_select_a2dp_ldac_playback_quality|1003,802,1]
06-05 18:10:28.154  1000 27469 30967 I sysui_multi_action: [757,803,799,development.DevelopmentSettings/bluetooth_select_a2dp_channel_mode|0,802,1]
06-05 18:10:28.188  1000 27469 27469 I sysui_multi_action: [757,39,758,1,833,744]
06-05 18:10:28.205  1000 27469 30966 I sysui_multi_action: [757,803,799,development.DevelopmentSettings/track_frame_time|false,802,1]
06-05 18:10:28.206  1000 27469 30967 I sysui_multi_action: [757,803,799,development.DevelopmentSettings/show_non_rect_clip|hide,802,1]
06-05 18:10:28.207  1000 27469 30965 I sysui_multi_action: [757,803,799,development.DevelopmentSettings/debug_hw_overdraw|false,802,1]
06-05 18:10:28.208  1000 27469 30966 I sysui_multi_action: [757,803,799,development.DevelopmentSettings/debug_hw_renderer|opengl,802,1]
06-05 18:10:28.209  1000 27469 30967 I sysui_multi_action: [757,803,799,development.DevelopmentSettings/window_animation_scale|1,802,1]
06-05 18:10:28.211  1000 27469 30968 I sysui_multi_action: [757,803,799,development.DevelopmentSettings/transition_animation_scale|1,802,1]
06-05 18:10:28.213  1000 27469 30965 I sysui_multi_action: [757,803,799,development.DevelopmentSettings/animator_duration_scale|1,802,1]
06-05 18:10:28.214  1000 27469 30966 I sysui_multi_action: [757,803,799,development.DevelopmentSettings/overlay_display_devices|,802,1]
06-05 18:10:28.216  1000 27469 30967 I sysui_multi_action: [757,803,799,development.DevelopmentSettings/app_process_limit|-1,802,1]
06-05 18:10:28.222  1000 27469 30968 I sysui_multi_action: [757,803,799,development.DevelopmentSettings/select_logd_size|262144,802,1]
06-05 18:10:28.230  1000 27469 30965 I sysui_multi_action: [757,803,799,development.DevelopmentSettings/simulate_color_space|-1,802,1]
06-05 18:10:28.372  1000 27469 30966 I sysui_multi_action: [757,803,799,development.DevelopmentSettings/select_usb_configuration|none,802,1]
06-05 18:10:30.804  1000 27469 27469 I sysui_multi_action: [757,294,758,4,806,]
06-05 18:10:31.121  1000  2628  7823 I sysui_multi_action: [757,856,758,1,806,com.android.shell,857,bugreports,858,2]
06-05 18:10:35.956 10034  3373  3647 I sysui_multi_action: [757,1093,758,4,793,16824,1094,9470016,1095,6]
06-05 18:10:37.140 10034  3373  3647 I sysui_multi_action: [757,1093,758,4,793,1184,1094,9470016,1095,5]
