01-08 05:46:09.843     0     0 I init    : Parsing file /system/etc/init/lmkd.rc...
01-08 05:46:09.848     0     0 I init    : Parsing file /system/etc/init/logcatd.rc...
01-08 05:46:09.854     0     0 I init    : Parsing file /system/etc/init/logd.rc...
01-08 05:46:09.859     0     0 I init    : Parsing file /system/etc/init/logtagd.rc...
01-08 05:46:09.865     0     0 I init    : Parsing file /system/etc/init/mdnsd.rc...
01-08 05:46:09.871     0     0 I init    : Parsing file /system/etc/init/mediadrmserver.rc...
01-08 05:46:09.877     0     0 I init    : Parsing file /system/etc/init/mediaextractor.rc...
01-08 05:46:09.883     0     0 I init    : Parsing file /system/etc/init/mediametrics.rc...
01-08 05:46:09.889     0     0 I init    : Parsing file /system/etc/init/mediaserver.rc...
01-08 05:46:09.895     0     0 I init    : Parsing file /system/etc/init/mtpd.rc...
01-08 05:46:09.901     0     0 I init    : Parsing file /system/etc/init/netd.rc...
01-08 05:46:09.906     0     0 I init    : Parsing file /system/etc/init/perfprofd.rc...
01-08 05:46:09.912     0     0 I init    : Parsing file /system/etc/init/racoon.rc...
01-08 05:46:09.918     0     0 I init    : Parsing file /system/etc/init/servicemanager.rc...
01-08 05:46:09.924     0     0 I init    : Parsing file /system/etc/init/storaged.rc...
01-08 05:46:09.930     0     0 I init    : Parsing file /system/etc/init/surfaceflinger.rc...
01-08 05:46:09.937     0     0 I init    : Parsing file /system/etc/init/thermalservice.rc...
01-08 05:46:09.943     0     0 I init    : Parsing file /system/etc/init/tombstoned.rc...
01-08 05:46:09.949     0     0 I init    : Parsing file /system/etc/init/uncrypt.rc...
01-08 05:46:09.954     0     0 I init    : Parsing file /system/etc/init/vdc.rc...
01-08 05:46:09.960     0     0 I init    : Parsing file /system/etc/init/vold.rc...
01-08 05:46:09.965     0     0 I init    : Parsing file /system/etc/init/webview_zygote32.rc...
01-08 05:46:09.972     0     0 I init    : Parsing file /system/etc/init/webview_zygote64.rc...
01-08 05:46:09.978     0     0 I init    : Parsing file /system/etc/init/wfdservice.rc...
01-08 05:46:09.984     0     0 I init    : Parsing file /system/etc/init/wifi-events.rc...
01-08 05:46:09.991     0     0 I init    : Parsing file /system/etc/init/wificond.rc...
01-08 05:46:09.996     0     0 I init    : Parsing directory /vendor/etc/init...
01-08 05:46:10.001     0     0 I init    : Parsing file /vendor/etc/init/android.hardware.audio@2.0-service.rc...
01-08 05:46:10.010     0     0 I init    : Parsing file /vendor/etc/init/android.hardware.biometrics.fingerprint@2.1-service.rc...
01-08 05:46:10.019     0     0 E init    : /vendor/etc/init/android.hardware.biometrics.fingerprint@2.1-service.rc: 1: ignored duplicate definition of service 'fps_hal'
01-08 05:46:10.031     0     0 I init    : Parsing file /vendor/etc/init/android.hardware.bluetooth@1.0-service-qti.rc...
01-08 05:46:10.041     0     0 I init    : Parsing file /vendor/etc/init/android.hardware.camera.provider@2.4-service.rc...
01-08 05:46:10.050     0     0 I init    : Parsing file /vendor/etc/init/android.hardware.cas@1.0-service.rc...
01-08 05:46:10.058     0     0 I init    : Parsing file /vendor/etc/init/android.hardware.configstore@1.0-service.rc...
01-08 05:46:10.066     0     0 I init    : Parsing file /vendor/etc/init/android.hardware.drm@1.0-service.rc...
01-08 05:46:10.074     0     0 I init    : Parsing file /vendor/etc/init/android.hardware.drm@1.0-service.widevine.rc...
01-08 05:46:10.083     0     0 I init    : Parsing file /vendor/etc/init/android.hardware.gatekeeper@1.0-service-qti.rc...
01-08 05:46:10.092     0     0 I init    : Parsing file /vendor/etc/init/android.hardware.graphics.allocator@2.0-service.rc...
01-08 05:46:10.101     0     0 I init    : Parsing file /vendor/etc/init/android.hardware.graphics.composer@2.1-service.rc...
01-08 05:46:10.110     0     0 I init    : Parsing file /vendor/etc/init/android.hardware.health@1.0-service.rc...
01-08 05:46:10.118     0     0 I init    : Parsing file /vendor/etc/init/android.hardware.keymaster@3.0-service-qti.rc...
01-08 05:46:10.127     0     0 I init    : Parsing file /vendor/etc/init/android.hardware.light@2.0-service.rc...
01-08 05:46:10.135     0     0 I init    : Parsing file /vendor/etc/init/android.hardware.media.omx@1.0-service.rc...
01-08 05:46:10.143     0     0 I init    : Parsing file /vendor/etc/init/android.hardware.memtrack@1.0-service.rc...
01-08 05:46:10.152     0     0 I init    : Parsing file /vendor/etc/init/android.hardware.power@1.0-service.rc...
01-08 05:46:10.160     0     0 I init    : Parsing file /vendor/etc/init/android.hardware.sensors@1.0-service.rc...
01-08 05:46:10.168     0     0 I init    : Parsing file /vendor/etc/init/android.hardware.thermal@1.0-service.rc...
01-08 05:46:10.176     0     0 I init    : Parsing file /vendor/etc/init/android.hardware.vibrator@1.0-service.rc...
01-08 05:46:10.185     0     0 I init    : Parsing file /vendor/etc/init/android.hardware.wifi@1.0-service.rc...
01-08 05:46:10.193     0     0 I init    : Parsing file /vendor/etc/init/com.qualcomm.qti.wifidisplayhal@1.0-service.rc...
01-08 05:46:10.202     0     0 I init    : Parsing file /vendor/etc/init/hostapd.android.rc...
01-08 05:46:10.208     0     0 I init    : Parsing file /vendor/etc/init/rild.rc...
01-08 05:46:10.213     0     0 I init    : Parsing file /vendor/etc/init/vendor.display.color@1.0-service.rc...
01-08 05:46:10.221     0     0 I init    : Parsing file /vendor/etc/init/vendor.qti.esepowermanager@1.0-service.rc...
01-08 05:46:10.230     0     0 I init    : Parsing file /vendor/etc/init/vendor.qti.gnss@1.0-service.rc...
01-08 05:46:10.237     0     0 I init    : Parsing file /vendor/etc/init/vendor.qti.hardware.alarm@1.0-service.rc...
01-08 05:46:10.245     0     0 I init    : Parsing file /vendor/etc/init/vendor.qti.hardware.factory@1.0-service.rc...
01-08 05:46:10.254     0     0 I init    : Parsing file /vendor/etc/init/vendor.qti.hardware.perf@1.0-service.rc...
01-08 05:46:10.262     0     0 I init    : Parsing file /vendor/etc/init/vendor.qti.hardware.qdutils_disp@1.0-service-qti.rc...
01-08 05:46:10.272     0     0 I init    : Parsing file /vendor/etc/init/vendor.qti.hardware.qteeconnector@1.0-service.rc...
01-08 05:46:10.281     0     0 I init    : Parsing file /vendor/etc/init/vendor.qti.hardware.tui_comm@1.0-service-qti.rc...
01-08 05:46:10.290     0     0 I init    : Parsing file /vendor/etc/init/vndservicemanager.rc...
01-08 05:46:10.296     0     0 I init    : Parsing file /odm/etc/init...
01-08 05:46:10.300     0     0 E init    : Unable to open '/odm/etc/init': No such file or directory
01-08 05:46:10.307     0     0 I init    : processing action (early-init) from (/init.rc:14)
01-08 05:46:10.315     0     0 D SELinux : initialized (dev cgroup, type cgroup), uses genfs_contexts
01-08 05:46:10.318     0     0 I init    : starting service 'ueventd'...
01-08 05:46:10.324     0     0 I init    : processing action (early-init) from (/vendor/etc/init/hw/init.qcom.rc:34)
01-08 05:46:10.328     0     0 I ueventd : ueventd started!
01-08 05:46:10.328     0     0 I ueventd : Parsing file /ueventd.rc...
01-08 05:46:10.336     0     0 I ueventd : Parsing file /vendor/ueventd.rc...
01-08 05:46:10.338     0     0 I ueventd : Parsing file /odm/ueventd.rc...
01-08 05:46:10.338     0     0 E ueventd : Unable to open '/odm/ueventd.rc': No such file or directory
01-08 05:46:10.338     0     0 I ueventd : Parsing file /ueventd.qcom.rc...
01-08 05:46:10.338     0     0 E ueventd : Unable to open '/ueventd.qcom.rc': No such file or directory
01-08 05:46:10.342     0     0 I selinux : SELinux: Loaded file_contexts
01-08 05:46:10.377     0     0 I init    : processing action (early-init) from (/vendor/etc/init/hw/init.target.rc:33)
01-08 05:46:10.388     0     0 I init    : processing action (early-init) from (/vendor/etc/init/hw/init.smartron.rc:3)
01-08 05:46:10.396     0     0 I init    : processing action (wait_for_coldboot_done) from (<Builtin Action>:0)
01-08 05:46:10.807     0     0 I selinux : SELinux: Loaded file_contexts
01-08 05:46:10.819     0     0 I chatty  : uid=0(root) logd identical 7 lines
01-08 05:46:10.831     0     0 I selinux : SELinux: Loaded file_contexts
01-08 05:46:10.937     0     0 W         : ueventd (437) used greatest stack depth: 12864 bytes left
01-08 05:46:12.005     0     0 I of_batterydata_get_best_profile: 3sun_4v4_4000mah found
01-08 05:46:12.017     0     0 I random  : nonblocking pool is initialized
01-08 05:46:12.022     0     0 I FG      : fg_batt_profile_init: Battery SOC: 100, V: 4363225uV
01-08 05:46:12.028     0     0 I of_batterydata_get_best_profile: 3sun_4v4_4000mah found
01-08 05:46:12.500     0     0 I ueventd : Coldboot took 2.157 seconds
01-08 05:46:12.507     0     0 I init    : Command 'wait_for_coldboot_done' action=wait_for_coldboot_done (<Builtin Action>:0) returned 0 took 2103ms.
01-08 05:46:12.517     0     0 I init    : processing action (mix_hwrng_into_linux_rng) from (<Builtin Action>:0)
01-08 05:46:12.526     0     0 I init    : Mixed 512 bytes from /dev/hw_random into /dev/urandom
01-08 05:46:12.532     0     0 I init    : processing action (set_mmap_rnd_bits) from (<Builtin Action>:0)
01-08 05:46:12.540     0     0 I init    : processing action (set_kptr_restrict) from (<Builtin Action>:0)
01-08 05:46:12.547     0     0 I init    : processing action (keychord_init) from (<Builtin Action>:0)
01-08 05:46:12.554     0     0 I keychord: using input dev qpnp_pon for fevent
01-08 05:46:12.559     0     0 I keychord: using input dev NVTCapacitiveTouchScreen for fevent
01-08 05:46:12.566     0     0 I keychord: using input dev cdfinger_input for fevent
01-08 05:46:12.572     0     0 I keychord: using input dev gpio-keys for fevent
01-08 05:46:12.578     0     0 I init    : processing action (console_init) from (<Builtin Action>:0)
01-08 05:46:12.585     0     0 I init    : processing action (init) from (/init.rc:44)
01-08 05:46:12.591     0     0 E init    : Unable to open '/default.prop': Too many symbolic links encountered
01-08 05:46:12.602     0     0 D SELinux : initialized (dev tmpfs, type tmpfs), uses transition SIDs
01-08 05:46:12.610     0     0 E init    : Unable to open '/proc/sys/kernel/hung_task_timeout_secs': No such file or directory
01-08 05:46:12.618     0     0 E init    : Unable to open '/proc/cpu/alignment': No such file or directory
01-08 05:46:12.629     0     0 D SELinux : initialized (dev cgroup, type cgroup), uses genfs_contexts
01-08 05:46:12.632     0     0 E init    : Unable to open '/dev/cpuset/cpus': No such file or directory
01-08 05:46:12.638     0     0 E init    : Unable to open '/dev/cpuset/mems': No such file or directory
01-08 05:46:12.646     0     0 E init    : Unable to open '/dev/cpuset/cpus': No such file or directory
01-08 05:46:12.653     0     0 E init    : Unable to open '/dev/cpuset/mems': No such file or directory
01-08 05:46:12.661     0     0 E init    : Unable to open '/dev/cpuset/cpus': No such file or directory
01-08 05:46:12.667     0     0 E init    : Unable to open '/dev/cpuset/mems': No such file or directory
01-08 05:46:12.675     0     0 E init    : Unable to open '/dev/cpuset/cpus': No such file or directory
01-08 05:46:12.682     0     0 E init    : Unable to open '/dev/cpuset/mems': No such file or directory
01-08 05:46:12.689     0     0 E init    : Unable to open '/dev/cpuset/cpus': No such file or directory
01-08 05:46:12.696     0     0 E init    : Unable to open '/dev/cpuset/mems': No such file or directory
01-08 05:46:12.706     0     0 I         : Registered swp emulation handler
01-08 05:46:12.709     0     0 E init    : Unable to open '/sys/class/leds/vibrator/trigger': No such file or directory
01-08 05:46:12.718     0     0 I init    : processing action (init) from (/init.environ.rc:2)
01-08 05:46:12.724     0     0 I init    : processing action (init) from (/vendor/etc/init/hw/init.qcom.rc:40)
01-08 05:46:12.735     0     0 E init    : Unable to open '/sys/fs/cgroup/memory/bg/memory.swappiness': No such file or directory
01-08 05:46:12.744     0     0 E init    : Unable to open '/sys/fs/cgroup/memory/bg/memory.move_charge_at_immigrate': No such file or directory
01-08 05:46:12.754     0     0 I init    : processing action (init) from (/vendor/etc/init/hw/init.target.rc:82)
01-08 05:46:12.763     0     0 I init    : processing action (mix_hwrng_into_linux_rng) from (<Builtin Action>:0)
01-08 05:46:12.771     0     0 I init    : Mixed 512 bytes from /dev/hw_random into /dev/urandom
01-08 05:46:12.777     0     0 I init    : processing action (late-init) from (/init.rc:270)
01-08 05:46:12.783     0     0 I init    : processing action (queue_property_triggers) from (<Builtin Action>:0)
01-08 05:46:12.791     0     0 I init    : processing action (fs) from (/vendor/etc/init/hw/init.target.rc:40)
01-08 05:46:12.806     0     0 I init    : [libfs_mgr]Invalid ext4 magic:0x1ca5 on '/dev/block/bootdevice/by-name/userdata'
01-08 05:46:12.814     0     0 E init    : [libfs_mgr]mount_with_alternatives(): skipping mount, invalid ext4, mountpoint=/data rec[0].fs_type=ext4
01-08 05:46:12.826     0     0 E init    : [libfs_mgr]fs_mgr_mount_all(): possibly an encryptable blkdev /dev/block/bootdevice/by-name/userdata for mount /data type ext4
01-08 05:46:12.839     0     0 D SELinux : initialized (dev tmpfs, type tmpfs), uses transition SIDs
01-08 05:46:12.840     0     0 I init    : [libfs_mgr]superblock s_max_mnt_count:65535,/dev/block/bootdevice/by-name/cache
01-08 05:46:12.852     0     0 I EXT4-fs (mmcblk0p26): mounted filesystem with ordered data mode. Opts: barrier=1
01-08 05:46:12.860     0     0 D SELinux : initialized (dev mmcblk0p26, type ext4), uses xattr
01-08 05:46:12.861     0     0 I init    : [libfs_mgr]__mount(source=/dev/block/bootdevice/by-name/cache,target=/cache,type=ext4)=0: Success
01-08 05:46:12.879     0     0 D SELinux : initialized (dev mmcblk0p1, type vfat), uses mountpoint labeling
01-08 05:46:12.879     0     0 I init    : [libfs_mgr]__mount(source=/dev/block/bootdevice/by-name/modem,target=/firmware,type=vfat)=0: Success
01-08 05:46:12.890     0     0 I init    : [libfs_mgr]superblock s_max_mnt_count:65535,/dev/block/bootdevice/by-name/dsp
01-08 05:46:12.904     0     0 I EXT4-fs (mmcblk0p12): mounted filesystem with ordered data mode. Opts: barrier=1
01-08 05:46:12.912     0     0 D SELinux : initialized (dev mmcblk0p12, type ext4), uses xattr
01-08 05:46:12.912     0     0 I init    : [libfs_mgr]__mount(source=/dev/block/bootdevice/by-name/dsp,target=/dsp,type=ext4)=0: Success
01-08 05:46:12.923     0     0 I init    : Parsing file /odm/etc/init...
01-08 05:46:12.925     0     0 W         : init (446) used greatest stack depth: 10912 bytes left
01-08 05:46:12.933     0     0 E init    : Unable to open '/odm/etc/init': No such file or directory
01-08 05:46:12.940     0     0 I init    : Command 'mount_all /vendor/etc/fstab.qcom' action=fs (/vendor/etc/init/hw/init.target.rc:44) returned 2 took 140ms.
01-08 05:46:12.957     0     0 I EXT4-fs (mmcblk0p27): mounted filesystem with ordered data mode. Opts: barrier=1
01-08 05:46:12.964     0     0 D SELinux : initialized (dev mmcblk0p27, type ext4), uses xattr
01-08 05:46:12.968     0     0 I selinux : SELinux: Skipping restorecon_recursive(/persist)
01-08 05:46:12.976     0     0 E EXT4-fs (mmcblk0p31): VFS: Can't find ext4 filesystem
01-08 05:46:12.981     0     0 I init    : processing action (fs) from (/vendor/etc/init/hw/init.target.rc:154)
01-08 05:46:12.989     0     0 I init    : processing action (fs) from (/system/etc/init/logd.rc:18)
01-08 05:46:12.997     0     0 I init    : processing action (fs) from (/system/etc/init/wifi-events.rc:17)
01-08 05:46:13.003     0     0 I init    : processing action (post-fs) from (/init.rc:303)
01-08 05:46:13.013     0     0 W init    : Couldn't load property file: Unable to open '/vendor/package/Default/system/vendor/vendor.prop': No such file or directory: No such file or directory
01-08 05:46:13.028     0     0 E init    : property_set("ro.cutoff_voltage_mv", "3400") failed: property already set
01-08 05:46:13.036     0     0 W init    : Couldn't load property file: Unable to open '/vendor/package/vendor.prop': No such file or directory: No such file or directory
01-08 05:46:13.053     0     0 W init    : Couldn't load property file: Unable to open '/system/vendor/vendor.prop': No such file or directory: No such file or directory
01-08 05:46:13.066     0     0 W init    : Couldn't load property file: Unable to open '/vendor/package/Default/system/vendor/vendor.prop': No such file or directory: No such file or directory
01-08 05:46:13.081     0     0 W init    : Couldn't load property file: Unable to open '/vendor/package/power.prop': No such file or directory: No such file or directory
01-08 05:46:13.093     0     0 W init    : Couldn't load property file: Unable to open '/odm/build.prop': No such file or directory: No such file or directory
01-08 05:46:13.107     0     0 W init    : Couldn't load property file: Unable to open '/factory/factory.prop': No such file or directory: No such file or directory
01-08 05:46:13.120     0     0 E init    : /recovery not specified in fstab
01-08 05:46:13.124     0     0 I init    : Command 'load_system_props' action=post-fs (/init.rc:309) returned 0 took 114ms.
01-08 05:46:13.139     0     0 I init    : starting service 'logd'...
01-08 05:46:13.146     0     0 I init    : Created socket '/dev/socket/logd', mode 666, user 1036, group 1036
01-08 05:46:13.147     0     0 I init    : starting service 'servicemanager'...
01-08 05:46:13.150     0     0 I init    : starting service 'hwservicemanager'...
01-08 05:46:13.155     0     0 I init    : starting service 'vndservicemanager'...
01-08 05:46:13.170     0     0 I init    : Created socket '/dev/socket/logdr', mode 666, user 1036, group 1036
01-08 05:46:13.178     0     0 I init    : Created socket '/dev/socket/logdw', mode 222, user 1036, group 1036
01-08 05:46:13.185     0     0 I init    : Opened file '/proc/kmsg', flags 0
01-08 05:46:13.190     0     0 I init    : Opened file '/dev/kmsg', flags 1
01-08 05:46:13.222     0     0 I init    : Command 'restorecon --recursive --cross-filesystems /sys/kernel/debug' action=post-fs (/init.rc:326) returned 0 took 64ms.
01-08 05:46:13.234     0     0 I selinux : SELinux: Skipping restorecon_recursive(/cache)
01-08 05:46:13.291     0     0 I init    : processing action (post-fs) from (/vendor/etc/init/hw/init.qcom.rc:55)
01-08 05:46:13.298     0     0 I init    : processing action (post-fs) from (/system/etc/init/atrace.rc:3)
01-08 05:46:13.313     0     0 E init    : Unable to open '/sys/kernel/tracing/tracing_on': Permission denied
01-08 05:46:13.320     0     0 I init    : processing action (post-fs) from (/system/etc/init/atrace_userdebug.rc:6)
01-08 05:46:13.323     0     0 I logd.auditd: start
01-08 05:46:13.337     0     0 I init    : processing action (late-fs) from (/init.rc:363)
01-08 05:46:13.343     0     0 I init    : starting service 'gatekeeper-1-0'...
01-08 05:46:13.347     0     0 I binder  : 455:455 ioctl 620a 0 returned -22
01-08 05:46:13.356     0     0 I init    : starting service 'keymaster-3-0'...
01-08 05:46:13.364     0     0 I init    : processing action (post-fs-data) from (/init.rc:371)
01-08 05:46:13.371     0     0 I init    : starting service 'vold'...
01-08 05:46:13.378     0     0 I init    : Created socket '/dev/socket/vold', mode 660, user 0, group 1009
01-08 05:46:13.379     0     0 E init    : Unable to open '/data/system/entropy.dat': No such file or directory
01-08 05:46:13.381     0     0 E init    : Unable to open '/data/misc/recovery/ro.build.fingerprint': No such file or directory
01-08 05:46:13.382     0     0 E init    : Unable to open '/data/misc/recovery/proc/version': No such file or directory
01-08 05:46:13.411     0     0 I init    : Created socket '/dev/socket/cryptd', mode 660, user 0, group 1009
01-08 05:46:13.437     0     0 I init    : starting service 'exec 1 (/system/bin/vdc --wait cryptfs init_user0)'...
01-08 05:46:13.447     0     0 I init    : SVC_EXEC pid 469 (uid 0 gid 0+0 context default) started; waiting...
--------- beginning of system
01-08 05:46:13.491   468   468 I vold    : Vold 3.0 (the awakening) firing up
01-08 05:46:13.492   468   468 V vold    : Detected support for: ext4 vfat
01-08 05:46:13.509   468   472 D vold    : e4crypt_init_user0
01-08 05:46:13.509   468   472 D vold    : e4crypt_prepare_user_storage for volume null, user 0, serial 0, flags 1
01-08 05:46:13.509   468   472 D vold    : Preparing: /data/system/users/0
01-08 05:46:13.509   468   472 D vold    : Preparing: /data/misc/profiles/cur/0
01-08 05:46:13.509   468   472 D vold    : Preparing: /data/system_de/0
01-08 05:46:13.510   468   472 D vold    : Preparing: /data/misc_de/0
01-08 05:46:13.510   468   472 D vold    : Preparing: /data/user_de/0
01-08 05:46:13.510   468   472 D vold    : e4crypt_unlock_user_key 0 serial=0 token_present=0
01-08 05:46:13.510   468   472 E vold    : Failed to chmod /data/system_ce/0: No such file or directory
01-08 05:46:13.510   468   472 E vold    : Failed to chmod /data/misc_ce/0: No such file or directory
01-08 05:46:13.510   468   472 E vold    : Failed to chmod /data/media/0: No such file or directory
01-08 05:46:13.521     0     0 I init    : Service 'exec 1 (/system/bin/vdc --wait cryptfs init_user0)' (pid 469) exited with status 0 waiting took 0.084000 seconds
01-08 05:46:13.563     0     0 I init    : starting service 'exec 2 (/system/bin/tzdatacheck /system/usr/share/zoneinfo /data/misc/zoneinfo)'...
01-08 05:46:13.575     0     0 I init    : SVC_EXEC pid 473 (uid 1000 gid 1000+0 context default) started; waiting...
01-08 05:46:13.602     0     0 I selinux : SELinux: Loaded file_contexts
01-08 05:46:13.605     0     0 I init    : Service 'exec 2 (/system/bin/tzdatacheck /system/usr/share/zoneinfo /data/misc/zoneinfo)' (pid 473) exited with status 0 waiting took 0.042000 seconds
01-08 05:46:13.605     0     0 I init    : processing action (post-fs-data) from (/init.usb.rc:6)
01-08 05:46:13.607     0     0 I init    : processing action (post-fs-data) from (/vendor/etc/init/hw/init.qcom.rc:222)
01-08 05:46:13.647     0     0 E init    : Unable to open '/sys/block/dm-0/queue/read_ahead_kb': No such file or directory
01-08 05:46:13.655     0     0 E init    : Unable to open '/sys/block/dm-1/queue/read_ahead_kb': No such file or directory
01-08 05:46:13.665     0     0 I init    : processing action (post-fs-data) from (/vendor/etc/init/hw/init.target.rc:62)
01-08 05:46:13.680     0     0 I init    : processing action (post-fs-data) from (init.carrier.rc:37)
01-08 05:46:13.687     0     0 E init    : service carrier_switcher does not have a SELinux domain defined
01-08 05:46:13.693     0     0 I init    : processing action (post-fs-data) from (/vendor/etc/init/hw/init.qcom.factory.rc:53)
01-08 05:46:13.703     0     0 I init    : processing action (post-fs-data) from (/vendor/etc/init/hw/init.qcom.test.rc:29)
01-08 05:46:13.712     0     0 I init    : processing action (post-fs-data) from (/system/etc/init/bootstat.rc:3)
01-08 05:46:13.722     0     0 I init    : processing action (post-fs-data) from (/system/etc/init/logtagd.rc:4)
01-08 05:46:13.731     0     0 I init    : processing action (post-fs-data) from (/vendor/etc/init/hostapd.android.rc:9)
01-08 05:46:13.740     0     0 I init    : processing action (load_persist_props_action) from (/init.rc:260)
01-08 05:46:13.747     0     0 W init    : Couldn't load property file: Unable to open '/data/local.prop': No such file or directory: No such file or directory
01-08 05:46:13.759     0     0 I init    : starting service 'logd-reinit'...
01-08 05:46:13.766     0     0 I init    : processing action (load_persist_props_action) from (/system/etc/init/logcatd.rc:31)
01-08 05:46:13.774     0     0 I init    : processing action (firmware_mounts_complete) from (/init.rc:266)
01-08 05:46:13.782     0     0 I init    : processing action (early-boot) from (/vendor/etc/init/hw/init.qcom.rc:58)
01-08 05:46:13.786     0     0 I logd.daemon: reinit
01-08 05:46:13.793     0     0 I init    : Service 'logd-reinit' (pid 474) exited with status 0
01-08 05:46:13.800     0     0 I adsp-loader soc: qcom,msm-adsp-loader: adsp_loader_do: scheduling work to load ADSP fw
01-08 05:46:13.809     0     0 E init    : Unable to open '/sys/kernel/boot_cdsp/boot': No such file or directory
01-08 05:46:13.817     0     0 I sensors-ssc soc: qcom,msm-ssc-sensors: slpi_loader_do: scheduling work to load SLPI fw
01-08 05:46:13.825     0     0 E sensors-ssc soc: qcom,msm-ssc-sensors: slpi_load_fw: pil get failed,
01-08 05:46:13.832     0     0 E sensors-ssc soc: qcom,msm-ssc-sensors: slpi_load_fw: SLPI image loading failed
01-08 05:46:13.841     0     0 I init    : starting service 'exec 3 (/vendor/bin/init.qcom.early_boot.sh)'...
01-08 05:46:13.851     0     0 I init    : SVC_EXEC pid 475 (uid 0 gid 0+0 context u:r:qti_init_shell:s0) started; waiting...
01-08 05:46:14.026     0     0 I ueventd : firmware: loading 'adsp.mdt' for '/devices/soc/c200000.qcom,lpass/firmware/adsp.mdt'
01-08 05:46:14.040     0     0 I ueventd : loading /devices/soc/c200000.qcom,lpass/firmware/adsp.mdt took 13ms
01-08 05:46:14.040     0     0 I subsys-pil-tz c200000.qcom,lpass: adsp: loading from 0x000000008d600000 to 0x000000008e700000
01-08 05:46:14.065     0     0 I ueventd : firmware: loading 'adsp.b02' for '/devices/soc/c200000.qcom,lpass/firmware/adsp.b02'
01-08 05:46:14.076     0     0 I ueventd : loading /devices/soc/c200000.qcom,lpass/firmware/adsp.b02 took 10ms
01-08 05:46:14.077     0     0 I ueventd : firmware: loading 'adsp.b03' for '/devices/soc/c200000.qcom,lpass/firmware/adsp.b03'
01-08 05:46:14.091     0     0 I ueventd : loading /devices/soc/c200000.qcom,lpass/firmware/adsp.b03 took 14ms
01-08 05:46:14.093     0     0 I ueventd : firmware: loading 'adsp.b04' for '/devices/soc/c200000.qcom,lpass/firmware/adsp.b04'
01-08 05:46:14.214     0     0 I ueventd : loading /devices/soc/c200000.qcom,lpass/firmware/adsp.b04 took 121ms
01-08 05:46:14.216     0     0 I ueventd : firmware: loading 'adsp.b05' for '/devices/soc/c200000.qcom,lpass/firmware/adsp.b05'
01-08 05:46:14.229     0     0 I ueventd : loading /devices/soc/c200000.qcom,lpass/firmware/adsp.b05 took 13ms
01-08 05:46:14.235     0     0 I ueventd : firmware: loading 'adsp.b06' for '/devices/soc/c200000.qcom,lpass/firmware/adsp.b06'
01-08 05:46:14.240     0     0 I ueventd : loading /devices/soc/c200000.qcom,lpass/firmware/adsp.b06 took 5ms
01-08 05:46:14.241     0     0 I ueventd : firmware: loading 'adsp.b07' for '/devices/soc/c200000.qcom,lpass/firmware/adsp.b07'
01-08 05:46:14.257     0     0 I ueventd : loading /devices/soc/c200000.qcom,lpass/firmware/adsp.b07 took 16ms
01-08 05:46:14.259     0     0 I ueventd : firmware: loading 'adsp.b08' for '/devices/soc/c200000.qcom,lpass/firmware/adsp.b08'
01-08 05:46:14.268     0     0 I ueventd : loading /devices/soc/c200000.qcom,lpass/firmware/adsp.b08 took 8ms
01-08 05:46:14.269     0     0 I ueventd : firmware: loading 'adsp.b09' for '/devices/soc/c200000.qcom,lpass/firmware/adsp.b09'
01-08 05:46:14.275     0     0 I ueventd : loading /devices/soc/c200000.qcom,lpass/firmware/adsp.b09 took 6ms
01-08 05:46:14.276     0     0 I ueventd : firmware: loading 'adsp.b10' for '/devices/soc/c200000.qcom,lpass/firmware/adsp.b10'
01-08 05:46:14.301     0     0 I ueventd : loading /devices/soc/c200000.qcom,lpass/firmware/adsp.b10 took 25ms
01-08 05:46:14.303     0     0 I ueventd : firmware: loading 'adsp.b11' for '/devices/soc/c200000.qcom,lpass/firmware/adsp.b11'
01-08 05:46:14.309     0     0 I ueventd : loading /devices/soc/c200000.qcom,lpass/firmware/adsp.b11 took 6ms
01-08 05:46:14.312     0     0 I ueventd : firmware: loading 'adsp.b12' for '/devices/soc/c200000.qcom,lpass/firmware/adsp.b12'
01-08 05:46:14.320     0     0 I ueventd : loading /devices/soc/c200000.qcom,lpass/firmware/adsp.b12 took 8ms
01-08 05:46:14.322     0     0 I ueventd : firmware: loading 'adsp.b13' for '/devices/soc/c200000.qcom,lpass/firmware/adsp.b13'
01-08 05:46:14.331     0     0 I ueventd : loading /devices/soc/c200000.qcom,lpass/firmware/adsp.b13 took 9ms
01-08 05:46:14.501     0     0 I subsys-pil-tz c200000.qcom,lpass: adsp: Brought out of reset
01-08 05:46:14.537     0     0 I subsys-pil-tz c200000.qcom,lpass: adsp: Power/Clock ready interrupt received
01-08 05:46:14.537     0     0 I subsys-pil-tz c200000.qcom,lpass: Subsystem error monitoring/handling services are up
01-08 05:46:14.539     0     0 E diag    : In diag_send_feature_mask_update, control channel is not open, p: 1, 0000000000000000
01-08 05:46:14.562     0     0 E L-Notify: Generel: 7
01-08 05:46:14.572     0     0 I msm8952-asoc-wcd c051000.sound: default codec configured
01-08 05:46:14.582     0     0 E msm8952-asoc-wcd c051000.sound: ASoC: platform (null) not registered
01-08 05:46:14.588     0     0 E msm8952-asoc-wcd c051000.sound: snd_soc_register_card failed (-517)
01-08 05:46:14.609     0     0 I apr_tal : Q6 Is Up
01-08 05:46:14.631     0     0 I msm8952-asoc-wcd c051000.sound: default codec configured
01-08 05:46:14.648     0     0 E wcd-spmi-core msm8x16_wcd_codec-11: Error: regulator not found:cdc-vdd-spkdrv
01-08 05:46:14.657     0     0 I sysmon-qmi: sysmon_clnt_svc_arrive: Connection established between QMI handle and adsp's SSCTL service
01-08 05:46:14.685     0     0 W msm-pcm-routing soc: qcom,msm-pcm-routing: ASoC: no dapm match for MM_DL5 --> MultiMedia5 --> TERT_MI2S_RX Audio Mixer
01-08 05:46:14.695     0     0 E msm-pcm-routing soc: qcom,msm-pcm-routing: ASoC: Failed to add route MM_DL5 -> MultiMedia5 -> TERT_MI2S_RX Audio Mixer
01-08 05:46:14.707     0     0 W msm-pcm-routing soc: qcom,msm-pcm-routing: ASoC: no dapm match for MM_DL8 --> MultiMedia8 --> TERT_MI2S_RX Audio Mixer
01-08 05:46:14.718     0     0 E msm-pcm-routing soc: qcom,msm-pcm-routing: ASoC: Failed to add route MM_DL8 -> MultiMedia8 -> TERT_MI2S_RX Audio Mixer
01-08 05:46:14.732     0     0 W msm-pcm-routing soc: qcom,msm-pcm-routing: ASoC: no dapm match for INT_FM_TX --> INTERNAL_FM_TX --> SEC_MI2S_RX Port Mixer
01-08 05:46:14.743     0     0 E msm-pcm-routing soc: qcom,msm-pcm-routing: ASoC: Failed to add route INT_FM_TX -> INTERNAL_FM_TX -> SEC_MI2S_RX Port Mixer
01-08 05:46:14.807     0     0 E msm-pcm-routing soc: qcom,msm-pcm-routing: ASoC: no sink widget found for MM_UL28
01-08 05:46:14.814     0     0 E msm-pcm-routing soc: qcom,msm-pcm-routing: ASoC: Failed to add route MultiMedia28 Mixer -> direct -> MM_UL28
01-08 05:46:14.825     0     0 E msm-pcm-routing soc: qcom,msm-pcm-routing: ASoC: no sink widget found for MM_UL29
01-08 05:46:14.833     0     0 E msm-pcm-routing soc: qcom,msm-pcm-routing: ASoC: Failed to add route MultiMedia29 Mixer -> direct -> MM_UL29
01-08 05:46:14.865     0     0 E msm-pcm-routing soc: qcom,msm-pcm-routing: ASoC: no sink widget found for AUDIO_REF_EC_UL28 MUX
01-08 05:46:14.874     0     0 E msm-pcm-routing soc: qcom,msm-pcm-routing: ASoC: Failed to add route PRI_MI2S_TX -> PRI_MI2S_TX -> AUDIO_REF_EC_UL28 MUX
01-08 05:46:14.886     0     0 E msm-pcm-routing soc: qcom,msm-pcm-routing: ASoC: no sink widget found for AUDIO_REF_EC_UL28 MUX
01-08 05:46:14.895     0     0 E msm-pcm-routing soc: qcom,msm-pcm-routing: ASoC: Failed to add route SEC_MI2S_TX -> SEC_MI2S_TX -> AUDIO_REF_EC_UL28 MUX
01-08 05:46:14.907     0     0 E msm-pcm-routing soc: qcom,msm-pcm-routing: ASoC: no sink widget found for AUDIO_REF_EC_UL28 MUX
01-08 05:46:14.916     0     0 E msm-pcm-routing soc: qcom,msm-pcm-routing: ASoC: Failed to add route TERT_MI2S_TX -> TERT_MI2S_TX -> AUDIO_REF_EC_UL28 MUX
01-08 05:46:14.929     0     0 E msm-pcm-routing soc: qcom,msm-pcm-routing: ASoC: no sink widget found for AUDIO_REF_EC_UL28 MUX
01-08 05:46:14.938     0     0 E msm-pcm-routing soc: qcom,msm-pcm-routing: ASoC: Failed to add route QUAT_MI2S_TX -> QUAT_MI2S_TX -> AUDIO_REF_EC_UL28 MUX
01-08 05:46:14.950     0     0 E msm-pcm-routing soc: qcom,msm-pcm-routing: ASoC: no sink widget found for AUDIO_REF_EC_UL29 MUX
01-08 05:46:14.960     0     0 E msm-pcm-routing soc: qcom,msm-pcm-routing: ASoC: Failed to add route PRI_MI2S_TX -> PRI_MI2S_TX -> AUDIO_REF_EC_UL29 MUX
01-08 05:46:14.972     0     0 E msm-pcm-routing soc: qcom,msm-pcm-routing: ASoC: no sink widget found for AUDIO_REF_EC_UL29 MUX
01-08 05:46:14.981     0     0 E msm-pcm-routing soc: qcom,msm-pcm-routing: ASoC: Failed to add route SEC_MI2S_TX -> SEC_MI2S_TX -> AUDIO_REF_EC_UL29 MUX
01-08 05:46:14.993     0     0 E msm-pcm-routing soc: qcom,msm-pcm-routing: ASoC: no sink widget found for AUDIO_REF_EC_UL29 MUX
01-08 05:46:15.003     0     0 E msm-pcm-routing soc: qcom,msm-pcm-routing: ASoC: Failed to add route TERT_MI2S_TX -> TERT_MI2S_TX -> AUDIO_REF_EC_UL29 MUX
01-08 05:46:15.015     0     0 E msm-pcm-routing soc: qcom,msm-pcm-routing: ASoC: no sink widget found for AUDIO_REF_EC_UL29 MUX
01-08 05:46:15.024     0     0 E msm-pcm-routing soc: qcom,msm-pcm-routing: ASoC: Failed to add route QUAT_MI2S_TX -> QUAT_MI2S_TX -> AUDIO_REF_EC_UL29 MUX
01-08 05:46:15.037     0     0 E msm-pcm-routing soc: qcom,msm-pcm-routing: ASoC: no source widget found for AUDIO_REF_EC_UL3 MUX
01-08 05:46:15.046     0     0 E msm-pcm-routing soc: qcom,msm-pcm-routing: ASoC: Failed to add route AUDIO_REF_EC_UL3 MUX -> direct -> MM_UL3
01-08 05:46:15.058     0     0 E msm-pcm-routing soc: qcom,msm-pcm-routing: ASoC: no source widget found for AUDIO_REF_EC_UL28 MUX
01-08 05:46:15.067     0     0 E msm-pcm-routing soc: qcom,msm-pcm-routing: ASoC: Failed to add route AUDIO_REF_EC_UL28 MUX -> direct -> MM_UL28
01-08 05:46:15.078     0     0 E msm-pcm-routing soc: qcom,msm-pcm-routing: ASoC: no source widget found for AUDIO_REF_EC_UL29 MUX
01-08 05:46:15.087     0     0 E msm-pcm-routing soc: qcom,msm-pcm-routing: ASoC: Failed to add route AUDIO_REF_EC_UL29 MUX -> direct -> MM_UL29
01-08 05:46:15.123     0     0 I init    : Service 'exec 3 (/vendor/bin/init.qcom.early_boot.sh)' (pid 475) exited with status 0 waiting took 1.282000 seconds
01-08 05:46:15.131     0     0 W msm-pcm-routing soc: qcom,msm-pcm-routing: ASoC: no dapm match for SEC_MI2S_TX --> SEC_MI2S_TX --> SLIMBUS_0_RX Port Mixer
01-08 05:46:15.131     0     0 E msm-pcm-routing soc: qcom,msm-pcm-routing: ASoC: Failed to add route SEC_MI2S_TX -> SEC_MI2S_TX -> SLIMBUS_0_RX Port Mixer
01-08 05:46:15.134     0     0 W msm-pcm-routing soc: qcom,msm-pcm-routing: ASoC: no dapm match for VOICE2_STUB_DL --> Voice2 Stub --> INTERNAL_BT_SCO_RX_Voice Mixer
01-08 05:46:15.134     0     0 E msm-pcm-routing soc: qcom,msm-pcm-routing: ASoC: Failed to add route VOICE2_STUB_DL -> Voice2 Stub -> INTERNAL_BT_SCO_RX_Voice Mixer
01-08 05:46:15.141     0     0 E msm-pcm-routing soc: qcom,msm-pcm-routing: ASoC: no sink widget found for SENARY_MI2S_TX
01-08 05:46:15.141     0     0 E msm-pcm-routing soc: qcom,msm-pcm-routing: ASoC: Failed to add route BE_IN -> direct -> SENARY_MI2S_TX
01-08 05:46:15.204     0     0 I init    : processing action (early-boot) from (/system/etc/init/installd.rc:5)
01-08 05:46:15.242     0     0 I init    : processing action (boot) from (/init.rc:554)
01-08 05:46:15.261     0     0 I init    : starting service 'hidl_memory'...
01-08 05:46:15.268     0     0 I init    : starting service 'audio-hal-2-0'...
01-08 05:46:15.276     0     0 I init    : starting service 'bluetooth-1-0'...
01-08 05:46:15.283     0     0 I init    : starting service 'camera-provider-2-4'...
01-08 05:46:15.289     0     0 E init    : couldn't write 561 to /dev/cpuset/camera-daemon/tasks: No such file or directory
01-08 05:46:15.291     0     0 I init    : starting service 'cas-hal-1-0'...
01-08 05:46:15.295     0     0 I init    : starting service 'configstore-hal-1-0'...
01-08 05:46:15.298     0     0 I init    : starting service 'drm-hal-1-0'...
01-08 05:46:15.302     0     0 I init    : starting service 'drm-widevine-hal-1-0'...
01-08 05:46:15.305     0     0 I init    : starting service 'gralloc-2-0'...
01-08 05:46:15.309     0     0 I init    : starting service 'hwcomposer-2-1'...
01-08 05:46:15.313     0     0 I init    : starting service 'health-hal-1-0'...
01-08 05:46:15.317     0     0 I init    : starting service 'light-hal-2-0'...
01-08 05:46:15.321     0     0 I init    : starting service 'memtrack-hal-1-0'...
01-08 05:46:15.324     0     0 I init    : starting service 'power-hal-1-0'...
01-08 05:46:15.328     0     0 I init    : starting service 'sensors-hal-1-0'...
01-08 05:46:15.331     0     0 I init    : starting service 'thermal-hal-1-0'...
01-08 05:46:15.335     0     0 I init    : starting service 'vibrator-1-0'...
01-08 05:46:15.338     0     0 I init    : starting service 'wifi_hal_legacy'...
01-08 05:46:15.342     0     0 I init    : starting service 'display-color-hal-1-0'...
01-08 05:46:15.346     0     0 I init    : starting service 'qti_esepowermanager_service'...
01-08 05:46:15.350     0     0 I init    : starting service 'alarm-hal-1-0'...
01-08 05:46:15.353     0     0 E init    : service factory-hal-1-0 does not have a SELinux domain defined
01-08 05:46:15.354     0     0 I init    : starting service 'perf-hal-1-0'...
01-08 05:46:15.358     0     0 I init    : starting service 'qdutils_disp-1-0'...
01-08 05:46:15.362     0     0 I init    : starting service 'qteeconnector-hal-1-0'...
01-08 05:46:15.365     0     0 I init    : starting service 'tui_comm-1-0'...
01-08 05:46:15.367     0     0 I init    : Command 'class_start hal' action=boot (/init.rc:654) returned 0 took 111ms.
01-08 05:46:15.368     0     0 I init    : starting service 'healthd'...
01-08 05:46:15.371     0     0 I init    : starting service 'qcom-c_core-sh'...
01-08 05:46:15.375     0     0 I init    : starting service 'irsc_util'...
01-08 05:46:15.378     0     0 I init    : starting service 'rmt_storage'...
01-08 05:46:15.382     0     0 I init    : starting service 'tftp_server'...
01-08 05:46:15.385     0     0 I init    : starting service 'sensor-sh'...
01-08 05:46:15.389     0     0 E init    : cannot find '/system/vendor/bin/esepmdaemon', disabling 'esepmdaemon': No such file or directory
01-08 05:46:15.390     0     0 I init    : starting service 'qseecomd'...
01-08 05:46:15.393     0     0 I init    : starting service 'per_mgr'...
01-08 05:46:15.396     0     0 I init    : starting service 'smartd'...
01-08 05:46:15.399     0     0 I init    : starting service 'cs-early-boot'...
01-08 05:46:15.400     0     0 I init    : Created socket '/dev/socket/smartd', mode 660, user 1000, group 1000
01-08 05:46:15.403     0     0 I init    : starting service 'lmkd'...
01-08 05:46:15.406     0     0 I init    : starting service 'surfaceflinger'...
01-08 05:46:15.406     0     0 I init    : Created socket '/dev/socket/lmkd', mode 660, user 1000, group 1000
01-08 05:46:15.410     0     0 I init    : starting service 'thermalservice'...
01-08 05:46:15.410     0     0 E init    : Failed to bind socket 'pdx/system/vr/display/client': No such file or directory
01-08 05:46:15.411     0     0 E init    : Failed to bind socket 'pdx/system/vr/display/manager': No such file or directory
01-08 05:46:15.412     0     0 E init    : Failed to bind socket 'pdx/system/vr/display/vsync': No such file or directory
01-08 05:46:15.412     0     0 I init    : processing action (boot) from (/init.usb.rc:25)
01-08 05:46:15.412     0     0 I init    : processing action (persist.sys.usb.config=* && boot) from (/init.usb.rc:106)
01-08 05:46:15.412     0     0 I init    : processing action (boot) from (/vendor/etc/init/hw/init.qcom.rc:68)
01-08 05:46:15.439     0     0 E init    : insmod: open("/vendor/lib/modules/msm_11ad_proxy.ko") failed: No such file or directory
01-08 05:46:15.439     0     0 I init    : processing action (boot) from (/vendor/etc/init/hw/init.qcom.usb.rc:51)
01-08 05:46:15.443     0     0 E init    : Unable to open '/config/usb_gadget/g1/bcdUSB': No such file or directory
01-08 05:46:15.443     0     0 E init    : Unable to open '/config/usb_gadget/g1/os_desc/use': No such file or directory
01-08 05:46:15.443     0     0 E init    : Unable to open '/config/usb_gadget/g1/strings/0x409/serialnumber': No such file or directory
01-08 05:46:15.443     0     0 E init    : Unable to open '/config/usb_gadget/g1/strings/0x409/manufacturer': No such file or directory
01-08 05:46:15.443     0     0 E init    : Unable to open '/config/usb_gadget/g1/strings/0x409/product': No such file or directory
01-08 05:46:15.453     0     0 E init    : Unable to open '/config/usb_gadget/g1/os_desc/b_vendor_code': No such file or directory
01-08 05:46:15.453     0     0 E init    : Unable to open '/config/usb_gadget/g1/os_desc/qw_sign': No such file or directory
01-08 05:46:15.454     0     0 D SELinux : initialized (dev functionfs, type functionfs), uses genfs_contexts
01-08 05:46:15.466     0     0 I init    : starting service 'qcom-usb-sh'...
01-08 05:46:15.469     0     0 I init    : processing action (boot) from (/vendor/etc/init/hw/init.target.rc:166)
01-08 05:46:15.486   585   585 I irsc_util: Starting irsc tool
01-08 05:46:15.486     0     0 E rmt_storage: INFO:main: Done with init now waiting for messages!
01-08 05:46:15.549     0     0 E init    : insmod: open("/system/lib/modules/adsprpc.ko") failed: No such file or directory
01-08 05:46:15.563     0     0 I init    : Command 'insmod /system/lib/modules/adsprpc.ko' action=boot (/vendor/etc/init/hw/init.target.rc:168) returned -1 took 93ms.
01-08 05:46:15.569     0     0 I init    : processing action (boot) from (/vendor/etc/init/hw/init.target.rc:333)
01-08 05:46:15.569     0     0 E init    : Unable to open '/sys/devices/soc.0/78b8000.i2c/i2c-4/4-0020/input/input0/fw_name': No such file or directory
01-08 05:46:15.580     0     0 E init    : Unable to open '/sys/devices/soc.0/78b8000.i2c/i2c-4/4-0020/input/input0/update_fw': No such file or directory
01-08 05:46:15.591     0     0 I init    : processing action (boot) from (/system/etc/init/bootstat.rc:57)
01-08 05:46:15.591     0     0 I init    : processing action (boot) from (/system/etc/init/dumpstate.rc:1)
01-08 05:46:15.591     0     0 I init    : processing action (enable_property_trigger) from (<Builtin Action>:0)
01-08 05:46:15.593     0     0 I init    : processing action (security.perf_harden=1) from (/init.rc:710)
01-08 05:46:15.593     0     0 I init    : processing action (ro.debuggable=1) from (/init.rc:738)
01-08 05:46:15.595     0     0 I init    : starting service 'console'...
01-08 05:46:15.600     0     0 I init    : processing action (vendor.rild.libpath=*) from (/vendor/etc/init/hw/init.qcom.rc:1168)
01-08 05:46:15.601     0     0 I init    : processing action (sys.usb.config=diag,serial_smd,rmnet_ipa,adb && sys.usb.configfs=0) from (/vendor/etc/init/hw/init.qcom.usb.rc:532)
01-08 05:46:15.603     0     0 E enable_store: android_usb: already disabled
01-08 05:46:15.609   585   585 I irsc_util: Num of entries:292
01-08 05:46:15.617   585   585 I irsc_util: Ending irsc tool
01-08 05:46:15.629     0     0 E init    : setpgid failed for console: Operation not permitted
01-08 05:46:15.634     0     0 I init    : starting service 'adbd'...
01-08 05:46:15.637     0     0 I init    : processing action (init.svc.surfaceflinger=running) from (/vendor/etc/init/hw/init.target.rc:254)
01-08 05:46:15.638     0     0 I init    : starting service 'ppd'...
01-08 05:46:15.641     0     0 I init    : processing action (init.svc.per_mgr=running) from (/vendor/etc/init/hw/init.target.rc:315)
01-08 05:46:15.652     0     0 I init    : Created socket '/dev/socket/adbd', mode 660, user 1000, group 1000
01-08 05:46:15.658     0     0 I init    : Created socket '/dev/socket/pps', mode 660, user 1000, group 1000
01-08 05:46:15.680     0     0 I init    : starting service 'per_proxy'...
01-08 05:46:15.700     0     0 I init    : Service 'irsc_util' (pid 585) exited with status 0
01-08 05:46:15.701     0     0 I init    : processing action (defaultcrypto) from (/system/etc/init/vdc.rc:2)
01-08 05:46:15.703     0     0 I init    : starting service 'exec 4 (/system/bin/vdc --wait cryptfs mountdefaultencrypted)'...
01-08 05:46:15.710     0     0 I init    : SVC_EXEC pid 612 (uid 0 gid 0+0 context default) started; waiting...
01-08 05:46:15.711     0     0 W healthd_msm: Error in opening batt_info.txt, fd=-1
01-08 05:46:15.731     0     0 E healthd_msm: Couldn't create file, fd=-1 errno=Permission denied
01-08 05:46:15.750     0     0 E healthd_msm: Not notifying BMS
01-08 05:46:15.757     0     0 I         : read descriptors
01-08 05:46:15.757     0     0 I         : read strings
01-08 05:46:15.763   468   472 D VoldCryptCmdListener: cryptfs mountdefaultencrypted
01-08 05:46:15.783   468   621 I Cryptfs : cryptfs_check_passwd
01-08 05:46:15.785   468   621 D         : HW based disk encryption is enabled 
01-08 05:46:15.787     0     0 W healthd : BatteryCycleCountPath not found
01-08 05:46:15.787   468   621 D Cryptfs : crypt_ftr->fs_size = 49798063
01-08 05:46:15.787   468   621 D         : HW based disk encryption is enabled 
01-08 05:46:15.787   468   621 I Cryptfs : Using scrypt with keymaster for cryptfs KDF
01-08 05:46:15.788     0     0 I init    : Service 'exec 4 (/system/bin/vdc --wait cryptfs mountdefaultencrypted)' (pid 612) exited with status 0 waiting took 0.086000 seconds
01-08 05:46:15.853     0     0 I capability: warning: `qseecomd' uses 32-bit capabilities (legacy support in use)
01-08 05:46:15.856   575   575 I android.hardware.wifi@1.0-service: Wifi Hal is booting up...
01-08 05:46:15.866     0     0 E healthd_msm: Error in opening batt_info.txt, fd=-1
01-08 05:46:15.886     0     0 E scm_call failed: func id 0x72000206, ret: -1, syscall returns: 0x0, 0x0, 0x0
--------- beginning of events
01-08 05:46:15.889   590   590 I auditd  : type=1400 audit(0.0:3): avc: denied { net_raw } for comm="pm-service" capability=13 scontext=u:r:per_mgr:s0 tcontext=u:r:per_mgr:s0 tclass=capability permissive=1
01-08 05:46:15.917     0     0 I chatty  : uid=0(root) logd identical 1 line
01-08 05:46:15.928     0     0 E scm_call failed: func id 0x72000206, ret: -1, syscall returns: 0x0, 0x0, 0x0
01-08 05:46:15.934     0     0 I init    : starting service 'sensors'...
01-08 05:46:15.943     0     0 E scm_call failed: func id 0x72000206, ret: -1, syscall returns: 0x0, 0x0, 0x0
01-08 05:46:15.952     0     0 I init    : Service 'sensor-sh' (pid 588) exited with status 0
01-08 05:46:15.967     0     0 E scm_call failed: func id 0x72000206, ret: -1, syscall returns: 0x0, 0x0, 0x0
01-08 05:46:15.983     0     0 I chatty  : uid=0(root) logd identical 1 line
01-08 05:46:15.999   630   656 I QISL    : QSEE Interrupt Service Listener Thread is started
01-08 05:46:16.009   653   653 I auditd  : type=1400 audit(0.0:4): avc: denied { open } for comm="getprop" path="/dev/__properties__/u:object_r:charge_prop:s0" dev="tmpfs" ino=15568 scontext=u:r:qti_init_shell:s0 tcontext=u:object_r:charge_prop:s0 tclass=file permissive=1
01-08 05:46:16.009   653   653 I auditd  : type=1400 audit(0.0:5): avc: denied { getattr } for comm="getprop" path="/dev/__properties__/u:object_r:charge_prop:s0" dev="tmpfs" ino=15568 scontext=u:r:qti_init_shell:s0 tcontext=u:object_r:charge_prop:s0 tclass=file permissive=1
01-08 05:46:16.013     0     0 E scm_call failed: func id 0x72000206, ret: -1, syscall returns: 0x0, 0x0, 0x0
01-08 05:46:16.018     0     0 W msm-pcm-routing soc: qcom,msm-pcm-routing: ASoC: Failed to create SEC_MI2S_RX Port Mixer debugfs file
01-08 05:46:16.023   630   656 I QISL    : QSEE Interrupt Service Listener was activated successfully
01-08 05:46:16.024     0     0 I ueventd : firmware: loading 'a530_pm4.fw' for '/devices/soc/1c00000.qcom,kgsl-3d0/kgsl/kgsl-3d0/a530_pm4.fw'
01-08 05:46:16.030     0     0 I ueventd : loading /devices/soc/1c00000.qcom,kgsl-3d0/kgsl/kgsl-3d0/a530_pm4.fw took 6ms
01-08 05:46:16.039     0     0 E scm_call failed: func id 0x72000206, ret: -1, syscall returns: 0x0, 0x0, 0x0
01-08 05:46:16.043     0     0 E selinux : SELinux: Could not set context for /sys/devices/soc/1c00000.qcom,kgsl-3d0/kgsl/kgsl-3d0/a530_pm4.fw/power/runtime_suspended_time:  No such file or directory
01-08 05:46:16.043     0     0 E selinux : SELinux: Could not set context for /sys/devices/soc/1c00000.qcom,kgsl-3d0/kgsl/kgsl-3d0/a530_pm4.fw/loading:  No such file or directory
01-08 05:46:16.043     0     0 E selinux : SELinux: Could not set context for /sys/devices/soc/1c00000.qcom,kgsl-3d0/kgsl/kgsl-3d0/a530_pm4.fw/device:  No such file or directory
01-08 05:46:16.044     0     0 E selinux : SELinux: Could not set context for /sys/devices/soc/1c00000.qcom,kgsl-3d0/kgsl/kgsl-3d0/a530_pm4.fw/subsystem:  No such file or directory
01-08 05:46:16.044     0     0 E selinux : SELinux: Could not set context for /sys/devices/soc/1c00000.qcom,kgsl-3d0/kgsl/kgsl-3d0/a530_pm4.fw/uevent:  No such file or directory
01-08 05:46:16.044     0     0 E ueventd : selinux_android_restorecon(/sys/devices/soc/1c00000.qcom,kgsl-3d0/kgsl/kgsl-3d0/a530_pm4.fw) failed: Success
01-08 05:46:16.045     0     0 I ueventd : firmware: loading 'a530_pfp.fw' for '/devices/soc/1c00000.qcom,kgsl-3d0/kgsl/kgsl-3d0/a530_pfp.fw'
01-08 05:46:16.055     0     0 I init    : Service 'qcom-c_core-sh' (pid 584) exited with status 0
01-08 05:46:16.129   596   596 I auditd  : type=1400 audit(0.0:6): avc: denied { write } for comm="init.qcom.usb.s" name="download_mode" dev="sysfs" ino=16953 scontext=u:r:qti_init_shell:s0 tcontext=u:object_r:sysfs:s0 tclass=file permissive=1
01-08 05:46:16.137     0     0 I android_work: android_work: sent uevent USB_STATE=CONNECTED
01-08 05:46:16.138     0     0 I ueventd : loading /devices/soc/1c00000.qcom,kgsl-3d0/kgsl/kgsl-3d0/a530_pfp.fw took 92ms
