01-08 05:46:34.067     0     0 E init    : cannot execve('/system/etc/init.qcom.testscripts.sh'): Permission denied
01-08 05:46:34.068     0     0 I init    : starting service 'vendor-qti-testscripts'...
01-08 05:46:34.071     0     0 I init    : processing action (sys.boot_completed=1 && sys.logbootcomplete=1) from (/system/etc/init/bootstat.rc:66)
01-08 05:46:34.072     0     0 I init    : starting service 'exec 8 (/system/bin/bootstat --record_boot_complete)'...
01-08 05:46:34.074     0     0 I         : irq 6, desc: ffffffc0a801e480, depth: 0, count: 0, unhandled: 0
01-08 05:46:34.074     0     0 I ->handle_irq(): ffffffc000383c3c, msm_gpio_irq_handler+0x0/0x17c
01-08 05:46:34.074     0     0 I ->irq_data.chip(): ffffffc0018b3da0, gic_chip+0x0/0xe8
01-08 05:46:34.074     0     0 I ->action(): (null)
01-08 05:46:34.074     0     0 I         : IRQ_NOPROBE set
01-08 05:46:34.074     0     0 I         : IRQ_NOREQUEST set
01-08 05:46:34.074     0     0 I         : IRQ_NOTHREAD set
01-08 05:46:34.075     0     0 I init    : SVC_EXEC pid 2793 (uid 1000 gid 1007+0 context default) started; waiting...
01-08 05:46:34.103     0     0 I init    : Service 'vendor-qti-testscripts' (pid 2792) exited with status 0
01-08 05:46:34.106     0     0 I init    : Service 'exec 8 (/system/bin/bootstat --record_boot_complete)' (pid 2793) exited with status 0 waiting took 0.034000 seconds
01-08 05:46:34.107     0     0 I init    : starting service 'exec 9 (/system/bin/bootstat --record_boot_reason)'...
01-08 05:46:34.111     0     0 I init    : SVC_EXEC pid 2796 (uid 1000 gid 1007+0 context default) started; waiting...
01-08 05:46:34.135     0     0 I init    : Service 'exec 9 (/system/bin/bootstat --record_boot_reason)' (pid 2796) exited with status 0 waiting took 0.028000 seconds
01-08 05:46:34.136     0     0 I init    : starting service 'exec 10 (/system/bin/bootstat --record_time_since_factory_reset)'...
01-08 05:46:34.138     0     0 I init    : SVC_EXEC pid 2798 (uid 1000 gid 1007+0 context default) started; waiting...
01-08 05:46:34.164     0     0 I init    : Service 'exec 10 (/system/bin/bootstat --record_time_since_factory_reset)' (pid 2798) exited with status 0 waiting took 0.028000 seconds
01-08 05:46:34.166     0     0 I init    : starting service 'exec 11 (/system/bin/bootstat -l)'...
01-08 05:46:34.168     0     0 I init    : SVC_EXEC pid 2801 (uid 1000 gid 1007+0 context default) started; waiting...
01-08 05:46:34.193     0     0 I init    : Service 'exec 11 (/system/bin/bootstat -l)' (pid 2801) exited with status 0 waiting took 0.027000 seconds
01-08 05:46:34.193     0     0 I init    : processing action (sys.boot_completed=1 && sys.wifitracing.started=0) from (/system/etc/init/wifi-events.rc:20)
01-08 05:46:34.218     0     0 I msm_thermal: store_cc_enabled Core control disabled
01-08 05:46:34.322     0     0 I msm_thermal: store_cc_enabled Core control enabled
01-08 05:46:34.464     0     0 I init    : Command 'mkdir /sys/kernel/debug/tracing/instances/wifi 711' action=sys.boot_completed=1 && sys.wifitracing.started=0 (/system/etc/init/wifi-events.rc:22) returned 0 took 270ms.
01-08 05:46:34.464     0     0 I init    : Service 'cs-post-boot' (pid 2790) exited with status 0
01-08 05:46:34.624     0     0 I zram    : Cannot initialise lz4
01-08 05:46:34.624     0     0 I         : compressing backend
01-08 05:46:34.685     0     0 E         : Unable to find swap-space signature
01-08 05:46:35.142     0     0 E kgsl-3d 1c00000.qcom,kgsl-3d0: dev_pm_opp_get_opp_count: device OPP not found (-19)
01-08 05:46:35.151     0     0 E devbw soc: qcom,gpubw: dev_pm_opp_get_opp_count: device OPP not found (-19)
01-08 05:46:35.180     0     0 E devbw soc: qcom,cpubw: dev_pm_opp_get_opp_count: device OPP not found (-19)
01-08 05:46:35.597     0     0 I init    : Service 'qcom-post-boot' (pid 2789) exited with status 0
01-08 05:46:35.836     0     0 E         : [NVT-ts] nvt_ts_suspend 1527: start
01-08 05:46:35.837     0     0 E         : [NVT-ts] nvt_ts_suspend 1544: Enabled touch wakeup gesture
01-08 05:46:35.895     0     0 E         : [NVT-ts] nvt_ts_suspend 1572: end
01-08 05:46:36.448    14    14 E         : [14:52:49.093580] [000000002FB1B3B4] [wpa_s]  wlan: [E :HDD] wlan_hdd_cfg80211_set_ie Set UNKNOWN IE 3B
01-08 05:46:36.451    14    14 E         : [14:52:49.096016] [000000002FB26A70] [VosMC]  wlan: [E :PE ] __limProcessSmeJoinReq: 1872: DUT is trying to connect to Cisco AP
01-08 05:46:36.480    14    14 E         : [14:52:49.125707] [000000002FBB1D3A] [VosMC]  wlan: [E :PE ] limProcessSwitchChannelRsp: 4151: channelChangeReasonCode 1 status 0
01-08 05:46:36.602    14    14 E         : [14:52:49.247671] [000000002FDED88D] [VosMC]  wlan: [E :HDD] hdd_get_interface_info: Session ID 0, Connection is in progress
01-08 05:46:36.886    14    14 E         : [14:52:49.531586] [0000000030320626] [VosMC]  wlan: [E :HDD] 00:0a:f5:a2:3b:30 connected to 00:35:1a:36:14:9f
01-08 05:46:36.887    14    14 E         : [14:52:49.531762] [000000003032135F] [VosMC]  wlan: [E :HDD] wlan(60) 00:35:1a:36:14:9f Standalone
01-08 05:46:37.122     0     0 I nf_conntrack: automatic helper assignment is deprecated and it will be removed soon. Use the iptables CT target to attach helpers instead.
01-08 05:46:37.168    14    14 E         : [14:52:49.813279] [0000000030848D2A] [wpa_s]  wlan: [E :HDD] __wlan_hdd_cfg80211_firmware_roaming: 6547: attr bss id failed
01-08 05:46:37.229     0     0 E qtaguid : tag_stat: stat_update() wlan0 not found
01-08 05:46:37.229     0     0 I chatty  : uid=0(root) logd identical 1 line
01-08 05:46:37.331     0     0 E qtaguid : tag_stat: stat_update() wlan0 not found
01-08 05:46:37.632     0     0 E         : [NVT-ts] nvt_ts_resume 1593: start
01-08 05:46:37.715     0     0 E         : [NVT-ts] nvt_ts_resume 1605: end
01-08 05:46:38.197     0     0 I init    : processing action (sys.sysctl.tcp_def_init_rwnd=*) from (/init.rc:704)
01-08 05:46:38.239     0     0 E wlan    : [2265:E :DAT] dxeTXCompFrame :ARP packet DMA-ed
01-08 05:46:41.024     0     0 E         : [NVT-ts] nvt_ts_suspend 1527: start
01-08 05:46:41.024     0     0 E         : [NVT-ts] nvt_ts_suspend 1544: Enabled touch wakeup gesture
01-08 05:46:41.075     0     0 E         : [NVT-ts] nvt_ts_suspend 1572: end
01-08 05:46:42.047     0     0 E         : [NVT-ts] nvt_ts_resume 1593: start
01-08 05:46:42.136     0     0 E         : [NVT-ts] nvt_ts_resume 1605: end
01-08 05:46:43.752     0     0 E         : [NVT-ts] nvt_ts_suspend 1527: start
01-08 05:46:43.754     0     0 E         : [NVT-ts] nvt_ts_suspend 1544: Enabled touch wakeup gesture
01-08 05:46:43.805     0     0 E         : [NVT-ts] nvt_ts_suspend 1572: end
01-08 05:46:44.321     0     0 W         : Thread-2 (3077) used greatest stack depth: 10096 bytes left
01-08 05:46:46.282     0     0 E         : [NVT-ts] nvt_ts_resume 1593: start
01-08 05:46:46.365     0     0 E         : [NVT-ts] nvt_ts_resume 1605: end
01-08 05:46:47.314     0     0 I lowmemorykiller: Killing 'ndroid.settings' (2546), adj 904,
01-08 05:46:47.314     0     0 I         : to free 49244kB on behalf of 'kswapd0' (185) because
01-08 05:46:47.314     0     0 I         : cache 1260152kB is below limit 322560kB for oom_score_adj 606
01-08 05:46:47.314     0     0 I         : Free memory is 35056kB above reserved.
01-08 05:46:47.314     0     0 I         : Free CMA is 0kB
01-08 05:46:47.314     0     0 I         : Total reserve is 36920kB
01-08 05:46:47.314     0     0 I         : Total free pages is 34560kB
01-08 05:46:47.314     0     0 I         : Total file cache is 1264224kB
01-08 05:46:47.314     0     0 I         : Total zcache is 0kB
01-08 05:46:47.314     0     0 I         : GFP mask is 0xd0
01-08 05:46:47.426     0     0 W         : MediaScannerSer (3863) used greatest stack depth: 9568 bytes left
01-08 05:46:47.614     0     0 I init    : processing action (persist.sys.diagtest=1) from (/init.rc:755)
01-08 05:46:48.391    14    14 E         : [14:53:01.036131] [000000003D5C7F07] [VosMC]  wlan: [E :PE ] limProcessDisassocFrame: 142: Received Disassoc frame for Addr: 00:0a:f5:a2:3b:30(mlm state=eLIM_MLM_LINK_ESTABLISHED_STATE, sme state=12),with reason code 1 from 00:35:1a:36:14:9f
01-08 05:46:48.391    14    14 E         : [14:53:01.036443] [000000003D5C9673] [VosMC]  wlan: [E :SME] csrRoamCheckForLinkStatusChange: 10090: DISASSOCIATION Indication from MAC for session 0
01-08 05:46:48.391    14    14 E         : [14:53:01.036465] [000000003D5C981C] [VosMC]  wlan: [E :SME] csrRoamCheckForLinkStatusChange: 10093: DISASSOCIATION from peer =00:35:1a:36:14:9f  reason = 1 status = 576
01-08 05:46:48.418    14    14 E         : [14:53:01.063509] [000000003D648469] [VosMC]  wlan: [E :HDD] wlan: disconnected
01-08 05:46:48.418    14    14 E         : [14:53:01.063540] [000000003D6486B8] [VosMC]  wlan: [E :HDD] wlan(0) 00:00:00:00:00:00 Standalone
01-08 05:46:48.752    14    14 E         : [14:53:01.396934] [000000003DC63342] [wpa_s]  wlan: [E :HDD] wlan_hdd_cfg80211_set_ie Set UNKNOWN IE 3B
01-08 05:46:48.755    14    14 E         : [14:53:01.400629] [000000003DC74864] [VosMC]  wlan: [E :PE ] __limProcessSmeJoinReq: 1872: DUT is trying to connect to Cisco AP
01-08 05:46:48.786    14    14 E         : [14:53:01.431200] [000000003DD03D2F] [VosMC]  wlan: [E :PE ] limProcessSwitchChannelRsp: 4151: channelChangeReasonCode 1 status 0
01-08 05:46:49.325    14    14 E         : [14:53:01.970397] [000000003E6E350F] [VosMC]  wlan: [E :PE ] limProcessAuthFailureTimeout: 4530: received AUTH failure timeout in sessionid 0 limMlmstate 7 limSmeState 5
01-08 05:46:49.326    14    14 E         : [14:53:01.970758] [000000003E6E5028] [VosMC]  wlan: [E :PE ] limProcessMlmAuthCnf: 633: Auth Failure occurred.
01-08 05:46:49.345    14    14 E         : [14:53:01.990436] [000000003E7413DF] [VosMC]  wlan: [E :HDD] wlan: connection failed with 00:35:1a:36:14:9f result:3 and Status:7
01-08 05:46:49.346    14    14 E         : [14:53:01.991696] [000000003E74726D] [VosMC]  wlan: [E :PE ] __limProcessSmeJoinReq: 1872: DUT is trying to connect to Cisco AP
01-08 05:46:49.376    14    14 E         : [14:53:02.021172] [000000003E7D151D] [VosMC]  wlan: [E :PE ] limProcessSwitchChannelRsp: 4151: channelChangeReasonCode 1 status 0
01-08 05:46:49.483    14    14 E         : [14:53:02.128385] [000000003E9C7E1E] [VosMC]  wlan: [E :HDD] 00:0a:f5:a2:3b:30 connected to 00:35:1a:1d:15:ef
01-08 05:46:49.483    14    14 E         : [14:53:02.128530] [000000003E9C88FB] [VosMC]  wlan: [E :HDD] wlan(161) 00:35:1a:1d:15:ef Standalone
01-08 05:46:49.491     0     0 E         : [NVT-ts] nvt_ts_suspend 1527: start
01-08 05:46:49.491     0     0 E         : [NVT-ts] nvt_ts_suspend 1544: Enabled touch wakeup gesture
01-08 05:46:49.536    14    14 E         : [14:53:02.180891] [000000003EABE00C] [VosMC]  wlan: [E :SME] smeProcessCommand: 962: SessionId 0:  Cannot process command(65546) while waiting for key
01-08 05:46:49.545     0     0 E         : [NVT-ts] nvt_ts_suspend 1572: end
01-08 05:46:49.615     0     0 E wlan    : [2265:E :DAT] dxeTXPushFrame :ARP packet
01-08 05:46:49.615     0     0 E wlan    : [2265:E :DAT] dxeTXCompFrame :ARP packet DMA-ed
01-08 05:46:49.667     0     0 I binder  : 3336:3605 transaction failed 29201/-28, size 5865684-8 line 3056
01-08 05:46:51.552     0     0 E         : [NVT-ts] nvt_ts_resume 1593: start
01-08 05:46:51.635     0     0 E         : [NVT-ts] nvt_ts_resume 1605: end
01-08 05:46:54.093     0     0 E         : [NVT-ts] nvt_ts_suspend 1527: start
01-08 05:46:54.094     0     0 E         : [NVT-ts] nvt_ts_suspend 1544: Enabled touch wakeup gesture
01-08 05:46:54.145     0     0 E         : [NVT-ts] nvt_ts_suspend 1572: end
01-08 05:46:54.479    14    14 E         : [14:53:07.124140] [00000000445417C1] [VosMC]  wlan: [E :PE ] limSendSmeCandidateFoundInd: 2985: posting candidate ind to SME
01-08 05:46:54.486    14    14 E         : [14:53:07.130843] [0000000044560E73] [VosMC]  wlan: [E :PE ] Switching channel to 60
01-08 05:46:54.507    14    14 E         : [14:53:07.152496] [00000000445C666E] [VosMC]  wlan: [E :PE ] limProcessSwitchChannelRsp: 4151: channelChangeReasonCode 2 status 0
01-08 05:46:55.505    14    14 E         : [14:53:08.150712] [000000004580D89C] [VosMC]  wlan: [E :PE ] Switching channel to 161
01-08 05:46:55.528    14    14 E         : [14:53:08.173377] [0000000045877C7E] [VosMC]  wlan: [E :PE ] limProcessSwitchChannelRsp: 4151: channelChangeReasonCode 2 status 0
01-08 05:46:55.536    14    14 E         : [14:53:08.181119] [000000004589C11B] [VosMC]  wlan: [E :PE ] limFTCleanup: Freeing pFTPreAuthReq= 0000000000000000
01-08 05:46:55.536    14    14 E         : [14:53:08.181169] [000000004589C4E0] [VosMC]  wlan: [E :PE ] limFTCleanup: Setting psavedsessionEntry= 0000000000000000 to NULL
01-08 05:46:55.536    14    14 E         : [14:53:08.181204] [000000004589C77C] [VosMC]  wlan: [E :SME] csrNeighborRoamPreauthRspHandler: 1202: Preauth failed retry number 1, status = 0x1
01-08 05:46:55.543    14    14 E         : [14:53:08.187840] [00000000458BB93C] [VosMC]  wlan: [E :PE ] Switching channel to 60
01-08 05:46:55.564    14    14 E         : [14:53:08.208915] [000000004591E5D3] [VosMC]  wlan: [E :PE ] limProcessSwitchChannelRsp: 4151: channelChangeReasonCode 2 status 0
01-08 05:46:55.833    14    14 E         : [14:53:08.477944] [0000000045E0B703] [wific]  wlan: [E :HDD] wlan_hdd_get_station_stats: Unable to retrieve statistics
01-08 05:46:55.857    14    14 E         : [14:53:08.501837] [0000000045E7B704] [wific]  wlan: [E :HDD] __wlan_hdd_cfg80211_scan: 14408: Scan not allowed Session 0 reason 2
01-08 05:46:56.158     0     0 E         : [NVT-ts] nvt_ts_resume 1593: start
01-08 05:46:56.246     0     0 E         : [NVT-ts] nvt_ts_resume 1605: end
01-08 05:46:56.555    14    14 E         : [14:53:09.200523] [0000000046B46877] [VosMC]  wlan: [E :PE ] Switching channel to 161
01-08 05:46:56.577    14    14 E         : [14:53:09.221878] [0000000046BAAA09] [VosMC]  wlan: [E :PE ] limProcessSwitchChannelRsp: 4151: channelChangeReasonCode 2 status 0
01-08 05:46:56.584    14    14 E         : [14:53:09.228808] [0000000046BCB1CD] [VosMC]  wlan: [E :PE ] limFTCleanup: Freeing pFTPreAuthReq= 0000000000000000
01-08 05:46:56.584    14    14 E         : [14:53:09.228838] [0000000046BCB417] [VosMC]  wlan: [E :PE ] limFTCleanup: Setting psavedsessionEntry= 0000000000000000 to NULL
01-08 05:46:56.584    14    14 E         : [14:53:09.229462] [0000000046BCE2F4] [VosMC]  wlan: [E :SME] csrNeighborRoamPreauthRspHandler: 1202: Preauth failed retry number 2, status = 0x1
01-08 05:46:56.591    14    14 E         : [14:53:09.236001] [0000000046BECD45] [VosMC]  wlan: [E :PE ] Switching channel to 60
01-08 05:46:56.612    14    14 E         : [14:53:09.257447] [0000000046C515C4] [VosMC]  wlan: [E :PE ] limProcessSwitchChannelRsp: 4151: channelChangeReasonCode 2 status 0
01-08 05:46:57.605    14    14 E         : [14:53:10.250645] [0000000047E80FC0] [VosMC]  wlan: [E :PE ] Switching channel to 161
01-08 05:46:57.627    14    14 E         : [14:53:10.271930] [0000000047EE4BFD] [VosMC]  wlan: [E :PE ] limProcessSwitchChannelRsp: 4151: channelChangeReasonCode 2 status 0
01-08 05:46:57.633    14    14 E         : [14:53:10.278425] [0000000047F0331B] [VosMC]  wlan: [E :PE ] limFTCleanup: Freeing pFTPreAuthReq= 0000000000000000
01-08 05:46:57.633    14    14 E         : [14:53:10.278460] [0000000047F035BD] [VosMC]  wlan: [E :PE ] limFTCleanup: Setting psavedsessionEntry= 0000000000000000 to NULL
01-08 05:46:57.633    14    14 E         : [14:53:10.278498] [0000000047F03888] [VosMC]  wlan: [E :SME] csrNeighborRoamPreauthRspHandler: 1202: Preauth failed retry number 3, status = 0x1
01-08 05:46:57.633    14    14 E         : [14:53:10.278514] [0000000047F039BA] [VosMC]  wlan: [E :SME] csrNeighborRoamAddBssIdToPreauthFailList: 948:  Added BSSID 00:35:1a:36:14:9f to Preauth failed list
01-08 05:46:58.683     0     0 I binder  : undelivered transaction 92684, process died.
01-08 05:46:58.933     0     0 E         : [NVT-ts] nvt_ts_suspend 1527: start
01-08 05:46:58.934     0     0 E         : [NVT-ts] nvt_ts_suspend 1544: Enabled touch wakeup gesture
01-08 05:46:58.938     0     0 E binder_alloc: 5158: binder_alloc_buf, no vma
01-08 05:46:58.938     0     0 I binder  : 1650:1832 transaction failed 29189/-3, size 116-0 line 3056
01-08 05:46:58.986     0     0 E         : [NVT-ts] nvt_ts_suspend 1572: end
01-08 05:46:59.110    14    14 E         : [14:53:11.755704] [0000000049A0FF0D] [VosMC]  wlan: [E :PE ] limSendSmeCandidateFoundInd: 2985: posting candidate ind to SME
01-08 05:46:59.127    14    14 E         : [14:53:11.772298] [0000000049A5DB94] [VosMC]  wlan: [E :PE ] Switching channel to 11
01-08 05:46:59.143    14    14 E         : [14:53:11.788131] [0000000049AA7F18] [VosMC]  wlan: [E :PE ] limProcessSwitchChannelRsp: 4151: channelChangeReasonCode 2 status 0
01-08 05:46:59.227    14    14 E         : [14:53:11.872340] [0000000049C32AB8] [wific]  wlan: [E :HDD] __wlan_hdd_cfg80211_scan: 14408: Scan not allowed Session 0 reason 2
05-04 14:52:30.961   871   871 I installd: installd firing up
05-04 14:52:31.048   840   946 I liblog  : 309
05-04 14:52:31.185   840   945 I liblog  : 448
05-04 14:52:31.268   907   907 I wificond: wificond is starting up...
05-04 14:52:31.268   907   907 I wificond: InitializeIcuOrDie...
05-04 14:52:31.328   856   856 I boot_progress_start: 17958
05-04 14:52:31.332   907   907 I wificond: InitializeIcuOrDie finished...
05-04 14:52:31.345   907   907 I wificond: wifigbk_init...
05-04 14:52:31.410   921   921 I auditd  : type=1400 audit(0.0:15): avc: denied { read } for comm="cat" name="system" dev="debugfs" ino=7169 scontext=u:r:shell:s0 tcontext=u:object_r:debugfs:s0 tclass=file permissive=1
05-04 14:52:31.410   921   921 I auditd  : type=1400 audit(0.0:16): avc: denied { open } for comm="cat" path="/sys/kernel/debug/ion/heaps/system" dev="debugfs" ino=7169 scontext=u:r:shell:s0 tcontext=u:object_r:debugfs:s0 tclass=file permissive=1
--------- beginning of radio
05-04 14:52:31.606   923   923 D RILD    : **RIL Daemon Started**
05-04 14:52:31.606   923   923 D RILD    : **RILd param count=1**
05-04 14:52:31.829   907   907 E wificond: Failed to get wiphy indices
05-04 14:52:32.067  1051  1051 D RILD    : **RIL Daemon Started**
05-04 14:52:32.067  1051  1051 D RILD    : **RILd param count=3**
05-04 14:52:32.231   923   923 D RILD    : RIL_Init argc = 5 clientId = 0
05-04 14:52:32.238   923   923 E RILQ    : log to /data/vendor/radio/ril_log for QCRIL logging is not enabled
05-04 14:52:32.320  1051  1051 D RILD    : RIL_Init argc = 5 clientId = 2
05-04 14:52:32.320  1051  1051 E RILQ    : log to /data/vendor/radio/ril_log for QCRIL logging is not enabled
05-04 14:52:32.440  1074  1074 I auditd  : type=1400 audit(0.0:17): avc: denied { read } for comm="cat" name="system" dev="debugfs" ino=7169 scontext=u:r:shell:s0 tcontext=u:object_r:debugfs:s0 tclass=file permissive=1
05-04 14:52:32.440  1074  1074 I auditd  : type=1400 audit(0.0:18): avc: denied { open } for comm="cat" path="/sys/kernel/debug/ion/heaps/system" dev="debugfs" ino=7169 scontext=u:r:shell:s0 tcontext=u:object_r:debugfs:s0 tclass=file permissive=1
05-04 14:52:32.925   923   923 I RILQ    : (0/923):RIL[0][rild] qmi_ril_qmi_client_pre_initialization_acquire: entry
05-04 14:52:32.927   923   923 I RILQ    : (0/923):RIL[0][rild] qmi_ril_qmi_client_pre_initialization_acquire: exit
05-04 14:52:32.947   923   923 I RILQ    : (0/923):RIL[0][rild] settingsd_client_start: Starting settingsd client thread
05-04 14:52:32.948   923  1147 I RILQ    : (0/923):RIL[0] main_loop_thread: main_loop_thread started
05-04 14:52:32.948   923   923 I RILQ    : (0/923):RIL[0][rild] settingsd_client_start: After starting the settingsd client thread
05-04 14:52:32.948   923  1147 V RILQ    : [settings.cc: 103] [rild(923,1147)] main_loop_thread: > main_loop_thread: Starting main Loop thread for settings client
05-04 14:52:32.948   923  1147 V libsettings: [ProtoSource.cpp: 48] [rild(923,1147)] ProtoSource: > ProtoSource: tag: /dev/socket/settingsd
05-04 14:52:32.948   923  1147 D libsettings: [MainLoop.cpp: 43] [rild(923,1147)] MainLoop: Main Loop created
05-04 14:52:32.948   923  1147 D libsettings: [MainLoop.cpp: 37] [rild(923,1147)] getThreadLoop: current main loop set: true
05-04 14:52:32.948   923  1147 D help_/dev/socket/settingsd: Command help_/dev/socket/settingsd
05-04 14:52:32.948   923  1147 V libsettings: [Command.cpp: 267] [rild(923,1147)] registerCommand: > registerCommand: help_/dev/socket/settingsd
05-04 14:52:32.948   923  1147 V libsettings: [Command.cpp: 207] [rild(923,1147)] getRegistry: > getRegistry: default
05-04 14:52:32.948   923  1147 V libsettings: [Command.cpp: 212] [rild(923,1147)] getRegistry: < getRegistry: 
05-04 14:52:32.949   923  1147 V libsettings: [Command.cpp: 232] [rild(923,1147)] doRegisterCommand: > doRegisterCommand: (default) help_/dev/socket/settingsd
05-04 14:52:32.949   923  1147 V libsettings: [Command.cpp: 234] [rild(923,1147)] doRegisterCommand: < doRegisterCommand: 
05-04 14:52:32.949   923  1147 V libsettings: [Command.cpp: 269] [rild(923,1147)] registerCommand: < registerCommand: 
05-04 14:52:32.949   923  1147 V libsettings: [Command.cpp: 207] [rild(923,1147)] getRegistry: > getRegistry: default
05-04 14:52:32.949   923  1147 V libsettings: [Command.cpp: 212] [rild(923,1147)] getRegistry: < getRegistry: 
05-04 14:52:32.949   923  1147 V libsettings: [Command.cpp: 123] [rild(923,1147)] enqueue: > enqueue: 
05-04 14:52:32.949   923  1147 D libsettings: [Command.cpp: 127] [rild(923,1147)] enqueue: enqueueing command
05-04 14:52:32.949   923  1147 D CommandEvent: 
05-04 14:52:32.949   923  1147 V libsettings: [MainLoop.cpp: 105] [rild(923,1147)] localQueueEvent: > localQueueEvent: 
05-04 14:52:32.949   923  1147 V libsettings: [MainLoop.cpp: 109] [rild(923,1147)] localQueueEvent: < localQueueEvent: 
05-04 14:52:32.949   923  1147 V libsettings: [Command.cpp: 132] [rild(923,1147)] enqueue: < enqueue: ret: 1
05-04 14:52:32.949   923  1147 V libsettings: [ProtoSource.cpp: 50] [rild(923,1147)] ProtoSource: < ProtoSource: 
05-04 14:52:32.949   923  1147 D /dev/socket/settingsd: ClientSocket ( /dev/socket/settingsd, /dev/socket/settingsd, 1, 1, 0)
05-04 14:52:32.949   923  1147 D /dev/socket/settingsd: connect: ret: -1. fd: 26. errno: 2
05-04 14:52:32.949   923  1147 E /dev/socket/settingsd: connect: connect: No such file or directory(2)
05-04 14:52:32.949   923  1147 E RILQ    : [settings.cc: 114] [rild(923,1147)] main_loop_thread: Unable to start settings client
05-04 14:52:32.949   923  1147 V RILQ    : [settings.cc: 116] [rild(923,1147)] main_loop_thread: < main_loop_thread: 
05-04 14:52:32.949   923  1147 D /dev/socket/settingsd: Closing fd 26
05-04 14:52:32.949   923  1147 V libsettings: [ProtoSource.cpp: 55] [rild(923,1147)] ~ProtoSource: > ~ProtoSource: tag: /dev/socket/settingsd
05-04 14:52:32.949   923  1147 D libsettings: [ProtoSource.cpp: 534] [rild(923,1147)] cleanup: De-registering command help_/dev/socket/settingsd
05-04 14:52:32.950   923  1147 V libsettings: [Command.cpp: 246] [rild(923,1147)] deRegisterCommand: > deRegisterCommand: help_/dev/socket/settingsd
05-04 14:52:32.950   923  1147 V libsettings: [Command.cpp: 207] [rild(923,1147)] getRegistry: > getRegistry: default
05-04 14:52:32.950   923  1147 V libsettings: [Command.cpp: 212] [rild(923,1147)] getRegistry: < getRegistry: 
05-04 14:52:32.950   923  1147 V libsettings: [Command.cpp: 239] [rild(923,1147)] doDeRegisterCommand: > doDeRegisterCommand: default(help_/dev/socket/settingsd)
05-04 14:52:32.950   923  1147 V libsettings: [Command.cpp: 241] [rild(923,1147)] doDeRegisterCommand: < doDeRegisterCommand: 
05-04 14:52:32.950   923  1147 V libsettings: [Command.cpp: 248] [rild(923,1147)] deRegisterCommand: < deRegisterCommand: 
05-04 14:52:32.950   923  1147 V libsettings: [ProtoSource.cpp: 57] [rild(923,1147)] ~ProtoSource: < ~ProtoSource: 
05-04 14:52:32.951   923   923 D RILD    : RIL_Init rilInit completed
05-04 14:52:32.951   923   923 I RILC    : SIM_COUNT: 1
05-04 14:52:32.951   923  1066 W RILC    : RIL_onUnsolicitedResponse called before RIL_register
05-04 14:52:32.951   923   923 E RILC    : RIL_register: RIL version 15
05-04 14:52:32.951   923   923 I RILC    : s_registerCalled flag set, 1
05-04 14:52:32.951   923   923 D RILC    : registerService: starting android::hardware::radio::V1_1::IRadio slot1
05-04 14:52:32.956   923   923 I RILC    : RILHIDL called registerService
05-04 14:52:32.956   923   923 D RILD    : RIL_Init RIL_register completed
05-04 14:52:32.956   923   923 D RILD    : RIL_register_socket started
05-04 14:52:32.957   923  1066 E RILQ    : (0/923): RIL[0][main] qcril_qmi_lte_direct_disc_pack_msg_tag: encoding the MsgHeader
05-04 14:52:32.957   923  1066 E RILQ    : (0/923): RIL[0][main] qcril_qmi_oem_socket_lte_direct_disc_send_unsol: qcril_qmi_oemhook_agent_send_unsol: oemhook service not registered
05-04 14:52:32.958   923   923 D RIL_UIM_SOCKET: Adding socket with id: 0
05-04 14:52:32.959   923   923 I RILC    : RIL_register_socket: calling registerService
05-04 14:52:32.959   923   923 D RIL_SAP : registerService: starting ISap slot1 for slotId 0
05-04 14:52:32.960   923   923 D RIL_SAP : registerService: started ISap slot1 status 0
05-04 14:52:32.960   923   923 D RILD    : RIL_register_socket completed
05-04 14:52:32.966   923  1066 I RILQ    : (0/923):RIL[0][main] qmi_ril_qmi_client_pre_initialization_release: entry
05-04 14:52:32.967   923  1066 I RILQ    : (0/923):RIL[0][main] qmi_ril_qmi_client_pre_initialization_release: exit
05-04 14:52:32.978   923  1066 E RILQ    : (0/923): RIL[0][main] qcril_qmi_init_core_client_handles: qcril_qmi_presence_init returned failure(-3)
05-04 14:52:33.040   955   955 I liblog  : 167
05-04 14:52:33.095   923  1066 E RILQ    : (0/923): RIL[0][main] qcril_qmi_nas_init: QCRIL_OPERATOR_NAME is persist.env.spec,  property_name is persist.env.spec. Failed to get operator name
05-04 14:52:33.171   923  1066 E RILQ    : (0/923): RIL[0][main] qcril_qmi_nas_retrieve_custom_emergency_numbers_configured_value: Invalid value for properties count 0
05-04 14:52:33.173   923  1066 E RILQ    : (0/923): RIL[0][main] qcril_qmi_oemhook_agent_send_unsol: qcril_qmi_oemhook_agent_send_unsol: oemhook service not registered
05-04 14:52:33.173   923  1066 E RILQ    : (0/923): RIL[0][main] qcril_qmi_nas_send_board_info_to_mp: manufacture_name_value: Smartron
05-04 14:52:33.173   923  1066 E RILQ    : (0/923): RIL[0][main] qcril_qmi_nas_send_board_info_to_mp: manufacture_code_value: QRD
05-04 14:52:33.173   923  1066 E RILQ    : (0/923): RIL[0][main] qcril_qmi_nas_send_board_info_to_mp: device_model_value: 8625DSDS
05-04 14:52:33.173   923  1066 E RILQ    : (0/923): RIL[0][main] qcril_qmi_nas_send_board_info_to_mp: sw_version_value: tphoneE-userdebug 8.1.0 T5911INDERD-132 132 release-keys
05-04 14:52:33.191   923  1179 I PDC_UTIL: qmi_client_init succeeds for PDC
05-04 14:52:33.204   955   955 I liblog  : 960
05-04 14:52:33.205   923  1179 E RILQ    : (0/923): RIL[0][MBN_OTA] qcril_db_sqlite3_exec: sql_stmt COMMIT
05-04 14:52:33.205   923  1179 E RILQ    : (0/923): RIL[0][MBN_OTA] qcril_db_sqlite3_exec: Operation failed 1 cannot commit - no transaction is active
05-04 14:52:33.205   923  1179 E RILQ    : (0/923): RIL[0][MBN_OTA] qcril_db_commit: stmt COMMIT
05-04 14:52:33.205   923  1179 E RILQ    : (0/923): RIL[0][MBN_OTA] qcril_db_commit: Could not commit transaction: 1
05-04 14:52:33.222   923  1066 E RILQ    : (0/923): RIL[0][main] qcril_qmi_oemhook_agent_send_unsol: qcril_qmi_oemhook_agent_send_unsol: oemhook service not registered
05-04 14:52:33.222   923  1066 E RILC    : oemHookRawInd: oemHookService[0]->mOemHookIndication == NULL
05-04 14:52:33.227   923  1066 E RILQ    : (0/923): RIL[0][main] qcril_qmi_oemhook_agent_send_unsol: qcril_qmi_oemhook_agent_send_unsol: oemhook service not registered
05-04 14:52:33.233   923  1066 E RILQ    : (0/923): RIL[0][main] qcril_qmi_init_ssr_excluded_client_handles: qmi_client_register_notify_cb 0
05-04 14:52:33.238   923  1066 E RILQ    : (0/923): RIL[0][main] qcril_qmi_init_ssr_excluded_client_handles: qmi_client_register_notify_cb 0
05-04 14:52:33.248   923  1066 E RILQ    : (0/923): RIL[0][main] qcril_uim_find_modem_port: Property value does not match, using default port
05-04 14:52:33.253   923  1066 E RILQ    : (0/923): RIL[0][main] qcril_uim_find_modem_port: Property value does not match, using default port
05-04 14:52:33.256   923  1180 I PDC_UTIL: succeed to get config_list
05-04 14:52:33.260  1006  1006 I auditd  : type=1400 audit(0.0:19): avc: denied { dac_override } for comm="dpmd" capability=1 scontext=u:r:dpmd:s0 tcontext=u:r:dpmd:s0 tclass=capability permissive=1
05-04 14:52:33.260   923  1180 E PDC_UTIL: QMI error, error code: 16
05-04 14:52:33.260   923  1179 E MBN_OTA : failed to get current config for SUB 0
05-04 14:52:33.261   923  1180 E PDC_UTIL: QMI error, error code: 16
05-04 14:52:33.262   923  1179 E MBN_OTA : failed to get current config for SUB 1
05-04 14:52:33.262   923  1180 E PDC_UTIL: QMI error, error code: 16
05-04 14:52:33.263   923  1179 E MBN_OTA : failed to get current config for SUB 2
05-04 14:52:33.269   923  1179 I         : 5 lines for file /data/vendor/radio/modem_config/mbn_ota.txt
05-04 14:52:33.269   923  1179 I MBN_UTIL: file name: /data/vendor/radio/modem_config/mcfg_sw/generic/apac/reliance/commerci/mcfg_sw.mbn
05-04 14:52:33.273   923  1066 E RILQ    : (0/923): RIL[0][main] qcril_gstk_find_primary_modem_port: Property value does not match, using default port
05-04 14:52:33.274   923  1179 I MBN_UTIL: type_id: 0
05-04 14:52:33.275   923  1179 I MBN_UTIL: type_id: 1
05-04 14:52:33.275   923  1179 I MBN_UTIL: file name: /data/vendor/radio/modem_config/mcfg_sw/generic/common/row/gen_3gpp/mcfg_sw.mbn
05-04 14:52:33.278   923  1179 I MBN_UTIL: type_id: 0
05-04 14:52:33.278   923  1179 I MBN_UTIL: type_id: 1
05-04 14:52:33.278   923  1179 I MBN_UTIL: file name: /data/vendor/radio/modem_config/mcfg_sw/generic/apac/vodafone/commerci/mcfg_sw.mbn
05-04 14:52:33.281   923  1179 I MBN_UTIL: type_id: 0
05-04 14:52:33.281   923  1179 I MBN_UTIL: type_id: 1
05-04 14:52:33.281   923  1179 I MBN_UTIL: file name: /data/vendor/radio/modem_config/mcfg_sw/generic/apac/idea-vol/commerci/mcfg_sw.mbn
05-04 14:52:33.286   923  1179 I MBN_UTIL: type_id: 0
05-04 14:52:33.286   923  1179 I MBN_UTIL: type_id: 1
05-04 14:52:33.286   923  1179 I MBN_UTIL: file name: /data/vendor/radio/modem_config/mcfg_sw/generic/apac/airtel-v/commerci/mcfg_sw.mbn
05-04 14:52:33.288   923  1179 I MBN_UTIL: type_id: 0
05-04 14:52:33.288   923  1179 I MBN_UTIL: type_id: 1
05-04 14:52:33.288   923  1179 I MBN_OTA : is_all_in_local_matched: 1
05-04 14:52:33.288   923  1179 I MBN_OTA : current MBNs in modem EFS:
05-04 14:52:33.288   923  1179 I MBN_OTA :  0: config_id: oDOD9J
05-04 14:52:33.288   923  1179 I MBN_OTA :     config_desc: ROW_Generic_3GPP
05-04 14:52:33.288   923  1179 I MBN_OTA :     config_version: 0x7020848
05-04 14:52:33.288   923  1179 I MBN_OTA :  1: config_id: OTA_mcfg_sw/generic/apac/reliance/commerci/mcfg_sw.mbn469:518442
05-04 14:52:33.288   923  1179 I MBN_OTA :     config_desc: Commercial-Reliance
05-04 14:52:33.288   923  1179 I MBN_OTA :     config_version: 0x7021c49
05-04 14:52:33.288   923  1179 I MBN_OTA :  2: config_id: OTA_mcfg_sw/generic/apac/vodafone/commerci/mcfg_sw.mbn469:784692
05-04 14:52:33.288   923  1179 I MBN_OTA :     config_desc: Commercial-Vodafone
05-04 14:52:33.288   923  1179 I MBN_OTA :     config_version: 0x701170b
05-04 14:52:33.288   923  1179 I MBN_OTA :  3: config_id: OTA_mcfg_sw/generic/apac/idea-vol/commerci/mcfg_sw.mbn470:18526
05-04 14:52:33.288   923  1179 I MBN_OTA :     config_desc: Commercial-Idea
05-04 14:52:33.288   923  1179 I MBN_OTA :     config_version: 0x701180a
05-04 14:52:33.288   923  1179 I MBN_OTA :  4: config_id: OTA_mcfg_sw/generic/apac/airtel-v/commerci/mcfg_sw.mbn470:273678
05-04 14:52:33.289   923  1179 I MBN_OTA :     config_desc: Commercial-Airtel
05-04 14:52:33.289   923  1179 I MBN_OTA :     config_version: 0x7021a08
05-04 14:52:33.289   923  1179 I MBN_OTA : file_name: /data/vendor/radio/modem_config/mcfg_sw/generic/apac/reliance/commerci/mcfg_sw.mbn, config_name: mcfg_sw/generic/apac/reliance/commerci/mcfg_sw.mbn, version: 0x07021c49, is_matched: 1
05-04 14:52:33.289   923  1179 I MBN_OTA : file_name: /data/vendor/radio/modem_config/mcfg_sw/generic/common/row/gen_3gpp/mcfg_sw.mbn, config_name: mcfg_sw/generic/common/row/gen_3gpp/mcfg_sw.mbn, version: 0x07020848, is_matched: 1
05-04 14:52:33.289   923  1179 I MBN_OTA : file_name: /data/vendor/radio/modem_config/mcfg_sw/generic/apac/vodafone/commerci/mcfg_sw.mbn, config_name: mcfg_sw/generic/apac/vodafone/commerci/mcfg_sw.mbn, version: 0x0701170b, is_matched: 1
05-04 14:52:33.289   923  1179 I MBN_OTA : file_name: /data/vendor/radio/modem_config/mcfg_sw/generic/apac/idea-vol/commerci/mcfg_sw.mbn, config_name: mcfg_sw/generic/apac/idea-vol/commerci/mcfg_sw.mbn, version: 0x0701180a, is_matched: 1
05-04 14:52:33.289   923  1179 I MBN_OTA : file_name: /data/vendor/radio/modem_config/mcfg_sw/generic/apac/airtel-v/commerci/mcfg_sw.mbn, config_name: mcfg_sw/generic/apac/airtel-v/commerci/mcfg_sw.mbn, version: 0x07021a08, is_matched: 1
05-04 14:52:33.289   923  1179 I PDC_UTIL: Release client connection to PDC
05-04 14:52:33.324   923  1066 I RILQ    : (0/923):RIL[0][main] qcril_arb_set_dsd_sys_status: old_pref_data 84567848 - new_data_pref 84567792
05-04 14:52:33.325   923  1066 I RILQ    : (0/923):RIL[0][main] qcril_arb_set_dsd_sys_status: preferred dsd_sys_status nw=0x0, rat_value=0x0, so_mask=0x0000000000000000
05-04 14:52:33.325   923  1066 I RILQ    : (0/923):RIL[0][main] qcril_arb_set_dsd_sys_status: preferred 1 - dsd_sys_status nw=0x0, rat_value=0x0, so_mask=0x0000000000000000
05-04 14:52:33.325   923  1066 I RILQ    : (0/923):RIL[0][main] qcril_arb_set_dsd_sys_status: is_wwan_available 0
05-04 14:52:33.325   923  1066 E RILQ    : (0/923): RIL[0][main] qcril_qmi_oemhook_agent_send_unsol: qcril_qmi_oemhook_agent_send_unsol: oemhook service not registered
05-04 14:52:33.325   923  1066 E RILC    : oemHookRawInd: oemHookService[0]->mOemHookIndication == NULL
05-04 14:52:33.325   923  1066 I RILQ    : (0/923):RIL[0][main] qcril_qmi_nas_reset_data_snapshot_cache_and_timer: Resetting snapshot timer
05-04 14:52:33.326   923  1066 E RILC    : currentSignalStrengthInd: radioService[0]->mRadioIndication == NULL
05-04 14:52:33.327   923  1066 E RILC    : networkStateChangedInd: radioService[0]->mRadioIndication == NULL
05-04 14:52:33.364   923  1066 E RILQ    : (0/923): RIL[0][main] qcril_qmi_qti_radio_service_init: qcril_qmi_qti_radio_service_init
05-04 14:52:33.369   923  1066 E RILC    : radioStateChangedInd: radioService[0]->mRadioIndication == NULL
05-04 14:52:33.369   923  1066 E RILQ    : (0/923): RIL[0][main] qcril_qmi_lte_direct_disc_pack_msg_tag: encoding the MsgHeader
05-04 14:52:33.370   923  1066 E RILQ    : (0/923): RIL[0][main] sendIndication: OemHookImpl::sendIndication indicationCb is null
05-04 14:52:33.372   923  1125 E RILC    : cdmaPrlChangedInd: radioService[0]->mRadioIndication == NULL
05-04 14:52:33.373   923  1125 I RILQ    : (0/923):RIL[0][event] qcril_qmi_nas_evaluate_custom_emergency_numbers_for_card: cur_status 0, card_state 0
05-04 14:52:33.373   923  1125 E RILQ    : (0/923): RIL[0][event] get_ecc_property_name: ecc list name : ril.ecclist.
05-04 14:52:33.376   923  1125 E RILQ    : (0/923): RIL[0][event] get_ecc_property_name: ecc list name : ril.ecclist.
05-04 14:52:33.376   923  1125 E RILQ    : (0/923): RIL[0][event] qcril_qmi_pdc_get_selected_config_ind_hdlr: no selected config id
05-04 14:52:33.378   923  1066 E RILQ    : (0/923): RIL[0][main] qcril_sms_perform_transport_layer_info_initialization: error while retrieving transport layer reg info
05-04 14:52:33.381   923  1125 E RILQ    : (0/923): RIL[0][event] sendIndication: OemHookImpl::sendIndication indicationCb is null
05-04 14:52:33.381   923  1125 E RILC    : oemHookRawInd: oemHookService[0]->mOemHookIndication == NULL
05-04 14:52:33.383   923  1125 E RILQ    : (0/923): RIL[0][event] sendIndication: OemHookImpl::sendIndication indicationCb is null
05-04 14:52:33.384   923  1125 E RILC    : oemHookRawInd: oemHookService[0]->mOemHookIndication == NULL
05-04 14:52:33.384   923  1125 E RILQ    : (0/923): RIL[0][event] qcril_uim_update_pbm_card_event: PBM_HANDLE_CARD 397315 processing Failed!
05-04 14:52:33.384   923  1125 E RILQ    : (0/923): RIL[0][event] qcril_uim_update_pbm_card_event: PBM_HANDLE_CARD 397315 processing Failed!
05-04 14:52:33.385   923  1125 E RILC    : simStatusChangedInd: radioService[0]->mRadioIndication == NULL
05-04 14:52:33.386   923  1125 E RILC    : voiceRadioTechChangedInd: radioService[0]->mRadioIndication == NULL
05-04 14:52:33.387   923  1125 E RILC    : currentSignalStrengthInd: radioService[0]->mRadioIndication == NULL
05-04 14:52:33.387   923  1125 I RILQ    : (0/923):RIL[0][event] qcril_qmi_nas_evaluate_custom_emergency_numbers_for_card: cur_status 0, card_state 0
05-04 14:52:33.387   923  1125 E RILQ    : (0/923): RIL[0][event] get_ecc_property_name: ecc list name : ril.ecclist.
05-04 14:52:33.389   923  1125 I RILQ    : (0/923):RIL[0][event] qcril_qmi_nas_evaluate_custom_emergency_numbers_for_card: cur_status 0, card_state 9
05-04 14:52:33.389   923  1125 E RILQ    : (0/923): RIL[0][event] get_ecc_property_name: ecc list name : ril.ecclist.
05-04 14:52:33.708   856   856 I sysui_histogram: [boot_zygote_init,20335]
05-04 14:52:33.724   856   856 I sysui_multi_action: [757,804,799,boot_zygote_init,801,20335,802,1]
05-04 14:52:33.738   856   856 I boot_progress_preload_start: 20368
05-04 14:52:33.797   856   856 D Zygote64Timing: BeginIcuCachePinning took to complete: 58ms
--------- beginning of crash
05-04 14:52:33.808   879   879 E AndroidRuntime: *** FATAL EXCEPTION IN SYSTEM PROCESS: main
05-04 14:52:33.808   879   879 E AndroidRuntime: java.lang.IllegalStateException: android.os.ServiceManager$ServiceNotFoundException: No service published for: input
05-04 14:52:33.808   879   879 E AndroidRuntime: 	at android.hardware.input.InputManager.getInstance(InputManager.java:232)
05-04 14:52:33.808   879   879 E AndroidRuntime: 	at com.android.commands.input.Input.injectKeyEvent(Input.java:272)
05-04 14:52:33.808   879   879 E AndroidRuntime: 	at com.android.commands.input.Input.sendKeyEvent(Input.java:198)
05-04 14:52:33.808   879   879 E AndroidRuntime: 	at com.android.commands.input.Input.run(Input.java:97)
05-04 14:52:33.808   879   879 E AndroidRuntime: 	at com.android.commands.input.Input.main(Input.java:60)
05-04 14:52:33.808   879   879 E AndroidRuntime: 	at com.android.internal.os.RuntimeInit.nativeFinishInit(Native Method)
05-04 14:52:33.808   879   879 E AndroidRuntime: 	at com.android.internal.os.RuntimeInit.main(RuntimeInit.java:285)
05-04 14:52:33.808   879   879 E AndroidRuntime: Caused by: android.os.ServiceManager$ServiceNotFoundException: No service published for: input
05-04 14:52:33.808   879   879 E AndroidRuntime: 	at android.os.ServiceManager.getServiceOrThrow(ServiceManager.java:75)
05-04 14:52:33.808   879   879 E AndroidRuntime: 	at android.hardware.input.InputManager.getInstance(InputManager.java:230)
05-04 14:52:33.808   879   879 E AndroidRuntime: 	... 6 more
05-04 14:52:33.809   879   879 E AndroidRuntime: Error reporting crash
05-04 14:52:33.809   879   879 E AndroidRuntime: java.lang.RuntimeException: Bad file descriptor
05-04 14:52:33.809   879   879 E AndroidRuntime: 	at android.os.BinderProxy.transactNative(Native Method)
05-04 14:52:33.809   879   879 E AndroidRuntime: 	at android.os.BinderProxy.transact(Binder.java:764)
05-04 14:52:33.809   879   879 E AndroidRuntime: 	at android.os.ServiceManagerProxy.getService(ServiceManagerNative.java:123)
05-04 14:52:33.809   879   879 E AndroidRuntime: 	at android.os.ServiceManager.getService(ServiceManager.java:56)
05-04 14:52:33.809   879   879 E AndroidRuntime: 	at android.app.ActivityManager$1.create(ActivityManager.java:4225)
05-04 14:52:33.809   879   879 E AndroidRuntime: 	at android.app.ActivityManager$1.create(ActivityManager.java:4223)
05-04 14:52:33.809   879   879 E AndroidRuntime: 	at android.util.Singleton.get(Singleton.java:34)
05-04 14:52:33.809   879   879 E AndroidRuntime: 	at android.app.ActivityManager.getService(ActivityManager.java:4218)
05-04 14:52:33.809   879   879 E AndroidRuntime: 	at com.android.internal.os.RuntimeInit$KillApplicationHandler.uncaughtException(RuntimeInit.java:116)
05-04 14:52:33.809   879   879 E AndroidRuntime: 	at java.lang.ThreadGroup.uncaughtException(ThreadGroup.java:1068)
05-04 14:52:33.809   879   879 E AndroidRuntime: 	at java.lang.ThreadGroup.uncaughtException(ThreadGroup.java:1063)
05-04 14:52:33.809   879   879 E AndroidRuntime: 	at java.lang.Thread.dispatchUncaughtException(Thread.java:1955)
05-04 14:52:33.864  1051  1051 I RILQ    : (1/1051):RIL[1][rild] qmi_ril_qmi_client_pre_initialization_acquire: entry
05-04 14:52:33.874  1051  1051 I RILQ    : (1/1051):RIL[1][rild] qmi_ril_qmi_client_pre_initialization_acquire: exit
05-04 14:52:33.881  1051  1051 I RILQ    : (1/1051):RIL[1][rild] settingsd_client_start: Starting settingsd client thread
05-04 14:52:33.881  1051  1051 I RILQ    : (1/1051):RIL[1][rild] settingsd_client_start: After starting the settingsd client thread
05-04 14:52:33.885  1051  1072 W RILC    : RIL_onUnsolicitedResponse called before RIL_register
05-04 14:52:33.886  1051  1072 E RILQ    : (1/1051): RIL[1][main] qcril_qmi_lte_direct_disc_pack_msg_tag: encoding the MsgHeader
05-04 14:52:33.886  1051  1072 E RILQ    : (1/1051): RIL[1][main] qcril_qmi_oem_socket_lte_direct_disc_send_unsol: qcril_qmi_oemhook_agent_send_unsol: oemhook service not registered
05-04 14:52:33.889  1051  1051 D RILD    : RIL_Init rilInit completed
05-04 14:52:33.889  1051  1051 I RILC    : SIM_COUNT: 1
05-04 14:52:33.889  1051  1051 E RILC    : RIL_register: RIL version 15
05-04 14:52:33.889  1051  1051 I RILC    : s_registerCalled flag set, 1
05-04 14:52:33.889  1051  1051 D RILC    : registerService: starting android::hardware::radio::V1_1::IRadio slot2
05-04 14:52:33.890  1051  1279 I RILQ    : (1/1051):RIL[1] main_loop_thread: main_loop_thread started
05-04 14:52:33.890  1051  1279 V RILQ    : [settings.cc: 103] [rild(1051,1279)] main_loop_thread: > main_loop_thread: Starting main Loop thread for settings client
05-04 14:52:33.890  1051  1279 V libsettings: [ProtoSource.cpp: 48] [rild(1051,1279)] ProtoSource: > ProtoSource: tag: /dev/socket/settingsd
05-04 14:52:33.890  1051  1279 D libsettings: [MainLoop.cpp: 43] [rild(1051,1279)] MainLoop: Main Loop created
05-04 14:52:33.891  1051  1279 D libsettings: [MainLoop.cpp: 37] [rild(1051,1279)] getThreadLoop: current main loop set: true
05-04 14:52:33.891  1051  1279 D help_/dev/socket/settingsd: Command help_/dev/socket/settingsd
05-04 14:52:33.891  1051  1279 V libsettings: [Command.cpp: 267] [rild(1051,1279)] registerCommand: > registerCommand: help_/dev/socket/settingsd
05-04 14:52:33.891  1051  1279 V libsettings: [Command.cpp: 207] [rild(1051,1279)] getRegistry: > getRegistry: default
05-04 14:52:33.891  1051  1279 V libsettings: [Command.cpp: 212] [rild(1051,1279)] getRegistry: < getRegistry: 
05-04 14:52:33.891  1051  1279 V libsettings: [Command.cpp: 232] [rild(1051,1279)] doRegisterCommand: > doRegisterCommand: (default) help_/dev/socket/settingsd
05-04 14:52:33.891  1051  1279 V libsettings: [Command.cpp: 234] [rild(1051,1279)] doRegisterCommand: < doRegisterCommand: 
05-04 14:52:33.891  1051  1279 V libsettings: [Command.cpp: 269] [rild(1051,1279)] registerCommand: < registerCommand: 
05-04 14:52:33.891  1051  1279 V libsettings: [Command.cpp: 207] [rild(1051,1279)] getRegistry: > getRegistry: default
05-04 14:52:33.891  1051  1279 V libsettings: [Command.cpp: 212] [rild(1051,1279)] getRegistry: < getRegistry: 
05-04 14:52:33.891  1051  1279 V libsettings: [Command.cpp: 123] [rild(1051,1279)] enqueue: > enqueue: 
05-04 14:52:33.891  1051  1279 D libsettings: [Command.cpp: 127] [rild(1051,1279)] enqueue: enqueueing command
05-04 14:52:33.891  1051  1279 D CommandEvent: 
05-04 14:52:33.891  1051  1279 V libsettings: [MainLoop.cpp: 105] [rild(1051,1279)] localQueueEvent: > localQueueEvent: 
05-04 14:52:33.891  1051  1279 V libsettings: [MainLoop.cpp: 109] [rild(1051,1279)] localQueueEvent: < localQueueEvent: 
05-04 14:52:33.891  1051  1279 V libsettings: [Command.cpp: 132] [rild(1051,1279)] enqueue: < enqueue: ret: 1
05-04 14:52:33.891  1051  1279 V libsettings: [ProtoSource.cpp: 50] [rild(1051,1279)] ProtoSource: < ProtoSource: 
05-04 14:52:33.892  1051  1279 D /dev/socket/settingsd: ClientSocket ( /dev/socket/settingsd, /dev/socket/settingsd, 1, 1, 0)
05-04 14:52:33.892  1051  1279 D /dev/socket/settingsd: connect: ret: -1. fd: 27. errno: 2
05-04 14:52:33.892  1051  1279 E /dev/socket/settingsd: connect: connect: No such file or directory(2)
05-04 14:52:33.892  1051  1279 E RILQ    : [settings.cc: 114] [rild(1051,1279)] main_loop_thread: Unable to start settings client
05-04 14:52:33.892  1051  1279 V RILQ    : [settings.cc: 116] [rild(1051,1279)] main_loop_thread: < main_loop_thread: 
05-04 14:52:33.892  1051  1279 D /dev/socket/settingsd: Closing fd 27
05-04 14:52:33.892  1051  1279 V libsettings: [ProtoSource.cpp: 55] [rild(1051,1279)] ~ProtoSource: > ~ProtoSource: tag: /dev/socket/settingsd
05-04 14:52:33.892  1051  1279 D libsettings: [ProtoSource.cpp: 534] [rild(1051,1279)] cleanup: De-registering command help_/dev/socket/settingsd
05-04 14:52:33.892  1051  1279 V libsettings: [Command.cpp: 246] [rild(1051,1279)] deRegisterCommand: > deRegisterCommand: help_/dev/socket/settingsd
05-04 14:52:33.892  1051  1279 V libsettings: [Command.cpp: 207] [rild(1051,1279)] getRegistry: > getRegistry: default
05-04 14:52:33.892  1051  1279 V libsettings: [Command.cpp: 212] [rild(1051,1279)] getRegistry: < getRegistry: 
05-04 14:52:33.892  1051  1279 V libsettings: [Command.cpp: 239] [rild(1051,1279)] doDeRegisterCommand: > doDeRegisterCommand: default(help_/dev/socket/settingsd)
05-04 14:52:33.892  1051  1279 V libsettings: [Command.cpp: 241] [rild(1051,1279)] doDeRegisterCommand: < doDeRegisterCommand: 
05-04 14:52:33.892  1051  1279 V libsettings: [Command.cpp: 248] [rild(1051,1279)] deRegisterCommand: < deRegisterCommand: 
05-04 14:52:33.892  1051  1279 V libsettings: [ProtoSource.cpp: 57] [rild(1051,1279)] ~ProtoSource: < ~ProtoSource: 
05-04 14:52:33.893  1051  1051 I RILC    : RILHIDL called registerService
05-04 14:52:33.893  1051  1051 D RILD    : RIL_Init RIL_register completed
05-04 14:52:33.893  1051  1051 D RILD    : RIL_register_socket started
05-04 14:52:33.894  1051  1051 D RIL_UIM_SOCKET: Adding socket with id: 0
05-04 14:52:33.894  1051  1051 I RILC    : RIL_register_socket: calling registerService
05-04 14:52:33.894  1051  1051 D RIL_SAP : registerService: starting ISap slot2 for slotId 0
05-04 14:52:33.896  1051  1051 D RIL_SAP : registerService: started ISap slot2 status 0
05-04 14:52:33.896  1051  1051 D RILD    : RIL_register_socket completed
05-04 14:52:33.897  1051  1072 I RILQ    : (1/1051):RIL[1][main] qmi_ril_qmi_client_pre_initialization_release: entry
05-04 14:52:33.898  1051  1072 I RILQ    : (1/1051):RIL[1][main] qmi_ril_qmi_client_pre_initialization_release: exit
05-04 14:52:33.910  1051  1072 E RILQ    : (1/1051): RIL[1][main] qcril_qmi_init_core_client_handles: qcril_qmi_presence_init returned failure(-3)
05-04 14:52:34.011  1051  1072 E RILQ    : (1/1051): RIL[1][main] qcril_qmi_dms_set_simo_cs_ps_property: Fail to save ro.vendor.ril.svlte1x to system property
05-04 14:52:34.019  1051  1072 E RILQ    : (1/1051): RIL[1][main] qcril_qmi_dms_set_simo_cs_ps_property: Fail to save ro.vendor.ril.svdo to system property
05-04 14:52:34.029  1051  1072 E RILQ    : (1/1051): RIL[1][main] qcril_qmi_nas_init: QCRIL_OPERATOR_NAME is persist.env.spec,  property_name is persist.env.spec. Failed to get operator name
05-04 14:52:34.035   857   857 I sysui_histogram: [boot_zygote_init,20663]
05-04 14:52:34.049   857   857 I sysui_multi_action: [757,804,799,boot_zygote_init,801,20663,802,1]
05-04 14:52:34.069  1051  1072 E RILQ    : (1/1051): RIL[1][main] qcril_qmi_nas_retrieve_custom_emergency_numbers_configured_value: Invalid value for properties count 0
05-04 14:52:34.071  1051  1072 E RILQ    : (1/1051): RIL[1][main] qcril_qmi_oemhook_agent_send_unsol: qcril_qmi_oemhook_agent_send_unsol: oemhook service not registered
05-04 14:52:34.071  1051  1072 E RILQ    : (1/1051): RIL[1][main] qcril_qmi_nas_send_board_info_to_mp: manufacture_name_value: Smartron
05-04 14:52:34.071  1051  1072 E RILQ    : (1/1051): RIL[1][main] qcril_qmi_nas_send_board_info_to_mp: manufacture_code_value: QRD
05-04 14:52:34.071  1051  1072 E RILQ    : (1/1051): RIL[1][main] qcril_qmi_nas_send_board_info_to_mp: device_model_value: 8625DSDS
05-04 14:52:34.071  1051  1072 E RILQ    : (1/1051): RIL[1][main] qcril_qmi_nas_send_board_info_to_mp: sw_version_value: tphoneE-userdebug 8.1.0 T5911INDERD-132 132 release-keys
05-04 14:52:34.085   923  1125 E RILQ    : (0/923): RIL[0][event] get_ecc_property_name: ecc list name : ril.ecclist.
05-04 14:52:34.085   857   857 D Zygote32Timing: PostZygoteInitGC took to complete: 19ms
05-04 14:52:34.085   857   857 D Zygote32Timing: ZygoteInit took to complete: 22ms
05-04 14:52:34.086   923  1125 I RILQ    : (0/923):RIL[0][event] qcril_qmi_nas_evaluate_custom_emergency_numbers_for_card: cur_status 0, card_state 9
05-04 14:52:34.086   923  1125 E RILQ    : (0/923): RIL[0][event] get_ecc_property_name: ecc list name : ril.ecclist.
