05-04 14:52:34.094  1051  1072 E RILQ    : (1/1051): RIL[1][main] qcril_qmi_oemhook_agent_send_unsol: qcril_qmi_oemhook_agent_send_unsol: oemhook service not registered
05-04 14:52:34.094  1051  1072 E RILC    : oemHookRawInd: oemHookService[0]->mOemHookIndication == NULL
05-04 14:52:34.094  1051  1072 E RILQ    : (1/1051): RIL[1][main] qcril_qmi_oemhook_agent_send_unsol: qcril_qmi_oemhook_agent_send_unsol: oemhook service not registered
05-04 14:52:34.101  1051  1072 E RILQ    : (1/1051): RIL[1][main] qcril_qmi_init_ssr_excluded_client_handles: qmi_client_register_notify_cb 0
05-04 14:52:34.105  1051  1072 E RILQ    : (1/1051): RIL[1][main] qcril_qmi_init_ssr_excluded_client_handles: qmi_client_register_notify_cb 0
05-04 14:52:34.106  1051  1072 E RILQ    : (1/1051): RIL[1][main] qcril_uim_find_modem_port: Property value does not match, using default port
05-04 14:52:34.110  1051  1072 E RILQ    : (1/1051): RIL[1][main] qcril_uim_find_modem_port: Property value does not match, using default port
05-04 14:52:34.124  1051  1072 E RILQ    : (1/1051): RIL[1][main] qcril_gstk_find_primary_modem_port: Property value does not match, using default port
05-04 14:52:34.171  1051  1072 I RILQ    : (1/1051):RIL[1][main] qcril_arb_set_dsd_sys_status: old_pref_data 361498408 - new_data_pref 361498352
05-04 14:52:34.171  1051  1072 I RILQ    : (1/1051):RIL[1][main] qcril_arb_set_dsd_sys_status: preferred dsd_sys_status nw=0x0, rat_value=0x0, so_mask=0x0000000000000000
05-04 14:52:34.171  1051  1072 I RILQ    : (1/1051):RIL[1][main] qcril_arb_set_dsd_sys_status: preferred 1 - dsd_sys_status nw=0x0, rat_value=0x0, so_mask=0x0000000000000000
05-04 14:52:34.171  1051  1072 I RILQ    : (1/1051):RIL[1][main] qcril_arb_set_dsd_sys_status: is_wwan_available 0
05-04 14:52:34.171  1051  1072 E RILQ    : (1/1051): RIL[1][main] qcril_qmi_oemhook_agent_send_unsol: qcril_qmi_oemhook_agent_send_unsol: oemhook service not registered
05-04 14:52:34.171  1051  1072 E RILC    : oemHookRawInd: oemHookService[0]->mOemHookIndication == NULL
05-04 14:52:34.171  1051  1072 I RILQ    : (1/1051):RIL[1][main] qcril_qmi_nas_reset_data_snapshot_cache_and_timer: Resetting snapshot timer
05-04 14:52:34.173  1051  1072 E RILC    : currentSignalStrengthInd: radioService[0]->mRadioIndication == NULL
05-04 14:52:34.173  1051  1072 E RILC    : networkStateChangedInd: radioService[0]->mRadioIndication == NULL
05-04 14:52:34.197  1051  1072 E RILQ    : (1/1051): RIL[1][main] qcril_qmi_qti_radio_service_init: qcril_qmi_qti_radio_service_init
05-04 14:52:34.199  1051  1072 E RILC    : radioStateChangedInd: radioService[0]->mRadioIndication == NULL
05-04 14:52:34.200  1051  1072 E RILQ    : (1/1051): RIL[1][main] qcril_qmi_lte_direct_disc_pack_msg_tag: encoding the MsgHeader
05-04 14:52:34.201  1051  1072 E RILQ    : (1/1051): RIL[1][main] sendIndication: OemHookImpl::sendIndication indicationCb is null
05-04 14:52:34.202  1051  1118 E RILC    : cdmaPrlChangedInd: radioService[0]->mRadioIndication == NULL
05-04 14:52:34.202  1051  1118 I RILQ    : (1/1051):RIL[1][event] qcril_qmi_nas_evaluate_custom_emergency_numbers_for_card: cur_status 0, card_state 0
05-04 14:52:34.202  1051  1118 E RILQ    : (1/1051): RIL[1][event] get_ecc_property_name: ecc list name : ril.ecclist1.
05-04 14:52:34.205  1051  1118 E RILQ    : (1/1051): RIL[1][event] get_ecc_property_name: ecc list name : ril.ecclist1.
05-04 14:52:34.206  1051  1118 E RILQ    : (1/1051): RIL[1][event] qcril_uim_update_pbm_card_event: PBM_HANDLE_CARD 397315 processing Failed!
05-04 14:52:34.206  1051  1118 E RILQ    : (1/1051): RIL[1][event] qcril_uim_update_pbm_card_event: PBM_HANDLE_CARD 397315 processing Failed!
05-04 14:52:34.207  1051  1118 E RILC    : simStatusChangedInd: radioService[0]->mRadioIndication == NULL
05-04 14:52:34.208  1051  1118 E RILC    : voiceRadioTechChangedInd: radioService[0]->mRadioIndication == NULL
05-04 14:52:34.208  1051  1118 E RILC    : currentSignalStrengthInd: radioService[0]->mRadioIndication == NULL
05-04 14:52:34.208  1051  1118 I RILQ    : (1/1051):RIL[1][event] qcril_qmi_nas_evaluate_custom_emergency_numbers_for_card: cur_status 0, card_state 0
05-04 14:52:34.208  1051  1118 E RILQ    : (1/1051): RIL[1][event] get_ecc_property_name: ecc list name : ril.ecclist1.
05-04 14:52:34.211  1051  1118 I RILQ    : (1/1051):RIL[1][event] qcril_qmi_nas_evaluate_custom_emergency_numbers_for_card: cur_status 0, card_state 9
05-04 14:52:34.211  1051  1118 E RILQ    : (1/1051): RIL[1][event] get_ecc_property_name: ecc list name : ril.ecclist1.
05-04 14:52:34.212  1051  1072 E RILQ    : (1/1051): RIL[1][main] qcril_sms_perform_transport_layer_info_initialization: error while retrieving transport layer reg info
05-04 14:52:34.610  1444  1444 I auditd  : type=1400 audit(0.0:20): avc: denied { read } for comm="cat" name="system" dev="debugfs" ino=7169 scontext=u:r:shell:s0 tcontext=u:object_r:debugfs:s0 tclass=file permissive=1
05-04 14:52:34.610  1444  1444 I auditd  : type=1400 audit(0.0:21): avc: denied { open } for comm="cat" path="/sys/kernel/debug/ion/heaps/system" dev="debugfs" ino=7169 scontext=u:r:shell:s0 tcontext=u:object_r:debugfs:s0 tclass=file permissive=1
05-04 14:52:34.658   856   856 D TelephonyManager: No /proc/cmdline exception=java.io.FileNotFoundException: /proc/cmdline (Permission denied)
05-04 14:52:34.658   856   856 D TelephonyManager: /proc/cmdline=
05-04 14:52:34.857   856   856 D Zygote64Timing: PreloadClasses took to complete: 1060ms
05-04 14:52:35.183   856   856 D Zygote64Timing: PreloadResources took to complete: 326ms
05-04 14:52:35.372   856   856 I boot_progress_preload_end: 22001
05-04 14:52:35.372   856   856 D Zygote64Timing: ZygotePreload took to complete: 1633ms
05-04 14:52:35.415   856   856 D Zygote64Timing: PostZygoteInitGC took to complete: 44ms
05-04 14:52:35.415   856   856 D Zygote64Timing: ZygoteInit took to complete: 1679ms
05-04 14:52:35.480   856   856 I auditd  : type=1400 audit(0.0:22): avc: denied { create } for comm="main" name="tasks" scontext=u:r:zygote:s0 tcontext=u:object_r:cgroup:s0 tclass=file permissive=1
05-04 14:52:35.709  1650  1650 I SystemServer: InitBeforeStartServices
05-04 14:52:35.710  1650  1650 I SystemServer: Entered the Android system server!
05-04 14:52:35.710  1650  1650 I boot_progress_system_run: 22339
05-04 14:52:35.712  1650  1650 I sysui_histogram: [boot_system_server_init,22339]
05-04 14:52:35.712  1650  1650 I sysui_multi_action: [757,804,799,boot_system_server_init,801,22339,802,1]
05-04 14:52:35.974  1650  1650 D SystemServerTiming: InitBeforeStartServices took to complete: 265ms
05-04 14:52:35.975  1650  1650 I SystemServer: StartServices
05-04 14:52:35.975  1650  1650 I SystemServer: Reading configuration...
05-04 14:52:35.975  1650  1650 I SystemServer: ReadingSystemConfig
05-04 14:52:35.976  1650  1650 D SystemServerTiming: ReadingSystemConfig took to complete: 1ms
05-04 14:52:35.976  1650  1650 I SystemServer: StartInstaller
05-04 14:52:35.976  1650  1650 I SystemServiceManager: Starting com.android.server.pm.Installer
05-04 14:52:35.976  1650  1751 D SystemServerInitThreadPool: Started executing ReadingSystemConfig
05-04 14:52:35.988  1498  1498 E AndroidRuntime: *** FATAL EXCEPTION IN SYSTEM PROCESS: main
05-04 14:52:35.988  1498  1498 E AndroidRuntime: java.lang.IllegalStateException: android.os.ServiceManager$ServiceNotFoundException: No service published for: input
05-04 14:52:35.988  1498  1498 E AndroidRuntime: 	at android.hardware.input.InputManager.getInstance(InputManager.java:232)
05-04 14:52:35.988  1498  1498 E AndroidRuntime: 	at com.android.commands.input.Input.injectKeyEvent(Input.java:272)
05-04 14:52:35.988  1498  1498 E AndroidRuntime: 	at com.android.commands.input.Input.sendKeyEvent(Input.java:198)
05-04 14:52:35.988  1498  1498 E AndroidRuntime: 	at com.android.commands.input.Input.run(Input.java:97)
05-04 14:52:35.988  1498  1498 E AndroidRuntime: 	at com.android.commands.input.Input.main(Input.java:60)
05-04 14:52:35.988  1498  1498 E AndroidRuntime: 	at com.android.internal.os.RuntimeInit.nativeFinishInit(Native Method)
05-04 14:52:35.988  1498  1498 E AndroidRuntime: 	at com.android.internal.os.RuntimeInit.main(RuntimeInit.java:285)
05-04 14:52:35.988  1498  1498 E AndroidRuntime: Caused by: android.os.ServiceManager$ServiceNotFoundException: No service published for: input
05-04 14:52:35.988  1498  1498 E AndroidRuntime: 	at android.os.ServiceManager.getServiceOrThrow(ServiceManager.java:75)
05-04 14:52:35.988  1498  1498 E AndroidRuntime: 	at android.hardware.input.InputManager.getInstance(InputManager.java:230)
05-04 14:52:35.988  1498  1498 E AndroidRuntime: 	... 6 more
05-04 14:52:35.989  1498  1498 E AndroidRuntime: Error reporting crash
05-04 14:52:35.989  1498  1498 E AndroidRuntime: java.lang.RuntimeException: Bad file descriptor
05-04 14:52:35.989  1498  1498 E AndroidRuntime: 	at android.os.BinderProxy.transactNative(Native Method)
05-04 14:52:35.989  1498  1498 E AndroidRuntime: 	at android.os.BinderProxy.transact(Binder.java:764)
05-04 14:52:35.989  1498  1498 E AndroidRuntime: 	at android.os.ServiceManagerProxy.getService(ServiceManagerNative.java:123)
05-04 14:52:35.989  1498  1498 E AndroidRuntime: 	at android.os.ServiceManager.getService(ServiceManager.java:56)
05-04 14:52:35.989  1498  1498 E AndroidRuntime: 	at android.app.ActivityManager$1.create(ActivityManager.java:4225)
05-04 14:52:35.989  1498  1498 E AndroidRuntime: 	at android.app.ActivityManager$1.create(ActivityManager.java:4223)
05-04 14:52:35.989  1498  1498 E AndroidRuntime: 	at android.util.Singleton.get(Singleton.java:34)
05-04 14:52:35.989  1498  1498 E AndroidRuntime: 	at android.app.ActivityManager.getService(ActivityManager.java:4218)
05-04 14:52:35.989  1498  1498 E AndroidRuntime: 	at com.android.internal.os.RuntimeInit$KillApplicationHandler.uncaughtException(RuntimeInit.java:116)
05-04 14:52:35.989  1498  1498 E AndroidRuntime: 	at java.lang.ThreadGroup.uncaughtException(ThreadGroup.java:1068)
05-04 14:52:35.989  1498  1498 E AndroidRuntime: 	at java.lang.ThreadGroup.uncaughtException(ThreadGroup.java:1063)
05-04 14:52:35.989  1498  1498 E AndroidRuntime: 	at java.lang.Thread.dispatchUncaughtException(Thread.java:1955)
05-04 14:52:36.013  1650  1650 D SystemServerTiming: StartInstaller took to complete: 36ms
05-04 14:52:36.013  1650  1650 I SystemServer: DeviceIdentifiersPolicyService
05-04 14:52:36.013  1650  1650 I SystemServiceManager: Starting com.android.server.os.DeviceIdentifiersPolicyService
05-04 14:52:36.015  1650  1650 D SystemServerTiming: DeviceIdentifiersPolicyService took to complete: 3ms
05-04 14:52:36.017  1650  1650 I SystemServer: StartActivityManager
05-04 14:52:36.017  1650  1650 I SystemServiceManager: Starting com.android.server.am.ActivityManagerService$Lifecycle
05-04 14:52:36.057  1650  1650 I ActivityManager: Memory class: 192
05-04 14:52:36.059  1650  1771 I ServiceThread: Enabled StrictMode logging for ActivityManager looper.
05-04 14:52:36.061  1650  1772 I ServiceThread: Enabled StrictMode logging for android.ui looper.
05-04 14:52:36.095  1650  1650 D BatteryStatsImpl: Reading daily items from /data/system/batterystats-daily.xml
05-04 14:52:36.110  1650  1786 E BatteryExternalStatsWorker: no controller energy info supplied for telephony
05-04 14:52:36.140  1650  1786 E KernelUidCpuFreqTimeReader: Failed to read /proc/uid_time_in_state: java.io.FileNotFoundException: /proc/uid_time_in_state (No such file or directory)
05-04 14:52:36.147  1650  1786 W KernelMemoryBandwidthStats: No kernel memory bandwidth stats available
05-04 14:52:36.227  1650  1751 D SystemServerInitThreadPool: Finished executing ReadingSystemConfig
05-04 14:52:36.251  1650  1650 I IntentFirewall: Read new rules (A:0 B:0 S:0)
05-04 14:52:36.272  1650  1832 I ServiceThread: Enabled StrictMode logging for android.display looper.
05-04 14:52:36.302  1650  1650 D AppOps  : AppOpsService published
05-04 14:52:36.303  1650  1650 D SystemServerTiming: StartActivityManager took to complete: 287ms
05-04 14:52:36.303  1650  1650 I SystemServer: StartPowerManager
05-04 14:52:36.303  1650  1650 I SystemServiceManager: Starting com.android.server.power.PowerManagerService
05-04 14:52:36.313  1650  1842 I ServiceThread: Enabled StrictMode logging for PowerManagerService looper.
05-04 14:52:36.335  1650  1650 D SystemServerTiming: StartPowerManager took to complete: 32ms
05-04 14:52:36.336  1650  1650 I SystemServer: InitPowerManagement
05-04 14:52:36.338  1650  1650 D SystemServerTiming: InitPowerManagement took to complete: 3ms
05-04 14:52:36.338  1650  1650 I SystemServer: StartRecoverySystemService
05-04 14:52:36.338  1650  1650 I SystemServiceManager: Starting com.android.server.RecoverySystemService
05-04 14:52:36.341  1650  1650 D SystemServerTiming: StartRecoverySystemService took to complete: 3ms
05-04 14:52:36.342  1650  1650 V RescueParty: Disabled because of active USB connection
05-04 14:52:36.342  1650  1650 I SystemServer: StartLightsService
05-04 14:52:36.342  1650  1650 I SystemServiceManager: Starting com.android.server.lights.LightsService
05-04 14:52:36.342  1650  1650 D SystemServerTiming: StartLightsService took to complete: 0ms
05-04 14:52:36.342  1650  1650 I SystemServer: StartDisplayManager
05-04 14:52:36.342  1650  1650 I SystemServiceManager: Starting com.android.server.display.DisplayManagerService
05-04 14:52:36.347  1650  1650 D SystemServerTiming: StartDisplayManager took to complete: 4ms
05-04 14:52:36.347  1650  1650 I SystemServer: WaitForDisplay
05-04 14:52:36.347  1650  1650 I SystemServiceManager: Starting phase 100
05-04 14:52:36.352  1650  1832 I DisplayManagerService: Display device added: DisplayDeviceInfo{"Built-in Screen": uniqueId="local:0", 1080 x 2160, modeId 1, defaultModeId 1, supportedModes [{id=1, width=1080, height=2160, fps=60.000004}], colorMode 0, supportedColorModes [0], HdrCapabilities android.view.Display$HdrCapabilities@1d6308, density 480, 403.411 x 403.411 dpi, appVsyncOff 1000000, presDeadline 16666666, touch INTERNAL, rotation 0, type BUILT_IN, state UNKNOWN, FLAG_DEFAULT_DISPLAY, FLAG_ROTATES_WITH_CONTENT, FLAG_SECURE, FLAG_SUPPORTS_PROTECTED_BUFFERS}
05-04 14:52:36.358  1650  1650 D SystemServerTiming: WaitForDisplay took to complete: 10ms
05-04 14:52:36.358  1650  1832 I DisplayManagerService: Display device changed state: "Built-in Screen", ON
05-04 14:52:36.359  1650  1650 I SystemServer: Regionalization Service
05-04 14:52:36.368  1650  1650 I sysui_histogram: [boot_package_manager_init_start,22998]
05-04 14:52:36.369  1650  1650 I sysui_multi_action: [757,804,799,boot_package_manager_init_start,801,22998,802,1]
05-04 14:52:36.369  1650  1650 I SystemServer: StartPackageManagerService
05-04 14:52:36.381  1650  1650 I boot_progress_pms_start: 23011
05-04 14:52:36.400  1650  1650 D SELinuxMMAC: Using policy file /system/etc/selinux/plat_mac_permissions.xml
05-04 14:52:36.403  1650  1650 D SELinuxMMAC: Using policy file /vendor/etc/selinux/nonplat_mac_permissions.xml
05-04 14:52:36.528  1650  1839 W ProcessCpuTracker: Skipping unknown process pid 1840
05-04 14:52:36.635   895  1065 E /system/bin/storaged: getService package_native failed
05-04 14:52:36.642   895  1065 I storaged_emmc_info: [emmc 5.1,1,1,1]
05-04 14:52:36.643   895  1065 I /system/bin/storaged: storaged: Start
05-04 14:52:36.998  1650  1650 I boot_progress_pms_system_scan_start: 23628
05-04 14:52:37.025  1650  1883 I PackageParser: Skipping target and overlay pair com.qualcomm.location.XT and null: overlay ignored due to required system property: persist.vendor.overlay.izat.optin with value: rro
05-04 14:52:37.026  1650  1650 W PackageManager: Failed to parse /vendor/overlay/OptInAppOverlay: /vendor/overlay/OptInAppOverlay/OptInAppOverlay.apk (at Binary XML file line #11): null
05-04 14:52:37.036  1650  1650 W PackageManager: Failed to parse /system/framework/arm: Missing base APK in /system/framework/arm
05-04 14:52:37.036  1650  1650 W PackageManager: Failed to parse /system/framework/arm64: Missing base APK in /system/framework/arm64
05-04 14:52:37.036  1650  1650 W PackageManager: Failed to parse /system/framework/oat: Missing base APK in /system/framework/oat
05-04 14:52:37.102  1650  1650 W PackageManager: Failed to scan /system/priv-app/CarrierServices: Package com.google.android.ims at /system/priv-app/CarrierServices ignored: updated version 30018875 better than this 30011561
05-04 14:52:37.134  1650  1650 W PackageManager: Failed to scan /system/priv-app/MSExcel: Package com.microsoft.office.excel at /system/priv-app/MSExcel ignored: updated version 2001473390 better than this 16101
05-04 14:52:37.135  1650  1650 W PackageManager: Failed to scan /system/priv-app/MSOneNote: Package com.microsoft.office.onenote at /system/priv-app/MSOneNote ignored: updated version 1801473225 better than this 15001
05-04 14:52:37.135  1650  1650 W PackageManager: Failed to scan /system/priv-app/MSPpt: Package com.microsoft.office.powerpoint at /system/priv-app/MSPpt ignored: updated version 2001473390 better than this 16101
05-04 14:52:37.135  1650  1650 W PackageManager: Failed to scan /system/priv-app/MSSkype: Package com.skype.raider at /system/priv-app/MSSkype ignored: updated version 134286710 better than this 1
05-04 14:52:37.136  1650  1650 W PackageManager: Failed to scan /system/priv-app/MSWord: Package com.microsoft.office.word at /system/priv-app/MSWord ignored: updated version 2001473390 better than this 16101
05-04 14:52:37.184  1650  1650 W PackageManager: Failed to scan /system/priv-app/Phonesky: Package com.android.vending at /system/priv-app/Phonesky ignored: updated version 80980700 better than this 80901500
05-04 14:52:37.235  1650  1650 W PackageManager: Failed to scan /system/priv-app/GmsCore: Package com.google.android.gms at /system/priv-app/GmsCore ignored: updated version 12529023 better than this 11975440
05-04 14:52:37.261  1650  1650 W PackageManager: Failed to scan /system/priv-app/Velvet: Package com.google.android.googlequicksearchbox at /system/priv-app/Velvet ignored: updated version 300770582 better than this 300756677
05-04 14:52:37.312  1650  1650 W PackageManager: Failed to scan /system/app/CalendarGoogle: Package com.google.android.calendar at /system/app/CalendarGoogle ignored: updated version 2015772249 better than this 2015731002
05-04 14:52:37.334  1650  1650 W PackageManager: Failed to scan /system/app/DeskClockGoogle: Package com.google.android.deskclock at /system/app/DeskClockGoogle ignored: updated version 52102212 better than this 51002712
05-04 14:52:37.334  1650  1650 W PackageManager: Failed to scan /system/app/Chrome: Package com.android.chrome at /system/app/Chrome ignored: updated version 335912652 better than this 328213752
05-04 14:52:37.339  1650  1650 W PackageManager: Failed to scan /system/app/Duo: Package com.google.android.apps.tachyon at /system/app/Duo ignored: updated version 2075530 better than this 1865949
05-04 14:52:37.345  1650  1650 W PackageManager: Failed to scan /system/app/Drive: Package com.google.android.apps.docs at /system/app/Drive ignored: updated version 181720245 better than this 180720240
05-04 14:52:37.346  1650  1650 W PackageManager: Failed to scan /system/app/GoogleTTS: Package com.google.android.tts at /system/app/GoogleTTS ignored: updated version 210314121 better than this 210314091
05-04 14:52:37.351  1650  1650 W PackageManager: Failed to scan /system/app/Gmail2: Package com.google.android.gm at /system/app/Gmail2 ignored: updated version 60272895 better than this 60126837
05-04 14:52:37.361  1650  1650 W PackageManager: Failed to scan /system/app/Keep: Package com.google.android.keep at /system/app/Keep ignored: updated version 181511040 better than this 180710140
05-04 14:52:37.363  1650  1650 W PackageManager: Failed to scan /system/app/LatinImeGoogle: Package com.google.android.inputmethod.latin at /system/app/LatinImeGoogle ignored: updated version 26711914 better than this 26690810
05-04 14:52:37.368  1650  1650 W PackageManager: Failed to scan /system/app/Messages: Package com.google.android.apps.messaging at /system/app/Messages ignored: updated version 30040148 better than this 28040140
05-04 14:52:37.368  1650  1650 W PackageManager: Failed to scan /system/app/Music2: Package com.google.android.music at /system/app/Music2 ignored: updated version 68381 better than this 67731
05-04 14:52:37.377  1650  1650 W PackageManager: Failed to scan /system/app/Maps: Package com.google.android.apps.maps at /system/app/Maps ignored: updated version 976101244 better than this 972200244
05-04 14:52:37.399  1650  1650 W PackageManager: Failed to scan /system/app/Photos: Package com.google.android.apps.photos at /system/app/Photos ignored: updated version 2437266 better than this 2288736
05-04 14:52:37.413  1650  1650 W PackageManager: Failed to scan /system/app/Videos: Package com.google.android.videos at /system/app/Videos ignored: updated version 40300051 better than this 40106131
05-04 14:52:37.428  1650  1650 W PackageManager: Failed to scan /system/app/YouTube: Package com.google.android.youtube at /system/app/YouTube ignored: updated version 1316553440 better than this 1307553400
05-04 14:52:37.441  1650  1650 W PackageManager: Failed to scan /system/app/talkback: Package com.google.android.marvin.talkback at /system/app/talkback ignored: updated version 60100449 better than this 60100343
05-04 14:52:37.477  1650  1650 I PackageManager: Finished scanning system apps. Time: 479 ms, packageCount: 161 , timePerPackage: 2 , cached: 186
05-04 14:52:37.477  1650  1650 I boot_progress_pms_data_scan_start: 24107
05-04 14:52:37.630  1650  1650 W PackageManager: Skipping provider name com.jio.myjio.com.jio.coupons (in package com.jio.myjio): name already used by com.jio.myjio
05-04 14:52:37.659  1650  1650 W PackageManager: Skipping provider name in.amazon.mShop.android.shopping.provider (in package in.amazon.mShop.android.shopping): name already used by in.amazon.mShop.android.shopping
05-04 14:52:37.914  1650  1918 W PackageParser: Unknown element under <manifest>: meta-data at /data/app/com.google.android.apps.docs-kuGs_tZnLRrbY3IJUEEgTw==/base.apk Binary XML file line #111
05-04 14:52:37.936  1650  1918 W PackageParser: No actions in intent filter at /data/app/com.google.android.apps.docs-kuGs_tZnLRrbY3IJUEEgTw==/base.apk Binary XML file line #1645
05-04 14:52:37.951  1650  1918 I PackageParser: Parse times for '/data/app/com.google.android.apps.docs-kuGs_tZnLRrbY3IJUEEgTw==': parse=94ms, update_cache=13 ms
05-04 14:52:37.992  1650  1916 W PackageParser: No actions in intent filter at /data/app/com.google.android.apps.translate-HZwdySxbukK1Of22uawuDg==/base.apk Binary XML file line #428
05-04 14:52:38.094  1650  1650 I PackageManager: Finished scanning non-system apps. Time: 616 ms, packageCount: 73 , timePerPackage: 8 , cached: 69
05-04 14:52:38.097  1650  1650 E PackageManager: updateAllSharedLibrariesLPw failed: Package com.qualcomm.qcrilmsgtunnel requires unavailable shared library android.hidl.manager@1.0-java; failing!
05-04 14:52:38.113  1650  1650 I boot_progress_pms_scan_end: 24743
05-04 14:52:38.114  1650  1650 I PackageManager: Time to scan packages: 1.115 seconds
05-04 14:52:38.115  1650  1650 W PackageManager: Privileged permission android.permission.SET_MEDIA_KEY_LISTENER for package com.google.android.googlequicksearchbox - not in privapp-permissions whitelist
05-04 14:52:38.115  1650  1650 W PackageManager: Privileged permission android.permission.SET_VOLUME_KEY_LONG_PRESS_LISTENER for package com.google.android.googlequicksearchbox - not in privapp-permissions whitelist
05-04 14:52:38.117  1650  1650 I PackageManager: Un-granting permission android.permission.INSTALL_GRANT_RUNTIME_PERMISSIONS from package com.android.vending (protectionLevel=770 flags=0x384abec5)
05-04 14:52:38.117  1650  1650 I PackageManager: Un-granting permission android.permission.GRANT_RUNTIME_PERMISSIONS from package com.android.vending (protectionLevel=770 flags=0x384abec5)
05-04 14:52:38.117  1650  1650 I PackageManager: Un-granting permission android.permission.REVOKE_RUNTIME_PERMISSIONS from package com.android.vending (protectionLevel=770 flags=0x384abec5)
05-04 14:52:38.117  1650  1650 I PackageManager: Un-granting permission android.permission.SET_PREFERRED_APPLICATIONS from package com.android.vending (protectionLevel=514 flags=0x384abec5)
05-04 14:52:38.117  1650  1650 I PackageManager: Un-granting permission android.permission.ACCESS_INSTANT_APPS from package com.android.vending (protectionLevel=770 flags=0x384abec5)
05-04 14:52:38.118  1650  1650 W PackageManager: Privileged permission android.permission.WRITE_SECURE_SETTINGS for package com.smartron.display - not in privapp-permissions whitelist
05-04 14:52:38.119  1650  1650 W PackageManager: Privileged permission android.permission.BIND_APPWIDGET for package com.smartron.tronxlauncher - not in privapp-permissions whitelist
05-04 14:52:38.120  1650  1650 W PackageManager: Privileged permission android.permission.WRITE_MEDIA_STORAGE for package com.smartron.soundrecorder - not in privapp-permissions whitelist
05-04 14:52:38.120  1650  1650 W PackageManager: Privileged permission android.permission.CAPTURE_AUDIO_OUTPUT for package com.smartron.soundrecorder - not in privapp-permissions whitelist
05-04 14:52:38.121  1650  1650 W PackageManager: Privileged permission android.permission.CALL_PRIVILEGED for package com.android.dialer - not in privapp-permissions whitelist
05-04 14:52:38.121  1650  1650 W PackageManager: Privileged permission android.permission.WRITE_MEDIA_STORAGE for package com.android.gallery3d - not in privapp-permissions whitelist
05-04 14:52:38.121  1650  1650 I PackageManager: Un-granting permission android.permission.CLEAR_APP_USER_DATA from package com.google.android.packageinstaller (protectionLevel=258 flags=0x38483e45)
05-04 14:52:38.121  1650  1650 I PackageManager: Un-granting permission android.permission.GRANT_RUNTIME_PERMISSIONS from package com.google.android.packageinstaller (protectionLevel=770 flags=0x38483e45)
05-04 14:52:38.121  1650  1650 I PackageManager: Un-granting permission android.permission.REVOKE_RUNTIME_PERMISSIONS from package com.google.android.packageinstaller (protectionLevel=770 flags=0x38483e45)
05-04 14:52:38.121  1650  1650 I PackageManager: Un-granting permission android.permission.INSTALL_GRANT_RUNTIME_PERMISSIONS from package com.google.android.packageinstaller (protectionLevel=770 flags=0x38483e45)
05-04 14:52:38.121  1650  1650 I PackageManager: Un-granting permission android.permission.INTERACT_ACROSS_USERS_FULL from package com.google.android.packageinstaller (protectionLevel=258 flags=0x38483e45)
05-04 14:52:38.121  1650  1650 I PackageManager: Un-granting permission android.permission.KILL_UID from package com.google.android.packageinstaller (protectionLevel=258 flags=0x38483e45)
05-04 14:52:38.121  1650  1650 I PackageManager: Un-granting permission android.permission.MANAGE_APP_OPS_RESTRICTIONS from package com.google.android.packageinstaller (protectionLevel=258 flags=0x38483e45)
05-04 14:52:38.121  1650  1650 I PackageManager: Un-granting permission android.permission.HIDE_NON_SYSTEM_OVERLAY_WINDOWS from package com.google.android.packageinstaller (protectionLevel=258 flags=0x38483e45)
05-04 14:52:38.121  1650  1650 I PackageManager: Un-granting permission android.permission.ACCESS_INSTANT_APPS from package com.google.android.packageinstaller (protectionLevel=770 flags=0x38483e45)
05-04 14:52:38.122  1650  1650 W PackageManager: Privileged permission android.permission.PACKET_KEEPALIVE_OFFLOAD for package com.google.android.ims - not in privapp-permissions whitelist
05-04 14:52:38.122  1650  1650 W PackageManager: Privileged permission android.permission.CONNECTIVITY_USE_RESTRICTED_NETWORKS for package com.google.android.ims - not in privapp-permissions whitelist
05-04 14:52:38.123  1650  1650 W PackageManager: Privileged permission android.permission.READ_LOGS for package com.smartron.synctron - not in privapp-permissions whitelist
05-04 14:52:38.123  1650  1650 W PackageManager: Privileged permission android.permission.MOUNT_UNMOUNT_FILESYSTEMS for package com.smartron.music - not in privapp-permissions whitelist
05-04 14:52:38.123  1650  1650 W PackageManager: Privileged permission android.permission.WRITE_MEDIA_STORAGE for package com.smartron.music - not in privapp-permissions whitelist
05-04 14:52:38.124  1650  1650 W PackageManager: Privileged permission android.permission.MOUNT_UNMOUNT_FILESYSTEMS for package com.smartron.camera - not in privapp-permissions whitelist
05-04 14:52:38.126  1650  1650 V PackageManager: reconcileAppsData for null u0 0x3 migrateAppData=true
05-04 14:52:38.131  1650  1650 W PackageManager: Destroying /data/user/0/media due to: com.android.server.pm.PackageManagerException: Package media is unknown
05-04 14:52:38.135  1650  1650 I pm_critical_info: Destroying /data/user/0/media due to: com.android.server.pm.PackageManagerException: Package media is unknown
05-04 14:52:38.141  1890  1890 E AndroidRuntime: *** FATAL EXCEPTION IN SYSTEM PROCESS: main
05-04 14:52:38.141  1890  1890 E AndroidRuntime: java.lang.IllegalStateException: android.os.ServiceManager$ServiceNotFoundException: No service published for: input
05-04 14:52:38.141  1890  1890 E AndroidRuntime: 	at android.hardware.input.InputManager.getInstance(InputManager.java:232)
05-04 14:52:38.141  1890  1890 E AndroidRuntime: 	at com.android.commands.input.Input.injectKeyEvent(Input.java:272)
05-04 14:52:38.141  1890  1890 E AndroidRuntime: 	at com.android.commands.input.Input.sendKeyEvent(Input.java:198)
05-04 14:52:38.141  1890  1890 E AndroidRuntime: 	at com.android.commands.input.Input.run(Input.java:97)
05-04 14:52:38.141  1890  1890 E AndroidRuntime: 	at com.android.commands.input.Input.main(Input.java:60)
05-04 14:52:38.141  1890  1890 E AndroidRuntime: 	at com.android.internal.os.RuntimeInit.nativeFinishInit(Native Method)
05-04 14:52:38.141  1890  1890 E AndroidRuntime: 	at com.android.internal.os.RuntimeInit.main(RuntimeInit.java:285)
05-04 14:52:38.141  1890  1890 E AndroidRuntime: Caused by: android.os.ServiceManager$ServiceNotFoundException: No service published for: input
05-04 14:52:38.141  1890  1890 E AndroidRuntime: 	at android.os.ServiceManager.getServiceOrThrow(ServiceManager.java:75)
05-04 14:52:38.141  1890  1890 E AndroidRuntime: 	at android.hardware.input.InputManager.getInstance(InputManager.java:230)
05-04 14:52:38.141  1890  1890 E AndroidRuntime: 	... 6 more
05-04 14:52:38.142  1890  1890 E AndroidRuntime: Error reporting crash
05-04 14:52:38.142  1890  1890 E AndroidRuntime: java.lang.RuntimeException: Bad file descriptor
05-04 14:52:38.142  1890  1890 E AndroidRuntime: 	at android.os.BinderProxy.transactNative(Native Method)
05-04 14:52:38.142  1890  1890 E AndroidRuntime: 	at android.os.BinderProxy.transact(Binder.java:764)
05-04 14:52:38.142  1890  1890 E AndroidRuntime: 	at android.os.ServiceManagerProxy.getService(ServiceManagerNative.java:123)
05-04 14:52:38.142  1890  1890 E AndroidRuntime: 	at android.os.ServiceManager.getService(ServiceManager.java:56)
05-04 14:52:38.142  1890  1890 E AndroidRuntime: 	at android.app.ActivityManager$1.create(ActivityManager.java:4225)
05-04 14:52:38.142  1890  1890 E AndroidRuntime: 	at android.app.ActivityManager$1.create(ActivityManager.java:4223)
05-04 14:52:38.142  1890  1890 E AndroidRuntime: 	at android.util.Singleton.get(Singleton.java:34)
05-04 14:52:38.142  1890  1890 E AndroidRuntime: 	at android.app.ActivityManager.getService(ActivityManager.java:4218)
05-04 14:52:38.142  1890  1890 E AndroidRuntime: 	at com.android.internal.os.RuntimeInit$KillApplicationHandler.uncaughtException(RuntimeInit.java:116)
05-04 14:52:38.142  1890  1890 E AndroidRuntime: 	at java.lang.ThreadGroup.uncaughtException(ThreadGroup.java:1068)
05-04 14:52:38.142  1890  1890 E AndroidRuntime: 	at java.lang.ThreadGroup.uncaughtException(ThreadGroup.java:1063)
05-04 14:52:38.142  1890  1890 E AndroidRuntime: 	at java.lang.Thread.dispatchUncaughtException(Thread.java:1955)
05-04 14:52:38.669  1650  1650 V PackageManager: reconcileAppsData finished 30 packages
05-04 14:52:38.670  1650  1970 D SystemServerInitThreadPool: Started executing prepareAppData
05-04 14:52:38.869  1650  1650 I boot_progress_pms_ready: 25499
05-04 14:52:38.876  1650  1650 V PackageManager: Ephemeral resolver found; pkg: com.google.android.gms, info:ResolveInfo{518a72c com.google.android.gms/.chimera.PersistentBoundBrokerService m=0x108000}
05-04 14:52:38.877  1650  1650 D PackageManager: Set ephemeral resolver: Pair{ComponentInfo{com.google.android.gms/com.google.android.gms.chimera.PersistentBoundBrokerService} android.intent.action.RESOLVE_INSTANT_APP_PACKAGE}
05-04 14:52:38.883  1650  1650 D PackageManager: Set ephemeral installer activity: ComponentInfo{com.android.vending/com.google.android.finsky.instantapps.EphemeralInstallerActivity}
05-04 14:52:38.910  1650  1770 I dvm_lock_sample: [system_server,0,android.bg,568,Settings.java,5319,void com.android.server.pm.Settings$RuntimePermissionPersistence.writePermissionsSync(int),Binder.java,-2,boolean android.os.BinderProxy.transactNative(int, android.os.Parcel, android.os.Parcel, int),100]
05-04 14:52:39.123  1650  1650 D SystemServerTiming: StartPackageManagerService took to complete: 2754ms
05-04 14:52:39.124  1650  1650 I sysui_histogram: [boot_package_manager_init_ready,25753]
05-04 14:52:39.124  1650  1650 I sysui_multi_action: [757,804,799,boot_package_manager_init_ready,801,25753,802,1]
05-04 14:52:39.124  1650  1650 I SystemServer: StartOtaDexOptService
05-04 14:52:39.127  1650  1650 D OTADexopt: No upgrade, skipping A/B artifacts check.
05-04 14:52:39.127  1650  1650 D SystemServerTiming: StartOtaDexOptService took to complete: 2ms
05-04 14:52:39.127  1650  1650 I SystemServer: StartUserManagerService
05-04 14:52:39.127  1650  1650 I SystemServiceManager: Starting com.android.server.pm.UserManagerService$LifeCycle
05-04 14:52:39.128  1650  1650 D SystemServerTiming: StartUserManagerService took to complete: 1ms
05-04 14:52:39.129  1650  1650 I SystemServer: InitAttributerCache
05-04 14:52:39.129  1650  1650 D SystemServerTiming: InitAttributerCache took to complete: 1ms
05-04 14:52:39.129  1650  1650 I SystemServer: SetSystemProcess
05-04 14:52:39.149  1650  1650 I am_uid_running: 1000
05-04 14:52:39.153  1650  1650 I am_uid_active: 1000
05-04 14:52:39.154  1650  1650 D SystemServerTiming: SetSystemProcess took to complete: 25ms
05-04 14:52:39.157  1650  1992 I ServiceThread: Enabled StrictMode logging for android.anim looper.
05-04 14:52:39.157  1650  1650 I SystemServer: StartOverlayManagerService
05-04 14:52:39.160  1650  1650 D SystemServerTiming: StartOverlayManagerService took to complete: 3ms
05-04 14:52:39.161  1650  1993 D SystemServerInitThreadPool: Started executing Init OverlayManagerService
05-04 14:52:39.162  1650  1650 I SystemServer: StartDropBoxManager
05-04 14:52:39.163  1650  1994 D SystemServerInitThreadPool: Started executing StartSensorService
05-04 14:52:39.163  1650  1650 I SystemServiceManager: Starting com.android.server.DropBoxManagerService
05-04 14:52:39.171  1650  1650 D SystemServerTiming: StartDropBoxManager took to complete: 9ms
05-04 14:52:39.171  1650  1650 I SystemServer: StartBatteryService
05-04 14:52:39.172  1650  1650 I SystemServiceManager: Starting com.android.server.BatteryService
05-04 14:52:39.189  1650  1697 I battery_status: [2,2,1,2,Li-ion]
05-04 14:52:39.189  1650  1697 I battery_level: [100,4302,362]
05-04 14:52:39.192  1650  1994 D SystemServerTimingAsync: StartSensorService took to complete: 29ms
05-04 14:52:39.192  1650  1994 D SystemServerInitThreadPool: Finished executing StartSensorService
05-04 14:52:39.197  1650  1650 D SystemServerTiming: StartBatteryService took to complete: 26ms
05-04 14:52:39.197  1650  1650 I SystemServer: StartUsageService
05-04 14:52:39.202  1650  1650 I SystemServiceManager: Starting com.android.server.usage.UsageStatsService
05-04 14:52:39.220  1650  1650 D SystemServerTiming: StartUsageService took to complete: 22ms
05-04 14:52:39.220  1650  1650 I SystemServer: StartWebViewUpdateService
05-04 14:52:39.224  1650  1650 I SystemServiceManager: Starting com.android.server.webkit.WebViewUpdateService
05-04 14:52:39.238  1650  1650 D SystemServerTiming: StartWebViewUpdateService took to complete: 18ms
05-04 14:52:39.239  1650  1650 I SystemServer: StartKeyAttestationApplicationIdProviderService
05-04 14:52:39.239  1650  1751 D SystemServerInitThreadPool: Started executing SecondaryZygotePreload
05-04 14:52:39.239  1650  1751 I SystemServer: SecondaryZygotePreload
05-04 14:52:39.244  1650  1650 D SystemServerTiming: StartKeyAttestationApplicationIdProviderService took to complete: 5ms
05-04 14:52:39.244  1650  1650 I SystemServer: StartKeyChainSystemService
05-04 14:52:39.244  1650  1650 I SystemServiceManager: Starting com.android.server.security.KeyChainSystemService
05-04 14:52:39.245  1650  1650 D SystemServerTiming: StartKeyChainSystemService took to complete: 1ms
05-04 14:52:39.245  1650  1650 I SystemServer: StartSchedulingPolicyService
05-04 14:52:39.248  1650  1650 D SystemServerTiming: StartSchedulingPolicyService took to complete: 3ms
05-04 14:52:39.248  1650  1650 I SystemServer: StartTelecomLoaderService
05-04 14:52:39.252  1650  1650 I SystemServiceManager: Starting com.android.server.telecom.TelecomLoaderService
05-04 14:52:39.254  1650  1650 D SystemServerTiming: StartTelecomLoaderService took to complete: 6ms
05-04 14:52:39.254  1650  1650 I SystemServer: StartTelephonyRegistry
05-04 14:52:39.262  1650  1771 W ProcessCpuTracker: Skipping unknown process pid 1990
05-04 14:52:39.264  1650  1650 D SystemServerTiming: StartTelephonyRegistry took to complete: 10ms
05-04 14:52:39.264  1650  1650 I SystemServer: StartEntropyMixer
05-04 14:52:39.272  1650  1650 I EntropyMixer: Writing entropy...
05-04 14:52:39.286   857   857 D ZygoteInitTiming_lazy: BeginIcuCachePinning took to complete: 22ms
05-04 14:52:39.295  1650  1650 D SystemServerTiming: StartEntropyMixer took to complete: 30ms
05-04 14:52:39.295  1650  1650 I SystemServer: StartAccountManagerService
05-04 14:52:39.298  1650  1650 I SystemServiceManager: Starting com.android.server.accounts.AccountManagerService$Lifecycle
05-04 14:52:39.313  1650  1650 D SystemServerTiming: StartAccountManagerService took to complete: 18ms
05-04 14:52:39.313  1650  1650 I SystemServer: StartContentService
05-04 14:52:39.320  1650  1650 I SystemServiceManager: Starting com.android.server.content.ContentService$Lifecycle
05-04 14:52:39.326  1650  1650 D SystemServerTiming: StartContentService took to complete: 13ms
05-04 14:52:39.327  1650  1650 I SystemServer: InstallSystemProviders
05-04 14:52:39.412  1650  1650 D SystemServerTiming: InstallSystemProviders took to complete: 86ms
05-04 14:52:39.413  1650  1650 I SystemServer: StartVibratorService
05-04 14:52:39.431  1650  1650 D SystemServerTiming: StartVibratorService took to complete: 19ms
05-04 14:52:39.431  1650  1650 I SystemServer: StartConsumerIrService
05-04 14:52:39.436  1650  1650 D SystemServerTiming: StartConsumerIrService took to complete: 5ms
05-04 14:52:39.436  1650  1650 I SystemServer: StartAlarmManagerService
05-04 14:52:39.436  1650  1650 I SystemServiceManager: Starting com.android.server.AlarmManagerService
05-04 14:52:39.455  1650  1650 D SystemServerTiming: StartAlarmManagerService took to complete: 19ms
05-04 14:52:39.455  1650  1650 I SystemServer: InitWatchdog
05-04 14:52:39.456  1650  1650 D SystemServerTiming: InitWatchdog took to complete: 1ms
05-04 14:52:39.456  1650  1650 I SystemServer: StartInputManagerService
05-04 14:52:39.460  1650  1650 I InputManager: Initializing input manager, mUseDevInputEventForAudioJack=true
05-04 14:52:39.462  1650  1650 D SystemServerTiming: StartInputManagerService took to complete: 6ms
05-04 14:52:39.462  1650  1650 I SystemServer: StartWindowManagerService
05-04 14:52:39.495  1650  1832 I WindowManager: No existing display settings /data/system/display_settings.xml; starting empty
05-04 14:52:39.553  1650  1772 I am_wtf  : [0,1650,system_server,-1,SystemServiceRegistry,No service published for: fingerprint]
05-04 14:52:39.653  1650  1970 D SystemServerTimingAsync: AppDataFixup took to complete: 983ms
05-04 14:52:39.729   857   857 D TelephonyManager: No /proc/cmdline exception=java.io.FileNotFoundException: /proc/cmdline (Permission denied)
05-04 14:52:39.729   857   857 D TelephonyManager: /proc/cmdline=
05-04 14:52:39.756  1650  1993 D SystemServerInitThreadPool: Finished executing Init OverlayManagerService
05-04 14:52:39.767  1650  1772 V WindowManager: Broadcasting Intent for HDMI HPD :false
05-04 14:52:39.768  1650  1772 W Looper  : Dispatch took 234ms on android.ui, h=Handler (android.os.Handler) {5c710e} cb=android.os.Handler$BlockingRunnable@a2972f msg=0
05-04 14:52:39.774  1650  1650 D SystemServerTiming: StartWindowManagerService took to complete: 312ms
05-04 14:52:39.774  1650  1994 D SystemServerInitThreadPool: Started executing StartHidlServices
05-04 14:52:39.774  1650  1650 I SystemServer: StartVrManagerService
05-04 14:52:39.774  1650  1650 I SystemServiceManager: Starting com.android.server.vr.VrManagerService
05-04 14:52:39.790  1650  1994 D SystemServerTimingAsync: StartHidlServices took to complete: 16ms
05-04 14:52:39.791  1650  1994 D SystemServerInitThreadPool: Finished executing StartHidlServices
05-04 14:52:39.796  1650  1650 D SystemServerTiming: StartVrManagerService took to complete: 22ms
05-04 14:52:39.796  1650  1650 I SystemServer: SetWindowManagerService
05-04 14:52:39.800  1650  1650 I wm_stack_created: 0
05-04 14:52:39.805  1650  1650 D SystemServerTiming: SetWindowManagerService took to complete: 8ms
05-04 14:52:39.805  1650  1650 I SystemServer: StartInputManager
05-04 14:52:39.805  1650  1650 I InputManager: Starting input manager
05-04 14:52:39.809  1650  1650 D SystemServerTiming: StartInputManager took to complete: 4ms
05-04 14:52:39.809  1650  1650 I SystemServer: DisplayManagerWindowManagerAndInputReady
05-04 14:52:39.809  1650  1650 D SystemServerTiming: DisplayManagerWindowManagerAndInputReady took to complete: 0ms
05-04 14:52:39.810  1650  1650 I SystemServer: StartBluetoothService
05-04 14:52:39.810  1650  1650 I SystemServiceManager: Starting com.android.server.BluetoothService
05-04 14:52:39.813  1650  1650 D BluetoothManagerService: Loading stored name and address
05-04 14:52:39.814  1650  1650 D BluetoothManagerService: Stored bluetooth Name=T5911,Address=22:22:3D:40:27:67
05-04 14:52:39.814  1650  1650 D BluetoothManagerService: Bluetooth persisted state: 0
05-04 14:52:39.815  1650  1650 D SystemServerTiming: StartBluetoothService took to complete: 5ms
05-04 14:52:39.815  1650  1650 I SystemServer: IpConnectivityMetrics
05-04 14:52:39.815  1650  1650 I SystemServiceManager: Starting com.android.server.connectivity.IpConnectivityMetrics
05-04 14:52:39.817  1650  1650 D SystemServerTiming: IpConnectivityMetrics took to complete: 1ms
05-04 14:52:39.817  1650  1650 I SystemServer: PinnerService
05-04 14:52:39.817  1650  1650 I SystemServiceManager: Starting com.android.server.PinnerService
05-04 14:52:39.820  1650  1650 D SystemServerTiming: PinnerService took to complete: 2ms
05-04 14:52:39.820  1650  1650 I SystemServer: StartInputMethodManagerLifecycle
05-04 14:52:39.820  1650  1650 I SystemServiceManager: Starting com.android.server.InputMethodManagerService$Lifecycle
05-04 14:52:39.832  1650  1650 D SystemServerTiming: StartInputMethodManagerLifecycle took to complete: 12ms
05-04 14:52:39.833  1650  1650 I SystemServer: StartAccessibilityManagerService
05-04 14:52:39.839  1650  1650 D SystemServerTiming: StartAccessibilityManagerService took to complete: 6ms
05-04 14:52:39.839  1650  1650 I SystemServer: MakeDisplayReady
05-04 14:52:39.842  1650  1650 I configuration_changed: 24056
05-04 14:52:39.842  1650  1650 I ActivityManager: Config changes=5df8 {1.0 ?mcc?mnc [en_US] ldltr sw360dp w360dp h720dp 480dpi nrml long port ?uimode ?night -touch -keyb/v/h -nav/h appBounds=Rect(0, 0 - 1080, 2160) s.2}
05-04 14:52:39.846  1650  1650 I ActivityManager: Override config changes=40007dfc {1.0 ?mcc?mnc [en_US] ldltr sw360dp w360dp h720dp 480dpi nrml long port ?uimode ?night -touch -keyb/v/h -nav/h appBounds=Rect(0, 0 - 1080, 2160) s.2} for displayId=0
05-04 14:52:39.870  1650  1650 I configuration_changed: 1024
05-04 14:52:39.871  1650  1650 I ActivityManager: Config changes=400 {1.0 ?mcc?mnc [en_US] ldltr sw360dp w360dp h648dp 480dpi nrml long port ?uimode ?night -touch -keyb/v/h -nav/h appBounds=Rect(0, 0 - 1080, 2016) s.3}
05-04 14:52:39.874  1650  1650 I ActivityManager: Override config changes=400 {1.0 ?mcc?mnc [en_US] ldltr sw360dp w360dp h648dp 480dpi nrml long port ?uimode ?night -touch -keyb/v/h -nav/h appBounds=Rect(0, 0 - 1080, 2016) s.3} for displayId=0
05-04 14:52:39.880  1650  1650 D SystemServerTiming: MakeDisplayReady took to complete: 41ms
05-04 14:52:39.880  1650  1650 I SystemServer: StartStorageManagerService
05-04 14:52:39.881  1650  1650 I SystemServiceManager: Starting com.android.server.StorageManagerService$Lifecycle
05-04 14:52:39.896  1650  1650 D SystemServerTiming: StartStorageManagerService took to complete: 16ms
05-04 14:52:39.896  1650  1650 I SystemServer: StartStorageStatsService
05-04 14:52:39.896  1650  1650 I SystemServiceManager: Starting com.android.server.usage.StorageStatsService$Lifecycle
05-04 14:52:39.896  1650  2061 D StorageManagerService: Thinking about init, mSystemReady=false, mDaemonConnected=true
05-04 14:52:39.897  1650  2061 D StorageManagerService: Thinking about reset, mSystemReady=false, mDaemonConnected=true
05-04 14:52:39.901  1650  2061 D StorageManagerService: Thinking about init, mSystemReady=false, mDaemonConnected=true
05-04 14:52:39.901  1650  2061 D StorageManagerService: Thinking about reset, mSystemReady=false, mDaemonConnected=true
05-04 14:52:39.902  1650  2061 D CryptdConnector: SND -> {1 cryptfs getfield SystemLocale}
05-04 14:52:39.905  1650  1650 D SystemServerTiming: StartStorageStatsService took to complete: 9ms
05-04 14:52:39.905  1650  1650 I SystemServer: StartUiModeManager
05-04 14:52:39.906  1650  1650 I SystemServiceManager: Starting com.android.server.UiModeManagerService
05-04 14:52:39.911  1650  1993 D SystemServerInitThreadPool: Started executing UiModeManager.onStart
05-04 14:52:39.913  1650  1650 D SystemServerTiming: StartUiModeManager took to complete: 7ms
05-04 14:52:39.913  1650  1993 I configuration_changed: 512
05-04 14:52:39.913  1650  1650 I SystemServer: UpdatePackagesIfNeeded
05-04 14:52:39.913  1650  1650 D SystemServerTiming: UpdatePackagesIfNeeded took to complete: 0ms
05-04 14:52:39.913  1650  1993 I ActivityManager: Config changes=200 {1.0 ?mcc?mnc [en_US] ldltr sw360dp w360dp h648dp 480dpi nrml long port -touch -keyb/v/h -nav/h appBounds=Rect(0, 0 - 1080, 2016) s.4}
05-04 14:52:39.913  1650  1650 I SystemServer: PerformFstrimIfNeeded
05-04 14:52:39.920  1650  1993 I ActivityManager: Override config changes=200 {1.0 ?mcc?mnc [en_US] ldltr sw360dp w360dp h648dp 480dpi nrml long port -touch -keyb/v/h -nav/h appBounds=Rect(0, 0 - 1080, 2016) s.4} for displayId=0
05-04 14:52:39.920  1650  1650 D SystemServerTiming: PerformFstrimIfNeeded took to complete: 7ms
05-04 14:52:39.921  1650  1650 I SystemServer: StartLockSettingsService
05-04 14:52:39.924  1650  1650 I SystemServiceManager: Starting com.android.server.locksettings.LockSettingsService$Lifecycle
05-04 14:52:39.930  2062  2062 I auditd  : type=1400 audit(0.0:23): avc: denied { read } for comm="cat" name="system" dev="debugfs" ino=7169 scontext=u:r:shell:s0 tcontext=u:object_r:debugfs:s0 tclass=file permissive=1
05-04 14:52:39.930  2062  2062 I auditd  : type=1400 audit(0.0:24): avc: denied { open } for comm="cat" path="/sys/kernel/debug/ion/heaps/system" dev="debugfs" ino=7169 scontext=u:r:shell:s0 tcontext=u:object_r:debugfs:s0 tclass=file permissive=1
05-04 14:52:39.930   857   857 D ZygoteInitTiming_lazy: PreloadClasses took to complete: 644ms
05-04 14:52:39.935  1650  1993 D SystemServerInitThreadPool: Finished executing UiModeManager.onStart
05-04 14:52:39.950  1650  1650 D SystemServerTiming: StartLockSettingsService took to complete: 29ms
05-04 14:52:39.950  1650  1650 I SystemServer: StartPersistentDataBlock
05-04 14:52:39.950  1650  1650 I SystemServiceManager: Starting com.android.server.PersistentDataBlockService
05-04 14:52:39.951  1650  1650 D SystemServerTiming: StartPersistentDataBlock took to complete: 1ms
05-04 14:52:39.951  1650  1994 D SystemServerInitThreadPool: Started executing PersistentDataBlockService.onStart
05-04 14:52:39.951  1650  1650 I SystemServer: StartOemLockService
05-04 14:52:39.953  1650  1650 I SystemServiceManager: Starting com.android.server.oemlock.OemLockService
05-04 14:52:39.957  1650  1650 I OemLock : OemLock HAL not present on device
05-04 14:52:39.957  1650  1650 I OemLock : Using persistent data block based lock
05-04 14:52:39.961  1650  1650 D SystemServerTiming: StartOemLockService took to complete: 10ms
05-04 14:52:39.962  1650  1650 I SystemServer: StartDeviceIdleController
05-04 14:52:39.962  1650  2064 D CryptdConnector: RCV <- {113 1 en-US}
05-04 14:52:39.963  1650  1650 I SystemServiceManager: Starting com.android.server.DeviceIdleController
05-04 14:52:39.963  1650  2064 D CryptdConnector: RCV <- {200 1 0}
05-04 14:52:39.966  1650  1770 I UsageStatsService: User[0] Rollover scheduled @ 2018-05-04 15:08:00(1525426680240)
05-04 14:52:39.971  1650  1994 D SystemServerInitThreadPool: Finished executing PersistentDataBlockService.onStart
05-04 14:52:39.971  1650  2061 D StorageManagerService: Got locale en-US from mount service
05-04 14:52:39.973  1650  2061 I configuration_changed: 256
