05-04 14:52:44.634  2517  2517 D         : [0]update(): Active DDS, register for all events now!
05-04 14:52:44.634  2517  2529 D SubscriptionController: [getPhoneId]- no sims, returning default phoneId=0
05-04 14:52:44.635  2517  2517 D GsmCdmaPhone: [GsmCdmaPhone] updateCurrentCarrierInProvider: mSubId = 2147483643 currentDds = -1 operatorNumeric = null
05-04 14:52:44.637  2517  2517 D         : [0]initApnContexts: E
05-04 14:52:44.637  2517  2517 D         : [0]initApnContexts: skipping unknown type=1
05-04 14:52:44.638  2517  2517 D         : [0]initApnContexts: apnContext={mApnType=default mState=IDLE mWaitingApns={null} mApnSetting={null} mReason=dataEnabled mDataEnabled=false mDependencyMet=true}
05-04 14:52:44.638  2517  2517 D         : [0]initApnContexts: apnContext={mApnType=mms mState=IDLE mWaitingApns={null} mApnSetting={null} mReason=dataEnabled mDataEnabled=false mDependencyMet=true}
05-04 14:52:44.638  2517  2517 D         : [0]initApnContexts: apnContext={mApnType=supl mState=IDLE mWaitingApns={null} mApnSetting={null} mReason=dataEnabled mDataEnabled=false mDependencyMet=true}
05-04 14:52:44.639  2517  2517 D         : [0]initApnContexts: apnContext={mApnType=dun mState=IDLE mWaitingApns={null} mApnSetting={null} mReason=dataEnabled mDataEnabled=false mDependencyMet=true}
05-04 14:52:44.639  2517  2517 D         : [0]initApnContexts: apnContext={mApnType=hipri mState=IDLE mWaitingApns={null} mApnSetting={null} mReason=dataEnabled mDataEnabled=false mDependencyMet=true}
05-04 14:52:44.639  2517  2517 D         : [0]initApnContexts: apnContext={mApnType=fota mState=IDLE mWaitingApns={null} mApnSetting={null} mReason=dataEnabled mDataEnabled=false mDependencyMet=true}
05-04 14:52:44.639  2517  2517 D         : [0]initApnContexts: apnContext={mApnType=ims mState=IDLE mWaitingApns={null} mApnSetting={null} mReason=dataEnabled mDataEnabled=false mDependencyMet=true}
05-04 14:52:44.639  2517  2517 D         : [0]initApnContexts: apnContext={mApnType=cbs mState=IDLE mWaitingApns={null} mApnSetting={null} mReason=dataEnabled mDataEnabled=false mDependencyMet=true}
05-04 14:52:44.639  2517  2517 D         : [0]initApnContexts: skipping unknown type=7
05-04 14:52:44.639  2517  2517 D         : [0]initApnContexts: apnContext={mApnType=emergency mState=IDLE mWaitingApns={null} mApnSetting={null} mReason=dataEnabled mDataEnabled=false mDependencyMet=true}
05-04 14:52:44.659  2225  2431 E ActivityThread: Failed to find provider info for com.android.contacts
05-04 14:52:44.663  2225  2225 D SystemUIBootTiming: StartServicesSystemBars took to complete: 1201ms
05-04 14:52:44.678  2225  2225 D SystemUIBootTiming: StartServicesStorageNotification took to complete: 15ms
05-04 14:52:44.684  2517  2517 D QtiGsmDCT: [0]QtiGsmDCT.constructor
05-04 14:52:44.692  2517  2517 D GsmCdmaPhone: [GsmCdmaPhone] GsmCdmaPhone: constructor: sub = 0
05-04 14:52:44.692  2517  2517 D QtiGsmCdmaPhone: Constructor
05-04 14:52:44.692  2517  2517 I PhoneFactory: Creating Phone with type = 1 sub = 0
05-04 14:52:44.692  2517  2517 D QtiTelephonyComponentFactory: makePhone
05-04 14:52:44.693  2517  2517 D TelephonyTester: register for intent action=com.qualcomm.qti.internal.telephony.action_detached
05-04 14:52:44.693  2517  2517 D TelephonyTester: register for intent action=com.qualcomm.qti.internal.telephony.action_attached
05-04 14:52:44.694  2517  2517 D Phone   : mDoesRilSendMultipleCallRing=false
05-04 14:52:44.694  2517  2517 D Phone   : mCallRingDelay=3000
05-04 14:52:44.694  2517  2517 D QtiTelephonyComponentFactory: makeSmsStorageMonitor
05-04 14:52:44.694  2517  2517 D TelephonyComponentFactory: makeSmsStorageMonitor
05-04 14:52:44.695  2517  2517 D QtiTelephonyComponentFactory: makeSmsUsageMonitor
05-04 14:52:44.698  2517  2517 D RILJ    : [3662]> RIL_REQUEST_START_LCE reportIntervalMs = 200 pullMode = true [SUB1]
05-04 14:52:44.698  2517  2517 D QtiTelephonyComponentFactory: makeGsmCdmaCallTracker
05-04 14:52:44.698  2517  2517 D TelephonyComponentFactory: makeGsmCdmaCallTracker
05-04 14:52:44.699  2517  2517 D QtiTelephonyComponentFactory: makeQtiIccPhoneBookInterfaceManager
05-04 14:52:44.700  2517  2517 D QtiTelephonyComponentFactory: makeIccSmsInterfaceManager
05-04 14:52:44.700  2517  2517 D TelephonyComponentFactory: makeIccSmsInterfaceManager
05-04 14:52:44.701  2517  2517 E RIL_ImsSms: getFormat should never be called from here!
05-04 14:52:44.701  2517  2517 D SMSDispatcher: SMSDispatcher: ctor mSmsCapable=true format=unknown mSmsSendDisabled=false
05-04 14:52:44.701  2517  2517 D RIL_ImsSms: ImsSMSDispatcher created
05-04 14:52:44.702  2517  2517 D SMSDispatcher: SMSDispatcher: ctor mSmsCapable=true format=3gpp2 mSmsSendDisabled=false
05-04 14:52:44.702  2517  2517 D CdmaSMSDispatcher: CdmaSMSDispatcher created
05-04 14:52:44.704  2517  2617 D RILJ    : [3662]< RIL_REQUEST_START_LCE [1, 0] [SUB1]
05-04 14:52:44.705  2517  2517 D QtiTelephonyComponentFactory: getIDeviceIdleController
05-04 14:52:44.705  2517  2517 D TelephonyComponentFactory: getIDeviceIdleController
05-04 14:52:44.707  2225  2225 D SystemUIBootTiming: StartServicesPowerUI took to complete: 28ms
05-04 14:52:44.709  2225  2225 D SystemUIBootTiming: StartServicesRingtonePlayer took to complete: 1ms
05-04 14:52:44.709  2517  2517 D QtiTelephonyComponentFactory: getIDeviceIdleController
05-04 14:52:44.709  2517  2517 D TelephonyComponentFactory: getIDeviceIdleController
05-04 14:52:44.709  2517  2517 D GsmInboundSmsHandler: created InboundSmsHandler
05-04 14:52:44.709  2517  2675 D GsmInboundSmsHandler: entering Startup state
05-04 14:52:44.710  2225  2225 D SystemUIBootTiming: StartServicesKeyboardUI took to complete: 1ms
05-04 14:52:44.712  2517  2517 D QtiTelephonyComponentFactory: getIDeviceIdleController
05-04 14:52:44.712  2517  2517 D TelephonyComponentFactory: getIDeviceIdleController
05-04 14:52:44.715  2517  2517 D QtiTelephonyComponentFactory: getIDeviceIdleController
05-04 14:52:44.715  2517  2517 D TelephonyComponentFactory: getIDeviceIdleController
05-04 14:52:44.716  2517  2517 D CdmaInboundSmsHandler: created InboundSmsHandler
05-04 14:52:44.718  2517  2678 D CdmaInboundSmsHandler: entering Startup state
05-04 14:52:44.719  2517  2517 D SMSDispatcher: SMSDispatcher: ctor mSmsCapable=true format=3gpp mSmsSendDisabled=false
05-04 14:52:44.719  2517  2517 D GsmSMSDispatcher: GsmSMSDispatcher created
05-04 14:52:44.719  2517  2678 D CdmaInboundSmsHandler: StartupState.processMessage:6
05-04 14:52:44.719  2517  2675 D GsmInboundSmsHandler: StartupState.processMessage:6
05-04 14:52:44.719  2517  2675 D GsmInboundSmsHandler: entering Idle state
05-04 14:52:44.719  2517  2678 D CdmaInboundSmsHandler: entering Idle state
05-04 14:52:44.719  2517  2678 D CdmaInboundSmsHandler: IdleState.processMessage:5
05-04 14:52:44.719  2517  2675 D GsmInboundSmsHandler: IdleState.processMessage:5
05-04 14:52:44.720  2517  2678 D CdmaInboundSmsHandler: Idle state processing message type 5
05-04 14:52:44.720  2517  2675 D GsmInboundSmsHandler: Idle state processing message type 5
05-04 14:52:44.721  2517  2675 D GsmInboundSmsHandler: mWakeLock released
05-04 14:52:44.721  2517  2517 D QtiTelephonyComponentFactory: makeIccCardProxy
05-04 14:52:44.721  2517  2678 D CdmaInboundSmsHandler: mWakeLock released
05-04 14:52:44.721  2517  2517 D TelephonyComponentFactory: makeIccCardProxy
05-04 14:52:44.721  2517  2517 D IccCardProxy: ctor: ci=com.qualcomm.qti.internal.telephony.QtiRIL@10b128d phoneId=1
05-04 14:52:44.721  2517  2517 D IccCardProxy: update icc_operator_numeric=
05-04 14:52:44.721  2517  2517 D TelephonyManager: setTelephonyProperty: success phoneId=1 property=gsm.sim.operator.numeric value:  propVal=,
05-04 14:52:44.722  2517  2517 D TelephonyManager: setTelephonyProperty: success phoneId=1 property=gsm.sim.operator.iso-country value:  propVal=,
05-04 14:52:44.723  2517  2517 D TelephonyManager: setTelephonyProperty: success phoneId=1 property=gsm.sim.operator.alpha value:  propVal=,
05-04 14:52:44.726  2517  2517 D QtiTelephonyComponentFactory: getCdmaSubscriptionSourceManagerInstance
05-04 14:52:44.726  2517  2517 D TelephonyComponentFactory: getCdmaSubscriptionSourceManagerInstance
05-04 14:52:44.726  2517  2517 D QtiTelephonyComponentFactory: makeEriManager
05-04 14:52:44.726  2517  2517 D TelephonyComponentFactory: makeEriManager
05-04 14:52:44.729  2517  2517 D GsmCdmaPhone: [GsmCdmaPhone] Precise phone type 1
05-04 14:52:44.729  2517  2517 D RILJ    : setPhoneType=1 old value=0 [SUB1]
05-04 14:52:44.729  2517  2517 D TelephonyManager: setTelephonyProperty: success phoneId=1 property=gsm.current.phone-type value: 1 propVal=1,1
05-04 14:52:44.730  2517  2517 D IccCardProxy: Setting radio tech UMTS
05-04 14:52:44.730  2517  2517 D TelephonyManager: getLteOnCdmaMode=1 curVal=1 product_type='' lteOnCdmaProductType=''
05-04 14:52:44.730  2517  2517 D IccCardProxy: updateQuietMode: 3GPP subscription -> newQuietMode=false
05-04 14:52:44.730  2517  2517 D IccCardProxy: updateQuietMode: no changes don't setExternalState
05-04 14:52:44.730  2517  2517 D IccCardProxy: updateQuietMode: QuietMode is false (app_type=1 isLteOnCdmaMode=true cdmaSource=-1)
05-04 14:52:44.732  2517  2517 D CarrierActionAgent: [1]Creating CarrierActionAgent
05-04 14:52:44.733  2517  2517 W CarrierConfigManager: Error getting config for subId 2147483643 ICarrierConfigLoader is null
05-04 14:52:44.734  2517  2517 D QtiTelephonyComponentFactory: makeQtiServiceStateTracker
05-04 14:52:44.734  2225  2225 D SystemUIBootTiming: StartServicesPipUI took to complete: 24ms
05-04 14:52:44.736  2517  2517 W CarrierConfigManager: Error getting config for subId 2147483643 ICarrierConfigLoader is null
05-04 14:52:44.737  1650  2273 D TelephonyRegistry: listen oscl: hasNotifySubscriptionInfoChangedOccurred==false no callback
05-04 14:52:44.737  2225  2225 D SystemUIBootTiming: StartServicesShortcutKeyDispatcher took to complete: 3ms
05-04 14:52:44.737  2225  2225 D SystemUIBootTiming: StartServicesVendorServices took to complete: 0ms
05-04 14:52:44.738  2225  2225 D SystemUIBootTiming: StartServicesService took to complete: 1ms
05-04 14:52:44.740  2225  2225 D SystemUIBootTiming: StartServicesLatencyTester took to complete: 1ms
05-04 14:52:44.742  2225  2225 D SystemUIBootTiming: StartServicesGlobalActionsComponent took to complete: 1ms
05-04 14:52:44.742  2225  2225 D SystemUIBootTiming: StartServicesRoundedCorners took to complete: 0ms
05-04 14:52:44.742  2225  2225 D SystemUIBootTiming: StartServices took to complete: 1946ms
05-04 14:52:44.743  2517  2517 D TelephonyManager: setTelephonyProperty: success phoneId=1 property=gsm.network.type value: Unknown propVal=Unknown,Unknown
05-04 14:52:44.745  2517  2517 D RILJ    : [3663]> SIGNAL_STRENGTH [SUB1]
05-04 14:52:44.745  2517  2517 D SST     : notifyDataRegStateRilRadioTechnologyChanged: drs=1 rat=0
05-04 14:52:44.746  2517  2517 D TelephonyManager: setTelephonyProperty: success phoneId=1 property=gsm.network.type value: Unknown propVal=Unknown,Unknown
05-04 14:52:44.746  2517  2617 D RILJ    : [3663]< SIGNAL_STRENGTH SignalStrength: 0 0 0 0 0 0 0 0 0 0 0 0 0 0 cdma [SUB1]
05-04 14:52:44.752  2517  2517 D QtiTelephonyComponentFactory: makeQtiDcTracker
05-04 14:52:44.752  2517  2517 D         : [1]DCT.constructor
05-04 14:52:44.757  1650  2373 D TelephonyRegistry: listen oscl: hasNotifySubscriptionInfoChangedOccurred==false no callback
05-04 14:52:44.759  2517  2517 D Dcc     : E ctor
05-04 14:52:44.759  2517  2517 D Dcc     : X ctor
05-04 14:52:44.762  2517  2517 D SubscriptionController: [getPhoneId] asked for default subId=2147483643
05-04 14:52:44.762  2517  2517 D QtiSubscriptionController: getPhoneId, received dummy subId 2147483643
05-04 14:52:44.763  2517  2517 D DcTesterFailBrinupAll: register for intent action=com.android.internal.telephony.dataconnection.action_fail_bringup
05-04 14:52:44.763  2517  2681 D DcTesterDeacativateAll: register for intent action=com.android.internal.telephony.dataconnection.action_deactivate_all
05-04 14:52:44.764  2517  2681 D DcTesterDeacativateAll: register for intent action=com.qualcomm.qti.internal.telephony.action_detached
05-04 14:52:44.764  2517  2517 D DcTesterFailBrinupAll: register for intent action=com.qualcomm.qti.internal.telephony.action_detached
05-04 14:52:44.764  2517  2517 D DcTesterFailBrinupAll: register for intent action=com.qualcomm.qti.internal.telephony.action_attached
05-04 14:52:44.764  1650  1650 W AccessibilityManagerService: Skipping accessibilty service com.launcher.ol/com.battery.battery.MyAccessibilityService: it does not require the permission android.permission.BIND_ACCESSIBILITY_SERVICE
05-04 14:52:44.765  2517  2681 D Dcc     : DccDefaultState: msg.what=EVENT_RIL_CONNECTED mRilVersion=15
05-04 14:52:44.765  2517  2517 D SST     : notifyDataRegStateRilRadioTechnologyChanged: drs=1 rat=0
05-04 14:52:44.765  2517  2517 D TelephonyManager: setTelephonyProperty: success phoneId=1 property=gsm.network.type value: Unknown propVal=Unknown,Unknown
05-04 14:52:44.766  2517  2517 D         : [1]update sub = 2147483644
05-04 14:52:44.766  2517  2517 D         : [1]update(): Active DDS, register for all events now!
05-04 14:52:44.767  2517  2517 D GsmCdmaPhone: [GsmCdmaPhone] updateCurrentCarrierInProvider: mSubId = 2147483644 currentDds = -1 operatorNumeric = null
05-04 14:52:44.769  2517  2517 D         : [1]initApnContexts: E
05-04 14:52:44.769  2517  2517 D         : [1]initApnContexts: skipping unknown type=1
05-04 14:52:44.769  2517  2517 D         : [1]initApnContexts: apnContext={mApnType=default mState=IDLE mWaitingApns={null} mApnSetting={null} mReason=dataEnabled mDataEnabled=false mDependencyMet=true}
05-04 14:52:44.769  2517  2517 D         : [1]initApnContexts: apnContext={mApnType=mms mState=IDLE mWaitingApns={null} mApnSetting={null} mReason=dataEnabled mDataEnabled=false mDependencyMet=true}
05-04 14:52:44.769  2517  2517 D         : [1]initApnContexts: apnContext={mApnType=supl mState=IDLE mWaitingApns={null} mApnSetting={null} mReason=dataEnabled mDataEnabled=false mDependencyMet=true}
05-04 14:52:44.769  2517  2517 D         : [1]initApnContexts: apnContext={mApnType=dun mState=IDLE mWaitingApns={null} mApnSetting={null} mReason=dataEnabled mDataEnabled=false mDependencyMet=true}
05-04 14:52:44.769  2517  2517 D         : [1]initApnContexts: apnContext={mApnType=hipri mState=IDLE mWaitingApns={null} mApnSetting={null} mReason=dataEnabled mDataEnabled=false mDependencyMet=true}
05-04 14:52:44.769  2517  2517 D         : [1]initApnContexts: apnContext={mApnType=fota mState=IDLE mWaitingApns={null} mApnSetting={null} mReason=dataEnabled mDataEnabled=false mDependencyMet=true}
05-04 14:52:44.769  2517  2517 D         : [1]initApnContexts: apnContext={mApnType=ims mState=IDLE mWaitingApns={null} mApnSetting={null} mReason=dataEnabled mDataEnabled=false mDependencyMet=true}
05-04 14:52:44.769  2517  2517 D         : [1]initApnContexts: apnContext={mApnType=cbs mState=IDLE mWaitingApns={null} mApnSetting={null} mReason=dataEnabled mDataEnabled=false mDependencyMet=true}
05-04 14:52:44.770  2517  2517 D         : [1]initApnContexts: skipping unknown type=7
05-04 14:52:44.770  2517  2517 D         : [1]initApnContexts: apnContext={mApnType=emergency mState=IDLE mWaitingApns={null} mApnSetting={null} mReason=dataEnabled mDataEnabled=false mDependencyMet=true}
05-04 14:52:44.783  2517  2517 D QtiGsmDCT: [1]QtiGsmDCT.constructor
05-04 14:52:44.787  2517  2517 D GsmCdmaPhone: [GsmCdmaPhone] GsmCdmaPhone: constructor: sub = 1
05-04 14:52:44.787  2517  2517 D QtiGsmCdmaPhone: Constructor
05-04 14:52:44.787  2517  2517 I PhoneFactory: Creating Phone with type = 1 sub = 1
05-04 14:52:44.791  2517  2517 I PhoneFactory: defaultSmsApplication: NONE
05-04 14:52:44.794  2517  2517 I PhoneFactory: Creating SubInfoRecordUpdater 
05-04 14:52:44.795  2517  2517 D QtiTelephonyComponentFactory: makeSubscriptionInfoUpdater
05-04 14:52:44.796  2517  2517 D SubscriptionInfoUpdater: Constructor invoked
05-04 14:52:44.852  2517  2517 I ImsManager: Creating ImsService using ImsResolver
05-04 14:52:44.853  2517  2517 W ImsManager: getServiceProxy: b is null! Phone Id: 0
05-04 14:52:44.854  2517  2517 D Phone   : updateImsPhone mImsServiceReady=true
05-04 14:52:44.859  2517  2517 D TelephonyTester: register for intent action=com.android.internal.telephony.imsphone.action_detached
05-04 14:52:44.860  2517  2517 D TelephonyTester: register for intent action=com.android.internal.telephony.imsphone.action_attached
05-04 14:52:44.860  2517  2517 D TelephonyTester: register for intent action=com.android.internal.telephony.TestConferenceEventPackage
05-04 14:52:44.861  2517  2517 D Phone   : mDoesRilSendMultipleCallRing=false
05-04 14:52:44.861  2517  2517 D Phone   : mCallRingDelay=3000
05-04 14:52:44.863  2517  2517 D QtiTelephonyComponentFactory: makeImsPhoneCallTracker
05-04 14:52:44.863  2517  2517 D TelephonyComponentFactory: makeImsPhoneCallTracker
05-04 14:52:44.867  2517  2517 E ImsPhoneCallTracker: [ImsPhoneCallTracker] cacheCarrierConfiguration: No carrier config service found or not active subId = 2147483643
05-04 14:52:44.872  2517  2517 D SST     : notifyDataRegStateRilRadioTechnologyChanged: drs=1 rat=0
05-04 14:52:44.872  2517  2517 D TelephonyManager: setTelephonyProperty: success phoneId=0 property=gsm.network.type value: Unknown propVal=Unknown,Unknown
05-04 14:52:44.873  2517  2517 D ImsPhone: updateDataServiceState: defSs = {mVoiceRegState=1(OUT_OF_SERVICE), mDataRegState=1(OUT_OF_SERVICE), mVoiceRoamingType=home, mDataRoamingType=home, mVoiceOperatorAlphaLong=null, mVoiceOperatorAlphaShort=null, mDataOperatorAlphaLong=null, mDataOperatorAlphaShort=null, isManualNetworkSelection=false(automatic), mRilVoiceRadioTechnology=0(Unknown), mRilDataRadioTechnology=0(Unknown), mCssIndicator=unsupported, mNetworkId=0, mSystemId=0, mCdmaRoamingIndicator=0, mCdmaDefaultRoamingIndicator=0, mIsEmergencyOnly=false, mIsDataRoamingFromRegistration=false, mIsUsingCarrierAggregation=false, mLteEarfcnRsrpBoost=0} imsSs = {mVoiceRegState=1(OUT_OF_SERVICE), mDataRegState=1(OUT_OF_SERVICE), mVoiceRoamingType=home, mDataRoamingType=home, mVoiceOperatorAlphaLong=null, mVoiceOperatorAlphaShort=null, mDataOperatorAlphaLong=null, mDataOperatorAlphaShort=null, isManualNetworkSelection=false(automatic), mRilVoiceRadioTechnology=0(Unknown), mRilDataRadioTechnology=0(Unknown), mCssIndicator=unsupported, mNetworkId=-1, mSystemId=-1, mCdmaRoamingIndicator=-1, mCdmaDefaultRoamingIndicator=-1, mIsEmergencyOnly=false, mIsDataRoamingFromRegistration=false, mIsUsingCarrierAggregation=false, mLteEarfcnRsrpBoost=0}
05-04 14:52:44.874  2517  2517 D DefaultPhoneNotifier: nofityServiceState: mRegistry=com.android.internal.telephony.ITelephonyRegistry$Stub$Proxy@b350ab5 ss={mVoiceRegState=1(OUT_OF_SERVICE), mDataRegState=1(OUT_OF_SERVICE), mVoiceRoamingType=home, mDataRoamingType=home, mVoiceOperatorAlphaLong=null, mVoiceOperatorAlphaShort=null, mDataOperatorAlphaLong=null, mDataOperatorAlphaShort=null, isManualNetworkSelection=false(automatic), mRilVoiceRadioTechnology=0(Unknown), mRilDataRadioTechnology=0(Unknown), mCssIndicator=unsupported, mNetworkId=0, mSystemId=0, mCdmaRoamingIndicator=0, mCdmaDefaultRoamingIndicator=0, mIsEmergencyOnly=false, mIsDataRoamingFromRegistration=false, mIsUsingCarrierAggregation=false, mLteEarfcnRsrpBoost=0} sender=Handler (com.qualcomm.qti.internal.telephony.QtiGsmCdmaPhone) {bd6e54a} phondId=0 subId=2147483643
05-04 14:52:44.876  2517  2517 D QtiSubscriptionController: getPhoneId, received dummy subId 2147483643
05-04 14:52:44.881  2517  2517 D CallManager: registerPhone(ImsPhone Handler (com.android.internal.telephony.imsphone.ImsPhone) {bbf059f})
05-04 14:52:44.881  2517  2517 I ImsManager: Creating ImsService using ImsResolver
05-04 14:52:44.882  2517  2517 W ImsManager: getServiceProxy: b is null! Phone Id: 1
05-04 14:52:44.883  2517  2517 D Phone   : updateImsPhone mImsServiceReady=true
05-04 14:52:44.884  2517  2517 D TelephonyTester: register for intent action=com.android.internal.telephony.imsphone.action_detached
05-04 14:52:44.884  2517  2517 D TelephonyTester: register for intent action=com.android.internal.telephony.imsphone.action_attached
05-04 14:52:44.884  2517  2517 D TelephonyTester: register for intent action=com.android.internal.telephony.TestConferenceEventPackage
05-04 14:52:44.885  2517  2517 D Phone   : mDoesRilSendMultipleCallRing=false
05-04 14:52:44.885  2517  2517 D Phone   : mCallRingDelay=3000
05-04 14:52:44.885  2517  2517 D QtiTelephonyComponentFactory: makeImsPhoneCallTracker
05-04 14:52:44.885  2517  2517 D TelephonyComponentFactory: makeImsPhoneCallTracker
05-04 14:52:44.887  2517  2517 E ImsPhoneCallTracker: [ImsPhoneCallTracker] cacheCarrierConfiguration: No carrier config service found or not active subId = 2147483644
05-04 14:52:44.889  2517  2517 D SST     : notifyDataRegStateRilRadioTechnologyChanged: drs=1 rat=0
05-04 14:52:44.889  2517  2517 D TelephonyManager: setTelephonyProperty: success phoneId=1 property=gsm.network.type value: Unknown propVal=Unknown,Unknown
05-04 14:52:44.892  2517  2517 D ImsPhone: updateDataServiceState: defSs = {mVoiceRegState=1(OUT_OF_SERVICE), mDataRegState=1(OUT_OF_SERVICE), mVoiceRoamingType=home, mDataRoamingType=home, mVoiceOperatorAlphaLong=null, mVoiceOperatorAlphaShort=null, mDataOperatorAlphaLong=null, mDataOperatorAlphaShort=null, isManualNetworkSelection=false(automatic), mRilVoiceRadioTechnology=0(Unknown), mRilDataRadioTechnology=0(Unknown), mCssIndicator=unsupported, mNetworkId=0, mSystemId=0, mCdmaRoamingIndicator=0, mCdmaDefaultRoamingIndicator=0, mIsEmergencyOnly=false, mIsDataRoamingFromRegistration=false, mIsUsingCarrierAggregation=false, mLteEarfcnRsrpBoost=0} imsSs = {mVoiceRegState=1(OUT_OF_SERVICE), mDataRegState=1(OUT_OF_SERVICE), mVoiceRoamingType=home, mDataRoamingType=home, mVoiceOperatorAlphaLong=null, mVoiceOperatorAlphaShort=null, mDataOperatorAlphaLong=null, mDataOperatorAlphaShort=null, isManualNetworkSelection=false(automatic), mRilVoiceRadioTechnology=0(Unknown), mRilDataRadioTechnology=0(Unknown), mCssIndicator=unsupported, mNetworkId=-1, mSystemId=-1, mCdmaRoamingIndicator=-1, mCdmaDefaultRoamingIndicator=-1, mIsEmergencyOnly=false, mIsDataRoamingFromRegistration=false, mIsUsingCarrierAggregation=false, mLteEarfcnRsrpBoost=0}
05-04 14:52:44.892  2517  2517 D DefaultPhoneNotifier: nofityServiceState: mRegistry=com.android.internal.telephony.ITelephonyRegistry$Stub$Proxy@b350ab5 ss={mVoiceRegState=1(OUT_OF_SERVICE), mDataRegState=1(OUT_OF_SERVICE), mVoiceRoamingType=home, mDataRoamingType=home, mVoiceOperatorAlphaLong=null, mVoiceOperatorAlphaShort=null, mDataOperatorAlphaLong=null, mDataOperatorAlphaShort=null, isManualNetworkSelection=false(automatic), mRilVoiceRadioTechnology=0(Unknown), mRilDataRadioTechnology=0(Unknown), mCssIndicator=unsupported, mNetworkId=0, mSystemId=0, mCdmaRoamingIndicator=0, mCdmaDefaultRoamingIndicator=0, mIsEmergencyOnly=false, mIsDataRoamingFromRegistration=false, mIsUsingCarrierAggregation=false, mLteEarfcnRsrpBoost=0} sender=Handler (com.qualcomm.qti.internal.telephony.QtiGsmCdmaPhone) {7a84784} phondId=1 subId=2147483644
05-04 14:52:44.895  2517  2517 D QtiSubscriptionController: getPhoneId, received dummy subId 2147483643
05-04 14:52:44.897  2517  2517 D CallManager: registerPhone(ImsPhone Handler (com.android.internal.telephony.imsphone.ImsPhone) {7260c16})
05-04 14:52:44.899  1650  2098 D TelephonyRegistry: listen oscl: hasNotifySubscriptionInfoChangedOccurred==false no callback
05-04 14:52:44.900  2517  2517 D SubscriptionController: [getPhoneId]- invalid subId return=-1
05-04 14:52:44.901  2517  2517 D QtiTelephonyComponentFactory: makeQtiPhoneSwitcher
05-04 14:52:44.903  1650  2098 D TelephonyRegistry: listen oscl: hasNotifySubscriptionInfoChangedOccurred==false no callback
05-04 14:52:44.906  1650  2273 I sysui_histogram: [power_consecutive_short_tap_count,1]
05-04 14:52:44.906  1650  2110 D ConnectivityService: Got NetworkFactory Messenger for PhoneSwitcherNetworkRequstListener
05-04 14:52:44.906  1650  2273 I sysui_multi_action: [757,804,799,power_consecutive_short_tap_count,801,1,802,1]
05-04 14:52:44.906  1650  2273 I sysui_histogram: [power_double_tap_interval,31530]
05-04 14:52:44.906  1650  2273 I sysui_multi_action: [757,804,799,power_double_tap_interval,801,31530,802,1]
05-04 14:52:44.907  2517  2517 D PhoneSwitcher: PhoneSwitcher started
05-04 14:52:44.908  1650  2273 I WindowManager: Suppressed redundant power key press while already in the process of turning the screen on.
05-04 14:52:44.909  2517  2517 D ProxyController: Constructor - Enter
05-04 14:52:44.914  2517  2517 D ProxyController: clearTransaction
05-04 14:52:44.914  2517  2517 D ProxyController: clearTransaction: phoneId=0 status=IDLE
05-04 14:52:44.914  2517  2517 D ProxyController: clearTransaction: phoneId=1 status=IDLE
05-04 14:52:44.914  2517  2517 D ProxyController: Constructor - Exit
05-04 14:52:44.934  2517  2517 D TelephonyNetworkFactory[0]: Registering NetworkFactory
05-04 14:52:44.935  1650  2110 D ConnectivityService: Got NetworkFactory Messenger for TelephonyNetworkFactory[0]
05-04 14:52:44.936  2517  2517 D TelephonyNetworkFactory[1]: Registering NetworkFactory
05-04 14:52:44.937  1650  2110 D ConnectivityService: Got NetworkFactory Messenger for TelephonyNetworkFactory[1]
05-04 14:52:44.938  2517  2517 D QtiTelephonyComponentFactory:  makeExtTelephonyClasses 
05-04 14:52:44.938  2517  2517 D QtiUiccCardProvisioner:  Invoking constructor, no of phones = 2
05-04 14:52:44.939  2517  2517 D QtiRadioCapabilityController: getInstance
05-04 14:52:44.941  2517  2517 D QtiRadioCapabilityController: Constructor - Exit
05-04 14:52:44.943  2517  2517 D ExtTelephonyServiceImpl: init constructor 
05-04 14:52:44.947  2517  2517 D CallManager: registerPhone(GSM Handler (com.qualcomm.qti.internal.telephony.QtiGsmCdmaPhone) {bd6e54a})
05-04 14:52:44.948  2517  2517 D CallManager: registerPhone(GSM Handler (com.qualcomm.qti.internal.telephony.QtiGsmCdmaPhone) {7a84784})
05-04 14:52:44.955  2517  2694 E ActivityThread: Failed to find provider info for com.android.contacts
05-04 14:52:44.969  2517  2517 D use-Rlog/RLOG-QC_RIL_OEM_HOOK: Starting QcrilMsgTunnel Service
05-04 14:52:44.970  2225  2562 E ActivityThread: Failed to find provider info for com.android.contacts
05-04 14:52:44.972  2517  2517 D use-Rlog/RLOG-QC_RIL_OEM_HOOK: Attempt to bind service returned with: true
05-04 14:52:44.973  2517  2517 D use-Rlog/RLOG-QC_RIL_OEM_HOOK: Registering for intent ACTION_UNSOL_RESPONSE_OEM_HOOK_RAW
05-04 14:52:44.998  1650  2273 D BluetoothManagerService: Trying to bind to profile: 1, while Bluetooth was disabled
05-04 14:52:44.999  2225  2578 E ActivityThread: Failed to find provider info for com.android.contacts
05-04 14:52:45.001  1650  2373 D TelephonyRegistry: listen oscl: hasNotifySubscriptionInfoChangedOccurred==false no callback
05-04 14:52:45.003  2517  2517 D CallManager: registerForMmiComplete
05-04 14:52:45.035  2517  2517 D RILJ    : [3664]> RIL_REQUEST_SET_TTY_MODE ttyMode = 0 [SUB0]
05-04 14:52:45.037  2517  2517 I TelecomFramework: TtyManager: updateUiTtyMode -1 -> 0
05-04 14:52:45.037  2517  2517 D ImsPhone: sendErrorResponse
05-04 14:52:45.040  2517  2517 D RILJ    : [3665]> RIL_REQUEST_SET_TTY_MODE ttyMode = 0 [SUB1]
05-04 14:52:45.040  2517  2517 I TelecomFramework: TtyManager: updateUiTtyMode -1 -> 0
05-04 14:52:45.040  2517  2517 D ImsPhone: sendErrorResponse
05-04 14:52:45.042  1650  2273 D TelephonyRegistry: listen oscl: hasNotifySubscriptionInfoChangedOccurred==false no callback
05-04 14:52:45.042  2517  2617 D RILJ    : [3664]< RIL_REQUEST_SET_TTY_MODE  [SUB0]
05-04 14:52:45.044  2517  2517 D SubscriptionController: [getPhoneId] asked for default subId=2147483643
05-04 14:52:45.044  2517  2617 D RILJ    : [3665]< RIL_REQUEST_SET_TTY_MODE  [SUB1]
05-04 14:52:45.044  2517  2517 D QtiSubscriptionController: getPhoneId, received dummy subId 2147483643
05-04 14:52:45.048  2517  2517 I chatty  : uid=1001(radio) com.android.phone identical 1 line
05-04 14:52:45.050  2517  2517 D QtiSubscriptionController: getPhoneId, received dummy subId 2147483643
05-04 14:52:45.051  2517  2517 D QtiSubscriptionController: getPhoneId, received dummy subId 2147483644
05-04 14:52:45.052  2517  2517 D QtiSubscriptionController: getPhoneId, received dummy subId 2147483644
05-04 14:52:45.067  2517  2517 D UiccController: Received EVENT_ICC_STATUS_CHANGED, calling getIccCardStatus
05-04 14:52:45.068  2517  2517 D RILJ    : [3666]> GET_SIM_STATUS [SUB0]
05-04 14:52:45.068  2517  2517 D UiccController: Received EVENT_ICC_STATUS_CHANGED, calling getIccCardStatus
05-04 14:52:45.070  2517  2617 D RILJ    : responseIccCardStatus: from HIDL: IccCardState {CARDSTATE_ABSENT,PINSTATE_UNKNOWN,num_apps=0,gsm_id=-1,cdma_id=-1,ims_id=-1} [SUB0]
05-04 14:52:45.071  2517  2617 D RILJ    : [3666]< GET_SIM_STATUS IccCardState {CARDSTATE_ABSENT,PINSTATE_UNKNOWN,num_apps=0,gsm_id=-1,cdma_id=-1,ims_id=-1} [SUB0]
05-04 14:52:45.072  2517  2517 D RILJ    : [3667]> GET_SIM_STATUS [SUB1]
05-04 14:52:45.072  2517  2517 D QtiGsmCdmaPhone: handleMessage: Event: 30
05-04 14:52:45.073  2517  2517 D QtiGsmCdmaPhone: handleMessage: Event: 37
05-04 14:52:45.073  2517  2517 D GsmSMSDispatcher: GsmSMSDispatcher: subId = 2147483643 slotId = 0
05-04 14:52:45.074  2517  2517 D IccCardProxy: setExternalState: !override and newstate unchanged from UNKNOWN
05-04 14:52:45.074  2517  2517 D IccCardProxy: setExternalState: !override and newstate unchanged from UNKNOWN
05-04 14:52:45.074  2517  2517 D QtiGsmCdmaPhone: handleMessage: Event: 1
05-04 14:52:45.076  2517  2517 D RILJ    : [3668]> BASEBAND_VERSION [SUB0]
05-04 14:52:45.077  2517  2517 D RILJ    : [3669]> RIL_REQUEST_DEVICE_IDENTITY [SUB0]
05-04 14:52:45.079  2517  2617 D RILJ    : responseIccCardStatus: from HIDL: IccCardState {CARDSTATE_ABSENT,PINSTATE_UNKNOWN,num_apps=0,gsm_id=-1,cdma_id=-1,ims_id=-1} [SUB1]
05-04 14:52:45.080  2517  2617 D RILJ    : [3667]< GET_SIM_STATUS IccCardState {CARDSTATE_ABSENT,PINSTATE_UNKNOWN,num_apps=0,gsm_id=-1,cdma_id=-1,ims_id=-1} [SUB1]
05-04 14:52:45.083  2517  2617 D RILJ    : [3668]< BASEBAND_VERSION MPSS.TA.2.3.c1-00605-8953_GEN_PACK-1.142704.1-Apr 26 2018 [SUB0]
05-04 14:52:45.086  2517  2517 D RILJ    : [3670]> RIL_REQUEST_GET_RADIO_CAPABILITY [SUB0]
05-04 14:52:45.087  2517  2617 D RILJ    : [3669]< RIL_REQUEST_DEVICE_IDENTITY {911594000006974, 00, 00000000, 00000000000000} [SUB0]
05-04 14:52:45.088  2517  2517 D RILJ    : [3671]> RIL_REQUEST_START_LCE reportIntervalMs = 200 pullMode = true [SUB0]
05-04 14:52:45.088  2517  2517 D QtiGsmCdmaPhone: handleMessage: Event: 8
05-04 14:52:45.088  2517  2517 D GsmCdmaPhone: [GsmCdmaPhone] Event EVENT_RADIO_OFF_OR_NOT_AVAILABLE Received
05-04 14:52:45.088  2517  2517 D QtiGsmCdmaPhone: handleMessage: Event: 41
05-04 14:52:45.088  2517  2617 D RILJ    : convertHalRadioCapability: session=0, phase=0, rat=16704, logicModemUuid=0, status=1 [SUB0]
05-04 14:52:45.089  2517  2617 D RILJ    : [3670]< RIL_REQUEST_GET_RADIO_CAPABILITY {mPhoneId = 0 mVersion=1 mSession=0 mPhase=0 mRadioAccessFamily=16704 mLogicModemId=0 mStatus=1} [SUB0]
05-04 14:52:45.089  2517  2517 D IccCardProxy: setExternalState: !override and newstate unchanged from UNKNOWN
05-04 14:52:45.090  2517  2517 D SST     : mDeviceShuttingDown=false, mDesiredPowerState=true, getRadioState=RADIO_OFF, mPowerOffDelayNeed=true, mAlarmSwitch=false, mRadioDisabledByCarrier=false
05-04 14:52:45.091  2517  2517 D RILJ    : [3672]> RADIO_POWER on = true [SUB0]
05-04 14:52:45.091  2517  2517 D SST     : pollState: modemTriggered=true
05-04 14:52:45.093  2517  2517 D RILJ    : [3673]> OPERATOR [SUB0]
05-04 14:52:45.094  1650  2096 D WifiService: New client listening to asynchronous messages
05-04 14:52:45.094  2517  2517 D RILJ    : [3674]> DATA_REGISTRATION_STATE [SUB0]
05-04 14:52:45.095   923  1145 D RILC    : setRadioPower: serial 24 on 1
05-04 14:52:45.096  2517  2617 D RILJ    : [3671]< RIL_REQUEST_START_LCE [1, 0] [SUB0]
05-04 14:52:45.097  2517  2517 D RILJ    : [3675]> VOICE_REGISTRATION_STATE [SUB0]
05-04 14:52:45.098  2517  2517 D RILJ    : [3676]> QUERY_NETWORK_SELECTION_MODE [SUB0]
05-04 14:52:45.099  2517  2517 D SST     : mDeviceShuttingDown=false, mDesiredPowerState=true, getRadioState=RADIO_OFF, mPowerOffDelayNeed=true, mAlarmSwitch=false, mRadioDisabledByCarrier=false
05-04 14:52:45.100  2517  2517 D RILJ    : [3677]> RADIO_POWER on = true [SUB0]
05-04 14:52:45.100  2517  2517 D SST     : pollState: modemTriggered=true
05-04 14:52:45.101  2517  2617 D RILJ    : [3673]< OPERATOR {, , } [SUB0]
05-04 14:52:45.102  2517  2517 D RILJ    : [3678]> OPERATOR [SUB0]
05-04 14:52:45.103  2517  2517 D RILJ    : [3679]> DATA_REGISTRATION_STATE [SUB0]
05-04 14:52:45.104   923  1145 D RILC    : setRadioPower: serial 29 on 1
05-04 14:52:45.104  2517  2517 D RILJ    : [3680]> VOICE_REGISTRATION_STATE [SUB0]
05-04 14:52:45.105  2517  2517 D RILJ    : [3681]> QUERY_NETWORK_SELECTION_MODE [SUB0]
05-04 14:52:45.107   923  2707 I RILQ    : (0/923):RIL[0][cmd-20(312)] qcril_qmi_nas_reset_data_snapshot_cache_and_timer: Resetting snapshot timer
05-04 14:52:45.107  2517  2517 I CSST    : PrefNetworkNotification: sendMessage() w/values: ,false,-1,false,false
05-04 14:52:45.108  2517  2517 I CSST    : canceling notifications: 1000
05-04 14:52:45.108  2517  2517 D Phone   : isWifiCallingEnabled =false
05-04 14:52:45.108  2517  2517 D CSST    : isPhoneRegisteredForWifiCalling: false
05-04 14:52:45.108  2517  2517 D Phone   : isWifiCallingEnabled =false
05-04 14:52:45.108  2517  2517 I CSST    : EmergencyNetworkNotification: sendMessage() w/values: ,false,-1,false,false
05-04 14:52:45.109  2517  2517 I CSST    : canceling notifications: 1001
05-04 14:52:45.109  2517  2517 I CSST    : PrefNetworkNotification: sendMessage() w/values: ,false,-1,false,false
05-04 14:52:45.110  2699  2699 I auditd  : type=1400 audit(0.0:31): avc: denied { read } for comm="cat" name="system" dev="debugfs" ino=7169 scontext=u:r:shell:s0 tcontext=u:object_r:debugfs:s0 tclass=file permissive=1
05-04 14:52:45.110  2699  2699 I auditd  : type=1400 audit(0.0:32): avc: denied { open } for comm="cat" path="/sys/kernel/debug/ion/heaps/system" dev="debugfs" ino=7169 scontext=u:r:shell:s0 tcontext=u:object_r:debugfs:s0 tclass=file permissive=1
05-04 14:52:45.110  2517  2517 I CSST    : canceling notifications: 1000
05-04 14:52:45.110  2517  2517 D Phone   : isWifiCallingEnabled =false
05-04 14:52:45.110  2517  2517 D CSST    : isPhoneRegisteredForWifiCalling: false
05-04 14:52:45.110  2517  2517 D Phone   : isWifiCallingEnabled =false
05-04 14:52:45.110  2517  2517 I CSST    : EmergencyNetworkNotification: sendMessage() w/values: ,false,-1,false,false
05-04 14:52:45.111  2517  2517 I CSST    : canceling notifications: 1001
05-04 14:52:45.111   923  1125 I RILQ    : (0/923):RIL[0][event] qcril_qmi_nas_evaluate_custom_emergency_numbers_for_card: cur_status 0, card_state 9
05-04 14:52:45.112  2517  2517 D QtiGsmDCT: [0]QtiDcTracker handleMessage msg={ when=-495ms what=270369 obj=android.os.AsyncResult@e276b4c target=com.qualcomm.qti.internal.telephony.dataconnection.QtiDcTracker }
05-04 14:52:45.112   923  1125 E RILQ    : (0/923): RIL[0][event] get_ecc_property_name: ecc list name : ril.ecclist.
05-04 14:52:45.112   923  2706 I RILQ    : (0/923):RIL[0][cmd-21(24)] qcril_qmi_nas_reset_data_snapshot_cache_and_timer: Resetting snapshot timer
05-04 14:52:45.112  2517  2617 D RILJ    : [3675]< VOICE_REGISTRATION_STATE {.regState = NOT_REG_MT_SEARCHING_OP, .rat = 0, .cssSupported = false, .roamingIndicator = -1, .systemIsInPrl = -1, .defaultRoamingIndicator = -1, .reasonForDenial = 0, .cellIdentity = {.cellInfoType = NONE, .cellIdentityGsm = [], .cellIdentityWcdma = [], .cellIdentityCdma = [], .cellIdentityLte = [], .cellIdentityTdscdma = []}} [SUB0]
05-04 14:52:45.112  2517  2517 D QtiGsmDCT: [0]NETWORK_STATE_CHANGED_ACTION: mIsWifiConnected=false
05-04 14:52:45.112  2517  2517 D QtiGsmDCT: [0]Wifi state changed
05-04 14:52:45.112  2517  2517 D QtiGsmDCT: [0]WIFI_STATE_CHANGED_ACTION: enabled=true mIsWifiConnected=false
05-04 14:52:45.113  2517  2617 D RILJ    : [3680]< VOICE_REGISTRATION_STATE {.regState = NOT_REG_MT_SEARCHING_OP, .rat = 0, .cssSupported = false, .roamingIndicator = -1, .systemIsInPrl = -1, .defaultRoamingIndicator = -1, .reasonForDenial = 0, .cellIdentity = {.cellInfoType = NONE, .cellIdentityGsm = [], .cellIdentityWcdma = [], .cellIdentityCdma = [], .cellIdentityLte = [], .cellIdentityTdscdma = []}} [SUB0]
05-04 14:52:45.113  2517  2517 D use-Rlog/RLOG-QC_RIL_OEM_HOOK: QcrilMsgTunnelService Connected Successfully (onServiceConnected)
05-04 14:52:45.113  2517  2517 D use-Rlog/RLOG-QC_RIL_OEM_HOOK: Calling onQcRilHookReady callback
05-04 14:52:45.113  2517  2517 D QtiRilInterface: Service ready, notifying registrants
05-04 14:52:45.114  2517  2517 D QtiGsmDCT: [0]QtiDcTracker handleMessage msg={ when=-481ms what=270337 obj=android.os.AsyncResult@6aad0aa target=com.qualcomm.qti.internal.telephony.dataconnection.QtiDcTracker }
05-04 14:52:45.114  2517  2517 D QtiGsmDCT: [0]onRadioAvailable
05-04 14:52:45.114  2517  2617 D RILJ    : [3678]< OPERATOR {, , } [SUB0]
05-04 14:52:45.114  2517  2517 D QtiGsmDCT: [0]QtiDcTracker handleMessage msg={ when=-482ms what=270342 obj=android.os.AsyncResult@fcad49b target=com.qualcomm.qti.internal.telephony.dataconnection.QtiDcTracker }
05-04 14:52:45.114  2517  2517 D QtiGsmDCT: [0]onRadioOffOrNotAvailable: is off and clean up all connections
05-04 14:52:45.114  2517  2517 D QtiGsmDCT: [0]cleanUpAllConnections: tearDown=false reason=radioTurnedOff
05-04 14:52:45.115  2517  2517 D GsmCdmaPhone: [GsmCdmaPhone] getDataConnectionState apnType=default ret=DISCONNECTED
05-04 14:52:45.115  2517  2617 D RILJ    : [3674]< DATA_REGISTRATION_STATE {.regState = NOT_REG_MT_SEARCHING_OP, .rat = 0, .reasonDataDenied = 0, .maxDataCalls = 20, .cellIdentity = {.cellInfoType = NONE, .cellIdentityGsm = [], .cellIdentityWcdma = [], .cellIdentityCdma = [], .cellIdentityLte = [], .cellIdentityTdscdma = []}} [SUB0]
05-04 14:52:45.116  2517  2617 D RILJ    : [3679]< DATA_REGISTRATION_STATE {.regState = NOT_REG_MT_SEARCHING_OP, .rat = 0, .reasonDataDenied = 0, .maxDataCalls = 20, .cellIdentity = {.cellInfoType = NONE, .cellIdentityGsm = [], .cellIdentityWcdma = [], .cellIdentityCdma = [], .cellIdentityLte = [], .cellIdentityTdscdma = []}} [SUB0]
05-04 14:52:45.116  2225  2435 E ActivityThread: Failed to find provider info for com.android.contacts
05-04 14:52:45.118  2517  2517 D QtiGsmDCT: [0]isEmergency: result=false
05-04 14:52:45.120  2517  2617 D RILJ    : [3676]< QUERY_NETWORK_SELECTION_MODE {0} [SUB0]
05-04 14:52:45.120  2517  2617 D RILJ    : [3681]< QUERY_NETWORK_SELECTION_MODE {0} [SUB0]
05-04 14:52:45.121  2517  2517 D QtiSubscriptionController: getPhoneId, received dummy subId 2147483643
05-04 14:52:45.122  2517  2517 D QtiSubscriptionController: getPhoneId, received dummy subId 2147483643
05-04 14:52:45.125  2517  2517 D QtiGsmDCT: [0]cleanUpConnection: X tearDown=false reason=radioTurnedOff apnContext={mApnType=default mState=IDLE mWaitingApns={null} mApnSetting={null} mReason=radioTurnedOff mDataEnabled=false mDependencyMet=true} dcac=null
05-04 14:52:45.125  2517  2517 D GsmCdmaPhone: [GsmCdmaPhone] getDataConnectionState apnType=mms ret=DISCONNECTED
05-04 14:52:45.129  2517  2529 D SubscriptionController: [getPhoneId]- invalid subId return=-1
05-04 14:52:45.130  2517  2517 D QtiGsmDCT: [0]isEmergency: result=false
05-04 14:52:45.132  2517  2517 D QtiSubscriptionController: getPhoneId, received dummy subId 2147483643
05-04 14:52:45.133  2517  2517 D QtiSubscriptionController: getPhoneId, received dummy subId 2147483643
05-04 14:52:45.134  2517  2517 D QtiGsmDCT: [0]cleanUpConnection: X tearDown=false reason=radioTurnedOff apnContext={mApnType=mms mState=IDLE mWaitingApns={null} mApnSetting={null} mReason=radioTurnedOff mDataEnabled=false mDependencyMet=true} dcac=null
05-04 14:52:45.134  2517  2517 D GsmCdmaPhone: [GsmCdmaPhone] getDataConnectionState apnType=cbs ret=DISCONNECTED
05-04 14:52:45.135  2517  2517 D QtiGsmDCT: [0]isEmergency: result=false
05-04 14:52:45.136  2517  2517 D QtiSubscriptionController: getPhoneId, received dummy subId 2147483643
05-04 14:52:45.137  2517  2517 D QtiSubscriptionController: getPhoneId, received dummy subId 2147483643
05-04 14:52:45.138  2517  2517 D QtiGsmDCT: [0]cleanUpConnection: X tearDown=false reason=radioTurnedOff apnContext={mApnType=cbs mState=IDLE mWaitingApns={null} mApnSetting={null} mReason=radioTurnedOff mDataEnabled=false mDependencyMet=true} dcac=null
05-04 14:52:45.138  2517  2517 D GsmCdmaPhone: [GsmCdmaPhone] getDataConnectionState apnType=fota ret=DISCONNECTED
05-04 14:52:45.139  2517  2517 D QtiGsmDCT: [0]isEmergency: result=false
05-04 14:52:45.140  2517  2517 D QtiSubscriptionController: getPhoneId, received dummy subId 2147483643
05-04 14:52:45.141  2517  2517 D QtiSubscriptionController: getPhoneId, received dummy subId 2147483643
05-04 14:52:45.143  2517  2517 D QtiGsmDCT: [0]cleanUpConnection: X tearDown=false reason=radioTurnedOff apnContext={mApnType=fota mState=IDLE mWaitingApns={null} mApnSetting={null} mReason=radioTurnedOff mDataEnabled=false mDependencyMet=true} dcac=null
05-04 14:52:45.143  2517  2517 D GsmCdmaPhone: [GsmCdmaPhone] getDataConnectionState apnType=supl ret=DISCONNECTED
05-04 14:52:45.145  2517  2517 D QtiGsmDCT: [0]isEmergency: result=false
05-04 14:52:45.147  2517  2517 D QtiSubscriptionController: getPhoneId, received dummy subId 2147483643
05-04 14:52:45.147  2517  2517 D QtiSubscriptionController: getPhoneId, received dummy subId 2147483643
05-04 14:52:45.155  2517  2517 D QtiGsmDCT: [0]cleanUpConnection: X tearDown=false reason=radioTurnedOff apnContext={mApnType=supl mState=IDLE mWaitingApns={null} mApnSetting={null} mReason=radioTurnedOff mDataEnabled=false mDependencyMet=true} dcac=null
05-04 14:52:45.155  2517  2517 D GsmCdmaPhone: [GsmCdmaPhone] getDataConnectionState apnType=emergency ret=DISCONNECTED
05-04 14:52:45.157  2517  2517 D QtiGsmDCT: [0]isEmergency: result=false
05-04 14:52:45.158  2517  2517 D QtiSubscriptionController: getPhoneId, received dummy subId 2147483643
05-04 14:52:45.160  2517  2517 D QtiSubscriptionController: getPhoneId, received dummy subId 2147483643
05-04 14:52:45.162  2517  2517 D QtiGsmDCT: [0]cleanUpConnection: X tearDown=false reason=radioTurnedOff apnContext={mApnType=emergency mState=IDLE mWaitingApns={null} mApnSetting={null} mReason=radioTurnedOff mDataEnabled=false mDependencyMet=true} dcac=null
05-04 14:52:45.162  2517  2517 D GsmCdmaPhone: [GsmCdmaPhone] getDataConnectionState apnType=dun ret=DISCONNECTED
05-04 14:52:45.164  2517  2517 D QtiGsmDCT: [0]isEmergency: result=false
05-04 14:52:45.165  2517  2517 D QtiSubscriptionController: getPhoneId, received dummy subId 2147483643
05-04 14:52:45.167  2517  2517 D QtiSubscriptionController: getPhoneId, received dummy subId 2147483643
05-04 14:52:45.169  2517  2517 D QtiGsmDCT: [0]cleanUpConnection: X tearDown=false reason=radioTurnedOff apnContext={mApnType=dun mState=IDLE mWaitingApns={null} mApnSetting={null} mReason=radioTurnedOff mDataEnabled=false mDependencyMet=true} dcac=null
05-04 14:52:45.170  2517  2517 D GsmCdmaPhone: [GsmCdmaPhone] getDataConnectionState apnType=hipri ret=DISCONNECTED
05-04 14:52:45.172  2517  2517 D QtiGsmDCT: [0]isEmergency: result=false
05-04 14:52:45.173  2517  2517 D QtiSubscriptionController: getPhoneId, received dummy subId 2147483643
05-04 14:52:45.174  2517  2517 D QtiSubscriptionController: getPhoneId, received dummy subId 2147483643
05-04 14:52:45.176  2517  2517 D QtiGsmDCT: [0]cleanUpConnection: X tearDown=false reason=radioTurnedOff apnContext={mApnType=hipri mState=IDLE mWaitingApns={null} mApnSetting={null} mReason=radioTurnedOff mDataEnabled=false mDependencyMet=true} dcac=null
05-04 14:52:45.176  2517  2517 D GsmCdmaPhone: [GsmCdmaPhone] getDataConnectionState apnType=ims ret=DISCONNECTED
05-04 14:52:45.177  2517  2517 D QtiGsmDCT: [0]isEmergency: result=false
05-04 14:52:45.178  2517  2517 D QtiSubscriptionController: getPhoneId, received dummy subId 2147483643
05-04 14:52:45.179  2517  2517 D QtiSubscriptionController: getPhoneId, received dummy subId 2147483643
05-04 14:52:45.182  2517  2517 D QtiGsmDCT: [0]cleanUpConnection: X tearDown=false reason=radioTurnedOff apnContext={mApnType=ims mState=IDLE mWaitingApns={null} mApnSetting={null} mReason=radioTurnedOff mDataEnabled=false mDependencyMet=true} dcac=null
05-04 14:52:45.182  2517  2517 D QtiGsmDCT: [0]stopNetStatPoll
05-04 14:52:45.183  2517  2517 D QtiSubscriptionController: getPhoneId, received dummy subId 2147483643
05-04 14:52:45.184  2517  2517 D QtiGsmDCT: [0]cleanUpConnection: mDisconnectPendingCount = 0
05-04 14:52:45.189  2517  2517 D QtiGsmDCT: [0]isEmergency: result=false
05-04 14:52:45.190  2517  2517 D QtiSubscriptionController: getPhoneId, received dummy subId 2147483643
05-04 14:52:45.191  2517  2517 D QtiSubscriptionController: getPhoneId, received dummy subId 2147483643
05-04 14:52:45.194  2517  2529 D SubscriptionController: [getPhoneId]- invalid subId return=-1
05-04 14:52:45.196  2517  2517 D QtiGsmDCT: [0]isEmergency: result=false
05-04 14:52:45.197  2517  2517 D QtiSubscriptionController: getPhoneId, received dummy subId 2147483643
05-04 14:52:45.198  2517  2517 D QtiSubscriptionController: getPhoneId, received dummy subId 2147483643
05-04 14:52:45.202  2517  2517 D QtiGsmDCT: [0]isEmergency: result=false
05-04 14:52:45.203  2517  2517 D QtiSubscriptionController: getPhoneId, received dummy subId 2147483643
05-04 14:52:45.204  2517  2517 D QtiSubscriptionController: getPhoneId, received dummy subId 2147483643
05-04 14:52:45.206  2517  2517 D QtiGsmDCT: [0]isEmergency: result=false
05-04 14:52:45.207  2517  2517 D QtiSubscriptionController: getPhoneId, received dummy subId 2147483643
05-04 14:52:45.208  2517  2517 D QtiSubscriptionController: getPhoneId, received dummy subId 2147483643
05-04 14:52:45.211  2517  2517 D QtiGsmDCT: [0]isEmergency: result=false
05-04 14:52:45.212  2517  2517 D QtiSubscriptionController: getPhoneId, received dummy subId 2147483643
05-04 14:52:45.213  2517  2517 D QtiSubscriptionController: getPhoneId, received dummy subId 2147483643
05-04 14:52:45.216  2517  2517 D QtiGsmDCT: [0]isEmergency: result=false
05-04 14:52:45.217  2517  2517 D QtiSubscriptionController: getPhoneId, received dummy subId 2147483643
05-04 14:52:45.218  2517  2517 D QtiSubscriptionController: getPhoneId, received dummy subId 2147483643
05-04 14:52:45.221  2517  2517 D QtiGsmDCT: [0]isEmergency: result=false
05-04 14:52:45.222  2517  2517 D QtiSubscriptionController: getPhoneId, received dummy subId 2147483643
05-04 14:52:45.223  2517  2517 D QtiSubscriptionController: getPhoneId, received dummy subId 2147483643
05-04 14:52:45.226  2517  2517 D QtiGsmDCT: [0]isEmergency: result=false
05-04 14:52:45.228  2517  2517 D QtiSubscriptionController: getPhoneId, received dummy subId 2147483643
05-04 14:52:45.232  2517  2517 D QtiSubscriptionController: getPhoneId, received dummy subId 2147483643
05-04 14:52:45.235  2517  2517 D QtiGsmDCT: [0]isEmergency: result=false
05-04 14:52:45.236  2517  2517 D QtiSubscriptionController: getPhoneId, received dummy subId 2147483643
05-04 14:52:45.237  2517  2517 D QtiSubscriptionController: getPhoneId, received dummy subId 2147483643
05-04 14:52:45.239  2517  2517 D QtiGsmDCT: [0]QtiDcTracker handleMessage msg={ when=-606ms what=270345 obj=android.os.AsyncResult@7f81f77 target=com.qualcomm.qti.internal.telephony.dataconnection.QtiDcTracker }
05-04 14:52:45.239  2517  2517 D QtiGsmDCT: [0]onDataConnectionDetached: stop polling and notify detached
05-04 14:52:45.239  2517  2517 D QtiGsmDCT: [0]stopNetStatPoll
05-04 14:52:45.240  2517  2517 D QtiSubscriptionController: getPhoneId, received dummy subId 2147483643
05-04 14:52:45.240  2517  2517 D QtiGsmDCT: [0]notifyDataConnection: reason=dataDetached
05-04 14:52:45.242  2517  2517 D QtiGsmDCT: [0]isEmergency: result=false
05-04 14:52:45.243  2517  2517 D QtiSubscriptionController: getPhoneId, received dummy subId 2147483643
05-04 14:52:45.245  2517  2517 D QtiSubscriptionController: getPhoneId, received dummy subId 2147483643
05-04 14:52:45.248  2517  2529 D SubscriptionController: [getPhoneId]- invalid subId return=-1
05-04 14:52:45.249  2517  2517 D QtiGsmDCT: [0]isEmergency: result=false
05-04 14:52:45.251  2517  2517 D QtiSubscriptionController: getPhoneId, received dummy subId 2147483643
05-04 14:52:45.252  2517  2517 D QtiSubscriptionController: getPhoneId, received dummy subId 2147483643
05-04 14:52:45.254  2517  2517 D QtiGsmDCT: [0]isEmergency: result=false
05-04 14:52:45.255  2517  2517 D QtiSubscriptionController: getPhoneId, received dummy subId 2147483643
05-04 14:52:45.256  2517  2517 D QtiSubscriptionController: getPhoneId, received dummy subId 2147483643
05-04 14:52:45.259  2517  2517 D QtiGsmDCT: [0]isEmergency: result=false
05-04 14:52:45.260  2517  2517 D QtiSubscriptionController: getPhoneId, received dummy subId 2147483643
05-04 14:52:45.261  2517  2517 D QtiSubscriptionController: getPhoneId, received dummy subId 2147483643
05-04 14:52:45.263  2517  2517 D QtiGsmDCT: [0]isEmergency: result=false
05-04 14:52:45.264  2517  2517 D QtiSubscriptionController: getPhoneId, received dummy subId 2147483643
05-04 14:52:45.265  2517  2517 D QtiSubscriptionController: getPhoneId, received dummy subId 2147483643
05-04 14:52:45.267  2517  2517 D QtiGsmDCT: [0]isEmergency: result=false
05-04 14:52:45.268  2517  2517 D QtiSubscriptionController: getPhoneId, received dummy subId 2147483643
05-04 14:52:45.268  2517  2517 D QtiSubscriptionController: getPhoneId, received dummy subId 2147483643
05-04 14:52:45.271  2517  2517 D QtiGsmDCT: [0]isEmergency: result=false
