07-30 15:48:40.084 10042  3989  3989 I am_on_resume_called: [0,com.smartron.smextension.TronxLauncher,RESUME_ACTIVITY]
07-30 15:49:01.459  1000  6964  6964 I am_on_resume_called: [0,com.android.settings.Settings,RESUME_ACTIVITY]
07-30 15:49:02.789  1000  6964  6964 I am_on_resume_called: [0,com.android.settings.search.SearchActivity,LAUNCH_ACTIVITY]
07-30 15:49:06.666  1000  6964  6964 I am_on_resume_called: [0,com.android.settings.SubSettings,LAUNCH_ACTIVITY]
07-30 15:49:06.727  1000  6964  6964 I am_on_resume_called: [0,com.android.settings.SubSettings,LAUNCH_ACTIVITY]
07-30 15:49:10.814 10042  3989  3989 I am_on_resume_called: [0,com.smartron.smextension.TronxLauncher,RESUME_ACTIVITY]
07-30 15:49:20.164  1000  6502  6502 I am_on_resume_called: [0,com.fota.pro.DownloadActivity,RESUME_ACTIVITY]
07-30 16:02:19.613 10115  4884  4884 I am_on_resume_called: [0,com.whatsapp.HomeActivity,RESUME_ACTIVITY]
07-30 16:02:21.579 10115  4884  4884 I am_on_resume_called: [0,com.whatsapp.Conversation,LAUNCH_ACTIVITY]
07-30 16:02:58.885 10115  4884  4884 I am_on_resume_called: [0,com.whatsapp.HomeActivity,RESUME_ACTIVITY]
07-30 16:02:59.995  1000  6502  6502 I am_on_resume_called: [0,com.fota.pro.DownloadActivity,RESUME_ACTIVITY]
07-30 16:03:03.000 10042  3989  3989 I am_on_resume_called: [0,com.smartron.smextension.TronxLauncher,RESUME_ACTIVITY]
07-30 16:03:06.755  1000  8050  8050 I am_on_resume_called: [0,com.fota.pro.DownloadActivity,LAUNCH_ACTIVITY]
07-30 16:03:08.803 10042  3989  3989 I am_on_resume_called: [0,com.smartron.smextension.TronxLauncher,RESUME_ACTIVITY]
07-30 16:03:24.578  1000  6964  6964 I am_on_resume_called: [0,com.android.settings.Settings,RESUME_ACTIVITY]
07-30 16:03:26.044  1000  6964  6964 I am_on_resume_called: [0,com.android.settings.search.SearchActivity,LAUNCH_ACTIVITY]
07-30 16:03:29.373  1000  6964  6964 I am_on_resume_called: [0,com.android.settings.SubSettings,LAUNCH_ACTIVITY]
07-30 16:03:33.566  1000  8249  8249 I am_on_resume_called: [0,com.fota.pro.MainActivity,LAUNCH_ACTIVITY]
07-30 16:03:35.733  1000  8249  8249 I am_on_resume_called: [0,com.fota.pro.DownloadActivity,LAUNCH_ACTIVITY]
07-30 16:10:54.784 10115  4884  4884 I am_on_resume_called: [0,com.whatsapp.HomeActivity,LAUNCH_ACTIVITY]
07-30 16:14:45.399 10015  8891  8891 I am_on_resume_called: [0,com.android.incallui.InCallActivity,LAUNCH_ACTIVITY]
07-30 16:14:45.742 10015  8891  8891 I am_on_resume_called: [0,com.android.incallui.InCallActivity,RESUME_ACTIVITY]
07-30 16:14:55.877 10115  4884  4884 I am_on_resume_called: [0,com.whatsapp.HomeActivity,RESUME_ACTIVITY]
07-30 16:15:01.900 10115  4884  4884 I am_on_resume_called: [0,com.whatsapp.HomeActivity,RESUME_ACTIVITY]
07-30 16:15:06.370 10115  4884  4884 I am_on_resume_called: [0,com.whatsapp.Conversation,LAUNCH_ACTIVITY]
07-30 16:15:26.432 10042  3989  3989 I am_on_resume_called: [0,com.smartron.smextension.TronxLauncher,RESUME_ACTIVITY]
07-30 16:19:05.049 radio  3301  3301 I am_on_resume_called: [0,com.android.phone.EmergencyDialer,LAUNCH_ACTIVITY]
07-30 16:19:05.134 radio  3301  3301 I am_on_resume_called: [0,com.android.phone.EmergencyDialer,RESUME_ACTIVITY]
07-30 16:19:07.068 10042  3989  3989 I am_on_resume_called: [0,com.smartron.smextension.TronxLauncher,RESUME_ACTIVITY]
07-30 16:19:12.152 10042  3989  3989 I am_on_resume_called: [0,com.smartron.smextension.TronxLauncher,RESUME_ACTIVITY]
07-30 16:19:14.789 10044  4480  4480 I am_on_resume_called: [0,com.google.android.apps.gsa.searchnow.SearchNowActivity,LAUNCH_ACTIVITY]
07-30 16:19:29.260 10042  3989  3989 I am_on_resume_called: [0,com.smartron.smextension.TronxLauncher,RESUME_ACTIVITY]
07-30 16:19:37.163  1000  6964  6964 I am_on_resume_called: [0,com.android.settings.Settings,RESUME_ACTIVITY]
07-30 16:19:38.468  1000  6964  6964 I am_on_resume_called: [0,com.android.settings.search.SearchActivity,LAUNCH_ACTIVITY]
07-30 16:19:45.037  1000  6964  6964 I am_on_resume_called: [0,com.android.settings.SubSettings,LAUNCH_ACTIVITY]
07-30 16:19:49.091  1000  8249  8249 I am_on_resume_called: [0,com.fota.pro.DownloadActivity,RESUME_ACTIVITY]
07-30 16:33:18.255 10042  3989  3989 I am_on_resume_called: [0,com.smartron.smextension.TronxLauncher,RESUME_ACTIVITY]
07-30 16:33:20.246 10115  4884  4884 I am_on_resume_called: [0,com.whatsapp.Conversation,RESUME_ACTIVITY]
07-30 16:33:32.042 10115  4884  4884 I am_on_resume_called: [0,com.whatsapp.MediaView,LAUNCH_ACTIVITY]
07-30 16:33:41.532 10115  4884  4884 I am_on_resume_called: [0,com.whatsapp.Conversation,RESUME_ACTIVITY]
07-30 16:34:16.327 10115  4884  4884 I am_on_resume_called: [0,com.whatsapp.HomeActivity,RESUME_ACTIVITY]
07-30 16:34:18.513 10115  4884  4884 I am_on_resume_called: [0,com.whatsapp.Conversation,LAUNCH_ACTIVITY]
07-30 16:34:20.689 10115  4884  4884 I am_on_resume_called: [0,com.whatsapp.HomeActivity,RESUME_ACTIVITY]
07-30 16:34:22.255 10115  4884  4884 I am_on_resume_called: [0,com.whatsapp.Conversation,LAUNCH_ACTIVITY]
07-30 16:34:31.758 10115  4884  4884 I am_on_resume_called: [0,com.whatsapp.HomeActivity,RESUME_ACTIVITY]
07-30 16:34:34.753 10115  4884  4884 I am_on_resume_called: [0,com.whatsapp.Conversation,LAUNCH_ACTIVITY]
07-30 16:34:40.770 10042  3989  3989 I am_on_resume_called: [0,com.smartron.smextension.TronxLauncher,RESUME_ACTIVITY]
07-30 16:34:46.133 10115  4884  4884 I am_on_resume_called: [0,com.whatsapp.Conversation,RESUME_ACTIVITY]
07-30 16:34:47.657 10115  4884  4884 I am_on_resume_called: [0,com.whatsapp.HomeActivity,RESUME_ACTIVITY]
07-30 16:34:49.001 10115  4884  4884 I am_on_resume_called: [0,com.whatsapp.Conversation,LAUNCH_ACTIVITY]
07-30 16:35:01.879 10042  3989  3989 I am_on_resume_called: [0,com.smartron.smextension.TronxLauncher,RESUME_ACTIVITY]
07-30 16:35:09.744  1000  6964  6964 I am_on_resume_called: [0,com.android.settings.Settings,RESUME_ACTIVITY]
07-30 16:35:11.302  1000  6964  6964 I am_on_resume_called: [0,com.android.settings.search.SearchActivity,LAUNCH_ACTIVITY]
07-30 16:35:14.793  1000  6964  6964 I am_on_resume_called: [0,com.android.settings.SubSettings,LAUNCH_ACTIVITY]
07-30 16:35:24.614 10012 30653 30653 I am_on_resume_called: [0,com.android.documentsui.files.FilesActivity,LAUNCH_ACTIVITY]
07-30 16:35:29.280 10042  3989  3989 I am_on_resume_called: [0,com.smartron.smextension.TronxLauncher,RESUME_ACTIVITY]
07-30 16:40:47.473 10042  3989  3989 I am_on_resume_called: [0,com.smartron.smextension.TronxLauncher,RESUME_ACTIVITY]
07-30 16:41:45.727 10115  4884  4884 I am_on_resume_called: [0,com.whatsapp.HomeActivity,RESUME_ACTIVITY]
07-30 16:41:48.064 10115  4884  4884 I am_on_resume_called: [0,com.whatsapp.Conversation,LAUNCH_ACTIVITY]
07-30 16:42:04.181 10115  4884  4884 I am_on_resume_called: [0,com.whatsapp.MediaView,LAUNCH_ACTIVITY]
