07-30 15:42:35.055  1000  6964  6964 I am_on_paused_called: [0,com.android.settings.SubSettings,handlePauseActivity]
07-30 15:42:41.700  1000  6964  6964 I am_on_paused_called: [0,com.android.settings.SubSettings,handlePauseActivity]
07-30 15:42:54.040 10081 28499 28499 I am_on_paused_called: [0,com.google.android.apps.photos.albums.grid.DeviceFoldersActivity,handlePauseActivity]
07-30 15:43:46.706 10081 28499 28499 I am_on_paused_called: [0,com.google.android.apps.photos.localmedia.ui.LocalPhotosActivity,handlePauseActivity]
07-30 15:43:48.470 10081 28499 28499 I am_on_paused_called: [0,com.google.android.apps.photos.albums.grid.DeviceFoldersActivity,handlePauseActivity]
07-30 15:43:49.949 10081 28499 28499 I am_on_paused_called: [0,com.google.android.apps.photos.localmedia.ui.LocalPhotosActivity,handlePauseActivity]
07-30 15:43:53.013 10081 28499 28499 I am_on_paused_called: [0,com.google.android.apps.photos.albums.grid.DeviceFoldersActivity,handlePauseActivity]
07-30 15:43:58.767 10081 28499 28499 I am_on_paused_called: [0,com.google.android.apps.photos.localmedia.ui.LocalPhotosActivity,handlePauseActivity]
07-30 15:44:04.953 10081 28499 28499 I am_on_paused_called: [0,com.google.android.apps.photos.albums.grid.DeviceFoldersActivity,handlePauseActivity]
07-30 15:48:39.993 10081 28499 28499 I am_on_paused_called: [0,com.google.android.apps.photos.localmedia.ui.LocalPhotosActivity,handlePauseActivity]
07-30 15:49:01.262 10042  3989  3989 I am_on_paused_called: [0,com.smartron.smextension.TronxLauncher,handlePauseActivity]
07-30 15:49:02.736  1000  6964  6964 I am_on_paused_called: [0,com.android.settings.Settings,handlePauseActivity]
07-30 15:49:06.529  1000  6964  6964 I am_on_paused_called: [0,com.android.settings.search.SearchActivity,handlePauseActivity]
07-30 15:49:06.671  1000  6964  6964 I am_on_paused_called: [0,com.android.settings.SubSettings,handlePauseActivity]
07-30 15:49:10.816  1000  6964  6964 I am_on_paused_called: [0,com.android.settings.SubSettings,handlePauseActivity]
07-30 15:49:20.073 10042  3989  3989 I am_on_paused_called: [0,com.smartron.smextension.TronxLauncher,handlePauseActivity]
07-30 16:02:19.539  1000  6502  6502 I am_on_paused_called: [0,com.fota.pro.DownloadActivity,handlePauseActivity]
07-30 16:02:21.404 10115  4884  4884 I am_on_paused_called: [0,com.whatsapp.HomeActivity,handlePauseActivity]
07-30 16:02:58.851 10115  4884  4884 I am_on_paused_called: [0,com.whatsapp.Conversation,handlePauseActivity]
07-30 16:02:59.926 10115  4884  4884 I am_on_paused_called: [0,com.whatsapp.HomeActivity,handlePauseActivity]
07-30 16:03:05.311 10042  3989  3989 I am_on_paused_called: [0,com.smartron.smextension.TronxLauncher,handlePauseActivity]
07-30 16:03:24.449 10042  3989  3989 I am_on_paused_called: [0,com.smartron.smextension.TronxLauncher,handlePauseActivity]
07-30 16:03:25.958  1000  6964  6964 I am_on_paused_called: [0,com.android.settings.Settings,handlePauseActivity]
07-30 16:03:29.272  1000  6964  6964 I am_on_paused_called: [0,com.android.settings.search.SearchActivity,handlePauseActivity]
07-30 16:03:32.416  1000  6964  6964 I am_on_paused_called: [0,com.android.settings.SubSettings,handlePauseActivity]
07-30 16:03:35.640  1000  8249  8249 I am_on_paused_called: [0,com.fota.pro.MainActivity,handlePauseActivity]
07-30 16:10:54.689  1000  8249  8249 I am_on_paused_called: [0,com.fota.pro.DownloadActivity,handlePauseActivity]
07-30 16:11:55.997 10115  4884  4884 I am_on_paused_called: [0,com.whatsapp.HomeActivity,handlePauseActivity]
07-30 16:14:45.433 10015  8891  8891 I am_on_paused_called: [0,com.android.incallui.InCallActivity,handlePauseActivity]
07-30 16:14:55.785 10015  8891  8891 I am_on_paused_called: [0,com.android.incallui.InCallActivity,handlePauseActivity]
07-30 16:14:55.893 10115  4884  4884 I am_on_paused_called: [0,com.whatsapp.HomeActivity,handlePauseActivity]
07-30 16:15:06.217 10115  4884  4884 I am_on_paused_called: [0,com.whatsapp.HomeActivity,handlePauseActivity]
07-30 16:15:26.358 10115  4884  4884 I am_on_paused_called: [0,com.whatsapp.Conversation,handlePauseActivity]
07-30 16:16:26.766 10042  3989  3989 I am_on_paused_called: [0,com.smartron.smextension.TronxLauncher,handlePauseActivity]
07-30 16:19:05.072 radio  3301  3301 I am_on_paused_called: [0,com.android.phone.EmergencyDialer,handlePauseActivity]
07-30 16:19:06.960 radio  3301  3301 I am_on_paused_called: [0,com.android.phone.EmergencyDialer,handlePauseActivity]
07-30 16:19:07.129 10042  3989  3989 I am_on_paused_called: [0,com.smartron.smextension.TronxLauncher,handlePauseActivity]
07-30 16:19:14.364 10042  3989  3989 I am_on_paused_called: [0,com.smartron.smextension.TronxLauncher,handlePauseActivity]
07-30 16:19:29.209 10044  4480  4480 I am_on_paused_called: [0,com.google.android.apps.gsa.searchnow.SearchNowActivity,handlePauseActivity]
07-30 16:19:37.005 10042  3989  3989 I am_on_paused_called: [0,com.smartron.smextension.TronxLauncher,handlePauseActivity]
07-30 16:19:38.416  1000  6964  6964 I am_on_paused_called: [0,com.android.settings.Settings,handlePauseActivity]
07-30 16:19:44.936  1000  6964  6964 I am_on_paused_called: [0,com.android.settings.search.SearchActivity,handlePauseActivity]
07-30 16:19:49.039  1000  6964  6964 I am_on_paused_called: [0,com.android.settings.SubSettings,handlePauseActivity]
07-30 16:33:18.212  1000  8249  8249 I am_on_paused_called: [0,com.fota.pro.DownloadActivity,handlePauseActivity]
07-30 16:33:20.139 10042  3989  3989 I am_on_paused_called: [0,com.smartron.smextension.TronxLauncher,handlePauseActivity]
07-30 16:33:31.967 10115  4884  4884 I am_on_paused_called: [0,com.whatsapp.Conversation,handlePauseActivity]
07-30 16:33:41.496 10115  4884  4884 I am_on_paused_called: [0,com.whatsapp.MediaView,handlePauseActivity]
07-30 16:34:16.288 10115  4884  4884 I am_on_paused_called: [0,com.whatsapp.Conversation,handlePauseActivity]
07-30 16:34:18.396 10115  4884  4884 I am_on_paused_called: [0,com.whatsapp.HomeActivity,handlePauseActivity]
07-30 16:34:20.640 10115  4884  4884 I am_on_paused_called: [0,com.whatsapp.Conversation,handlePauseActivity]
07-30 16:34:22.174 10115  4884  4884 I am_on_paused_called: [0,com.whatsapp.HomeActivity,handlePauseActivity]
07-30 16:34:31.725 10115  4884  4884 I am_on_paused_called: [0,com.whatsapp.Conversation,handlePauseActivity]
07-30 16:34:34.684 10115  4884  4884 I am_on_paused_called: [0,com.whatsapp.HomeActivity,handlePauseActivity]
07-30 16:34:40.753 10115  4884  4884 I am_on_paused_called: [0,com.whatsapp.Conversation,handlePauseActivity]
07-30 16:34:46.020 10042  3989  3989 I am_on_paused_called: [0,com.smartron.smextension.TronxLauncher,handlePauseActivity]
07-30 16:34:47.626 10115  4884  4884 I am_on_paused_called: [0,com.whatsapp.Conversation,handlePauseActivity]
07-30 16:34:48.941 10115  4884  4884 I am_on_paused_called: [0,com.whatsapp.HomeActivity,handlePauseActivity]
07-30 16:35:01.856 10115  4884  4884 I am_on_paused_called: [0,com.whatsapp.Conversation,handlePauseActivity]
07-30 16:35:09.647 10042  3989  3989 I am_on_paused_called: [0,com.smartron.smextension.TronxLauncher,handlePauseActivity]
07-30 16:35:11.269  1000  6964  6964 I am_on_paused_called: [0,com.android.settings.Settings,handlePauseActivity]
07-30 16:35:14.704  1000  6964  6964 I am_on_paused_called: [0,com.android.settings.search.SearchActivity,handlePauseActivity]
07-30 16:35:24.519  1000  6964  6964 I am_on_paused_called: [0,com.android.settings.SubSettings,handlePauseActivity]
07-30 16:35:29.227 10012 30653 30653 I am_on_paused_called: [0,com.android.documentsui.files.FilesActivity,handlePauseActivity]
07-30 16:36:29.482 10042  3989  3989 I am_on_paused_called: [0,com.smartron.smextension.TronxLauncher,handlePauseActivity]
07-30 16:41:45.630 10042  3989  3989 I am_on_paused_called: [0,com.smartron.smextension.TronxLauncher,handlePauseActivity]
07-30 16:41:47.980 10115  4884  4884 I am_on_paused_called: [0,com.whatsapp.HomeActivity,handlePauseActivity]
07-30 16:42:04.126 10115  4884  4884 I am_on_paused_called: [0,com.whatsapp.Conversation,handlePauseActivity]
