07-30 15:42:25.509  1000  2741  3242 I am_pause_activity: [0,65299194,com.android.settings/.Settings]
07-30 15:42:29.484  1000  2741 21980 I am_pause_activity: [0,229636312,com.android.settings/.search.SearchActivity]
07-30 15:42:35.041  1000  2741 21977 I am_pause_activity: [0,72349063,com.android.settings/.SubSettings]
07-30 15:42:41.674  1000  2741  3163 I am_pause_activity: [0,104087056,com.android.settings/.SubSettings]
07-30 15:42:54.025  1000  2741 21980 I am_pause_activity: [0,81830396,com.google.android.apps.photos/.albums.grid.DeviceFoldersActivity]
07-30 15:43:46.682  1000  2741 15709 I am_pause_activity: [0,80595927,com.google.android.apps.photos/.localmedia.ui.LocalPhotosActivity]
07-30 15:43:48.459  1000  2741 15709 I am_pause_activity: [0,81830396,com.google.android.apps.photos/.albums.grid.DeviceFoldersActivity]
07-30 15:43:49.931  1000  2741  3242 I am_pause_activity: [0,118500649,com.google.android.apps.photos/.localmedia.ui.LocalPhotosActivity]
07-30 15:43:52.999  1000  2741 21976 I am_pause_activity: [0,81830396,com.google.android.apps.photos/.albums.grid.DeviceFoldersActivity]
07-30 15:43:58.749  1000  2741 21976 I am_pause_activity: [0,223389898,com.google.android.apps.photos/.localmedia.ui.LocalPhotosActivity]
07-30 15:44:04.944  1000  2741 21977 I am_pause_activity: [0,81830396,com.google.android.apps.photos/.albums.grid.DeviceFoldersActivity]
07-30 15:48:39.984  1000  2741  2876 I am_pause_activity: [0,211883772,com.google.android.apps.photos/.localmedia.ui.LocalPhotosActivity]
07-30 15:49:01.261  1000  2741  6406 I am_pause_activity: [0,150460005,com.smartron.tronxlauncher/com.smartron.smextension.TronxLauncher]
07-30 15:49:02.727  1000  2741  3632 I am_pause_activity: [0,65299194,com.android.settings/.Settings]
07-30 15:49:06.520  1000  2741  3960 I am_pause_activity: [0,264189585,com.android.settings/.search.SearchActivity]
07-30 15:49:06.660  1000  2741  3960 I am_pause_activity: [0,166332135,com.android.settings/.SubSettings]
07-30 15:49:10.768  1000  2741  2876 I am_pause_activity: [0,232162072,com.android.settings/.SubSettings]
07-30 15:49:20.072  1000  2741 21978 I am_pause_activity: [0,150460005,com.smartron.tronxlauncher/com.smartron.smextension.TronxLauncher]
07-30 15:49:20.132  1000  2741  3632 I am_pause_activity: [0,54614500,com.fota.pro/.MainActivity]
07-30 16:02:19.504  1000  2741 21977 I am_pause_activity: [0,244406200,com.fota.pro/.DownloadActivity]
07-30 16:02:21.394  1000  2741  3324 I am_pause_activity: [0,247580710,com.whatsapp/.HomeActivity]
07-30 16:02:58.840  1000  2741 16369 I am_pause_activity: [0,38467532,com.whatsapp/.Conversation]
07-30 16:02:59.919  1000  2741 16381 I am_pause_activity: [0,247580710,com.whatsapp/.HomeActivity]
07-30 16:03:02.405  1000  2741  3632 I am_pause_activity: [0,244406200,com.fota.pro/.DownloadActivity]
07-30 16:03:05.309  1000  2741  3632 I am_pause_activity: [0,150460005,com.smartron.tronxlauncher/com.smartron.smextension.TronxLauncher]
07-30 16:03:08.251  1000  2741  3632 I am_pause_activity: [0,38196804,com.fota.pro/.DownloadActivity]
07-30 16:03:24.448  1000  2741  3003 I am_pause_activity: [0,150460005,com.smartron.tronxlauncher/com.smartron.smextension.TronxLauncher]
07-30 16:03:25.953  1000  2741  3003 I am_pause_activity: [0,65299194,com.android.settings/.Settings]
07-30 16:03:29.261  1000  2741  6925 I am_pause_activity: [0,117434684,com.android.settings/.search.SearchActivity]
07-30 16:03:32.409  1000  2741  6925 I am_pause_activity: [0,104400305,com.android.settings/.SubSettings]
07-30 16:03:35.639  1000  2741  3962 I am_pause_activity: [0,183912611,com.fota.pro/.MainActivity]
07-30 16:10:54.687  1000  2741  3953 I am_pause_activity: [0,152458485,com.fota.pro/.DownloadActivity]
07-30 16:11:55.985  1000  2741  2781 I am_pause_activity: [0,37959032,com.whatsapp/.HomeActivity]
07-30 16:14:45.160  1000  2741  3323 I am_pause_activity: [0,39130269,com.android.dialer/com.android.incallui.InCallActivity]
07-30 16:14:55.751  1000  2741 21976 I am_pause_activity: [0,39130269,com.android.dialer/com.android.incallui.InCallActivity]
07-30 16:14:55.826  1000  2741  3293 I am_pause_activity: [0,37959032,com.whatsapp/.HomeActivity]
07-30 16:15:06.207  1000  2741  3293 I am_pause_activity: [0,37959032,com.whatsapp/.HomeActivity]
07-30 16:15:26.313  1000  2741  2876 I am_pause_activity: [0,265791361,com.whatsapp/.Conversation]
07-30 16:16:26.765  1000  2741  2781 I am_pause_activity: [0,150460005,com.smartron.tronxlauncher/com.smartron.smextension.TronxLauncher]
07-30 16:19:04.747  1000  2741  6520 I am_pause_activity: [0,115213865,com.android.phone/.EmergencyDialer]
07-30 16:19:06.957  1000  2741  2876 I am_pause_activity: [0,115213865,com.android.phone/.EmergencyDialer]
07-30 16:19:07.022  1000  2741  2876 I am_pause_activity: [0,150460005,com.smartron.tronxlauncher/com.smartron.smextension.TronxLauncher]
07-30 16:19:14.359  1000  2741 16381 I am_pause_activity: [0,150460005,com.smartron.tronxlauncher/com.smartron.smextension.TronxLauncher]
07-30 16:19:29.194  1000  2741  3962 I am_pause_activity: [0,133615094,com.google.android.googlequicksearchbox/com.google.android.apps.gsa.searchnow.SearchNowActivity]
07-30 16:19:37.004  1000  2741 16381 I am_pause_activity: [0,150460005,com.smartron.tronxlauncher/com.smartron.smextension.TronxLauncher]
07-30 16:19:38.408  1000  2741 15709 I am_pause_activity: [0,65299194,com.android.settings/.Settings]
07-30 16:19:44.929  1000  2741  3242 I am_pause_activity: [0,233327429,com.android.settings/.search.SearchActivity]
07-30 16:19:49.032  1000  2741 16381 I am_pause_activity: [0,261795544,com.android.settings/.SubSettings]
07-30 16:19:49.065  1000  2741 15709 I am_pause_activity: [0,37974307,com.fota.pro/.MainActivity]
07-30 16:33:18.211  1000  2741  2876 I am_pause_activity: [0,152458485,com.fota.pro/.DownloadActivity]
07-30 16:33:20.121  1000  2741 21977 I am_pause_activity: [0,150460005,com.smartron.tronxlauncher/com.smartron.smextension.TronxLauncher]
07-30 16:33:31.922  1000  2741 21977 I am_pause_activity: [0,265791361,com.whatsapp/.Conversation]
07-30 16:33:41.480  1000  2741 21977 I am_pause_activity: [0,148592566,com.whatsapp/.MediaView]
07-30 16:34:16.272  1000  2741  8423 I am_pause_activity: [0,265791361,com.whatsapp/.Conversation]
07-30 16:34:18.387  1000  2741 21977 I am_pause_activity: [0,37959032,com.whatsapp/.HomeActivity]
07-30 16:34:20.629  1000  2741 21977 I am_pause_activity: [0,37830552,com.whatsapp/.Conversation]
07-30 16:34:22.166  1000  2741 15709 I am_pause_activity: [0,37959032,com.whatsapp/.HomeActivity]
07-30 16:34:31.710  1000  2741  6925 I am_pause_activity: [0,138681691,com.whatsapp/.Conversation]
07-30 16:34:34.678  1000  2741  8423 I am_pause_activity: [0,37959032,com.whatsapp/.HomeActivity]
07-30 16:34:40.713  1000  2741  2876 I am_pause_activity: [0,203603152,com.whatsapp/.Conversation]
07-30 16:34:46.000  1000  2741  6520 I am_pause_activity: [0,150460005,com.smartron.tronxlauncher/com.smartron.smextension.TronxLauncher]
07-30 16:34:47.614  1000  2741  6520 I am_pause_activity: [0,203603152,com.whatsapp/.Conversation]
07-30 16:34:48.934  1000  2741 16369 I am_pause_activity: [0,37959032,com.whatsapp/.HomeActivity]
07-30 16:35:01.813  1000  2741  2876 I am_pause_activity: [0,202095244,com.whatsapp/.Conversation]
07-30 16:35:09.646  1000  2741  3293 I am_pause_activity: [0,150460005,com.smartron.tronxlauncher/com.smartron.smextension.TronxLauncher]
07-30 16:35:11.262  1000  2741  7024 I am_pause_activity: [0,65299194,com.android.settings/.Settings]
07-30 16:35:14.697  1000  2741  7024 I am_pause_activity: [0,145009676,com.android.settings/.search.SearchActivity]
07-30 16:35:24.513  1000  2741  3960 I am_pause_activity: [0,3328039,com.android.settings/.SubSettings]
07-30 16:35:29.226  1000  2741  2876 I am_pause_activity: [0,85554067,com.android.documentsui/.files.FilesActivity]
07-30 16:36:29.481  1000  2741  2781 I am_pause_activity: [0,150460005,com.smartron.tronxlauncher/com.smartron.smextension.TronxLauncher]
07-30 16:41:45.620  1000  2741  2755 I am_pause_activity: [0,150460005,com.smartron.tronxlauncher/com.smartron.smextension.TronxLauncher]
07-30 16:41:47.970  1000  2741  2755 I am_pause_activity: [0,37959032,com.whatsapp/.HomeActivity]
07-30 16:42:04.095  1000  2741  6524 I am_pause_activity: [0,51301638,com.whatsapp/.Conversation]
