07-30 08:03:03.134 10016  3793  4968 I c2dm    : [-2,,1,1]
07-30 08:03:03.188 10016  3793  5028 I c2dm    : [3,,1,1]
07-30 08:03:03.263 10016  3793  5028 I c2dm    : [7,,1,1]
07-30 08:03:03.316 10016  3793  5028 I c2dm    : [8,GSYNC_TICKLE:0:1532916153935924,2,1]
07-30 08:03:03.419 10016  3793  5028 I c2dm    : [8,com.whatsapp:0:1532912233695350,3,1]
07-30 08:03:03.578 10016  3793  5028 I c2dm    : [8,com.whatsapp:0:1532915088528941,4,1]
07-30 08:03:03.678 10016  3793  5028 I c2dm    : [8,com.whatsapp:0:1532917481612931,5,1]
07-30 08:03:03.750 10016  3793  5028 I c2dm    : [8,com.mygate.user:0:1532917309589178,6,1]
07-30 08:03:03.945 10016  3793  5028 I c2dm    : [8,com.android.chrome:0:1532915871584814,7,1]
07-30 08:03:04.037 10016  3793  5028 I c2dm    : [8,com.twitter.android:0:1532917923801681,8,1]
07-30 08:03:04.201 10016  3793  5028 I c2dm    : [8,com.smartron.tronxservices:0:1532917805303168,9,1]
07-30 08:03:04.271 10016  3793  5028 I c2dm    : [8,com.smartron.tronxservices:0:1532917809835667,10,1]
07-30 08:03:04.484 10016  3793  4968 I c2dm    : [-7,,11,2]
07-30 08:03:11.186 10016  3793  5028 I c2dm    : [8,GSYNC_TICKLE:0:1532917975001494,11,2]
07-30 08:03:11.237 10016  3793  5028 I c2dm    : [8,com.twitter.android:0:1532917980345990,12,2]
07-30 08:03:32.644 10016  3793  5028 I c2dm    : [8,GSYNC_TICKLE:0:1532918012506578,13,2]
07-30 08:04:02.836 10016  3793  5028 I c2dm    : [0,,14,2]
07-30 08:04:02.841 10016  3793  4968 I c2dm    : [-1,,14,3]
07-30 08:05:52.857 10016  3793  4968 I c2dm    : [0,,15,4]
07-30 08:05:52.914 10016  3793  5028 I c2dm    : [1,,15,4]
07-30 08:07:43.195 10016  3793  4968 I c2dm    : [0,,16,5]
07-30 08:07:43.260 10016  3793  5028 I c2dm    : [1,,16,5]
07-30 08:08:35.003 10016  3793  5028 I c2dm    : [8,com.twitter.android:0:1532918314652972,17,5]
07-30 08:10:23.893 10016  3793  4968 I c2dm    : [0,,18,6]
07-30 08:10:23.966 10016  3793  5028 I c2dm    : [1,,18,6]
07-30 08:12:14.000 10016  3793  4968 I c2dm    : [0,,19,7]
07-30 08:12:14.083 10016  3793  5028 I c2dm    : [1,,19,7]
07-30 08:14:04.105 10016  3793  4968 I c2dm    : [0,,20,8]
07-30 08:14:04.168 10016  3793  5028 I c2dm    : [1,,20,8]
07-30 08:15:06.752 10016  3793  5028 I c2dm    : [8,com.twitter.android:0:1532918707738943,21,8]
07-30 08:17:00.859 10016  3793  5028 I c2dm    : [8,com.twitter.android:0:1532918821727639,22,8]
07-30 08:17:25.029 10016  3793  5028 I c2dm    : [8,GSYNC_TICKLE:0:1532918845947762,23,8]
07-30 08:17:49.912 10016  3793  5028 I c2dm    : [8,GSYNC_TICKLE:0:1532918870881839,24,8]
07-30 08:17:55.464 10016  3793  5028 I c2dm    : [8,GSYNC_TICKLE:0:1532918876151788,25,8]
07-30 08:18:17.059 10016  3793  5028 I c2dm    : [8,GSYNC_TICKLE:0:1532918898039159,26,8]
07-30 08:20:37.225 10016  3793  5028 I c2dm    : [0,,27,8]
07-30 08:20:37.228 10016  3793  4968 I c2dm    : [-1,,27,9]
07-30 08:22:57.728 10016  3793  5028 I c2dm    : [0,,28,9]
07-30 08:22:57.730 10016  3793  4968 I c2dm    : [-1,,28,10]
07-30 08:24:06.438 10016  3793  5028 I c2dm    : [8,com.twitter.android:0:1532919247395854,29,10]
07-30 08:24:11.966 10016  3793  5028 I c2dm    : [8,com.twitter.android:0:1532919252902068,30,10]
07-30 08:28:01.981 10016  3793  4968 I c2dm    : [0,,31,11]
07-30 08:28:02.058 10016  3793  5028 I c2dm    : [1,,31,11]
07-30 08:30:04.225 10016  3793  5028 I c2dm    : [8,com.twitter.android:0:1532919605013928,32,11]
07-30 08:31:19.691 10016  3793  5028 I c2dm    : [8,com.twitter.android:0:1532919680607531,33,11]
07-30 08:31:38.123 10016  3793  5028 I c2dm    : [8,com.twitter.android:0:1532919699081713,34,11]
07-30 08:31:57.066 10016  3793  5028 I c2dm    : [8,com.twitter.android:0:1532919717927253,35,11]
07-30 08:32:09.848 10016  3793  5028 I c2dm    : [8,com.twitter.android:0:1532919730833829,36,11]
07-30 08:35:59.886 10016  3793  4968 I c2dm    : [0,,37,12]
07-30 08:35:59.965 10016  3793  5028 I c2dm    : [1,,37,12]
07-30 08:38:10.459 10016  3793  5028 I c2dm    : [8,GSYNC_TICKLE:0:1532920091195715,38,12]
07-30 08:38:15.372 10016  3793  5028 I c2dm    : [8,com.linkedin.android.lite:0:1532920096198319,39,12]
07-30 08:41:04.029 10016  3793  5028 I c2dm    : [8,com.whatsapp:0:1532920264940938,40,12]
07-30 08:41:10.746 10016  3793  5028 I c2dm    : [8,GSYNC_TICKLE:0:1532920208916029,41,12]
07-30 08:42:21.133 10016  3793  5028 I c2dm    : [8,com.twitter.android:0:1532920341953863,42,12]
07-30 08:45:29.523 10016  3793  5028 I c2dm    : [8,com.twitter.android:0:1532920530197927,43,12]
07-30 08:47:01.277 10016  3793  5028 I c2dm    : [8,com.twitter.android:0:1532920622163882,44,12]
07-30 08:50:51.489 10016  3793  4968 I c2dm    : [0,,45,13]
07-30 08:50:51.552 10016  3793  5028 I c2dm    : [1,,45,13]
07-30 08:51:30.102 10016  3793  5028 I c2dm    : [8,com.twitter.android:0:1532920890831867,46,13]
07-30 08:52:26.928 10016  3793  5028 I c2dm    : [8,com.twitter.android:0:1532920947690019,47,13]
07-30 08:53:22.495 10016  3793  5028 I c2dm    : [8,com.twitter.android:0:1532921003454422,48,13]
07-30 08:53:45.874 10016  3793  5028 I c2dm    : [8,com.twitter.android:0:1532921026765974,49,13]
07-30 08:55:22.647 10016  3793  5028 I c2dm    : [8,com.twitter.android:0:1532921123376581,50,13]
07-30 08:56:09.342 10016  3793  5028 I c2dm    : [8,com.twitter.android:0:1532921170178887,51,13]
07-30 08:57:47.332 10016  3793  5028 I c2dm    : [8,com.twitter.android:0:1532921268171527,52,13]
07-30 08:59:04.760 10016  3793  5028 I c2dm    : [8,com.twitter.android:0:1532921345528300,53,13]
07-30 08:59:13.969 10016  3793  5028 I c2dm    : [8,com.twitter.android:0:1532921354841402,54,13]
07-30 08:59:14.065 10016  3793  4968 I c2dm    : [-7,,55,14]
07-30 08:59:20.077 10016  3793  5028 I c2dm    : [8,com.twitter.android:0:1532921360889647,55,14]
07-30 09:00:06.197 10016  3793  5028 I c2dm    : [8,com.twitter.android:0:1532921407014473,56,14]
07-30 09:01:04.526 10016  3793  5028 I c2dm    : [8,com.twitter.android:0:1532921465210265,57,14]
07-30 09:02:02.015 10016  3793  5028 I c2dm    : [8,com.twitter.android:0:1532921522780032,58,14]
07-30 09:02:02.139 10016  3793  5028 I c2dm    : [8,com.twitter.android:0:1532921523144307,59,14]
07-30 09:02:22.596 10016  3793  5028 I c2dm    : [8,com.twitter.android:0:1532921543279079,60,14]
07-30 09:03:34.788 10016  3793  5028 I c2dm    : [8,com.twitter.android:0:1532921615173125,61,14]
07-30 09:05:47.877 10016  3793  5028 I c2dm    : [8,com.whatsapp:0:1532921748132406,62,14]
07-30 09:06:59.136 10016  3793  5028 I c2dm    : [8,com.twitter.android:0:1532921820033880,63,14]
07-30 09:08:35.085 10016  3793  5028 I c2dm    : [8,com.linkedin.android.lite:0:1532921916072717,64,14]
07-30 09:08:35.121 10016  3793  4968 I c2dm    : [-7,,65,15]
07-30 09:09:24.442 10016  3793  5028 I c2dm    : [8,GSYNC_TICKLE:0:1532921965390163,65,15]
07-30 09:13:14.484 10016  3793  4968 I c2dm    : [0,,66,16]
07-30 09:13:14.560 10016  3793  5028 I c2dm    : [1,,66,16]
07-30 09:14:12.376 10016  3793  5028 I c2dm    : [8,com.twitter.android:0:1532922253366812,67,16]
07-30 09:17:00.948 10016  3793  5028 I c2dm    : [8,com.twitter.android:0:1532922421889952,68,16]
07-30 09:17:03.604 10016  3793  5028 I c2dm    : [8,com.twitter.android:0:1532922424532144,69,16]
07-30 09:19:43.168 10016  3793  5028 I c2dm    : [8,com.twitter.android:0:1532922583771939,70,16]
07-30 09:22:14.456 10016  3793  5028 I c2dm    : [8,com.twitter.android:0:1532922734987178,71,16]
07-30 09:23:48.652 10016  3793  5028 I c2dm    : [8,GSYNC_TICKLE:0:1532922829228622,72,16]
07-30 09:24:09.551 10016  3793  5028 I c2dm    : [8,GSYNC_TICKLE:0:1532922849310401,73,16]
07-30 09:24:17.641 10016  3793  5028 I c2dm    : [8,GSYNC_TICKLE:0:1532922858020412,74,16]
07-30 09:25:02.241 10016  3793  5028 I c2dm    : [8,com.twitter.android:0:1532922902624567,75,16]
07-30 09:25:02.315 10016  3793  4968 I c2dm    : [-7,,76,17]
07-30 09:25:33.560 10016  3793  5028 I c2dm    : [8,com.whatsapp:0:1532922934161220,76,17]
07-30 09:25:51.027 10016  3793  5028 I c2dm    : [8,com.twitter.android:0:1532922951674998,77,17]
07-30 09:26:21.946 10016  3793  5028 I c2dm    : [8,com.mygate.user:0:1532922982630289,78,17]
07-30 09:26:56.063 10016  3793  5028 I c2dm    : [8,com.twitter.android:0:1532923016464048,79,17]
07-30 09:30:18.721 10016  3793  5028 I c2dm    : [8,com.twitter.android:0:1532923219339960,80,17]
07-30 09:32:19.427 10016  3793  5028 I c2dm    : [8,com.twitter.android:0:1532923339817333,81,17]
07-30 09:36:00.911 10016  3793  5028 I c2dm    : [8,com.twitter.android:0:1532923561230775,82,17]
07-30 09:37:05.171 10016  3793  5028 I c2dm    : [8,com.twitter.android:0:1532923625548388,83,17]
07-30 09:40:41.732 10016  3793  5028 I c2dm    : [8,GSYNC_TICKLE:0:1532923842276402,84,17]
07-30 09:40:48.489 10016  3793  5028 I c2dm    : [8,GSYNC_TICKLE:0:1532923848960643,85,17]
07-30 09:40:48.569 10016  3793  4968 I c2dm    : [-7,,86,18]
07-30 09:41:49.830 10016  3793  5028 I c2dm    : [8,com.whatsapp:0:1532923910425361,86,18]
07-30 09:42:34.174 10016  3793  5028 I c2dm    : [8,GSYNC_TICKLE:0:1532923953836768,87,18]
07-30 09:44:59.142 10016  3793  5028 I c2dm    : [8,com.twitter.android:0:1532924099652011,88,18]
07-30 09:45:15.729 10016  3793  5028 I c2dm    : [8,com.whatsapp:0:1532924116021514,89,18]
07-30 09:46:41.773 10016  3793  5028 I c2dm    : [8,com.whatsapp:0:1532924202105381,90,18]
07-30 09:47:02.670 10016  3793  5028 I c2dm    : [8,com.twitter.android:0:1532924222868589,91,18]
07-30 09:47:40.459 10016  3793  5028 I c2dm    : [8,GSYNC_TICKLE:0:1532924260478173,92,18]
07-30 09:47:51.822 10016  3793  5028 I c2dm    : [8,GSYNC_TICKLE:0:1532924272231513,93,18]
07-30 09:48:31.753 10016  3793  5028 I c2dm    : [8,GSYNC_TICKLE:0:1532924311784389,94,18]
07-30 09:48:45.576 10016  3793  5028 I c2dm    : [8,com.twitter.android:0:1532924325894977,95,18]
07-30 09:48:45.655 10016  3793  4968 I c2dm    : [-7,,96,19]
07-30 09:50:29.028 10016  3793  5028 I c2dm    : [8,com.twitter.android:0:1532924429085232,96,19]
07-30 09:50:30.231 10016  3793  5028 I c2dm    : [8,com.twitter.android:0:1532924430360923,97,19]
07-30 09:51:47.070 10016  3793  5028 I c2dm    : [8,GSYNC_TICKLE:0:1532924507168790,98,19]
07-30 09:51:51.369 10016  3793  5028 I c2dm    : [8,GSYNC_TICKLE:0:1532924511630567,99,19]
07-30 09:52:34.986 10016  3793  5028 I c2dm    : [8,com.twitter.android:0:1532924555229386,100,19]
07-30 09:53:03.244 10016  3793  5028 I c2dm    : [8,com.whatsapp:0:1532924583235370,101,19]
07-30 09:53:03.329 10016  3793  5028 I c2dm    : [8,com.twitter.android:0:1532924583647629,102,19]
07-30 09:54:18.799 10016  3793  5028 I c2dm    : [8,com.whatsapp:0:1532924659035700,103,19]
07-30 09:54:43.719 10016  3793  5028 I c2dm    : [8,com.twitter.android:0:1532924683385430,104,19]
07-30 09:58:33.738 10016  3793  4968 I c2dm    : [0,,105,20]
07-30 09:58:33.809 10016  3793  5028 I c2dm    : [1,,105,20]
07-30 09:59:27.645 10016  3793  5028 I c2dm    : [8,com.twitter.android:0:1532924967689556,106,20]
07-30 10:02:37.644 10016  3793 19837 I c2dm    : [-2,,1,1]
07-30 10:02:38.550 10016  3793 19872 I c2dm    : [3,,1,1]
07-30 10:02:38.611 10016  3793 19872 I c2dm    : [7,,1,1]
07-30 10:02:38.620 10016  3793 19872 I c2dm    : [8,GSYNC_TICKLE:0:1532925098917306,2,1]
07-30 10:02:38.670 10016  3793 19872 I c2dm    : [8,com.twitter.android:0:1532925141073626,3,1]
07-30 10:05:07.865 10016  3793 19872 I c2dm    : [8,com.whatsapp:0:1532925304465444,4,1]
07-30 10:05:07.911 10016  3793 19872 I c2dm    : [8,com.twitter.android:0:1532925304567238,5,1]
07-30 10:05:17.697 10016  3793 19872 I c2dm    : [8,com.twitter.android:0:1532925317491701,6,1]
07-30 10:06:23.230 10016  3793 19872 I c2dm    : [8,GSYNC_TICKLE:0:1532925383920548,7,1]
07-30 10:06:37.483 10016  3793 19872 I c2dm    : [8,com.twitter.android:0:1532925397690670,8,1]
07-30 10:06:46.419 10016  3793 19872 I c2dm    : [8,com.twitter.android:0:1532925406030922,9,1]
07-30 10:07:21.042 10016  3793 19872 I c2dm    : [8,com.twitter.android:0:1532925439970542,10,1]
07-30 10:07:21.119 10016  3793 19837 I c2dm    : [-7,,11,2]
07-30 10:07:35.120 10016  3793 19872 I c2dm    : [8,com.twitter.android:0:1532925452726541,11,2]
07-30 10:08:47.346 10016  3793 19872 I c2dm    : [8,com.twitter.android:0:1532925527809181,12,2]
07-30 10:10:26.747 10016  3793 19872 I c2dm    : [8,com.twitter.android:0:1532925624300810,13,2]
07-30 10:11:04.434 10016  3793 19872 I c2dm    : [8,com.twitter.android:0:1532925666420700,14,2]
07-30 10:13:37.396 10016  3793 19872 I c2dm    : [8,GSYNC_TICKLE:0:1532925817745709,15,2]
07-30 10:13:44.065 10016  3793 19872 I c2dm    : [8,GSYNC_TICKLE:0:1532925824396731,16,2]
07-30 10:13:52.705 10016  3793 19872 I c2dm    : [8,GSYNC_TICKLE:0:1532925832490047,17,2]
07-30 10:13:57.542 10016  3793 22023 I c2dm    : [-2,,1,1]
07-30 10:13:57.608 10016  3793 22069 I c2dm    : [3,,1,1]
07-30 10:13:57.640 10016  3793 22069 I c2dm    : [7,,1,1]
07-30 10:13:58.276 10016  3793 22069 I c2dm    : [8,GSYNC_TICKLE:0:1532925838626133,2,1]
07-30 10:15:36.320 10016  3793 22069 I c2dm    : [8,GSYNC_TICKLE:0:1532925936741530,3,1]
07-30 10:15:50.416 10016  3793 22427 I c2dm    : [-2,,1,1]
07-30 10:15:50.520 10016  3793 22471 I c2dm    : [3,,1,1]
07-30 10:15:50.569 10016  3793 22471 I c2dm    : [7,,1,1]
07-30 10:15:50.584 10016  3793 22471 I c2dm    : [8,GSYNC_TICKLE:0:1532925937549111,2,1]
07-30 10:15:52.046 10016  3793 22487 I c2dm    : [-2,,1,1]
07-30 10:15:52.179 10016  3793 22496 I c2dm    : [3,,1,1]
07-30 10:15:52.218 10016  3793 22496 I c2dm    : [7,,1,1]
07-30 10:15:56.733 10016  3793 22496 I c2dm    : [8,GSYNC_TICKLE:0:1532925956993548,2,1]
07-30 10:16:22.222 10016  3793 22496 I c2dm    : [8,GSYNC_TICKLE:0:1532925957984676,3,1]
07-30 10:16:28.296 10016  3793 22496 I c2dm    : [8,com.twitter.android:0:1532925988341726,4,1]
07-30 10:17:01.355 10016  3793 22496 I c2dm    : [8,com.twitter.android:0:1532926021620879,5,1]
07-30 10:17:39.936 10016  3793 22496 I c2dm    : [8,com.twitter.android:0:1532926059977685,6,1]
07-30 10:18:57.104 10016  3793 22496 I c2dm    : [8,GSYNC_TICKLE:0:1532926112041753,7,1]
07-30 10:19:28.132 10016  3793 22496 I c2dm    : [8,com.twitter.android:0:1532926168338980,8,1]
07-30 10:21:56.896 10016  3793 22496 I c2dm    : [8,GSYNC_TICKLE:0:1532926282434158,9,1]
07-30 10:23:02.726 10016  3793 22496 I c2dm    : [8,com.twitter.android:0:1532926382614066,10,1]
07-30 10:23:02.809 10016  3793 22487 I c2dm    : [-7,,11,2]
07-30 10:23:26.263 10016  3793 22496 I c2dm    : [8,com.twitter.android:0:1532926406202506,11,2]
07-30 10:23:31.580 10016  3793 22496 I c2dm    : [8,com.twitter.android:0:1532926411803086,12,2]
07-30 10:23:35.263 10016  3793 22496 I c2dm    : [8,GSYNC_TICKLE:0:1532926414943086,13,2]
07-30 10:25:56.761 10016  3793 22496 I c2dm    : [8,GSYNC_TICKLE:0:1532926556998685,14,2]
07-30 10:27:57.221 10016  3793 22496 I c2dm    : [8,GSYNC_TICKLE:0:1532926629073975,15,2]
07-30 10:28:04.434 10016  3793 22496 I c2dm    : [8,com.twitter.android:0:1532926684513547,16,2]
07-30 10:30:00.702 10016  3793 22496 I c2dm    : [8,com.twitter.android:0:1532926800734511,17,2]
07-30 10:30:26.056 10016  3793 22496 I c2dm    : [8,com.android.chrome:0:1532926825782513,18,2]
07-30 10:30:57.082 10016  3793 22496 I c2dm    : [8,GSYNC_TICKLE:0:1532926849270403,19,2]
07-30 10:31:26.516 10016  3793 22487 I c2dm    : [-8,com.android.chrome:199,20,3]
07-30 10:31:26.805 10016  3793 22496 I c2dm    : [8,com.android.chrome:0:1532926887115736,20,3]
07-30 10:31:29.201 10016  3793 22496 I c2dm    : [8,com.twitter.android:0:1532926889128943,21,3]
07-30 10:32:33.171 10016  3793 22496 I c2dm    : [8,com.twitter.android:0:1532926953375303,22,3]
07-30 10:32:49.206 10016  3793 22496 I c2dm    : [8,com.twitter.android:0:1532926969297050,23,3]
07-30 10:33:56.838 10016  3793 22496 I c2dm    : [8,GSYNC_TICKLE:0:1532927031416334,24,3]
07-30 10:35:13.489 10016  3793 22496 I c2dm    : [8,com.ideacellular.myidea:0:1532927113228948,25,3]
07-30 10:36:56.876 10016  3793 22496 I c2dm    : [8,GSYNC_TICKLE:0:1532927166066540,26,3]
07-30 10:37:11.307 10016  3793 25937 I c2dm    : [-2,,1,1]
07-30 10:37:11.498 10016  3793 26008 I c2dm    : [3,,1,1]
07-30 10:37:11.548 10016  3793 26008 I c2dm    : [7,,1,1]
07-30 10:37:13.241 10016  3793 26073 I c2dm    : [-2,,1,1]
07-30 10:37:13.387 10016  3793 26083 I c2dm    : [3,,1,1]
07-30 10:37:13.395 10016  3793 26083 I c2dm    : [7,,1,1]
07-30 10:38:24.158 10016  3793 26083 I c2dm    : [8,com.twitter.android:0:1532927304096450,2,1]
07-30 10:38:25.746 10016  3793 26083 I c2dm    : [8,com.twitter.android:0:1532927305948998,3,1]
07-30 10:38:28.744 10016  3793 26083 I c2dm    : [8,com.twitter.android:0:1532927308961900,4,1]
07-30 10:38:35.701 10016  3793 26083 I c2dm    : [8,GSYNC_TICKLE:0:1532927315938315,5,1]
07-30 10:42:33.943 10016  3793 26454 I c2dm    : [-2,,1,1]
07-30 10:42:35.096 10016  3793 26480 I c2dm    : [3,,1,1]
07-30 10:42:35.122 10016  3793 26480 I c2dm    : [7,,1,1]
07-30 10:43:09.628 10016  3793 26480 I c2dm    : [8,com.twitter.android:0:1532927589838416,2,1]
07-30 10:44:52.613 10016  3793 26480 I c2dm    : [8,com.twitter.android:0:1532927692900309,3,1]
07-30 10:44:54.497 10016  3793 26480 I c2dm    : [8,GSYNC_TICKLE:0:1532927694787636,4,1]
07-30 10:46:28.441 10016  3793 26480 I c2dm    : [8,com.android.chrome:0:1532927788681961,5,1]
07-30 10:47:01.818 10016  3793 26480 I c2dm    : [8,com.twitter.android:0:1532927822103089,6,1]
07-30 10:47:20.848 10016  3793 26480 I c2dm    : [8,com.twitter.android:0:1532927841224836,7,1]
07-30 10:47:54.940 10016  3793 26480 I c2dm    : [8,GSYNC_TICKLE:0:1532927735239541,8,1]
07-30 10:47:57.618 10016  3793 26480 I c2dm    : [8,com.twitter.android:0:1532927876924758,9,1]
07-30 10:47:59.501 10016  3793 26480 I c2dm    : [8,com.twitter.android:0:1532927878508996,10,1]
07-30 10:47:59.564 10016  3793 26454 I c2dm    : [-7,,11,2]
07-30 10:48:00.509 10016  3793 26480 I c2dm    : [8,com.twitter.android:0:1532927880381946,11,2]
07-30 10:49:35.166 10016  3793 27633 I c2dm    : [-2,,1,1]
07-30 10:49:35.360 10016  3793 27647 I c2dm    : [3,,1,1]
07-30 10:49:35.376 10016  3793 27647 I c2dm    : [7,,1,1]
07-30 10:51:01.115 10016  3793 27694 I c2dm    : [-2,,1,1]
07-30 10:51:01.632 10016  3793 27734 I c2dm    : [3,,1,1]
07-30 10:51:01.645 10016  3793 27734 I c2dm    : [7,,1,1]
07-30 10:51:31.212 10016  3793 27734 I c2dm    : [8,com.twitter.android:0:1532928091805697,2,1]
07-30 10:52:07.410 10016  3793 27734 I c2dm    : [8,GSYNC_TICKLE:0:1532928126811581,3,1]
07-30 10:52:17.855 10016  3793 28041 I c2dm    : [-2,,1,1]
07-30 10:52:18.111 10016  3793 28064 I c2dm    : [3,,1,1]
07-30 10:52:18.178 10016  3793 28064 I c2dm    : [7,,1,1]
07-30 10:52:22.954 10016  3793 28064 I c2dm    : [8,GSYNC_TICKLE:0:1532928143570476,2,1]
07-30 10:52:26.058 10016  3793 28064 I c2dm    : [8,GSYNC_TICKLE:0:1532928130638987,3,1]
07-30 10:52:48.222 10016  3793 28064 I c2dm    : [8,GSYNC_TICKLE:0:1532928150859176,4,1]
07-30 10:53:37.783 10016  3793 28283 I c2dm    : [-2,,1,1]
07-30 10:53:38.004 10016  3793 28312 I c2dm    : [3,,1,1]
07-30 10:53:38.033 10016  3793 28312 I c2dm    : [7,,1,1]
07-30 10:53:38.044 10016  3793 28312 I c2dm    : [8,GSYNC_TICKLE:0:1532928193989762,2,1]
07-30 10:53:40.070 10016  3793 28312 I c2dm    : [8,GSYNC_TICKLE:0:1532928220897878,3,1]
07-30 10:54:06.616 10016  3793 28396 I c2dm    : [-2,,1,1]
07-30 10:54:07.026 10016  3793 28410 I c2dm    : [3,,1,1]
07-30 10:54:07.052 10016  3793 28410 I c2dm    : [7,,1,1]
07-30 10:56:12.677 10016  3793 28410 I c2dm    : [8,GSYNC_TICKLE:0:1532928373254543,2,1]
07-30 10:58:51.398 10016  3793 28410 I c2dm    : [8,com.twitter.android:0:1532928531184950,3,1]
07-30 10:59:13.955 10016  3793 28410 I c2dm    : [8,GSYNC_TICKLE:0:1532928488026169,4,1]
07-30 11:00:01.274 10016  3793 28410 I c2dm    : [8,GSYNC_TICKLE:0:1532928601233336,5,1]
07-30 11:00:01.310 10016  3793 28410 I c2dm    : [8,com.twitter.android:0:1532928601346959,6,1]
07-30 11:00:07.224 10016  3793 28410 I c2dm    : [8,com.twitter.android:0:1532928607289625,7,1]
07-30 11:00:08.095 10016  3793 28410 I c2dm    : [8,com.twitter.android:0:1532928608023331,8,1]
07-30 11:01:07.339 10016  3793 28410 I c2dm    : [8,GSYNC_TICKLE:0:1532928635512723,9,1]
07-30 11:01:45.922 10016  3793 28410 I c2dm    : [8,com.twitter.android:0:1532928706103030,10,1]
07-30 11:01:46.002 10016  3793 28396 I c2dm    : [-7,,11,2]
07-30 11:02:02.033 10016  3793 28410 I c2dm    : [8,com.twitter.android:0:1532928722335803,11,2]
07-30 11:02:02.084 10016  3793 28410 I c2dm    : [8,com.twitter.android:0:1532928722665340,12,2]
07-30 11:02:12.516 10016  3793 28410 I c2dm    : [8,GSYNC_TICKLE:0:1532928664629379,13,2]
07-30 11:02:50.514 10016  3793 28410 I c2dm    : [8,com.twitter.android:0:1532928771177266,14,2]
07-30 11:04:27.759 10016  3793 28410 I c2dm    : [8,com.twitter.android:0:1532928866673002,15,2]
07-30 11:05:14.467 10016  3793 28410 I c2dm    : [8,GSYNC_TICKLE:0:1532928909762622,16,2]
07-30 11:05:26.040 10016  3793 28410 I c2dm    : [8,com.whatsapp:0:1532928924780974,17,2]
07-30 11:07:22.100 10016  3793 28410 I c2dm    : [8,com.twitter.android:0:1532929042515946,18,2]
07-30 11:07:23.461 10016  3793 28410 I c2dm    : [8,com.twitter.android:0:1532929043722585,19,2]
07-30 11:07:25.320 10016  3793 28410 I c2dm    : [8,com.twitter.android:0:1532929045534708,20,2]
07-30 11:07:25.359 10016  3793 28396 I c2dm    : [-7,,21,3]
07-30 11:07:49.484 10016  3793 28410 I c2dm    : [8,com.twitter.android:0:1532929069864863,21,3]
07-30 11:08:13.262 10016  3793 28410 I c2dm    : [8,GSYNC_TICKLE:0:1532928985819345,22,3]
07-30 11:10:03.089 10016  3793 28410 I c2dm    : [8,GSYNC_TICKLE:0:1532928611245973,23,3]
07-30 11:10:56.518 10016  3793 28410 I c2dm    : [8,com.twitter.android:0:1532929256669710,24,3]
07-30 11:11:13.831 10016  3793 28410 I c2dm    : [8,GSYNC_TICKLE:0:1532929122171492,25,3]
07-30 11:12:18.694 10016  3793 29455 I c2dm    : [-2,,1,1]
07-30 11:12:18.918 10016  3793 29487 I c2dm    : [3,,1,1]
07-30 11:12:18.940 10016  3793 29487 I c2dm    : [7,,1,1]
07-30 11:12:21.509 10016  3793 29509 I c2dm    : [-2,,1,1]
07-30 11:12:21.671 10016  3793 29519 I c2dm    : [3,,1,1]
07-30 11:12:21.686 10016  3793 29519 I c2dm    : [7,,1,1]
07-30 11:12:29.888 10016  3793 29519 I c2dm    : [8,GSYNC_TICKLE:0:1532929334967711,2,1]
07-30 11:13:03.137 10016  3793 29519 I c2dm    : [8,GSYNC_TICKLE:0:1532929382706904,3,1]
07-30 11:15:22.288 10016  3793 29519 I c2dm    : [8,GSYNC_TICKLE:0:1532929493947177,4,1]
07-30 11:16:02.769 10016  3793 29519 I c2dm    : [8,GSYNC_TICKLE:0:1532929508741294,5,1]
07-30 11:16:25.173 10016  3793 29519 I c2dm    : [8,com.twitter.android:0:1532929584710969,6,1]
07-30 11:16:27.205 10016  3793 29519 I c2dm    : [8,com.twitter.android:0:1532929586487389,7,1]
07-30 11:16:28.119 10016  3793 29519 I c2dm    : [8,com.twitter.android:0:1532929588084848,8,1]
07-30 11:17:02.934 10016  3793 29519 I c2dm    : [8,com.twitter.android:0:1532929622841483,9,1]
07-30 11:18:48.712 10016  3793 29519 I c2dm    : [8,com.twitter.android:0:1532929728051895,10,1]
07-30 11:18:48.747 10016  3793 29509 I c2dm    : [-7,,11,2]
07-30 11:19:02.952 10016  3793 29519 I c2dm    : [8,GSYNC_TICKLE:0:1532929737104199,11,2]
07-30 11:22:52.977 10016  3793 29509 I c2dm    : [0,,12,3]
07-30 11:22:53.058 10016  3793 29519 I c2dm    : [1,,12,3]
07-30 11:23:15.793 10016  3793 29519 I c2dm    : [8,com.twitter.android:0:1532929995556578,13,3]
07-30 11:24:07.695 10016  3793 29519 I c2dm    : [8,GSYNC_TICKLE:0:1532930047908202,14,3]
07-30 11:27:57.434 10016  3793 29509 I c2dm    : [0,,15,4]
07-30 11:27:57.548 10016  3793 29519 I c2dm    : [1,,15,4]
07-30 11:28:57.726 10016  3793 29519 I c2dm    : [8,com.twitter.android:0:1532930338465918,16,4]
07-30 11:29:52.833 10016  3793 29519 I c2dm    : [8,GSYNC_TICKLE:0:1532930392825049,17,4]
07-30 11:30:04.140 10016  3793 29519 I c2dm    : [8,com.twitter.android:0:1532930401279718,18,4]
07-30 11:30:04.722 10016  3793 29519 I c2dm    : [8,com.twitter.android:0:1532930402521773,19,4]
07-30 11:30:04.842 10016  3793 29519 I c2dm    : [8,com.twitter.android:0:1532930404056409,20,4]
07-30 11:30:11.981 10016  3793 29519 I c2dm    : [8,com.twitter.android:0:1532930411449162,21,4]
07-30 11:31:10.773 10016  3793 29519 I c2dm    : [8,GSYNC_TICKLE:0:1532930471145643,22,4]
07-30 11:34:34.582 10016  3793 29519 I c2dm    : [8,GSYNC_TICKLE:0:1532930674976688,23,4]
07-30 11:34:40.297 10016  3793 29519 I c2dm    : [8,com.twitter.android:0:1532930680300260,24,4]
07-30 11:34:40.342 10016  3793 29509 I c2dm    : [-7,,25,5]
07-30 11:34:42.433 10016  3793 29519 I c2dm    : [8,com.twitter.android:0:1532930681325650,25,5]
07-30 11:34:43.205 10016  3793 29519 I c2dm    : [8,com.twitter.android:0:1532930683170405,26,5]
07-30 11:37:04.121 10016  3793 31624 I c2dm    : [-2,,1,1]
07-30 11:37:04.344 10016  3793 31671 I c2dm    : [3,,1,1]
07-30 11:37:04.371 10016  3793 31671 I c2dm    : [7,,1,1]
07-30 11:37:09.166 10016  3793 31701 I c2dm    : [-2,,1,1]
07-30 11:37:10.686 10016  3793 31712 I c2dm    : [3,,1,1]
07-30 11:37:11.002 10016  3793 31712 I c2dm    : [7,,1,1]
07-30 11:38:36.060 10016  3793 31712 I c2dm    : [8,com.twitter.android:0:1532930915596437,2,1]
07-30 11:39:06.462 10016  3793 31712 I c2dm    : [8,com.twitter.android:0:1532930946083003,3,1]
07-30 11:40:02.750 10016  3793 31712 I c2dm    : [8,com.twitter.android:0:1532931002556686,4,1]
07-30 11:40:04.066 10016  3793 31712 I c2dm    : [8,com.twitter.android:0:1532931004024957,5,1]
07-30 11:43:39.880 10016  3793 31712 I c2dm    : [8,com.twitter.android:0:1532931219702423,6,1]
07-30 11:45:06.657 10016  3793 31712 I c2dm    : [8,com.twitter.android:0:1532931306546646,7,1]
07-30 11:45:18.287 10016  3793 31712 I c2dm    : [8,GSYNC_TICKLE:0:1532931313672893,8,1]
07-30 11:45:27.795 10016  3793 31712 I c2dm    : [8,com.twitter.android:0:1532931327260055,9,1]
07-30 11:45:40.855 10016  3793 31712 I c2dm    : [8,com.twitter.android:0:1532931340893850,10,1]
07-30 11:45:40.900 10016  3793 31701 I c2dm    : [-7,,11,2]
07-30 11:45:46.533 10016  3793 31712 I c2dm    : [8,com.twitter.android:0:1532931346420753,11,2]
07-30 11:45:53.435 10016  3793 31712 I c2dm    : [8,com.twitter.android:0:1532931353197943,12,2]
07-30 11:46:14.010 10016  3793 31712 I c2dm    : [8,com.twitter.android:0:1532931373621885,13,2]
07-30 11:47:03.930 10016  3793 31712 I c2dm    : [8,com.twitter.android:0:1532931423282903,14,2]
07-30 11:48:31.505 10016  3793 31712 I c2dm    : [8,GSYNC_TICKLE:0:1532931501456236,15,2]
07-30 11:48:47.541 10016  3793 31712 I c2dm    : [8,com.twitter.android:0:1532931526667925,16,2]
07-30 11:50:26.725 10016  3793  1266 I c2dm    : [-2,,1,1]
07-30 11:50:28.351 10016  3793  1306 I c2dm    : [3,,1,1]
07-30 11:50:28.372 10016  3793  1306 I c2dm    : [7,,1,1]
07-30 11:50:28.381 10016  3793  1306 I c2dm    : [8,GSYNC_TICKLE:0:1532931521268168,2,1]
07-30 11:50:29.968 10016  3793  1306 I c2dm    : [8,GSYNC_TICKLE:0:1532931630060701,3,1]
07-30 11:50:45.558 10016  3793  1382 I c2dm    : [-2,,1,1]
07-30 11:50:45.962 10016  3793  1384 I c2dm    : [3,,1,1]
07-30 11:50:45.984 10016  3793  1384 I c2dm    : [7,,1,1]
07-30 11:50:46.893 10016  3793  1384 I c2dm    : [8,com.whatsapp:0:1532931646975155,2,1]
07-30 11:50:47.346 10016  3793  1384 I c2dm    : [8,GSYNC_TICKLE:0:1532931647205719,3,1]
07-30 11:51:14.562 10016  3793  1384 I c2dm    : [8,com.twitter.android:0:1532931672788952,4,1]
07-30 11:51:21.089 10016  3793  1498 I c2dm    : [-2,,1,1]
07-30 11:51:21.354 10016  3793  1517 I c2dm    : [3,,1,1]
07-30 11:51:21.379 10016  3793  1517 I c2dm    : [7,,1,1]
07-30 11:51:21.388 10016  3793  1517 I c2dm    : [8,GSYNC_TICKLE:0:1532931653883729,2,1]
07-30 11:51:24.688 10016  3793  1517 I c2dm    : [8,GSYNC_TICKLE:0:1532931685014478,3,1]
07-30 11:51:29.171 10016  3793  1517 I c2dm    : [8,GSYNC_TICKLE:0:1532931678133664,4,1]
07-30 11:51:58.492 10016  3793  1517 I c2dm    : [8,com.twitter.android:0:1532931717860782,5,1]
07-30 11:51:59.553 10016  3793  1517 I c2dm    : [8,com.twitter.android:0:1532931718900543,6,1]
07-30 11:52:01.330 10016  3793  1517 I c2dm    : [8,com.twitter.android:0:1532931721507366,7,1]
07-30 11:56:01.883 10016  3793  1498 I c2dm    : [0,,8,2]
07-30 11:56:02.384 10016  3793  2795 I c2dm    : [-2,,1,1]
07-30 11:56:02.692 10016  3793  2812 I c2dm    : [3,,1,1]
07-30 11:56:02.716 10016  3793  2812 I c2dm    : [7,,1,1]
07-30 11:56:02.724 10016  3793  2812 I c2dm    : [8,GSYNC_TICKLE:0:1532931917912870,2,1]
07-30 11:56:02.758 10016  3793  2812 I c2dm    : [8,GSYNC_TICKLE:0:1532931893417773,3,1]
07-30 11:56:03.465 10016  3793  2812 I c2dm    : [8,com.twitter.android:0:1532931963692926,4,1]
07-30 11:56:06.513 10016  3793  2812 I c2dm    : [8,GSYNC_TICKLE:0:1532931966410529,5,1]
07-30 11:57:20.315 10016  3793  2812 I c2dm    : [8,com.mygate.user:0:1532932040894217,6,1]
07-30 11:57:48.817 10016  3793  3789 I c2dm    : [-2,,1,1]
07-30 11:57:48.948 10016  3793  3791 I c2dm    : [3,,1,1]
07-30 11:57:48.995 10016  3793  3791 I c2dm    : [7,,1,1]
07-30 11:57:49.011 10016  3793  3791 I c2dm    : [8,GSYNC_TICKLE:0:1532932054144261,2,1]
07-30 11:57:56.951 10016  3793  3791 I c2dm    : [8,GSYNC_TICKLE:0:1532932062043979,3,1]
07-30 11:58:06.307 10016  3793  3863 I c2dm    : [-2,,1,1]
07-30 11:58:06.658 10016  3793  3888 I c2dm    : [3,,1,1]
07-30 11:58:06.680 10016  3793  3888 I c2dm    : [7,,1,1]
07-30 11:58:06.701 10016  3793  3888 I c2dm    : [8,com.mygate.user:0:1532932087245390,2,1]
07-30 11:58:20.874 10016  3793  3888 I c2dm    : [8,GSYNC_TICKLE:0:1532932101239322,3,1]
07-30 11:58:22.601 10016  3793  3888 I c2dm    : [8,GSYNC_TICKLE:0:1532932102996584,4,1]
07-30 11:59:18.311 10016  3793  4169 I c2dm    : [-2,,1,1]
07-30 11:59:18.645 10016  3793  4275 I c2dm    : [3,,1,1]
07-30 11:59:18.674 10016  3793  4275 I c2dm    : [7,,1,1]
07-30 11:59:18.737 10016  3793  4275 I c2dm    : [8,GSYNC_TICKLE:0:1532932113567694,2,1]
07-30 11:59:26.327 10016  3793  4275 I c2dm    : [8,GSYNC_TICKLE:0:1532932150764565,3,1]
07-30 12:04:27.352 10016  3793  4374 I c2dm    : [-2,,1,1]
07-30 12:04:31.095 10016  3793  4633 I c2dm    : [3,,1,1]
07-30 12:04:31.121 10016  3793  4633 I c2dm    : [7,,1,1]
07-30 12:04:31.131 10016  3793  4633 I c2dm    : [8,GSYNC_TICKLE:0:1532932273209110,2,1]
07-30 12:04:31.183 10016  3793  4633 I c2dm    : [8,GSYNC_TICKLE:0:1532932273651751,3,1]
07-30 12:04:31.266 10016  3793  4633 I c2dm    : [8,com.whatsapp:0:1532932270463848,4,1]
07-30 12:04:31.339 10016  3793  4633 I c2dm    : [8,com.whatsapp:0:1532932433255693,5,1]
07-30 12:04:31.379 10016  3793  4633 I c2dm    : [8,com.twitter.android:0:1532932355070500,6,1]
07-30 12:05:01.447 10016  3793  4712 I c2dm    : [-2,,1,1]
07-30 12:05:01.793 10016  3793  4831 I c2dm    : [3,,1,1]
07-30 12:05:01.856 10016  3793  4831 I c2dm    : [7,,1,1]
07-30 12:05:02.273 10016  3793  4843 I c2dm    : [-2,,1,1]
07-30 12:05:02.332 10016  3793  4876 I c2dm    : [3,,1,1]
07-30 12:05:02.340 10016  3793  4876 I c2dm    : [7,,1,1]
07-30 12:05:10.409 10016  3793  4876 I c2dm    : [8,com.twitter.android:0:1532932500832406,2,1]
07-30 12:05:39.893 10016  3793  5088 I c2dm    : [-2,,1,1]
07-30 12:05:40.086 10016  3793  5121 I c2dm    : [3,,1,1]
07-30 12:05:40.107 10016  3793  5121 I c2dm    : [7,,1,1]
07-30 12:07:56.343 10016  3793  5121 I c2dm    : [8,GSYNC_TICKLE:0:1532932640884912,2,1]
07-30 12:08:08.888 10016  3793  5748 I c2dm    : [-2,,1,1]
07-30 12:08:08.985 10016  3793  5761 I c2dm    : [3,,1,1]
07-30 12:08:09.008 10016  3793  5761 I c2dm    : [7,,1,1]
07-30 12:08:16.731 10016  3793  5761 I c2dm    : [8,com.twitter.android:0:1532932696571751,2,1]
07-30 12:08:30.714 10016  3793  5827 I c2dm    : [-2,,1,1]
07-30 12:08:30.949 10016  3793  5845 I c2dm    : [3,,1,1]
07-30 12:08:30.981 10016  3793  5845 I c2dm    : [7,,1,1]
07-30 12:08:31.551 10016  3793  5845 I c2dm    : [8,GSYNC_TICKLE:0:1532932711629872,2,1]
07-30 12:09:30.855 10016  3793  6117 I c2dm    : [-2,,1,1]
07-30 12:09:31.105 10016  3793  6154 I c2dm    : [3,,1,1]
07-30 12:09:31.166 10016  3793  6154 I c2dm    : [7,,1,1]
07-30 12:10:05.460 10016  3793  6154 I c2dm    : [8,com.twitter.android:0:1532932805822698,2,1]
07-30 12:10:10.075 10016  3793  6154 I c2dm    : [8,com.twitter.android:0:1532932809232725,3,1]
07-30 12:10:44.962 10016  3793  6154 I c2dm    : [8,GSYNC_TICKLE:0:1532932841149333,4,1]
07-30 12:12:31.033 10016  3793  6869 I c2dm    : [-2,,1,1]
07-30 12:12:31.244 10016  3793  6886 I c2dm    : [3,,1,1]
07-30 12:12:31.264 10016  3793  6886 I c2dm    : [7,,1,1]
07-30 12:12:33.010 10016  3793  6908 I c2dm    : [-2,,1,1]
07-30 12:12:33.894 10016  3793  6921 I c2dm    : [3,,1,1]
07-30 12:12:33.905 10016  3793  6921 I c2dm    : [7,,1,1]
07-30 12:12:41.325 10016  3793  6921 I c2dm    : [8,GSYNC_TICKLE:0:1532932946261789,2,1]
07-30 12:12:46.084 10016  3793  6921 I c2dm    : [8,GSYNC_TICKLE:0:1532932965882492,3,1]
07-30 12:12:54.152 10016  3793  7101 I c2dm    : [-2,,1,1]
07-30 12:12:54.642 10016  3793  7125 I c2dm    : [3,,1,1]
07-30 12:12:54.660 10016  3793  7125 I c2dm    : [7,,1,1]
07-30 12:12:58.319 10016  3793  7125 I c2dm    : [8,GSYNC_TICKLE:0:1532932978231886,2,1]
07-30 12:13:02.967 10016  3793  7167 I c2dm    : [-2,,1,1]
07-30 12:13:08.259 10016  3793  7181 I c2dm    : [3,,1,1]
07-30 12:13:08.343 10016  3793  7181 I c2dm    : [7,,1,1]
07-30 12:13:08.366 10016  3793  7181 I c2dm    : [8,GSYNC_TICKLE:0:1532932971334512,2,1]
07-30 12:13:08.540 10016  3793  7181 I c2dm    : [8,com.twitter.android:0:1532932987409096,3,1]
07-30 12:13:29.799 10016  3793  7181 I c2dm    : [8,GSYNC_TICKLE:0:1532933009358449,4,1]
07-30 12:14:27.652 10016  3793  7486 I c2dm    : [-2,,1,1]
07-30 12:14:27.763 10016  3793  7540 I c2dm    : [3,,1,1]
07-30 12:14:27.784 10016  3793  7540 I c2dm    : [7,,1,1]
07-30 12:14:31.162 10016  3793  7540 I c2dm    : [8,GSYNC_TICKLE:0:1532933071210890,2,1]
07-30 12:14:33.329 10016  3793  7599 I c2dm    : [-2,,1,1]
07-30 12:14:33.395 10016  3793  7636 I c2dm    : [3,,1,1]
07-30 12:14:33.418 10016  3793  7636 I c2dm    : [7,,1,1]
07-30 12:14:33.439 10016  3793  7636 I c2dm    : [8,com.twitter.android:0:1532933064671665,2,1]
07-30 12:15:10.392 10016  3793  7636 I c2dm    : [8,GSYNC_TICKLE:0:1532933109616905,3,1]
07-30 12:15:28.625 10016  3793  7636 I c2dm    : [8,com.twitter.android:0:1532933128878138,4,1]
07-30 12:16:20.137 10016  3793  7636 I c2dm    : [8,com.twitter.android:0:1532933179758872,5,1]
07-30 12:16:20.223 10016  3793  7636 I c2dm    : [8,com.twitter.android:0:1532933180763892,6,1]
07-30 12:16:21.403 10016  3793  7636 I c2dm    : [8,com.twitter.android:0:1532933181826920,7,1]
07-30 12:17:02.152 10016  3793  7636 I c2dm    : [8,com.twitter.android:0:1532933222444685,8,1]
07-30 12:17:37.824 10016  3793  7636 I c2dm    : [8,GSYNC_TICKLE:0:1532933258251189,9,1]
07-30 12:17:44.355 10016  3793  7985 I c2dm    : [-2,,1,1]
07-30 12:17:44.706 10016  3793  8007 I c2dm    : [3,,1,1]
07-30 12:17:44.731 10016  3793  8007 I c2dm    : [7,,1,1]
07-30 12:17:44.742 10016  3793  8007 I c2dm    : [8,GSYNC_TICKLE:0:1532933159549778,2,1]
07-30 12:17:47.246 10016  3793  8054 I c2dm    : [-2,,1,1]
07-30 12:17:47.489 10016  3793  8067 I c2dm    : [3,,1,1]
07-30 12:17:47.509 10016  3793  8067 I c2dm    : [7,,1,1]
07-30 12:17:58.317 10016  3793  8067 I c2dm    : [8,GSYNC_TICKLE:0:1532933278894620,2,1]
07-30 12:19:06.148 10016  3793  8120 I c2dm    : [-2,,1,1]
07-30 12:19:06.362 10016  3793  8149 I c2dm    : [3,,1,1]
07-30 12:19:06.384 10016  3793  8149 I c2dm    : [7,,1,1]
07-30 12:19:14.605 10016  3793  8149 I c2dm    : [8,GSYNC_TICKLE:0:1532933338576501,2,1]
07-30 12:19:34.978 10016  3793  8321 I c2dm    : [-2,,1,1]
07-30 12:19:35.304 10016  3793  8338 I c2dm    : [3,,1,1]
07-30 12:19:35.331 10016  3793  8338 I c2dm    : [7,,1,1]
07-30 12:20:06.623 10016  3793  8338 I c2dm    : [8,com.twitter.android:0:1532933406965731,2,1]
07-30 12:20:21.009 10016  3793  8338 I c2dm    : [8,GSYNC_TICKLE:0:1532933419057135,3,1]
07-30 12:21:03.712 10016  3793  8338 I c2dm    : [8,com.twitter.android:0:1532933462876388,4,1]
07-30 12:22:06.788 10016  3793  8338 I c2dm    : [8,GSYNC_TICKLE:0:1532933525906369,5,1]
07-30 12:22:32.979 10016  3793  8338 I c2dm    : [8,com.twitter.android:0:1532933551578575,6,1]
07-30 12:22:36.617 10016  3793  8338 I c2dm    : [8,com.twitter.android:0:1532933556468666,7,1]
07-30 12:23:18.536 10016  3793  8338 I c2dm    : [8,GSYNC_TICKLE:0:1532933502705343,8,1]
07-30 12:25:05.584 10016  3793  8338 I c2dm    : [8,GSYNC_TICKLE:0:1532933656821366,9,1]
07-30 12:26:20.093 10016  3793  8338 I c2dm    : [8,GSYNC_TICKLE:0:1532933778156518,10,1]
07-30 12:26:20.169 10016  3793  8321 I c2dm    : [-7,,11,2]
07-30 12:29:19.029 10016  3793  8338 I c2dm    : [8,GSYNC_TICKLE:0:1532933937153519,11,2]
07-30 12:29:26.363 10016  3793  8338 I c2dm    : [8,com.twitter.android:0:1532933966687688,12,2]
07-30 12:29:26.410 10016  3793  8338 I c2dm    : [8,com.twitter.android:0:1532933966797954,13,2]
07-30 12:30:15.301 10016  3793  8338 I c2dm    : [8,com.twitter.android:0:1532934015480906,14,2]
07-30 12:30:55.884 10016  3793  8338 I c2dm    : [8,com.twitter.android:0:1532934055133072,15,2]
07-30 12:32:18.741 10016  3793  8338 I c2dm    : [8,GSYNC_TICKLE:0:1532934117044900,16,2]
07-30 12:33:58.166 10016  3793 10317 I c2dm    : [-2,,1,1]
07-30 12:33:58.360 10016  3793 10400 I c2dm    : [3,,1,1]
07-30 12:33:58.379 10016  3793 10400 I c2dm    : [7,,1,1]
07-30 12:33:58.389 10016  3793 10400 I c2dm    : [8,GSYNC_TICKLE:0:1532934213372423,2,1]
07-30 12:34:00.323 10016  3793 10400 I c2dm    : [8,GSYNC_TICKLE:0:1532934240623949,3,1]
07-30 12:34:06.386 10016  3793 10400 I c2dm    : [8,GSYNC_TICKLE:0:1532934231534726,4,1]
07-30 12:34:15.954 10016  3793 10647 I c2dm    : [-2,,1,1]
07-30 12:34:16.187 10016  3793 10665 I c2dm    : [3,,1,1]
07-30 12:34:16.208 10016  3793 10665 I c2dm    : [7,,1,1]
07-30 12:35:28.163 10016  3793 10801 I c2dm    : [-2,,1,1]
07-30 12:35:29.409 10016  3793 10841 I c2dm    : [3,,1,1]
07-30 12:35:29.417 10016  3793 10841 I c2dm    : [7,,1,1]
07-30 12:35:30.604 10016  3793 10861 I c2dm    : [-2,,1,1]
07-30 12:35:30.973 10016  3793 10874 I c2dm    : [3,,1,1]
07-30 12:35:30.984 10016  3793 10874 I c2dm    : [7,,1,1]
07-30 12:36:24.175 10016  3793 10874 I c2dm    : [8,com.twitter.android:0:1532934384432712,2,1]
07-30 12:39:29.176 10016  3793 10874 I c2dm    : [8,com.twitter.android:0:1532934567838498,3,1]
07-30 12:40:04.815 10016  3793 10874 I c2dm    : [8,com.twitter.android:0:1532934603073250,4,1]
07-30 12:40:04.859 10016  3793 10874 I c2dm    : [8,com.twitter.android:0:1532934604115844,5,1]
07-30 12:40:06.455 10016  3793 10874 I c2dm    : [8,com.twitter.android:0:1532934606422322,6,1]
07-30 12:41:24.076 10016  3793 10874 I c2dm    : [8,GSYNC_TICKLE:0:1532934684383688,7,1]
07-30 12:42:25.228 10016  3793 10874 I c2dm    : [8,com.twitter.android:0:1532934745617677,8,1]
07-30 12:42:30.653 10016  3793 10874 I c2dm    : [8,GSYNC_TICKLE:0:1532934750830750,9,1]
07-30 12:43:12.633 10016  3793 10874 I c2dm    : [8,com.twitter.android:0:1532934792536208,10,1]
07-30 12:43:12.688 10016  3793 10861 I c2dm    : [-7,,11,2]
07-30 12:44:24.839 10016  3793 10874 I c2dm    : [8,GSYNC_TICKLE:0:1532934740182830,11,2]
07-30 12:45:31.355 10016  3793 10874 I c2dm    : [8,GSYNC_TICKLE:0:1532934841202755,12,2]
07-30 12:45:34.850 10016  3793 10874 I c2dm    : [8,com.twitter.android:0:1532934931597326,13,2]
07-30 12:46:52.043 10016  3793 10861 I c2dm    : [-8,com.android.chrome:200,14,3]
07-30 12:46:52.475 10016  3793 10874 I c2dm    : [8,com.android.chrome:0:1532935012940569,14,3]
07-30 12:47:01.444 10016  3793 10874 I c2dm    : [8,com.twitter.android:0:1532935021848162,15,3]
07-30 12:48:30.493 10016  3793 10874 I c2dm    : [8,GSYNC_TICKLE:0:1532935059777913,16,3]
07-30 12:50:04.789 10016  3793 10874 I c2dm    : [8,com.twitter.android:0:1532935205001977,17,3]
07-30 12:50:40.824 10016  3793 10874 I c2dm    : [8,com.twitter.android:0:1532935240779086,18,3]
07-30 12:50:43.019 10016  3793 10874 I c2dm    : [8,com.twitter.android:0:1532935243247815,19,3]
07-30 12:50:44.894 10016  3793 10874 I c2dm    : [8,com.twitter.android:0:1532935245194738,20,3]
07-30 12:51:32.232 10016  3793 10874 I c2dm    : [8,com.twitter.android:0:1532935292518439,21,3]
07-30 12:52:29.563 10016  3793 10874 I c2dm    : [8,com.linkedin.android.lite:0:1532935349891961,22,3]
07-30 12:52:31.154 10016  3793 10874 I c2dm    : [8,com.linkedin.android.lite:0:1532935351594772,23,3]
07-30 12:52:31.223 10016  3793 10861 I c2dm    : [-7,,24,4]
07-30 12:52:32.167 10016  3793 10874 I c2dm    : [8,com.linkedin.android.lite:0:1532935352570780,24,4]
07-30 12:52:37.712 10016  3793 10874 I c2dm    : [8,com.twitter.android:0:1532935357840657,25,4]
07-30 12:55:46.972 10016  3793 10874 I c2dm    : [8,GSYNC_TICKLE:0:1532935547236461,26,4]
07-30 12:58:57.504 10016  3793 10874 I c2dm    : [8,com.twitter.android:0:1532935737684674,27,4]
07-30 13:00:00.844 10016  3793 10874 I c2dm    : [8,com.twitter.android:0:1532935800866604,28,4]
07-30 13:00:07.696 10016  3793 10874 I c2dm    : [8,com.twitter.android:0:1532935806176691,29,4]
07-30 13:00:07.780 10016  3793 10874 I c2dm    : [8,GSYNC_TICKLE:0:1532935806987392,30,4]
07-30 13:00:45.969 10016  3793 10874 I c2dm    : [8,com.twitter.android:0:1532935844770865,31,4]
07-30 13:02:02.566 10016  3793 10874 I c2dm    : [8,com.twitter.android:0:1532935922854465,32,4]
07-30 13:02:09.256 10016  3793 10874 I c2dm    : [8,com.twitter.android:0:1532935929550275,33,4]
07-30 13:02:09.352 10016  3793 10861 I c2dm    : [-7,,34,5]
07-30 13:02:09.354 10016  3793 10874 I c2dm    : [8,GSYNC_TICKLE:0:1532935929698000,34,5]
07-30 13:05:01.880 10016  3793 10874 I c2dm    : [8,com.twitter.android:0:1532936102285974,35,5]
07-30 13:05:38.895 10016  3793 10874 I c2dm    : [8,GSYNC_TICKLE:0:1532936139210316,36,5]
07-30 13:06:22.793 10016  3793 10874 I c2dm    : [8,com.twitter.android:0:1532936183080892,37,5]
07-30 13:07:04.133 10016  3793 10874 I c2dm    : [8,com.twitter.android:0:1532936224265955,38,5]
07-30 13:10:05.861 10016  3793 10874 I c2dm    : [8,com.twitter.android:0:1532936406022487,39,5]
07-30 13:10:08.381 10016  3793 10874 I c2dm    : [8,com.twitter.android:0:1532936408542301,40,5]
07-30 13:10:10.306 10016  3793 10874 I c2dm    : [8,com.twitter.android:0:1532936409929342,41,5]
07-30 13:10:35.935 10016  3793 13008 I c2dm    : [-2,,1,1]
07-30 13:10:38.391 10016  3793 13097 I c2dm    : [-2,,1,1]
07-30 13:10:38.620 10016  3793 13111 I c2dm    : [3,,1,1]
07-30 13:10:38.643 10016  3793 13111 I c2dm    : [7,,1,1]
07-30 13:11:19.344 10016  3793 13285 I c2dm    : [-2,,1,1]
07-30 13:11:19.533 10016  3793 13295 I c2dm    : [3,,1,1]
07-30 13:11:19.541 10016  3793 13295 I c2dm    : [7,,1,1]
07-30 13:11:30.893 10016  3793 13473 I c2dm    : [-2,,1,1]
07-30 13:11:38.325 10016  3793 13526 I c2dm    : [-2,,1,1]
07-30 13:11:38.598 10016  3793 13534 I c2dm    : [3,,1,1]
07-30 13:11:38.607 10016  3793 13534 I c2dm    : [7,,1,1]
07-30 13:11:38.616 10016  3793 13534 I c2dm    : [8,com.twitter.android:0:1532936492186488,2,1]
07-30 13:11:40.259 10016  3793 13563 I c2dm    : [-2,,1,1]
07-30 13:11:40.384 10016  3793 13572 I c2dm    : [3,,1,1]
07-30 13:11:40.414 10016  3793 13572 I c2dm    : [7,,1,1]
07-30 13:12:35.613 10016  3793 13704 I c2dm    : [-2,,1,1]
07-30 13:12:35.881 10016  3793 13731 I c2dm    : [3,,1,1]
07-30 13:12:35.892 10016  3793 13731 I c2dm    : [7,,1,1]
07-30 13:13:17.519 10016  3793 13731 I c2dm    : [8,com.twitter.android:0:1532936597548866,2,1]
07-30 13:13:19.715 10016  3793 13731 I c2dm    : [8,GSYNC_TICKLE:0:1532936600165938,3,1]
07-30 13:19:16.718 10016  3793 14571 I c2dm    : [-2,,1,1]
07-30 13:19:17.000 10016  3793 14885 I c2dm    : [3,,1,1]
07-30 13:19:17.051 10016  3793 14885 I c2dm    : [7,,1,1]
07-30 13:19:17.060 10016  3793 14885 I c2dm    : [8,GSYNC_TICKLE:0:1532936727960601,2,1]
07-30 13:19:17.379 10016  3793 14885 I c2dm    : [8,com.whatsapp:0:1532936913146177,3,1]
07-30 13:19:18.038 10016  3793 14885 I c2dm    : [8,com.twitter.android:0:1532936885861027,4,1]
07-30 13:20:04.234 10016  3793 14885 I c2dm    : [8,com.twitter.android:0:1532937001363970,5,1]
07-30 13:20:21.629 10016  3793 14885 I c2dm    : [8,com.twitter.android:0:1532937017628943,6,1]
07-30 13:24:08.088 10016  3793 14885 I c2dm    : [8,com.twitter.android:0:1532937246939810,7,1]
07-30 13:28:08.093 10016  3793 14571 I c2dm    : [0,,8,2]
07-30 13:28:08.508 10016  3793 14885 I c2dm    : [1,,8,2]
07-30 13:30:04.819 10016  3793 14885 I c2dm    : [8,com.twitter.android:0:1532937604507699,9,2]
07-30 13:30:05.788 10016  3793 14885 I c2dm    : [8,com.twitter.android:0:1532937606282945,10,2]
07-30 13:30:06.604 10016  3793 14885 I c2dm    : [8,com.twitter.android:0:1532937606842641,11,2]
07-30 13:30:21.640 10016  3793 14885 I c2dm    : [8,com.twitter.android:0:1532937622379392,12,2]
07-30 13:31:55.537 10016  3793 14885 I c2dm    : [8,com.twitter.android:0:1532937712219358,13,2]
07-30 13:33:20.356 10016  3793 14885 I c2dm    : [8,GSYNC_TICKLE:0:1532937800824017,14,2]
07-30 13:36:21.076 10016  3793 14885 I c2dm    : [8,GSYNC_TICKLE:0:1532937815736178,15,2]
07-30 13:37:13.551 10016  3793 14885 I c2dm    : [8,com.twitter.android:0:1532938030158734,16,2]
07-30 13:37:13.678 10016  3793 14885 I c2dm    : [8,com.twitter.android:0:1532938031712744,17,2]
07-30 13:37:13.710 10016  3793 14571 I c2dm    : [-7,,18,3]
07-30 13:37:16.195 10016  3793 14885 I c2dm    : [8,com.twitter.android:0:1532938036527920,18,3]
07-30 13:37:40.419 10016  3793 14885 I c2dm    : [8,com.twitter.android:0:1532938060265411,19,3]
07-30 13:40:12.635 10016  3793 14885 I c2dm    : [8,com.twitter.android:0:1532938213133981,20,3]
07-30 13:41:05.347 10016  3793 14885 I c2dm    : [8,com.twitter.android:0:1532938264611910,21,3]
07-30 13:42:00.495 10016  3793 14885 I c2dm    : [8,GSYNC_TICKLE:0:1532938319561228,22,3]
07-30 13:50:49.190 10016  3793 18633 I c2dm    : [-2,,1,1]
07-30 13:50:49.307 10016  3793 18708 I c2dm    : [3,,1,1]
07-30 13:50:49.367 10016  3793 18708 I c2dm    : [7,,1,1]
07-30 13:50:49.387 10016  3793 18708 I c2dm    : [8,GSYNC_TICKLE:0:1532938452680380,2,1]
07-30 13:50:49.505 10016  3793 18708 I c2dm    : [8,com.twitter.android:0:1532938802954093,3,1]
07-30 13:51:16.093 10016  3793 18708 I c2dm    : [8,GSYNC_TICKLE:0:1532938876713221,4,1]
07-30 13:55:16.909 10016  3793 18633 I c2dm    : [0,,5,2]
07-30 13:55:17.021 10016  3793 18708 I c2dm    : [1,,5,2]
07-30 13:56:23.694 10016  3793 18708 I c2dm    : [8,GSYNC_TICKLE:0:1532939174574920,6,2]
07-30 14:00:23.580 10016  3793 18633 I c2dm    : [0,,7,3]
07-30 14:00:26.521 10016  3793 19448 I c2dm    : [-2,,1,1]
07-30 14:00:27.121 10016  3793 19457 I c2dm    : [3,,1,1]
07-30 14:00:27.140 10016  3793 19457 I c2dm    : [7,,1,1]
07-30 14:00:27.151 10016  3793 19457 I c2dm    : [8,GSYNC_TICKLE:0:1532939322817813,2,1]
07-30 14:00:27.181 10016  3793 19457 I c2dm    : [8,com.twitter.android:0:1532939406941806,3,1]
07-30 14:04:19.722 10016  3793 19457 I c2dm    : [8,GSYNC_TICKLE:0:1532939660054928,4,1]
07-30 14:07:17.839 10016  3793 19457 I c2dm    : [8,com.tencent.mm:0:1532939804376197,5,1]
07-30 14:07:19.569 10016  3793 19457 I c2dm    : [8,GSYNC_TICKLE:0:1532939662681840,6,1]
07-30 14:09:10.569 10016  3793 19457 I c2dm    : [8,com.twitter.android:0:1532939950581057,7,1]
07-30 14:09:11.637 10016  3793 19457 I c2dm    : [8,com.twitter.android:0:1532939951695753,8,1]
07-30 14:09:13.669 10016  3793 19457 I c2dm    : [8,com.twitter.android:0:1532939953993241,9,1]
07-30 14:10:19.569 10016  3793 19457 I c2dm    : [8,GSYNC_TICKLE:0:1532939898301821,10,1]
07-30 14:10:19.608 10016  3793 19448 I c2dm    : [-7,,11,2]
07-30 14:13:20.368 10016  3793 19457 I c2dm    : [8,GSYNC_TICKLE:0:1532940062202048,11,2]
07-30 14:14:26.175 10016  3793 19457 I c2dm    : [8,com.twitter.android:0:1532940264932839,12,2]
07-30 14:14:27.346 10016  3793 19457 I c2dm    : [8,com.mygate.user:0:1532940267688986,13,2]
07-30 14:15:17.846 10016  3793 19457 I c2dm    : [8,com.twitter.android:0:1532940313224932,14,2]
07-30 14:15:29.262 10016  3793 19457 I c2dm    : [8,com.twitter.android:0:1532940329506017,15,2]
07-30 14:16:19.768 10016  3793 19457 I c2dm    : [8,GSYNC_TICKLE:0:1532940263211882,16,2]
07-30 14:16:34.888 10016  3793 21846 I c2dm    : [-2,,1,1]
07-30 14:16:35.333 10016  3793 21875 I c2dm    : [3,,1,1]
07-30 14:16:35.357 10016  3793 21875 I c2dm    : [7,,1,1]
07-30 14:17:03.573 10016  3793 21875 I c2dm    : [8,com.twitter.android:0:1532940422909844,2,1]
07-30 14:19:33.447 10016  3793 21875 I c2dm    : [8,com.twitter.android:0:1532940558984528,3,1]
07-30 14:20:33.673 10016  3793 21875 I c2dm    : [8,com.linkedin.android.lite:0:1532940633255450,4,1]
07-30 14:21:26.814 10016  3793 21875 I c2dm    : [8,com.twitter.android:0:1532940685097419,5,1]
07-30 14:23:46.836 10016  3793 22191 I c2dm    : [-2,,1,1]
07-30 14:23:47.026 10016  3793 22226 I c2dm    : [3,,1,1]
07-30 14:23:47.065 10016  3793 22226 I c2dm    : [7,,1,1]
07-30 14:24:05.898 10016  3793 22226 I c2dm    : [8,com.twitter.android:0:1532940845430323,2,1]
07-30 14:24:14.291 10016  3793 22383 I c2dm    : [-2,,1,1]
07-30 14:24:14.595 10016  3793 22402 I c2dm    : [3,,1,1]
07-30 14:24:14.644 10016  3793 22402 I c2dm    : [7,,1,1]
07-30 14:27:51.415 10016  3793 22402 I c2dm    : [8,GSYNC_TICKLE:0:1532941071393916,2,1]
07-30 14:28:44.258 10016  3793 22402 I c2dm    : [8,GSYNC_TICKLE:0:1532941124003979,3,1]
07-30 14:28:47.093 10016  3793 22402 I c2dm    : [8,com.twitter.android:0:1532941126299904,4,1]
07-30 14:29:42.554 10016  3793 22402 I c2dm    : [8,com.twitter.android:0:1532941182077717,5,1]
07-30 14:30:02.543 10016  3793 22402 I c2dm    : [8,com.twitter.android:0:1532941202511816,6,1]
07-30 14:30:28.546 10016  3793 22402 I c2dm    : [8,com.twitter.android:0:1532941227848233,7,1]
07-30 14:30:52.524 10016  3793 22402 I c2dm    : [8,GSYNC_TICKLE:0:1532941232597720,8,1]
07-30 14:31:28.990 10016  3793 22402 I c2dm    : [8,com.twitter.android:0:1532941288481606,9,1]
07-30 14:31:31.998 10016  3793 22402 I c2dm    : [8,com.twitter.android:0:1532941291751636,10,1]
07-30 14:31:32.047 10016  3793 22383 I c2dm    : [-7,,11,2]
07-30 14:31:45.028 10016  3793 22402 I c2dm    : [8,GSYNC_TICKLE:0:1532941304038508,11,2]
07-30 14:32:26.231 10016  3793 22924 I c2dm    : [-2,,1,1]
07-30 14:32:26.429 10016  3793 22958 I c2dm    : [3,,1,1]
