07-30 08:03:04.176  1000  2741  3100 I notification_expansion: [0|com.whatsapp|14|null|10115,0,1,469,430,0]
07-30 08:03:05.871  1000  2741  3960 I notification_expansion: [0|com.whatsapp|1|919036640705-1521441719@g.us|10115,0,1,494,104,0]
07-30 08:03:06.033  1000  2741  3293 I notification_expansion: [0|com.whatsapp|1|919848330390-1434389344@g.us|10115,0,1,535,228,0]
07-30 08:03:06.035  1000  2741  3293 I notification_expansion: [0|com.whatsapp|1|919036640705-1521441719@g.us|10115,0,0,659,269,0]
07-30 08:03:06.289  1000  2741  2755 I notification_expansion: [0|com.whatsapp|1|919866777960-1400346898@g.us|10115,0,1,751,157,0]
07-30 08:03:06.290  1000  2741  2755 I notification_expansion: [0|com.whatsapp|1|919848330390-1434389344@g.us|10115,0,0,792,231,0]
07-30 08:03:06.414  1000  2741  3632 I notification_expansion: [0|com.whatsapp|1|919966429222-1483261573@g.us|10115,0,1,824,203,0]
07-30 08:03:06.417  1000  2741  3293 I notification_expansion: [0|com.whatsapp|1|919866777960-1400346898@g.us|10115,0,0,878,12,0]
07-30 08:03:06.527  1000  2741  3593 I notification_expansion: [0|com.whatsapp|1|918297066647-1504763627@g.us|10115,0,1,885,243,0]
07-30 08:03:06.528  1000  2741  3593 I notification_expansion: [0|com.whatsapp|1|919966429222-1483261573@g.us|10115,0,0,938,5,0]
07-30 08:03:07.377  1000  2741  3953 I notification_expansion: [0|com.whatsapp|1|918297066647-1504763627@g.us|10115,0,0,1735,777,0]
07-30 08:03:20.574  1000  2741  6520 I notification_expansion: [0|com.google.android.gm|0|gig:483594645:^sq_ig_i_personal|10064,0,1,224,224,0]
07-30 08:03:20.643  1000  2741  3632 I notification_expansion: [0|com.google.android.gm|785431737|gig:483594645:^sq_ig_i_personal|10064,0,1,260,260,0]
07-30 08:03:20.755  1000  2741  3242 I notification_expansion: [0|com.google.android.gm|785431737|gig:483594645:^sq_ig_i_personal|10064,0,0,372,372,0]
07-30 08:03:23.580  1000  2741  3242 I notification_expansion: [0|com.mygate.user|0|FCM-Notification:113192|10095,0,1,106,106,0]
07-30 08:03:23.581  1000  2741  3242 I notification_expansion: [0|com.google.android.gm|0|gig:483594645:^sq_ig_i_personal|10064,0,0,3230,3230,0]
07-30 08:03:39.735  1000  2741  3962 I notification_expansion: [0|com.whatsapp|1|919036640705-1521441719@g.us|10115,0,1,519,519,0]
07-30 08:03:39.736  1000  2741  3953 I notification_expansion: [0|com.mygate.user|0|FCM-Notification:113192|10095,0,0,16262,16262,0]
07-30 08:03:39.864  1000  2741  3962 I notification_expansion: [0|com.whatsapp|1|919848330390-1434389344@g.us|10115,0,1,521,521,0]
07-30 08:03:39.866  1000  2741  3962 I notification_expansion: [0|com.whatsapp|1|919036640705-1521441719@g.us|10115,0,0,650,650,0]
07-30 08:03:39.973  1000  2741  3953 I notification_expansion: [0|com.whatsapp|1|919866777960-1400346898@g.us|10115,0,1,474,474,0]
07-30 08:03:39.974  1000  2741  3953 I notification_expansion: [0|com.whatsapp|1|919848330390-1434389344@g.us|10115,0,0,631,631,0]
07-30 08:03:40.066  1000  2741  6894 I notification_expansion: [0|com.whatsapp|1|919652797973-1526561049@g.us|10115,0,1,528,528,0]
07-30 08:03:40.067  1000  2741  3962 I notification_expansion: [0|com.whatsapp|1|919866777960-1400346898@g.us|10115,0,0,568,568,0]
07-30 08:03:40.239  1000  2741  3962 I notification_expansion: [0|com.whatsapp|1|919652797973-1526561049@g.us|10115,0,0,701,701,0]
07-30 08:03:47.164  1000  2741  3961 I notification_expansion: [0|com.whatsapp|1|null|10115,0,0,7592,7592,6183]
07-30 08:03:52.874  1000  2741  3953 I notification_expansion: [0|com.twitter.android|0|null|10096,0,1,3963,3306,0]
07-30 08:03:52.874  1000  2741  3953 I notification_expansion: [-1|android|23|41217664-9172-527a-b3d5-edabb50a7d69|1000,0,1,5717,5717,0]
07-30 08:03:52.875  1000  2741  3953 I notification_expansion: [0|com.android.chrome|-1|p#https://m.facebook.com/#11532916151486090|10058,0,1,11668,11668,0]
07-30 08:03:52.876  1000  2741  3323 I notification_expansion: [0|com.mygate.user|0|FCM-Notification:113192|10095,0,1,29402,29402,0]
07-30 08:03:52.880  1000  2741  3953 I notification_expansion: [0|com.twitter.android|0|null|10096,0,0,3970,3313,0]
07-30 08:03:52.881  1000  2741  3953 I notification_expansion: [-1|android|23|41217664-9172-527a-b3d5-edabb50a7d69|1000,0,0,5724,5724,0]
07-30 08:03:52.881  1000  2741  3953 I notification_expansion: [0|com.android.chrome|-1|p#https://m.facebook.com/#11532916151486090|10058,0,0,11674,11674,0]
07-30 08:03:52.882  1000  2741  3953 I notification_expansion: [0|com.google.android.gm|0|gig:483594645:^sq_ig_i_personal|10064,0,0,32532,1120,0]
07-30 08:03:52.883  1000  2741  3953 I notification_expansion: [0|com.mygate.user|0|FCM-Notification:113192|10095,0,0,29409,29409,0]
07-30 08:03:55.602  1000  2741  8423 I notification_expansion: [0|com.twitter.android|0|null|10096,0,1,6692,6035,0]
07-30 08:03:55.603  1000  2741  8423 I notification_expansion: [0|com.whatsapp|1|null|10115,0,0,16031,16031,14622]
07-30 08:04:00.474  1000  2741  3323 I notification_expansion: [-1|android|23|41217664-9172-527a-b3d5-edabb50a7d69|1000,0,1,13317,13317,0]
07-30 08:04:00.475  1000  2741  3323 I notification_expansion: [0|com.twitter.android|0|null|10096,0,0,11565,10908,0]
07-30 08:04:00.573  1000  2741  3323 I notification_expansion: [-1|android|23|41217664-9172-527a-b3d5-edabb50a7d69|1000,0,0,13416,13416,0]
07-30 08:04:01.889  1000  2741  3323 I notification_expansion: [0|com.google.android.gm|0|gig:483594645:^sq_ig_i_personal|10064,0,0,41539,10127,0]
07-30 08:04:24.088  1000  2741  2756 I notification_expansion: [0|com.twitter.android|0|null|10096,0,1,35178,34521,0]
07-30 08:04:24.089  1000  2741  3632 I notification_expansion: [0|com.whatsapp|1|null|10115,0,0,44517,96,43108]
07-30 08:04:56.555  1000  2741  8423 I notification_expansion: [0|com.twitter.android|0|null|10096,0,0,67645,66988,0]
07-30 08:10:28.445  1000  2741  3632 I notification_expansion: [0|com.twitter.android|0|null|10096,0,1,399534,112705,0]
07-30 08:10:28.445  1000  2741  3632 I notification_expansion: [-1|android|23|41217664-9172-527a-b3d5-edabb50a7d69|1000,0,1,401288,401288,0]
07-30 08:10:28.446  1000  2741  3632 I notification_expansion: [0|com.mygate.user|0|FCM-Notification:113192|10095,0,1,424972,424972,0]
07-30 08:10:28.447  1000  2741  6406 I notification_expansion: [0|com.android.chrome|-1|p#https://m.facebook.com/#11532916151486090|10058,0,1,407240,407240,0]
07-30 08:10:28.448  1000  2741  6406 I notification_expansion: [0|com.twitter.android|0|null|10096,0,0,399537,112708,0]
07-30 08:10:28.448  1000  2741  6406 I notification_expansion: [-1|android|23|41217664-9172-527a-b3d5-edabb50a7d69|1000,0,0,401291,401291,0]
07-30 08:10:28.448  1000  2741  6406 I notification_expansion: [0|com.mygate.user|0|FCM-Notification:113192|10095,0,0,424974,424974,0]
07-30 08:10:28.449  1000  2741  6406 I notification_expansion: [0|com.android.chrome|-1|p#https://m.facebook.com/#11532916151486090|10058,0,0,407242,407242,0]
07-30 08:10:28.449  1000  2741  6406 I notification_expansion: [0|com.google.android.gm|0|gig:483594645:^sq_ig_i_personal|10064,0,0,428099,396687,0]
07-30 08:10:31.876  1000  2741  3293 I notification_expansion: [0|com.twitter.android|0|null|10096,0,1,402965,116136,0]
07-30 08:13:02.104  1000  2741  3242 I notification_expansion: [0|com.twitter.android|0|null|10096,0,0,553194,266365,0]
07-30 08:13:21.618  1000  2741  3323 I notification_expansion: [0|com.twitter.android|0|null|10096,0,1,572708,285879,0]
07-30 08:13:21.620  1000  2741  3323 I notification_expansion: [-1|android|23|41217664-9172-527a-b3d5-edabb50a7d69|1000,0,1,574463,574463,0]
07-30 08:13:21.632  1000  2741  3100 I notification_expansion: [0|com.mygate.user|0|FCM-Notification:113192|10095,0,1,598158,598158,0]
07-30 08:13:21.641  1000  2741  3100 I notification_expansion: [0|com.android.chrome|-1|p#https://m.facebook.com/#11532916151486090|10058,0,1,580434,580434,0]
07-30 08:13:21.643  1000  2741  3100 I notification_expansion: [-1|android|23|41217664-9172-527a-b3d5-edabb50a7d69|1000,0,0,574486,574486,0]
07-30 08:13:21.643  1000  2741  3293 I notification_expansion: [0|com.mygate.user|0|FCM-Notification:113192|10095,0,0,598169,598169,0]
07-30 08:13:21.644  1000  2741  3293 I notification_expansion: [0|com.android.chrome|-1|p#https://m.facebook.com/#11532916151486090|10058,0,0,580437,580437,0]
07-30 08:13:21.645  1000  2741  3293 I notification_expansion: [0|com.google.android.gm|0|gig:483594645:^sq_ig_i_personal|10064,0,0,601295,569883,0]
07-30 08:16:06.960  1000  2741  2756 I notification_expansion: [0|com.twitter.android|0|null|10096,0,0,738050,59495,0]
07-30 08:16:46.865  1000  2741  2756 I notification_expansion: [0|com.twitter.android|0|null|10096,0,1,777955,99400,0]
07-30 08:16:46.866  1000  2741  3293 I notification_expansion: [-1|android|23|41217664-9172-527a-b3d5-edabb50a7d69|1000,0,1,779709,779709,0]
07-30 08:16:46.868  1000  2741  2756 I notification_expansion: [0|com.mygate.user|0|FCM-Notification:113192|10095,0,1,803394,803394,0]
07-30 08:16:46.869  1000  2741  2756 I notification_expansion: [0|com.android.chrome|-1|p#https://m.facebook.com/#11532916151486090|10058,0,1,785662,785662,0]
07-30 08:16:46.869  1000  2741  2756 I notification_expansion: [-1|android|23|41217664-9172-527a-b3d5-edabb50a7d69|1000,0,0,779712,779712,0]
07-30 08:16:46.870  1000  2741  2756 I notification_expansion: [0|com.mygate.user|0|FCM-Notification:113192|10095,0,0,803396,803396,0]
07-30 08:16:46.871  1000  2741  3323 I notification_expansion: [0|com.android.chrome|-1|p#https://m.facebook.com/#11532916151486090|10058,0,0,785664,785664,0]
07-30 08:16:46.871  1000  2741  3323 I notification_expansion: [0|com.google.android.gm|0|gig:483594645:^sq_ig_i_personal|10064,0,0,806521,775109,0]
07-30 08:17:42.470  1000  2741  7470 I notification_expansion: [0|com.google.android.apps.messaging|0|com.google.android.apps.messaging:sms:116|10072,0,1,268,268,0]
07-30 08:17:42.470  1000  2741  7470 I notification_expansion: [0|com.twitter.android|0|null|10096,0,0,833560,41203,0]
07-30 08:17:50.961  1000  2741  7470 I notification_expansion: [0|com.google.android.apps.messaging|0|com.google.android.apps.messaging:sms:116|10072,0,0,8759,8759,7766]
07-30 08:18:56.805  1000  2741  3323 I notification_expansion: [0|com.google.android.apps.messaging|0|com.google.android.apps.messaging:sms:116|10072,0,1,74603,74603,73610]
07-30 08:18:56.807  1000  2741  3323 I notification_expansion: [0|com.twitter.android|0|null|10096,0,1,907896,115539,0]
07-30 08:18:56.807  1000  2741  3961 I notification_expansion: [-1|android|23|41217664-9172-527a-b3d5-edabb50a7d69|1000,0,1,909650,909650,0]
07-30 08:18:56.808  1000  2741  3961 I notification_expansion: [0|com.mygate.user|0|FCM-Notification:113192|10095,0,1,933334,933334,0]
07-30 08:18:56.812  1000  2741  6894 I notification_expansion: [0|com.android.chrome|-1|p#https://m.facebook.com/#11532916151486090|10058,0,1,915605,915605,0]
07-30 08:18:56.827  1000  2741  3323 I notification_expansion: [0|com.twitter.android|0|null|10096,0,0,907917,115560,0]
07-30 08:18:56.828  1000  2741  6894 I notification_expansion: [-1|android|23|41217664-9172-527a-b3d5-edabb50a7d69|1000,0,0,909671,909671,0]
07-30 08:18:56.828  1000  2741  6894 I notification_expansion: [0|com.mygate.user|0|FCM-Notification:113192|10095,0,0,933354,933354,0]
07-30 08:18:56.828  1000  2741  3323 I notification_expansion: [0|com.android.chrome|-1|p#https://m.facebook.com/#11532916151486090|10058,0,0,915621,915621,0]
07-30 08:18:56.829  1000  2741  6894 I notification_expansion: [0|com.google.android.gm|0|gig:483594645:^sq_ig_i_personal|10064,0,0,936479,905067,0]
07-30 08:24:06.908  1000  2741  6520 I notification_expansion: [0|com.twitter.android|0|null|10096,0,1,1217998,54,0]
07-30 08:24:06.909  1000  2741  6520 I notification_expansion: [0|com.google.android.apps.messaging|0|com.google.android.apps.messaging:sms:116|10072,0,0,384707,384707,383714]
07-30 08:24:22.625  1000  2741  6524 I notification_expansion: [0|com.google.android.apps.messaging|0|com.google.android.apps.messaging:sms:116|10072,0,1,400423,400423,399430]
07-30 08:24:22.627  1000  2741  6524 I notification_expansion: [0|com.twitter.android|0|null|10096,0,0,1233717,10030,0]
07-30 08:25:37.543  1000  2741  3961 I notification_expansion: [0|com.google.android.apps.messaging|0|com.google.android.apps.messaging:sms:116|10072,0,0,475341,475341,474348]
07-30 08:25:38.922  1000  2741  3100 I notification_expansion: [0|com.google.android.apps.messaging|0|com.google.android.apps.messaging:sms:116|10072,0,1,476720,476720,475727]
07-30 08:30:04.691  1000  2741  6524 I notification_expansion: [0|com.twitter.android|0|null|10096,0,1,1575781,36,265757]
07-30 08:30:04.692  1000  2741  6524 I notification_expansion: [0|com.google.android.apps.messaging|0|com.google.android.apps.messaging:sms:116|10072,0,0,742490,742490,265761]
07-30 08:30:14.927  1000  2741  6894 I notification_expansion: [0|com.google.android.apps.messaging|0|com.google.android.apps.messaging:sms:116|10072,0,1,752725,752725,275996]
07-30 08:30:14.929  1000  2741  6894 I notification_expansion: [0|com.twitter.android|0|null|10096,0,0,1586019,10048,275995]
07-30 08:30:57.750  1000  2741  2756 I notification_expansion: [0|com.google.android.apps.messaging|0|com.google.android.apps.messaging:sms:116|10072,0,0,795548,795548,318819]
07-30 08:31:17.567  1000  2741  6520 I notification_expansion: [0|com.google.android.apps.messaging|0|com.google.android.apps.messaging:sms:116|10072,0,1,815365,815365,338636]
07-30 08:31:17.568  1000  2741  6520 I notification_expansion: [0|com.twitter.android|0|null|10096,0,1,1648658,72687,338634]
07-30 08:31:17.568  1000  2741  6520 I notification_expansion: [-1|android|23|41217664-9172-527a-b3d5-edabb50a7d69|1000,0,1,1650411,1650411,338636]
07-30 08:31:17.570  1000  2741  6520 I notification_expansion: [0|com.mygate.user|0|FCM-Notification:113192|10095,0,1,1674095,1674095,338637]
07-30 08:31:17.572  1000  2741  6520 I notification_expansion: [0|com.android.chrome|-1|p#https://m.facebook.com/#11532916151486090|10058,0,1,1656365,1656365,338638]
07-30 08:31:17.573  1000  2741  6524 I notification_expansion: [0|com.twitter.android|0|null|10096,0,0,1648663,72692,338639]
07-30 08:31:17.573  1000  2741  6520 I notification_expansion: [-1|android|23|41217664-9172-527a-b3d5-edabb50a7d69|1000,0,0,1650416,1650416,338641]
07-30 08:31:17.574  1000  2741  6520 I notification_expansion: [0|com.mygate.user|0|FCM-Notification:113192|10095,0,0,1674099,1674099,338641]
07-30 08:31:17.574  1000  2741  6520 I notification_expansion: [0|com.android.chrome|-1|p#https://m.facebook.com/#11532916151486090|10058,0,0,1656367,1656367,338640]
07-30 08:31:17.575  1000  2741  6520 I notification_expansion: [0|com.google.android.gm|0|gig:483594645:^sq_ig_i_personal|10064,0,0,1677225,1645813,338642]
07-30 08:31:20.147  1000  2741  6894 I notification_expansion: [0|com.twitter.android|0|null|10096,0,1,1651237,37,341213]
07-30 08:31:20.148  1000  2741  6894 I notification_expansion: [0|com.google.android.apps.messaging|0|com.google.android.apps.messaging:sms:116|10072,0,0,817946,817946,341217]
07-30 08:31:30.419  1000  2741  2756 I notification_expansion: [0|com.google.android.apps.messaging|0|com.google.android.apps.messaging:sms:116|10072,0,1,828217,828217,351488]
07-30 08:31:30.420  1000  2741  2756 I notification_expansion: [0|com.twitter.android|0|null|10096,0,0,1661509,10055,351485]
07-30 08:31:38.593  1000  2741  3323 I notification_expansion: [0|com.twitter.android|0|null|10096,0,1,1669683,31,359659]
07-30 08:31:38.594  1000  2741  3323 I notification_expansion: [0|com.google.android.apps.messaging|0|com.google.android.apps.messaging:sms:116|10072,0,0,836391,836391,359662]
07-30 08:31:48.622  1000  2741  6520 I notification_expansion: [0|com.google.android.apps.messaging|0|com.google.android.apps.messaging:sms:116|10072,0,1,846420,846420,369691]
07-30 08:31:48.623  1000  2741  6520 I notification_expansion: [0|com.twitter.android|0|null|10096,0,0,1679713,10061,369689]
07-30 08:31:57.510  1000  2741  6520 I notification_expansion: [0|com.twitter.android|0|null|10096,0,1,1688600,37,378576]
07-30 08:31:57.511  1000  2741  3323 I notification_expansion: [0|com.google.android.apps.messaging|0|com.google.android.apps.messaging:sms:116|10072,0,0,855309,855309,378580]
07-30 08:32:07.780  1000  2741  3323 I notification_expansion: [0|com.google.android.apps.messaging|0|com.google.android.apps.messaging:sms:116|10072,0,1,865578,865578,388849]
07-30 08:32:07.782  1000  2741  3323 I notification_expansion: [0|com.twitter.android|0|null|10096,0,0,1698871,10065,388847]
07-30 08:32:10.276  1000  2741  2756 I notification_expansion: [0|com.twitter.android|0|null|10096,0,1,1701366,22,391342]
07-30 08:32:10.277  1000  2741  3323 I notification_expansion: [0|com.google.android.apps.messaging|0|com.google.android.apps.messaging:sms:116|10072,0,0,868075,868075,391346]
07-30 08:32:10.372  1000  2741  2756 I notification_expansion: [0|com.whatsapp|1|919036640705-1521441719@g.us|10115,0,1,207,207,0]
07-30 08:32:10.372  1000  2741  2756 I notification_expansion: [0|com.twitter.android|0|null|10096,0,0,1701462,118,391438]
07-30 08:32:10.448  1000  2741  3323 I notification_expansion: [0|com.whatsapp|1|919848330390-1434389344@g.us|10115,0,1,262,262,0]
07-30 08:32:10.448  1000  2741 11532 I notification_expansion: [0|com.whatsapp|1|919036640705-1521441719@g.us|10115,0,0,284,284,0]
07-30 08:32:10.489  1000  2741 11532 I notification_expansion: [0|com.whatsapp|1|919886746176-1526224840@g.us|10115,0,1,284,284,0]
07-30 08:32:10.490  1000  2741  3323 I notification_expansion: [0|com.whatsapp|1|919848330390-1434389344@g.us|10115,0,0,304,304,0]
07-30 08:32:10.620  1000  2741 11532 I notification_expansion: [0|com.whatsapp|1|919886746176-1526224840@g.us|10115,0,0,415,415,0]
07-30 08:32:15.448  1000  2741  3323 I notification_expansion: [0|com.twitter.android|0|null|10096,0,1,1706538,5194,396514]
07-30 08:32:15.448  1000  2741  3323 I notification_expansion: [0|com.whatsapp|1|null|10115,0,0,5233,84,4110]
07-30 08:32:20.278  1000  2741 11532 I notification_expansion: [0|com.google.android.apps.messaging|0|com.google.android.apps.messaging:sms:116|10072,0,1,878076,878076,401347]
07-30 08:32:20.279  1000  2741 11532 I notification_expansion: [0|com.twitter.android|0|null|10096,0,0,1711369,10025,401345]
07-30 08:32:29.113  1000  2741  6894 I notification_expansion: [0|com.whatsapp|1|919036640705-1521441719@g.us|10115,0,1,164,164,0]
07-30 08:32:29.114  1000  2741  6520 I notification_expansion: [0|com.google.android.apps.messaging|0|com.google.android.apps.messaging:sms:116|10072,0,0,886912,886912,410183]
07-30 08:32:29.178  1000  2741  6894 I notification_expansion: [0|com.whatsapp|1|919848330390-1434389344@g.us|10115,0,1,207,207,0]
07-30 08:32:29.179  1000  2741  6894 I notification_expansion: [0|com.whatsapp|1|919036640705-1521441719@g.us|10115,0,0,230,230,0]
07-30 08:32:29.242  1000  2741  6520 I notification_expansion: [0|com.whatsapp|1|919949777709-1443694452@g.us|10115,0,1,231,231,0]
07-30 08:32:29.243  1000  2741  6894 I notification_expansion: [0|com.whatsapp|1|919848330390-1434389344@g.us|10115,0,0,272,272,0]
07-30 08:32:29.292  1000  2741  6894 I notification_expansion: [0|com.whatsapp|1|919949749828@s.whatsapp.net|10115,0,1,253,253,0]
07-30 08:32:29.293  1000  2741  6894 I notification_expansion: [0|com.whatsapp|1|919949777709-1443694452@g.us|10115,0,0,282,282,0]
07-30 08:32:29.425  1000  2741  7470 I notification_expansion: [0|com.whatsapp|1|919949749828@s.whatsapp.net|10115,0,0,386,386,0]
07-30 08:32:30.693  1000  2741  7470 I notification_expansion: [0|com.whatsapp|1|null|10115,1,1,1646,1646,490]
07-30 08:32:47.620  1000  2741 11532 I notification_expansion: [0|com.google.android.apps.messaging|0|com.google.android.apps.messaging:sms:116|10072,0,1,905418,905418,428689]
07-30 08:33:58.567  1000  2741  6406 I notification_expansion: [0|com.google.android.apps.messaging|0|com.google.android.apps.messaging:sms:116|10072,0,0,976365,976365,499636]
07-30 08:46:30.785  1000  2741  6894 I notification_expansion: [0|com.google.android.apps.messaging|0|com.google.android.apps.messaging:sms:116|10072,0,1,1728583,1728583,1251854]
07-30 08:46:30.785  1000  2741 11532 I notification_expansion: [0|com.twitter.android|0|null|10096,0,1,2561875,30185,1251851]
07-30 08:46:30.792  1000  2741 11532 I notification_expansion: [-1|android|23|41217664-9172-527a-b3d5-edabb50a7d69|1000,0,1,2563635,2563635,1251860]
07-30 08:46:30.792  1000  2741 11532 I notification_expansion: [0|com.mygate.user|0|FCM-Notification:113192|10095,0,1,2587318,2587318,1251860]
07-30 08:46:30.793  1000  2741 11532 I notification_expansion: [0|com.android.chrome|-1|p#https://m.facebook.com/#11532916151486090|10058,0,1,2569586,2569586,1251859]
07-30 08:46:30.793  1000  2741 11532 I notification_expansion: [0|com.whatsapp|1|null|10115,0,0,841746,325278,832422]
07-30 08:46:30.793  1000  2741 11532 I notification_expansion: [0|com.twitter.android|0|null|10096,0,0,2561883,30193,1251859]
07-30 08:46:30.794  1000  2741 11532 I notification_expansion: [-1|android|23|41217664-9172-527a-b3d5-edabb50a7d69|1000,0,0,2563637,2563637,1251862]
07-30 08:46:30.795  1000  2741 11532 I notification_expansion: [0|com.mygate.user|0|FCM-Notification:113192|10095,0,0,2587321,2587321,1251863]
07-30 08:46:30.797  1000  2741 11532 I notification_expansion: [0|com.android.chrome|-1|p#https://m.facebook.com/#11532916151486090|10058,0,0,2569589,2569589,1251862]
07-30 08:46:30.797  1000  2741 11532 I notification_expansion: [0|com.google.android.gm|0|gig:483594645:^sq_ig_i_personal|10064,0,0,2590447,2559035,1251864]
07-30 08:46:44.252  1000  2741  2756 I notification_expansion: [0|com.google.android.apps.messaging|0|com.google.android.apps.messaging:sms:116|10072,0,0,1742050,1742050,1265321]
07-30 08:46:44.573  1000  2741  6524 I notification_expansion: [0|com.google.android.apps.messaging|0|com.google.android.apps.messaging:sms:116|10072,0,1,1742371,1742371,1265642]
07-30 08:46:44.574  1000  2741  6524 I notification_expansion: [0|com.twitter.android|0|null|10096,0,1,2575664,43974,1265640]
07-30 08:46:44.574  1000  2741  6524 I notification_expansion: [-1|android|23|41217664-9172-527a-b3d5-edabb50a7d69|1000,0,1,2577417,2577417,1265642]
07-30 08:46:44.575  1000  2741  6524 I notification_expansion: [0|com.mygate.user|0|FCM-Notification:113192|10095,0,1,2601101,2601101,1265643]
07-30 08:46:44.575  1000  2741  6524 I notification_expansion: [0|com.android.chrome|-1|p#https://m.facebook.com/#11532916151486090|10058,0,1,2583368,2583368,1265641]
07-30 08:46:45.015  1000  2741  6520 I notification_expansion: [0|com.twitter.android|0|null|10096,0,0,2576105,44415,1266081]
07-30 08:46:45.015  1000  2741  6520 I notification_expansion: [-1|android|23|41217664-9172-527a-b3d5-edabb50a7d69|1000,0,0,2577858,2577858,1266083]
07-30 08:46:45.015  1000  2741  6520 I notification_expansion: [0|com.mygate.user|0|FCM-Notification:113192|10095,0,0,2601541,2601541,1266083]
07-30 08:46:45.016  1000  2741  6520 I notification_expansion: [0|com.android.chrome|-1|p#https://m.facebook.com/#11532916151486090|10058,0,0,2583809,2583809,1266082]
07-30 08:46:45.016  1000  2741  6520 I notification_expansion: [0|com.google.android.gm|0|gig:483594645:^sq_ig_i_personal|10064,0,0,2604666,2573254,1266083]
07-30 08:46:45.016  1000  2741  6520 I notification_expansion: [0|com.whatsapp|1|null|10115,0,0,855969,13152,846645]
07-30 08:47:01.759  1000  2741 11532 I notification_expansion: [0|com.twitter.android|0|null|10096,0,1,2592849,35,1282825]
07-30 08:47:01.759  1000  2741 11532 I notification_expansion: [0|com.google.android.apps.messaging|0|com.google.android.apps.messaging:sms:116|10072,0,0,1759557,1759557,1282828]
07-30 08:47:11.800  1000  2741 11532 I notification_expansion: [0|com.google.android.apps.messaging|0|com.google.android.apps.messaging:sms:116|10072,0,1,1769598,1769598,1292869]
07-30 08:47:11.801  1000  2741 11532 I notification_expansion: [0|com.twitter.android|0|null|10096,0,0,2602891,10077,1292867]
07-30 08:47:45.328  1000  2741 11532 I notification_expansion: [0|com.google.android.apps.messaging|0|com.google.android.apps.messaging:sms:116|10072,0,0,1803126,1803126,1326397]
07-30 09:06:56.472  1000  2741  6406 I notification_expansion: [0|com.google.android.apps.messaging|0|com.google.android.apps.messaging:sms:116|10072,0,1,2954270,2954270,2477541]
07-30 09:06:56.472  1000  2741  6406 I notification_expansion: [0|com.twitter.android|0|null|10096,0,1,3787562,201173,2477538]
07-30 09:06:56.473  1000  2741  6406 I notification_expansion: [-1|android|23|41217664-9172-527a-b3d5-edabb50a7d69|1000,0,1,3789316,3789316,2477541]
07-30 09:06:56.474  1000  2741  6406 I notification_expansion: [0|com.mygate.user|0|FCM-Notification:113192|10095,0,1,3813000,3813000,2477542]
07-30 09:06:56.475  1000  2741  6406 I notification_expansion: [0|com.android.chrome|-1|p#https://m.facebook.com/#11532916151486090|10058,0,1,3795268,3795268,2477541]
07-30 09:06:56.481  1000  2741  6925 I notification_expansion: [0|com.twitter.android|0|null|10096,0,0,3787571,201182,2477547]
07-30 09:06:56.481  1000  2741  6925 I notification_expansion: [-1|android|23|41217664-9172-527a-b3d5-edabb50a7d69|1000,0,0,3789324,3789324,2477549]
07-30 09:06:56.483  1000  2741  6925 I notification_expansion: [0|com.mygate.user|0|FCM-Notification:113192|10095,0,0,3813009,3813009,2477551]
07-30 09:06:56.497  1000  2741  6925 I notification_expansion: [0|com.android.chrome|-1|p#https://m.facebook.com/#11532916151486090|10058,0,0,3795290,3795290,2477563]
07-30 09:06:56.497  1000  2741  6925 I notification_expansion: [0|com.google.android.gm|0|gig:483594645:^sq_ig_i_personal|10064,0,0,3816147,3784735,2477564]
07-30 09:06:56.498  1000  2741  6925 I notification_expansion: [0|com.whatsapp|1|null|10115,0,0,2067451,65378,2058127]
07-30 09:06:59.561  1000  2741  6520 I notification_expansion: [0|com.twitter.android|0|null|10096,0,1,3790651,39,2480627]
07-30 09:06:59.562  1000  2741  6520 I notification_expansion: [0|com.google.android.apps.messaging|0|com.google.android.apps.messaging:sms:116|10072,0,0,2957360,2957360,2480631]
07-30 09:07:09.833  1000  2741  3163 I notification_expansion: [0|com.google.android.apps.messaging|0|com.google.android.apps.messaging:sms:116|10072,0,1,2967631,2967631,2490902]
07-30 09:07:09.835  1000  2741  3163 I notification_expansion: [0|com.twitter.android|0|null|10096,0,0,3800925,10078,2490901]
07-30 09:09:38.811  1000  2741  3962 I notification_expansion: [0|com.google.android.apps.messaging|0|com.google.android.apps.messaging:sms:116|10072,0,0,3116609,3116609,2639880]
07-30 09:09:48.798  1000  2741  3960 I notification_expansion: [0|com.google.android.apps.messaging|0|com.google.android.apps.messaging:sms:116|10072,0,1,3126596,3126596,2649867]
07-30 09:09:48.799  1000  2741  3960 I notification_expansion: [0|com.whatsapp|1|null|10115,0,0,2239752,8894,9212]
07-30 09:12:38.355  1000  2741  3593 I notification_expansion: [-1|com.android.systemui|3|low_battery|10034,0,1,200,200,0]
07-30 09:12:38.355  1000  2741  3593 I notification_expansion: [0|com.google.android.apps.messaging|0|com.google.android.apps.messaging:sms:116|10072,0,0,3296153,3296153,2819424]
07-30 09:12:40.112  1000  2741  3962 I notification_expansion: [0|com.google.android.apps.messaging|0|com.google.android.apps.messaging:sms:116|10072,0,1,3297910,3297910,2821181]
07-30 09:14:12.885  1000  2741  5381 I notification_expansion: [0|com.twitter.android|0|null|10096,0,1,4223975,74,2913951]
07-30 09:14:12.885  1000  2741  5381 I notification_expansion: [0|com.google.android.apps.messaging|0|com.google.android.apps.messaging:sms:116|10072,0,0,3390683,3390683,83321]
07-30 09:14:22.897  1000  2741 15709 I notification_expansion: [0|com.google.android.apps.messaging|0|com.google.android.apps.messaging:sms:116|10072,0,1,3400695,3400695,93333]
07-30 09:14:22.899  1000  2741 15709 I notification_expansion: [0|com.twitter.android|0|null|10096,0,0,4233989,10088,2923965]
07-30 09:17:01.424  1000  2741  3632 I notification_expansion: [0|com.twitter.android|0|null|10096,0,1,4392514,36,3082490]
07-30 09:17:01.425  1000  2741  3632 I notification_expansion: [0|com.google.android.apps.messaging|0|com.google.android.apps.messaging:sms:116|10072,0,0,3559223,3559223,251861]
07-30 09:17:14.092  1000  2741  3293 I notification_expansion: [0|com.google.android.apps.messaging|0|com.google.android.apps.messaging:sms:116|10072,0,1,3571890,3571890,264528]
07-30 09:17:14.093  1000  2741  3293 I notification_expansion: [0|com.twitter.android|0|null|10096,0,0,4405183,10046,3095159]
07-30 09:19:43.625  1000  2741  3163 I notification_expansion: [0|com.twitter.android|0|null|10096,0,1,4554715,47,3244691]
07-30 09:19:43.626  1000  2741  3163 I notification_expansion: [0|com.google.android.apps.messaging|0|com.google.android.apps.messaging:sms:116|10072,0,0,3721424,3721424,414062]
07-30 09:19:53.896  1000  2741  5381 I notification_expansion: [0|com.google.android.apps.messaging|0|com.google.android.apps.messaging:sms:116|10072,0,1,3731694,3731694,424332]
07-30 09:19:53.897  1000  2741  5381 I notification_expansion: [0|com.twitter.android|0|null|10096,0,0,4564987,10067,3254963]
07-30 09:22:14.979  1000  2741  6524 I notification_expansion: [0|com.twitter.android|0|null|10096,0,1,4706069,69,3396045]
07-30 09:22:14.980  1000  2741  6524 I notification_expansion: [0|com.google.android.apps.messaging|0|com.google.android.apps.messaging:sms:116|10072,0,0,3872778,3872778,565416]
07-30 09:22:24.948  1000  2741  8423 I notification_expansion: [0|com.google.android.apps.messaging|0|com.google.android.apps.messaging:sms:116|10072,0,1,3882746,3882746,575384]
07-30 09:22:24.949  1000  2741  8423 I notification_expansion: [0|com.twitter.android|0|null|10096,0,0,4716039,10039,3406015]
07-30 09:25:02.751  1000  2741  8423 I notification_expansion: [0|com.twitter.android|0|null|10096,0,1,4873841,33,3563817]
07-30 09:25:02.756  1000  2741  8423 I notification_expansion: [0|com.google.android.apps.messaging|0|com.google.android.apps.messaging:sms:116|10072,0,0,4040554,4040554,733192]
07-30 09:25:12.795  1000  2741  3960 I notification_expansion: [0|com.google.android.apps.messaging|0|com.google.android.apps.messaging:sms:116|10072,0,1,4050593,4050593,743231]
07-30 09:25:12.796  1000  2741  3960 I notification_expansion: [0|com.twitter.android|0|null|10096,0,0,4883886,10078,3573862]
07-30 09:25:35.086  1000  2741  8423 I notification_expansion: [0|com.google.android.apps.messaging|0|com.google.android.apps.messaging:sms:116|10072,0,0,4072884,4072884,765522]
07-30 09:25:44.996  1000  2741  8423 I notification_expansion: [0|com.google.android.apps.messaging|0|com.google.android.apps.messaging:sms:116|10072,0,1,4082794,4082794,775432]
07-30 09:25:44.999  1000  2741  8423 I notification_expansion: [0|com.whatsapp|1|null|10115,0,0,3195952,10055,9089]
07-30 09:25:51.515  1000  2741  6524 I notification_expansion: [0|com.twitter.android|0|null|10096,0,1,4922605,39,3612581]
07-30 09:25:51.516  1000  2741  6524 I notification_expansion: [0|com.google.android.apps.messaging|0|com.google.android.apps.messaging:sms:116|10072,0,0,4089314,4089314,781952]
07-30 09:26:01.839  1000  2741  3163 I notification_expansion: [0|com.google.android.apps.messaging|0|com.google.android.apps.messaging:sms:116|10072,0,1,4099637,4099637,792275]
07-30 09:26:01.843  1000  2741  3163 I notification_expansion: [0|com.twitter.android|0|null|10096,0,0,4932933,10115,3622909]
07-30 09:26:22.596  1000  2741 15709 I notification_expansion: [0|com.mygate.user|0|FCM-Notification:3425169|10095,0,1,164,164,0]
07-30 09:26:22.597  1000  2741 15709 I notification_expansion: [0|com.google.android.apps.messaging|0|com.google.android.apps.messaging:sms:116|10072,0,0,4120395,4120395,813033]
07-30 09:26:32.562  1000  2741  3324 I notification_expansion: [0|com.google.android.apps.messaging|0|com.google.android.apps.messaging:sms:116|10072,0,1,4130359,4130359,822997]
07-30 09:26:32.563  1000  2741  3324 I notification_expansion: [0|com.mygate.user|0|FCM-Notification:3425169|10095,0,0,10131,10131,0]
07-30 09:26:56.558  1000  2741  6520 I notification_expansion: [0|com.twitter.android|0|null|10096,0,1,4987648,32,3677624]
07-30 09:26:56.559  1000  2741  6520 I notification_expansion: [0|com.google.android.apps.messaging|0|com.google.android.apps.messaging:sms:116|10072,0,0,4154357,4154357,846995]
07-30 09:27:06.605  1000  2741  3960 I notification_expansion: [0|com.google.android.apps.messaging|0|com.google.android.apps.messaging:sms:116|10072,0,1,4164403,4164403,857041]
07-30 09:27:06.606  1000  2741  3960 I notification_expansion: [0|com.twitter.android|0|null|10096,0,0,4997696,10080,3687672]
07-30 09:30:19.175  1000  2741  3960 I notification_expansion: [0|com.twitter.android|0|null|10096,0,1,5190265,35,3880241]
07-30 09:30:19.176  1000  2741  3960 I notification_expansion: [0|com.google.android.apps.messaging|0|com.google.android.apps.messaging:sms:116|10072,0,0,4356974,4356974,1049612]
07-30 09:30:29.433  1000  2741  3293 I notification_expansion: [0|com.google.android.apps.messaging|0|com.google.android.apps.messaging:sms:116|10072,0,1,4367231,4367231,1059869]
07-30 09:30:29.434  1000  2741  3293 I notification_expansion: [0|com.twitter.android|0|null|10096,0,0,5200524,10064,3890500]
07-30 09:32:13.797  1000  2741  6524 I notification_expansion: [0|com.google.android.apps.messaging|0|com.google.android.apps.messaging:sms:116|10072,0,0,4471595,4471595,1164233]
07-30 10:11:26.637  1000  2741  6925 I notification_expansion: [0|com.google.android.apps.messaging|0|com.google.android.apps.messaging:sms:116|10072,0,1,6824434,6824434,3517072]
07-30 10:11:26.637  1000  2741  6925 I notification_expansion: [0|com.twitter.android|0|null|10096,0,1,7657727,21774,6347703]
07-30 10:11:26.641  1000  2741  6925 I notification_expansion: [0|com.mygate.user|0|FCM-Notification:3425169|10095,0,1,2704209,2704209,0]
07-30 10:11:26.642  1000  2741  6925 I notification_expansion: [-1|android|23|41217664-9172-527a-b3d5-edabb50a7d69|1000,0,1,7659485,7659485,6347710]
07-30 10:11:26.642  1000  2741  6925 I notification_expansion: [0|com.mygate.user|0|FCM-Notification:113192|10095,0,1,7683168,7683168,6347710]
07-30 10:11:26.643  1000  2741  6520 I notification_expansion: [0|com.android.chrome|-1|p#https://m.facebook.com/#11532916151486090|10058,0,1,7665436,7665436,6347709]
07-30 10:11:26.643  1000  2741  6520 I notification_expansion: [0|com.twitter.android|0|null|10096,0,0,7657733,21780,6347709]
07-30 10:11:26.644  1000  2741  6520 I notification_expansion: [0|com.mygate.user|0|FCM-Notification:3425169|10095,0,0,2704212,2704212,0]
07-30 10:11:26.644  1000  2741  6520 I notification_expansion: [-1|android|23|41217664-9172-527a-b3d5-edabb50a7d69|1000,0,0,7659487,7659487,6347712]
07-30 10:11:26.645  1000  2741  6520 I notification_expansion: [0|com.mygate.user|0|FCM-Notification:113192|10095,0,0,7683171,7683171,6347713]
07-30 10:11:26.645  1000  2741  6520 I notification_expansion: [0|com.android.chrome|-1|p#https://m.facebook.com/#11532916151486090|10058,0,0,7665438,7665438,6347711]
07-30 10:11:26.646  1000  2741  8423 I notification_expansion: [0|com.google.android.gm|0|gig:483594645:^sq_ig_i_personal|10064,0,0,7686296,7654884,6347713]
07-30 10:11:26.650  1000  2741  6925 I notification_expansion: [0|com.whatsapp|1|null|10115,0,0,5937603,341683,2750740]
07-30 10:13:54.208  1000  2741  7470 I notification_expansion: [0|com.google.android.apps.messaging|0|com.google.android.apps.messaging:sms:116|10072,0,0,6972006,6972006,3664644]
07-30 10:15:26.957  1000  2741  3003 I notification_expansion: [0|com.google.android.apps.messaging|0|com.google.android.apps.messaging:sms:116|10072,0,1,7064755,7064755,3757393]
07-30 10:15:26.966  1000  2741  3003 I notification_expansion: [0|com.twitter.android|0|null|10096,0,1,7898056,262103,6588032]
07-30 10:15:26.969  1000  2741  7024 I notification_expansion: [0|com.mygate.user|0|FCM-Notification:3425169|10095,0,1,2944537,2944537,0]
07-30 10:15:26.970  1000  2741  7024 I notification_expansion: [-1|android|23|41217664-9172-527a-b3d5-edabb50a7d69|1000,0,1,7899813,7899813,6588038]
07-30 10:15:26.981  1000  2741  7470 I notification_expansion: [0|com.mygate.user|0|FCM-Notification:113192|10095,0,1,7923507,7923507,6588049]
07-30 10:15:26.982  1000  2741  7470 I notification_expansion: [0|com.android.chrome|-1|p#https://m.facebook.com/#11532916151486090|10058,0,1,7905775,7905775,6588048]
07-30 10:15:26.983  1000  2741  7470 I notification_expansion: [0|com.twitter.android|0|null|10096,0,0,7898073,262120,6588049]
07-30 10:15:26.985  1000  2741  3632 I notification_expansion: [0|com.mygate.user|0|FCM-Notification:3425169|10095,0,0,2944553,2944553,0]
07-30 10:15:26.986  1000  2741  7024 I notification_expansion: [-1|android|23|41217664-9172-527a-b3d5-edabb50a7d69|1000,0,0,7899829,7899829,6588054]
07-30 10:15:26.987  1000  2741  7470 I notification_expansion: [0|com.mygate.user|0|FCM-Notification:113192|10095,0,0,7923513,7923513,6588055]
07-30 10:15:26.988  1000  2741  7470 I notification_expansion: [0|com.android.chrome|-1|p#https://m.facebook.com/#11532916151486090|10058,0,0,7905781,7905781,6588054]
07-30 10:16:28.844  1000  2741 21978 I notification_expansion: [0|com.twitter.android|0|null|10096,0,1,7959934,30,6649910]
07-30 10:16:28.845  1000  2741 21978 I notification_expansion: [0|com.google.android.apps.messaging|0|com.google.android.apps.messaging:sms:116|10072,0,0,7126643,7126643,3819281]
07-30 10:16:39.141  1000  2741  6925 I notification_expansion: [0|com.google.android.apps.messaging|0|com.google.android.apps.messaging:sms:116|10072,0,1,7136939,7136939,3829577]
07-30 10:16:39.142  1000  2741  6925 I notification_expansion: [0|com.twitter.android|0|null|10096,0,0,7970232,10051,6660208]
07-30 10:17:01.912  1000  2741  3593 I notification_expansion: [0|com.twitter.android|0|null|10096,0,1,7993002,50,6682978]
07-30 10:17:01.913  1000  2741  3962 I notification_expansion: [0|com.google.android.apps.messaging|0|com.google.android.apps.messaging:sms:116|10072,0,0,7159711,7159711,3852349]
07-30 10:17:11.921  1000  2741 21980 I notification_expansion: [0|com.google.android.apps.messaging|0|com.google.android.apps.messaging:sms:116|10072,0,1,7169719,7169719,3862357]
07-30 10:17:11.922  1000  2741 21980 I notification_expansion: [0|com.twitter.android|0|null|10096,0,0,8003012,10060,6692988]
07-30 10:17:40.429  1000  2741  7024 I notification_expansion: [0|com.twitter.android|0|null|10096,0,1,8031519,27,6721495]
07-30 10:17:40.429  1000  2741  7024 I notification_expansion: [0|com.google.android.apps.messaging|0|com.google.android.apps.messaging:sms:116|10072,0,0,7198227,7198227,3890865]
07-30 10:17:50.463  1000  2741 21978 I notification_expansion: [0|com.google.android.apps.messaging|0|com.google.android.apps.messaging:sms:116|10072,0,1,7208261,7208261,3900899]
07-30 10:17:50.464  1000  2741  3962 I notification_expansion: [0|com.twitter.android|0|null|10096,0,0,8041554,10062,6731530]
07-30 10:19:20.291  1000  2741 21980 I notification_expansion: [0|com.google.android.gm|0|gig:483594645:^sq_ig_i_personal|10064,0,1,189,189,0]
07-30 10:19:20.296  1000  2741 21980 I notification_expansion: [0|com.google.android.apps.messaging|0|com.google.android.apps.messaging:sms:116|10072,0,0,7298094,7298094,3990732]
07-30 10:19:20.354  1000  2741 21980 I notification_expansion: [0|com.google.android.gm|-1668456493|gig:483594645:^sq_ig_i_personal|10064,0,1,229,229,0]
07-30 10:19:28.623  1000  2741 11532 I notification_expansion: [0|com.twitter.android|0|null|10096,0,1,8139713,28,6829689]
07-30 10:19:28.624  1000  2741 11532 I notification_expansion: [0|com.google.android.gm|0|gig:483594645:^sq_ig_i_personal|10064,0,0,8522,8522,0]
07-30 10:19:28.625  1000  2741  6520 I notification_expansion: [0|com.google.android.gm|-1668456493|gig:483594645:^sq_ig_i_personal|10064,0,0,8500,8500,0]
07-30 10:19:38.636  1000  2741 21980 I notification_expansion: [0|com.google.android.apps.messaging|0|com.google.android.apps.messaging:sms:116|10072,0,1,7316434,7316434,4009072]
07-30 10:19:38.637  1000  2741  6520 I notification_expansion: [0|com.twitter.android|0|null|10096,0,0,8149727,10042,6839703]
07-30 10:19:57.030  1000  2741 21980 I notification_expansion: [0|com.google.android.apps.messaging|0|com.google.android.apps.messaging:sms:116|10072,0,0,7334828,7334828,4027466]
07-30 10:31:07.210  1000  2741 21980 I notification_expansion: [0|com.google.android.apps.messaging|0|com.google.android.apps.messaging:sms:116|10072,0,1,8005008,8005008,4697646]
07-30 10:31:07.211  1000  2741 21980 I notification_expansion: [0|com.google.android.calendar|536870912|214-1532926800000-1532930400000-1532926200000|10055,0,1,665705,661371,0]
07-30 10:31:07.211  1000  2741  3003 I notification_expansion: [0|com.twitter.android|0|null|10096,0,1,8838301,66077,7528277]
07-30 10:31:07.216  1000  2741  3593 I notification_expansion: [0|com.mygate.user|0|FCM-Notification:3425169|10095,0,1,3884784,3884784,0]
07-30 10:31:07.217  1000  2741  3593 I notification_expansion: [0|com.mygate.user|0|FCM-Notification:113192|10095,0,1,8863743,8863743,7528285]
07-30 10:31:07.217  1000  2741  3593 I notification_expansion: [0|com.android.chrome|-1|p#https://m.facebook.com/#11532916151486090|10058,0,1,8846010,8846010,7528283]
07-30 10:31:07.219  1000  2741 21980 I notification_expansion: [-1|android|26|null|1000,0,1,733642,733642,0]
07-30 10:31:07.220  1000  2741  3003 I notification_expansion: [0|com.google.android.calendar|536870912|214-1532926800000-1532930400000-1532926200000|10055,0,0,665714,661380,0]
07-30 10:31:07.221  1000  2741 21980 I notification_expansion: [0|com.twitter.android|0|null|10096,0,0,8838311,66087,7528287]
07-30 10:31:07.222  1000  2741 21980 I notification_expansion: [0|com.mygate.user|0|FCM-Notification:3425169|10095,0,0,3884790,3884790,0]
07-30 10:31:07.222  1000  2741 21980 I notification_expansion: [0|com.mygate.user|0|FCM-Notification:113192|10095,0,0,8863748,8863748,7528290]
07-30 10:31:07.223  1000  2741 21980 I notification_expansion: [0|com.android.chrome|-1|p#https://m.facebook.com/#11532916151486090|10058,0,0,8846016,8846016,7528289]
07-30 10:31:07.223  1000  2741 21980 I notification_expansion: [-1|android|26|null|1000,0,0,733646,733646,0]
07-30 10:31:29.664  1000  2741 21977 I notification_expansion: [0|com.twitter.android|0|null|10096,0,1,8860754,27,7550730]
07-30 10:31:29.666  1000  2741 11532 I notification_expansion: [0|com.google.android.apps.messaging|0|com.google.android.apps.messaging:sms:116|10072,0,0,8027464,8027464,4720102]
07-30 10:31:39.676  1000  2741 15709 I notification_expansion: [0|com.google.android.apps.messaging|0|com.google.android.apps.messaging:sms:116|10072,0,1,8037474,8037474,4730112]
07-30 10:31:39.677  1000  2741 15709 I notification_expansion: [0|com.twitter.android|0|null|10096,0,0,8870767,10040,7560743]
07-30 10:32:18.495  1000  2741  3962 I notification_expansion: [-1|android|23|41217664-9172-527a-b3d5-edabb50a7d69|1000,0,1,108,108,0]
07-30 10:32:18.496  1000  2741  3593 I notification_expansion: [0|com.google.android.apps.messaging|0|com.google.android.apps.messaging:sms:116|10072,0,0,8076294,8076294,4768932]
07-30 10:32:28.462  1000  2741  2755 I notification_expansion: [0|com.google.android.apps.messaging|0|com.google.android.apps.messaging:sms:116|10072,0,1,8086260,8086260,4778898]
07-30 10:32:28.463  1000  2741  2755 I notification_expansion: [-1|android|23|41217664-9172-527a-b3d5-edabb50a7d69|1000,0,0,10076,10076,0]
07-30 10:32:33.693  1000  2741  3962 I notification_expansion: [0|com.twitter.android|0|null|10096,0,1,8924783,35,7614759]
07-30 10:32:33.694  1000  2741  3962 I notification_expansion: [0|com.google.android.apps.messaging|0|com.google.android.apps.messaging:sms:116|10072,0,0,8091491,8091491,4784129]
07-30 10:32:44.046  1000  2741 15709 I notification_expansion: [0|com.google.android.apps.messaging|0|com.google.android.apps.messaging:sms:116|10072,0,1,8101844,8101844,4794482]
07-30 10:32:44.046  1000  2741  6406 I notification_expansion: [0|com.twitter.android|0|null|10096,0,0,8935136,10059,7625112]
07-30 10:32:49.678  1000  2741  7024 I notification_expansion: [0|com.twitter.android|0|null|10096,0,1,8940768,39,7630744]
07-30 10:32:49.679  1000  2741  7024 I notification_expansion: [0|com.google.android.apps.messaging|0|com.google.android.apps.messaging:sms:116|10072,0,0,8107477,8107477,4800115]
07-30 10:32:59.683  1000  2741  7024 I notification_expansion: [0|com.google.android.apps.messaging|0|com.google.android.apps.messaging:sms:116|10072,0,1,8117481,8117481,4810119]
07-30 10:32:59.686  1000  2741  7024 I notification_expansion: [0|com.twitter.android|0|null|10096,0,0,8950775,10046,7640751]
07-30 10:34:06.469  1000  2741 11532 I notification_expansion: [0|com.google.android.apps.messaging|0|com.google.android.apps.messaging:sms:116|10072,0,0,8184267,8184267,4876905]
07-30 10:41:58.505  1000  2741  2755 I notification_expansion: [-1|com.android.systemui|3|low_battery|10034,0,1,419181,1580,0]
07-30 10:41:58.507  1000  2741  2755 I notification_expansion: [0|com.google.android.apps.messaging|0|com.google.android.apps.messaging:sms:116|10072,0,1,8656305,8656305,5348943]
07-30 10:41:58.511  1000  2741  6520 I notification_expansion: [0|com.google.android.calendar|536870912|214-1532926800000-1532930400000-1532926200000|10055,0,1,1317005,1312671,0]
07-30 10:41:58.512  1000  2741  6520 I notification_expansion: [0|com.twitter.android|0|null|10096,0,1,9489602,209313,8179578]
07-30 10:41:58.513  1000  2741  6520 I notification_expansion: [-1|android|23|41217664-9172-527a-b3d5-edabb50a7d69|1000,0,1,580126,580126,0]
07-30 10:41:58.516  1000  2741  2755 I notification_expansion: [0|com.mygate.user|0|FCM-Notification:3425169|10095,0,1,4536084,4536084,0]
07-30 10:41:58.520  1000  2741  2755 I notification_expansion: [0|com.mygate.user|0|FCM-Notification:113192|10095,0,1,9515046,9515046,8179588]
07-30 10:41:58.521  1000  2741  2755 I notification_expansion: [0|com.android.chrome|-1|p#https://m.facebook.com/#11532916151486090|10058,0,1,9497314,9497314,8179587]
07-30 10:41:58.521  1000  2741  3960 I notification_expansion: [0|com.ideacellular.myidea|22|null|10094,0,1,404264,404264,0]
07-30 10:41:58.522  1000  2741  3960 I notification_expansion: [0|com.google.android.apps.messaging|0|com.google.android.apps.messaging:sms:116|10072,0,0,8656320,8656320,5348958]
07-30 10:41:58.523  1000  2741  3960 I notification_expansion: [0|com.google.android.calendar|536870912|214-1532926800000-1532930400000-1532926200000|10055,0,0,1317017,1312683,0]
07-30 10:41:58.524  1000  2741  6520 I notification_expansion: [0|com.twitter.android|0|null|10096,0,0,9489614,209325,8179590]
07-30 10:41:58.524  1000  2741  3953 I notification_expansion: [-1|android|23|41217664-9172-527a-b3d5-edabb50a7d69|1000,0,0,580137,580137,0]
07-30 10:41:58.525  1000  2741  3953 I notification_expansion: [0|com.mygate.user|0|FCM-Notification:3425169|10095,0,0,4536093,4536093,0]
07-30 10:41:58.526  1000  2741  3953 I notification_expansion: [0|com.mygate.user|0|FCM-Notification:113192|10095,0,0,9515052,9515052,8179594]
07-30 10:41:58.527  1000  2741  3953 I notification_expansion: [0|com.android.chrome|-1|p#https://m.facebook.com/#11532916151486090|10058,0,0,9497320,9497320,8179593]
07-30 10:41:58.531  1000  2741  2755 I notification_expansion: [0|com.ideacellular.myidea|22|null|10094,0,0,404274,404274,0]
07-30 10:42:10.228  1000  2741  6406 I notification_expansion: [-1|com.android.systemui|3|low_battery|10034,0,0,430904,259,0]
07-30 10:43:04.125  1000  2741  6406 I notification_expansion: [-1|com.android.systemui|3|low_battery|10034,0,1,484801,979,0]
07-30 10:43:04.127  1000  2741  6406 I notification_expansion: [0|com.google.android.apps.messaging|0|com.google.android.apps.messaging:sms:116|10072,0,1,8721925,8721925,5414563]
07-30 10:43:04.167  1000  2741  2756 I notification_expansion: [0|com.google.android.calendar|536870912|214-1532926800000-1532930400000-1532926200000|10055,0,1,1382661,1378327,0]
07-30 10:43:04.176  1000  2741  2756 I notification_expansion: [0|com.twitter.android|0|null|10096,0,1,9555266,274977,8245242]
07-30 10:43:04.177  1000  2741  6406 I notification_expansion: [-1|android|23|41217664-9172-527a-b3d5-edabb50a7d69|1000,0,1,645789,645789,0]
07-30 10:43:04.177  1000  2741  6406 I notification_expansion: [0|com.mygate.user|0|FCM-Notification:3425169|10095,0,1,4601745,4601745,0]
07-30 10:43:04.178  1000  2741  6406 I notification_expansion: [0|com.mygate.user|0|FCM-Notification:113192|10095,0,1,9580704,9580704,8245246]
07-30 10:43:04.179  1000  2741  6406 I notification_expansion: [0|com.android.chrome|-1|p#https://m.facebook.com/#11532916151486090|10058,0,1,9562972,9562972,8245245]
07-30 10:43:04.179  1000  2741  2756 I notification_expansion: [0|com.ideacellular.myidea|22|null|10094,0,1,469922,469922,0]
07-30 10:43:04.180  1000  2741  7470 I notification_expansion: [0|com.google.android.apps.messaging|0|com.google.android.apps.messaging:sms:116|10072,0,0,8721978,8721978,5414616]
07-30 10:43:04.181  1000  2741  7470 I notification_expansion: [0|com.google.android.calendar|536870912|214-1532926800000-1532930400000-1532926200000|10055,0,0,1382675,1378341,0]
07-30 10:43:04.182  1000  2741  3632 I notification_expansion: [0|com.twitter.android|0|null|10096,0,0,9555272,274983,8245248]
07-30 10:43:04.183  1000  2741  7470 I notification_expansion: [-1|android|23|41217664-9172-527a-b3d5-edabb50a7d69|1000,0,0,645796,645796,0]
07-30 10:43:04.189  1000  2741  6406 I notification_expansion: [0|com.mygate.user|0|FCM-Notification:3425169|10095,0,0,4601757,4601757,0]
07-30 10:43:04.189  1000  2741  6406 I notification_expansion: [0|com.mygate.user|0|FCM-Notification:113192|10095,0,0,9580715,9580715,8245257]
07-30 10:43:04.190  1000  2741  6406 I notification_expansion: [0|com.android.chrome|-1|p#https://m.facebook.com/#11532916151486090|10058,0,0,9562983,9562983,8245256]
