07-30 10:43:04.191  1000  2741  6406 I notification_expansion: [0|com.ideacellular.myidea|22|null|10094,0,0,469934,469934,0]
07-30 10:47:12.378  1000  2741  7470 I notification_expansion: [-1|com.android.systemui|3|low_battery|10034,0,0,733054,231,0]
07-30 11:25:25.244  1000  2741  3323 I notification_expansion: [0|com.google.android.apps.messaging|0|com.google.android.apps.messaging:sms:64|10072,0,1,1640287,1640287,0]
07-30 11:25:25.244  1000  2741  3323 I notification_expansion: [0|com.google.android.calendar|536870912|214-1532926800000-1532930400000-1532926200000|10055,0,1,3923738,319714,0]
07-30 11:25:25.244  1000  2741  3323 I notification_expansion: [0|com.twitter.android|0|null|10096,0,1,12096334,129022,10786310]
07-30 11:25:25.245  1000  2741  3323 I notification_expansion: [0|com.mygate.user|0|FCM-Notification:3425169|10095,0,1,7142813,7142813,0]
07-30 11:25:25.245  1000  2741 21978 I notification_expansion: [0|com.mygate.user|0|FCM-Notification:113192|10095,0,1,12121771,12121771,10786313]
07-30 11:25:25.245  1000  2741 21978 I notification_expansion: [0|com.android.chrome|-1|p#https://m.facebook.com/#11532927786193865|10058,0,1,2327245,2327245,0]
07-30 11:25:25.246  1000  2741 21978 I notification_expansion: [0|com.android.chrome|-1|p#https://m.facebook.com/#11532916151486090|10058,0,1,12104039,12104039,10786312]
07-30 11:25:25.246  1000  2741  3632 I notification_expansion: [-1|android|26|null|1000,0,1,2022390,2022390,0]
07-30 11:25:25.246  1000  2741 21978 I notification_expansion: [0|com.ideacellular.myidea|22|null|10094,0,1,3010989,3010989,0]
07-30 11:25:25.247  1000  2741 21978 I notification_expansion: [0|com.google.android.calendar|536870912|214-1532926800000-1532930400000-1532926200000|10055,0,0,3923741,319717,0]
07-30 11:25:25.247  1000  2741 21978 I notification_expansion: [0|com.twitter.android|0|null|10096,0,0,12096337,129025,10786313]
07-30 11:25:25.247  1000  2741 21978 I notification_expansion: [0|com.google.android.gm|0|gig:483594645:^sq_ig_i_personal|10064,0,0,1454928,598312,0]
07-30 11:25:25.247  1000  2741 21978 I notification_expansion: [0|com.mygate.user|0|FCM-Notification:3425169|10095,0,0,7142815,7142815,0]
07-30 11:25:25.247  1000  2741 21978 I notification_expansion: [0|com.mygate.user|0|FCM-Notification:113192|10095,0,0,12121773,12121773,10786315]
07-30 11:25:25.248  1000  2741 21978 I notification_expansion: [0|com.android.chrome|-1|p#https://m.facebook.com/#11532927786193865|10058,0,0,2327248,2327248,0]
07-30 11:25:25.248  1000  2741 21978 I notification_expansion: [0|com.android.chrome|-1|p#https://m.facebook.com/#11532916151486090|10058,0,0,12104041,12104041,10786314]
07-30 11:25:25.249  1000  2741  3632 I notification_expansion: [0|com.whatsapp|1|null|10115,0,0,1729952,1054400,0]
07-30 11:25:25.249  1000  2741 21976 I notification_expansion: [-1|android|26|null|1000,0,0,2022393,2022393,0]
07-30 11:25:25.249  1000  2741 21976 I notification_expansion: [0|com.ideacellular.myidea|22|null|10094,0,0,3010992,3010992,0]
07-30 11:26:38.503  1000  2741  2756 I notification_expansion: [-1|com.android.systemui|3|low_battery|10034,0,1,199,178,0]
07-30 11:26:38.503  1000  2741  2756 I notification_expansion: [0|com.google.android.apps.messaging|0|com.google.android.apps.messaging:sms:64|10072,0,0,1713547,1713547,0]
07-30 11:26:40.837  1000  2741  3953 I notification_expansion: [0|com.google.android.apps.messaging|0|com.google.android.apps.messaging:sms:117|10072,0,1,164,164,0]
07-30 11:26:40.838  1000  2741  3632 I notification_expansion: [-1|com.android.systemui|3|low_battery|10034,0,0,2534,2513,1625]
07-30 11:26:46.536  1000  2741  3100 I notification_expansion: [-1|com.android.systemui|3|low_battery|10034,0,1,8232,5255,7323]
07-30 11:26:46.536  1000  2741  3632 I notification_expansion: [0|com.google.android.apps.messaging|0|com.google.android.apps.messaging:sms:117|10072,0,0,5863,5863,4974]
07-30 11:27:06.591  1000  2741  2756 I notification_expansion: [-1|com.android.systemui|3|low_battery|10034,0,0,28287,25310,27378]
07-30 11:27:12.114  1000  2741  6925 I notification_expansion: [-1|com.android.systemui|3|low_battery|10034,0,1,33810,30833,32901]
07-30 11:27:12.115  1000  2741  3632 I notification_expansion: [0|com.whatsapp|1|null|10115,0,0,6176,6176,4717]
07-30 11:27:15.928  1000  2741  6925 I notification_expansion: [-1|com.android.systemui|3|low_battery|10034,0,0,37624,34647,36715]
07-30 11:27:18.349  1000  2741  3632 I notification_expansion: [-1|com.android.systemui|3|low_battery|10034,0,1,40045,37068,39136]
07-30 11:27:18.351  1000  2741  3632 I notification_expansion: [0|com.whatsapp|1|null|10115,0,0,12412,2631,1618]
07-30 11:28:25.893  1000  2741  6524 I notification_expansion: [0|com.google.android.calendar|536870912|214-1532926800000-1532930400000-1532926200000|10055,0,1,4104387,500363,579]
07-30 11:28:58.184  1000  2741  3953 I notification_expansion: [0|com.twitter.android|0|null|10096,0,1,12309274,32,32868]
07-30 11:28:58.184  1000  2741  3953 I notification_expansion: [0|com.google.android.calendar|536870912|214-1532926800000-1532930400000-1532926200000|10055,0,0,4136678,532654,32870]
07-30 11:29:08.665  1000  2741  7024 I notification_expansion: [0|com.google.android.calendar|536870912|214-1532926800000-1532930400000-1532926200000|10055,0,1,4147159,543135,43351]
07-30 11:29:08.666  1000  2741  7024 I notification_expansion: [0|com.twitter.android|0|null|10096,0,0,12319756,10256,43350]
07-30 11:29:33.226  1000  2741  2756 I notification_expansion: [0|com.google.android.calendar|536870912|214-1532926800000-1532930400000-1532926200000|10055,0,0,4171720,567696,67912]
07-30 11:31:15.248  1000  2741  2756 I notification_expansion: [0|com.twitter.android|0|null|10096,0,1,12446338,62869,169932]
07-30 11:31:15.249  1000  2741  2756 I notification_expansion: [0|com.mygate.user|0|FCM-Notification:3425169|10095,0,1,7492817,7492817,169933]
07-30 11:31:15.250  1000  2741  3100 I notification_expansion: [0|com.mygate.user|0|FCM-Notification:113192|10095,0,1,12471776,12471776,168902]
07-30 11:31:15.257  1000  2741  3100 I notification_expansion: [0|com.android.chrome|-1|p#https://m.facebook.com/#11532927786193865|10058,0,1,2677253,2677253,0]
07-30 11:31:15.258  1000  2741  3100 I notification_expansion: [0|com.android.chrome|-1|p#https://m.facebook.com/#11532916151486090|10058,0,1,12454051,12454051,11136324]
07-30 11:31:15.258  1000  2741  3100 I notification_expansion: [0|com.ideacellular.myidea|22|null|10094,0,1,3361001,3361001,0]
07-30 11:31:15.259  1000  2741  2756 I notification_expansion: [0|com.whatsapp|1|null|10115,0,0,99722,99722,0]
07-30 11:31:15.259  1000  2741  2756 I notification_expansion: [0|com.twitter.android|0|null|10096,0,0,12446349,62880,169943]
07-30 11:31:15.261  1000  2741  3100 I notification_expansion: [0|com.mygate.user|0|FCM-Notification:3425169|10095,0,0,7492829,7492829,169945]
07-30 11:31:15.261  1000  2741  3100 I notification_expansion: [0|com.mygate.user|0|FCM-Notification:113192|10095,0,0,12471787,12471787,168913]
07-30 11:31:15.263  1000  2741  3100 I notification_expansion: [0|com.android.chrome|-1|p#https://m.facebook.com/#11532927786193865|10058,0,0,2677263,2677263,0]
07-30 11:31:15.263  1000  2741  2756 I notification_expansion: [0|com.android.chrome|-1|p#https://m.facebook.com/#11532916151486090|10058,0,0,12454056,12454056,11136329]
07-30 11:31:15.264  1000  2741  2756 I notification_expansion: [0|com.ideacellular.myidea|22|null|10094,0,0,3361007,3361007,0]
07-30 11:31:24.463  1000  2741  2756 I notification_expansion: [0|com.twitter.android|0|null|10096,0,1,12455553,72084,179147]
07-30 11:31:24.463  1000  2741 16381 I notification_expansion: [0|com.google.android.gm|0|gig:483594645:^sq_ig_i_personal|10064,0,0,1814144,10068,179148]
07-30 11:34:34.955  1000  2741  2756 I notification_expansion: [0|com.twitter.android|0|null|10096,0,0,12646045,262576,369639]
07-30 11:34:38.700  1000  2741 21978 I notification_expansion: [0|com.twitter.android|0|null|10096,0,1,12649790,266321,373384]
07-30 11:36:24.570  1000  2741  6894 I notification_expansion: [0|com.twitter.android|0|null|10096,0,0,12755660,101000,105856]
07-30 11:36:26.102  1000  2741  6894 I notification_expansion: [0|com.twitter.android|0|null|10096,0,1,12757192,102532,107388]
07-30 11:38:28.312  1000  2741  3632 I notification_expansion: [0|com.google.android.apps.messaging|0|com.google.android.apps.messaging:sms:118|10072,0,1,184,184,0]
07-30 11:38:28.313  1000  2741  3632 I notification_expansion: [0|com.twitter.android|0|null|10096,0,0,12879403,224743,122193]
07-30 11:38:38.160  1000  2741  3632 I notification_expansion: [0|com.twitter.android|0|null|10096,0,1,12889250,1685,132040]
07-30 11:38:38.160  1000  2741  3242 I notification_expansion: [0|com.google.android.apps.messaging|0|com.google.android.apps.messaging:sms:118|10072,0,0,10032,10032,9139]
07-30 11:38:46.521  1000  2741  3242 I notification_expansion: [0|com.google.android.apps.messaging|0|com.google.android.apps.messaging:sms:118|10072,0,1,18393,18393,17500]
07-30 11:38:46.522  1000  2741  3242 I notification_expansion: [0|com.twitter.android|0|null|10096,0,0,12897612,10047,140402]
07-30 11:38:56.911  1000  2741  3632 I notification_expansion: [0|com.google.android.apps.messaging|0|com.google.android.apps.messaging:sms:113|10072,0,1,153,153,0]
07-30 11:38:56.911  1000  2741  3163 I notification_expansion: [0|com.google.android.apps.messaging|0|com.google.android.apps.messaging:sms:118|10072,0,0,28783,73,27890]
07-30 11:39:02.573  1000  2741 21980 I notification_expansion: [0|com.google.android.apps.messaging|0|com.google.android.apps.messaging:sms|10072,0,1,5720,5720,0]
07-30 11:39:02.627  1000  2741  3163 I notification_expansion: [0|com.google.android.apps.messaging|0|com.google.android.apps.messaging:sms:113|10072,0,0,5869,5869,4980]
07-30 11:39:06.917  1000  2741  3323 I notification_expansion: [0|com.twitter.android|0|null|10096,0,1,12918007,74,160797]
07-30 11:39:06.917  1000  2741  3323 I notification_expansion: [0|com.google.android.apps.messaging|0|com.google.android.apps.messaging:sms|10072,0,0,10064,10064,0]
07-30 11:39:16.924  1000  2741  3953 I notification_expansion: [0|com.twitter.android|0|null|10096,0,0,12928014,10081,170804]
07-30 11:39:30.349  1000  2741  3962 I notification_expansion: [-1|com.android.systemui|3|low_battery|10034,0,1,179,157,0]
07-30 11:39:30.350  1000  2741  3962 I notification_expansion: [0|com.google.android.apps.messaging|0|com.google.android.apps.messaging:sms|10072,0,0,33497,33497,0]
07-30 11:39:38.814  1000  2741  3953 I notification_expansion: [-1|com.android.systemui|3|low_battery|10034,0,1,131,131,0]
07-30 11:39:38.815  1000  2741  3953 I notification_expansion: [0|com.google.android.apps.messaging|0|com.google.android.apps.messaging:sms|10072,0,0,41962,41962,0]
07-30 11:43:40.163  1000  2741  3100 I notification_expansion: [-1|com.android.systemui|3|low_battery|10034,0,1,204,177,0]
07-30 11:43:40.163  1000  2741  3100 I notification_expansion: [0|com.google.android.apps.messaging|0|com.google.android.apps.messaging:sms|10072,0,0,283310,283310,0]
07-30 11:43:48.078  1000  2741  3960 I notification_expansion: [0|com.twitter.android|0|null|10096,0,1,13199168,7751,441958]
07-30 11:43:48.199  1000  2741  3960 I notification_expansion: [-1|com.android.systemui|3|low_battery|10034,0,1,151,151,0]
07-30 11:43:48.200  1000  2741  3960 I notification_expansion: [0|com.twitter.android|0|null|10096,0,0,13199290,7873,442080]
07-30 11:43:50.204  1000  2741  3003 I notification_expansion: [-1|android|26|null|1000,0,1,1106,1106,0]
07-30 11:43:50.419  1000  2741  3960 I notification_expansion: [-1|android|26|null|1000,0,0,1321,1321,0]
07-30 11:43:52.879  1000  2741  3323 I notification_expansion: [-1|com.android.systemui|3|low_battery|10034,0,1,152,152,0]
07-30 11:43:52.880  1000  2741  3323 I notification_expansion: [0|com.google.android.apps.messaging|0|com.google.android.apps.messaging:sms|10072,0,0,296027,296027,0]
07-30 11:43:58.575  1000  2741  3324 I notification_expansion: [-1|com.android.systemui|3|low_battery|10034,0,1,200,169,0]
07-30 11:43:58.575  1000  2741  3323 I notification_expansion: [0|com.google.android.apps.messaging|0|com.google.android.apps.messaging:sms|10072,0,0,301722,301722,0]
07-30 11:45:07.066  1000  2741  3163 I notification_expansion: [0|com.twitter.android|0|null|10096,0,1,13278156,26,520946]
07-30 11:45:07.067  1000  2741  3163 I notification_expansion: [0|com.google.android.apps.messaging|0|com.google.android.apps.messaging:sms|10072,0,0,370214,370214,0]
07-30 11:45:17.124  1000  2741 16369 I notification_expansion: [0|com.twitter.android|0|null|10096,0,0,13288214,10084,531004]
07-30 11:45:28.262  1000  2741 16369 I notification_expansion: [0|com.twitter.android|0|null|10096,0,1,13299352,43,542142]
07-30 11:45:28.262  1000  2741 16369 I notification_expansion: [0|com.google.android.apps.messaging|0|com.google.android.apps.messaging:sms|10072,0,0,391409,391409,0]
07-30 11:45:38.587  1000  2741  3323 I notification_expansion: [0|com.twitter.android|0|null|10096,0,0,13309677,10107,552467]
07-30 11:45:41.274  1000  2741  3323 I notification_expansion: [0|com.twitter.android|0|null|10096,0,1,13312364,34,555154]
07-30 11:45:41.275  1000  2741  3323 I notification_expansion: [0|com.google.android.gm|0|gig:483594645:^sq_ig_i_personal|10064,0,0,2670956,9281,555156]
07-30 11:46:04.104  1000  2741 15709 I notification_expansion: [0|com.twitter.android|0|null|10096,0,0,13335194,10062,577984]
07-30 11:46:14.443  1000  2741  3323 I notification_expansion: [0|com.twitter.android|0|null|10096,0,1,13345533,46,588323]
07-30 11:46:14.444  1000  2741  3323 I notification_expansion: [0|com.google.android.apps.messaging|0|com.google.android.apps.messaging:sms|10072,0,0,437591,437591,0]
07-30 11:46:24.479  1000  2741  3324 I notification_expansion: [0|com.twitter.android|0|null|10096,0,0,13355569,10082,598359]
07-30 11:46:58.095  1000  2741  3100 I notification_expansion: [0|com.google.android.apps.messaging|0|com.google.android.apps.messaging:sms|10072,0,0,481242,481242,0]
07-30 11:47:45.923  1000  2741  3324 I notification_expansion: [0|com.twitter.android|0|null|10096,0,1,13437013,41566,679803]
07-30 11:47:45.924  1000  2741  3324 I notification_expansion: [0|com.mygate.user|0|FCM-Notification:3425169|10095,0,1,8483492,8483492,679804]
07-30 11:47:45.924  1000  2741  3960 I notification_expansion: [0|com.mygate.user|0|FCM-Notification:113192|10095,0,1,13462450,13462450,679807]
07-30 11:47:45.925  1000  2741  3960 I notification_expansion: [0|com.android.chrome|-1|p#https://m.facebook.com/#11532927786193865|10058,0,1,3667925,3667925,679807]
07-30 11:47:45.925  1000  2741  3960 I notification_expansion: [0|com.android.chrome|-1|p#https://m.facebook.com/#11532916151486090|10058,0,1,13444718,13444718,679805]
07-30 11:47:45.946  1000  2741  3324 I notification_expansion: [-1|android|26|null|1000,0,1,236848,236848,0]
07-30 11:47:45.952  1000  2741  3324 I notification_expansion: [0|com.ideacellular.myidea|22|null|10094,0,1,4351695,4351695,679833]
07-30 11:47:45.952  1000  2741  3324 I notification_expansion: [0|com.twitter.android|0|null|10096,0,0,13437042,41595,679832]
07-30 11:47:45.953  1000  2741  3324 I notification_expansion: [0|com.google.android.gm|0|gig:483594645:^sq_ig_i_personal|10064,0,0,2795634,133959,679834]
07-30 11:47:45.954  1000  2741  3324 I notification_expansion: [0|com.mygate.user|0|FCM-Notification:3425169|10095,0,0,8483522,8483522,679834]
07-30 11:47:45.954  1000  2741  3324 I notification_expansion: [0|com.mygate.user|0|FCM-Notification:113192|10095,0,0,13462480,13462480,679837]
07-30 11:47:45.955  1000  2741  3324 I notification_expansion: [0|com.android.chrome|-1|p#https://m.facebook.com/#11532927786193865|10058,0,0,3667955,3667955,679837]
07-30 11:47:45.955  1000  2741  3324 I notification_expansion: [0|com.android.chrome|-1|p#https://m.facebook.com/#11532916151486090|10058,0,0,13444748,13444748,679835]
07-30 11:47:45.956  1000  2741  3100 I notification_expansion: [-1|android|26|null|1000,0,0,236858,236858,0]
07-30 11:47:45.956  1000  2741  3100 I notification_expansion: [0|com.ideacellular.myidea|22|null|10094,0,0,4351699,4351699,679837]
07-30 11:48:47.968  1000  2741  3003 I notification_expansion: [0|com.twitter.android|0|null|10096,0,1,13499058,37,741848]
07-30 11:48:47.969  1000  2741  3003 I notification_expansion: [0|com.google.android.apps.messaging|0|com.google.android.apps.messaging:sms|10072,0,0,591116,591116,0]
07-30 11:48:58.014  1000  2741  3003 I notification_expansion: [0|com.twitter.android|0|null|10096,0,0,13509104,10083,751894]
07-30 11:49:02.965  1000  2741  3323 I notification_expansion: [0|com.whatsapp|1|919036640705-1521441719@g.us|10115,0,1,206,206,0]
07-30 11:49:02.965  1000  2741  6925 I notification_expansion: [0|com.google.android.apps.messaging|0|com.google.android.apps.messaging:sms|10072,0,0,606112,606112,0]
07-30 11:49:03.044  1000  2741  3323 I notification_expansion: [0|com.whatsapp|1|919848330390-1434389344@g.us|10115,0,1,252,252,0]
07-30 11:49:03.045  1000  2741  6925 I notification_expansion: [0|com.whatsapp|1|919036640705-1521441719@g.us|10115,0,0,286,286,0]
07-30 11:49:03.086  1000  2741  3323 I notification_expansion: [0|com.whatsapp|1|919949777709-1443694452@g.us|10115,0,1,269,269,0]
07-30 11:49:03.086  1000  2741  6925 I notification_expansion: [0|com.whatsapp|1|919848330390-1434389344@g.us|10115,0,0,294,294,0]
07-30 11:49:03.110  1000  2741  3003 I notification_expansion: [0|com.whatsapp|1|918008066449-1389674036@g.us|10115,0,1,277,277,0]
07-30 11:49:03.111  1000  2741  3323 I notification_expansion: [0|com.whatsapp|1|919949777709-1443694452@g.us|10115,0,0,294,294,0]
07-30 11:49:03.164  1000  2741  3003 I notification_expansion: [0|com.whatsapp|1|919966429222-1483261573@g.us|10115,0,1,311,311,0]
07-30 11:49:03.165  1000  2741  3003 I notification_expansion: [0|com.whatsapp|1|918008066449-1389674036@g.us|10115,0,0,332,332,0]
07-30 11:49:03.191  1000  2741  3323 I notification_expansion: [0|com.whatsapp|1|917893161221@s.whatsapp.net|10115,0,1,316,316,0]
07-30 11:49:03.192  1000  2741  6925 I notification_expansion: [0|com.whatsapp|1|919966429222-1483261573@g.us|10115,0,0,339,339,0]
07-30 11:49:03.373  1000  2741  3323 I notification_expansion: [0|com.whatsapp|1|917893161221@s.whatsapp.net|10115,0,0,498,498,0]
07-30 11:50:45.935  1000  2741  8423 I notification_expansion: [0|com.google.android.apps.messaging|0|com.google.android.apps.messaging:sms|10072,0,0,709082,709082,0]
07-30 11:57:25.479  1000  2741  2755 I notification_expansion: [-1|com.android.systemui|3|low_battery|10034,0,1,192063,1326,0]
07-30 11:57:25.480  1000  2741 16369 I notification_expansion: [0|com.mygate.user|0|FCM-Notification:10760937|10095,0,1,4487,4487,0]
07-30 11:57:25.480  1000  2741 16369 I notification_expansion: [0|com.twitter.android|0|null|10096,0,1,14016570,81515,1259360]
07-30 11:57:25.480  1000  2741 16369 I notification_expansion: [-1|android|23|41217664-9172-527a-b3d5-edabb50a7d69|1000,0,1,272934,272934,0]
07-30 11:57:25.490  1000  2741  2755 I notification_expansion: [0|com.mygate.user|0|FCM-Notification:3425169|10095,0,1,9063058,9063058,1259370]
07-30 11:57:25.491  1000  2741  2755 I notification_expansion: [0|com.mygate.user|0|FCM-Notification:113192|10095,0,1,14042017,14042017,1259374]
07-30 11:57:25.492  1000  2741  2755 I notification_expansion: [0|com.android.chrome|-1|p#https://m.facebook.com/#11532927786193865|10058,0,1,4247492,4247492,1259374]
07-30 11:57:25.492  1000  2741  2755 I notification_expansion: [0|com.android.chrome|-1|p#https://m.facebook.com/#11532916151486090|10058,0,1,14024285,14024285,1259372]
07-30 11:57:25.493  1000  2741 16369 I notification_expansion: [0|com.ideacellular.myidea|22|null|10094,0,1,4931236,4931236,1259374]
07-30 11:57:25.493  1000  2741 16369 I notification_expansion: [0|com.mygate.user|0|FCM-Notification:10760937|10095,0,0,4500,4500,0]
07-30 11:57:25.495  1000  2741 21980 I notification_expansion: [0|com.google.android.apps.messaging|0|com.google.android.apps.messaging:sms|10072,0,0,1108642,1108642,0]
07-30 11:57:25.495  1000  2741 21980 I notification_expansion: [0|com.twitter.android|0|null|10096,0,0,14016585,81530,1259375]
07-30 11:57:25.496  1000  2741 21980 I notification_expansion: [-1|android|23|41217664-9172-527a-b3d5-edabb50a7d69|1000,0,0,272950,272950,0]
07-30 11:57:25.497  1000  2741 21980 I notification_expansion: [0|com.google.android.gm|0|gig:483594645:^sq_ig_i_personal|10064,0,0,3375178,713503,1259378]
07-30 11:57:25.498  1000  2741 21980 I notification_expansion: [0|com.mygate.user|0|FCM-Notification:3425169|10095,0,0,9063066,9063066,1259378]
07-30 11:57:25.499  1000  2741 21980 I notification_expansion: [0|com.mygate.user|0|FCM-Notification:113192|10095,0,0,14042025,14042025,1259382]
07-30 11:57:25.499  1000  2741 16369 I notification_expansion: [0|com.android.chrome|-1|p#https://m.facebook.com/#11532927786193865|10058,0,0,4247499,4247499,1259381]
07-30 11:57:25.500  1000  2741 16369 I notification_expansion: [0|com.android.chrome|-1|p#https://m.facebook.com/#11532916151486090|10058,0,0,14024293,14024293,1259380]
07-30 11:57:25.500  1000  2741 16369 I notification_expansion: [0|com.whatsapp|1|null|10115,0,0,394670,181693,0]
07-30 11:57:25.500  1000  2741 16369 I notification_expansion: [0|com.ideacellular.myidea|22|null|10094,0,0,4931243,4931243,1259381]
07-30 11:58:12.704  1000  2741  6925 I notification_expansion: [-1|com.android.systemui|3|low_battery|10034,0,0,239288,48551,0]
07-30 11:58:16.286  1000  2741  7470 I notification_expansion: [-1|com.android.systemui|3|low_battery|10034,0,1,242870,52133,0]
07-30 11:58:16.287  1000  2741  7470 I notification_expansion: [0|com.whatsapp|1|null|10115,0,0,4134,4134,2794]
07-30 12:04:27.952  1000  2741  7470 I notification_expansion: [-1|com.android.systemui|3|low_battery|10034,0,0,614536,6741,0]
07-30 12:04:29.801  1000  2741  3003 I notification_expansion: [-1|com.android.systemui|3|low_battery|10034,0,1,616385,8590,0]
07-30 12:04:29.802  1000  2741  3003 I notification_expansion: [0|com.whatsapp|1|null|10115,0,0,2441,1806,979]
07-30 12:06:26.056  1000  2741 21977 I notification_expansion: [-1|com.android.systemui|3|low_battery|10034,0,0,732640,280,0]
07-30 12:07:44.300  1000  2741  6406 I notification_expansion: [-1|com.android.systemui|3|low_battery|10034,0,1,810884,1873,0]
07-30 12:07:44.301  1000  2741  6406 I notification_expansion: [0|com.twitter.android|0|null|10096,0,1,14635391,153383,1878181]
07-30 12:07:44.302  1000  2741  6406 I notification_expansion: [-1|android|23|41217664-9172-527a-b3d5-edabb50a7d69|1000,0,1,891756,891756,0]
07-30 12:07:44.303  1000  2741  6406 I notification_expansion: [0|com.android.chrome|-1|p#https://m.facebook.com/#11532927786193865|10058,0,1,4866303,4866303,1878185]
07-30 12:07:44.304  1000  2741  6406 I notification_expansion: [0|com.android.chrome|-1|p#https://m.facebook.com/#11532916151486090|10058,0,1,14643097,14643097,1878184]
07-30 12:07:44.305  1000  2741  6406 I notification_expansion: [0|com.ideacellular.myidea|22|null|10094,0,1,5550048,5550048,1878186]
07-30 12:07:44.306  1000  2741  6406 I notification_expansion: [0|com.twitter.android|0|null|10096,0,0,14635396,153388,1878186]
07-30 12:07:44.307  1000  2741  6406 I notification_expansion: [0|com.google.android.apps.messaging|0|com.google.android.apps.messaging:sms|10072,0,0,1727454,1727454,0]
07-30 12:07:44.309  1000  2741  6406 I notification_expansion: [0|com.whatsapp|1|null|10115,0,0,68795,68795,0]
07-30 12:07:44.311  1000  2741  6406 I notification_expansion: [-1|android|23|41217664-9172-527a-b3d5-edabb50a7d69|1000,0,0,891765,891765,0]
07-30 12:07:44.311  1000  2741  6406 I notification_expansion: [0|com.android.chrome|-1|p#https://m.facebook.com/#11532927786193865|10058,0,0,4866311,4866311,1878193]
07-30 12:07:44.312  1000  2741  6406 I notification_expansion: [0|com.android.chrome|-1|p#https://m.facebook.com/#11532916151486090|10058,0,0,14643105,14643105,1878192]
07-30 12:07:44.312  1000  2741  6406 I notification_expansion: [0|com.mygate.user|2147483647|ranker_group|10095|ranker_group,0,0,577511,577511,0]
07-30 12:07:44.321  1000  2741  3163 I notification_expansion: [0|com.ideacellular.myidea|22|null|10094,0,0,5550064,5550064,1878202]
07-30 12:08:05.966  1000  2741  5381 I notification_expansion: [-1|com.android.systemui|3|low_battery|10034,0,0,832550,261,0]
07-30 12:09:03.251  1000  2741 15709 I notification_expansion: [0|com.twitter.android|0|null|10096,0,1,14714341,46085,1957131]
07-30 12:09:03.251  1000  2741 15709 I notification_expansion: [-1|android|23|41217664-9172-527a-b3d5-edabb50a7d69|1000,0,1,970705,970705,0]
07-30 12:09:03.252  1000  2741 15709 I notification_expansion: [0|com.android.chrome|-1|p#https://m.facebook.com/#11532927786193865|10058,0,1,4945252,4945252,1957134]
07-30 12:09:03.252  1000  2741 15709 I notification_expansion: [0|com.android.chrome|-1|p#https://m.facebook.com/#11532916151486090|10058,0,1,14722045,14722045,1957132]
07-30 12:09:03.253  1000  2741  6894 I notification_expansion: [-1|android|26|null|1000,0,1,1706,1706,0]
07-30 12:09:03.254  1000  2741 15709 I notification_expansion: [0|com.ideacellular.myidea|22|null|10094,0,1,5628997,5628997,1957135]
07-30 12:09:03.255  1000  2741  6524 I notification_expansion: [0|com.google.android.apps.messaging|0|com.google.android.apps.messaging:sms|10072,0,0,1806402,1806402,0]
07-30 12:09:03.256  1000  2741  6524 I notification_expansion: [-1|android|23|41217664-9172-527a-b3d5-edabb50a7d69|1000,0,0,970710,970710,0]
07-30 12:09:03.256  1000  2741 15709 I notification_expansion: [0|com.android.chrome|-1|p#https://m.facebook.com/#11532927786193865|10058,0,0,4945256,4945256,1957138]
07-30 12:09:03.257  1000  2741 15709 I notification_expansion: [0|com.android.chrome|-1|p#https://m.facebook.com/#11532916151486090|10058,0,0,14722050,14722050,1957137]
07-30 12:09:03.257  1000  2741 15709 I notification_expansion: [-1|android|26|null|1000,0,0,1710,1710,0]
07-30 12:09:03.257  1000  2741  6524 I notification_expansion: [0|com.mygate.user|2147483647|ranker_group|10095|ranker_group,0,0,656456,656456,0]
07-30 12:09:03.258  1000  2741  6524 I notification_expansion: [0|com.ideacellular.myidea|22|null|10094,0,0,5629001,5629001,1957139]
07-30 12:09:41.255  1000  2741  2756 I notification_expansion: [0|com.twitter.android|0|null|10096,0,0,14752345,84089,1995135]
07-30 12:10:05.894  1000  2741  3003 I notification_expansion: [0|com.twitter.android|0|null|10096,0,1,14776984,30,2019774]
07-30 12:10:05.895  1000  2741  3003 I notification_expansion: [0|com.google.android.apps.messaging|0|com.google.android.apps.messaging:sms|10072,0,0,1869042,1869042,0]
07-30 12:10:28.178  1000  2741 21976 I notification_expansion: [0|com.twitter.android|0|null|10096,0,0,14799268,17720,2042058]
07-30 12:12:26.672  1000  2741 11532 I notification_expansion: [0|com.twitter.android|0|null|10096,0,1,14917762,136214,2160552]
07-30 12:12:26.673  1000  2741 11532 I notification_expansion: [0|com.android.chrome|-1|p#https://m.facebook.com/#11532927786193865|10058,0,1,5148673,5148673,2160555]
07-30 12:12:26.675  1000  2741 11532 I notification_expansion: [0|com.android.chrome|-1|p#https://m.facebook.com/#11532916151486090|10058,0,1,14925468,14925468,2160555]
07-30 12:12:26.675  1000  2741 11532 I notification_expansion: [-1|android|26|null|1000,0,1,205128,205128,0]
07-30 12:12:26.676  1000  2741 11532 I notification_expansion: [0|com.ideacellular.myidea|22|null|10094,0,1,5832419,5832419,2160557]
07-30 12:12:26.676  1000  2741 11532 I notification_expansion: [0|com.twitter.android|0|null|10096,0,0,14917766,136218,2160556]
07-30 12:12:26.677  1000  2741 11532 I notification_expansion: [0|com.google.android.gm|0|gig:483594645:^sq_ig_i_personal|10064,0,0,111418,88574,0]
07-30 12:12:26.677  1000  2741 11532 I notification_expansion: [0|com.android.chrome|-1|p#https://m.facebook.com/#11532927786193865|10058,0,0,5148677,5148677,2160559]
07-30 12:12:26.677  1000  2741 11532 I notification_expansion: [0|com.android.chrome|-1|p#https://m.facebook.com/#11532916151486090|10058,0,0,14925470,14925470,2160557]
07-30 12:12:26.678  1000  2741 11532 I notification_expansion: [-1|android|26|null|1000,0,0,205131,205131,0]
07-30 12:12:26.679  1000  2741 11532 I notification_expansion: [0|com.mygate.user|2147483647|ranker_group|10095|ranker_group,0,0,859878,859878,0]
07-30 12:12:26.679  1000  2741 11532 I notification_expansion: [0|com.ideacellular.myidea|22|null|10094,0,0,5832422,5832422,2160560]
07-30 12:12:40.365  1000  2741  2755 I notification_expansion: [0|com.google.android.apps.messaging|0|com.google.android.apps.messaging:sms|10072,1,1,2023511,2023511,6512]
07-30 12:13:08.981  1000  2741  3962 I notification_expansion: [0|com.twitter.android|0|null|10096,0,1,14960071,30,35128]
07-30 12:13:08.982  1000  2741  3962 I notification_expansion: [0|com.google.android.apps.messaging|0|com.google.android.apps.messaging:sms|10072,0,0,2052129,2052129,35130]
07-30 12:13:19.035  1000  2741  6925 I notification_expansion: [0|com.twitter.android|0|null|10096,0,0,14970125,10084,45182]
07-30 12:13:19.420  1000  2741  6925 I notification_expansion: [0|com.whatsapp|1|919036640705-1521441719@g.us|10115,0,1,225,225,0]
07-30 12:13:19.421  1000  2741  6925 I notification_expansion: [0|com.google.android.apps.messaging|0|com.google.android.apps.messaging:sms|10072,0,0,2062568,2062568,45569]
07-30 12:13:19.476  1000  2741  6925 I notification_expansion: [0|com.whatsapp|1|919848330390-1434389344@g.us|10115,0,1,258,258,0]
07-30 12:13:19.477  1000  2741 21976 I notification_expansion: [0|com.whatsapp|1|919036640705-1521441719@g.us|10115,0,0,282,282,0]
07-30 12:13:19.529  1000  2741  3962 I notification_expansion: [0|com.whatsapp|1|919949777709-1443694452@g.us|10115,0,1,281,281,0]
07-30 12:13:19.531  1000  2741  3962 I notification_expansion: [0|com.whatsapp|1|919848330390-1434389344@g.us|10115,0,0,313,313,0]
07-30 12:13:19.578  1000  2741  6925 I notification_expansion: [0|com.whatsapp|1|918008066449-1389674036@g.us|10115,0,1,303,303,0]
07-30 12:13:19.578  1000  2741  6925 I notification_expansion: [0|com.whatsapp|1|919949777709-1443694452@g.us|10115,0,0,330,330,0]
07-30 12:13:19.611  1000  2741  6925 I notification_expansion: [0|com.whatsapp|1|919908277644-1519541367@g.us|10115,0,1,315,315,0]
07-30 12:13:19.611  1000  2741 21976 I notification_expansion: [0|com.whatsapp|1|918008066449-1389674036@g.us|10115,0,0,336,336,0]
07-30 12:13:19.799  1000  2741 21976 I notification_expansion: [0|com.whatsapp|1|919908277644-1519541367@g.us|10115,0,0,503,503,0]
07-30 12:13:29.363  1000  2741 21976 I notification_expansion: [0|com.whatsapp|1|null|10115,0,0,10055,10055,8815]
07-30 12:13:47.903  1000  2741  3293 I notification_expansion: [0|com.google.android.gm|0|gig:1087497431:^sq_ig_i_personal|10064,0,1,151,151,0]
07-30 12:13:47.904  1000  2741  3293 I notification_expansion: [0|com.google.android.apps.messaging|0|com.google.android.apps.messaging:sms|10072,0,0,2091051,2091051,74052]
07-30 12:13:47.946  1000  2741  3293 I notification_expansion: [0|com.google.android.gm|-721932732|gig:1087497431:^sq_ig_i_personal|10064,0,1,172,172,0]
07-30 12:13:54.127  1000  2741  6520 I notification_expansion: [0|com.google.android.gm|0|gig:1087497431:^sq_ig_i_personal|10064,0,0,6375,6375,0]
07-30 12:13:54.129  1000  2741  6520 I notification_expansion: [0|com.google.android.gm|-721932732|gig:1087497431:^sq_ig_i_personal|10064,0,0,6355,6355,0]
07-30 12:14:19.419  1000  2741  3953 I notification_expansion: [0|com.google.android.gm|0|gig:1087497431:^sq_ig_i_personal|10064,0,1,31667,31667,0]
07-30 12:14:19.420  1000  2741  3953 I notification_expansion: [0|com.google.android.gm|-721932732|gig:1087497431:^sq_ig_i_personal|10064,0,1,31646,31646,0]
07-30 12:14:19.421  1000  2741 16381 I notification_expansion: [0|com.twitter.android|0|null|10096,0,1,15030511,70470,105568]
07-30 12:14:19.421  1000  2741 16381 I notification_expansion: [0|com.android.chrome|-1|p#https://m.facebook.com/#11532927786193865|10058,0,1,5261421,5261421,104041]
07-30 12:14:19.422  1000  2741  2756 I notification_expansion: [0|com.android.chrome|-1|p#https://m.facebook.com/#11532916151486090|10058,0,1,15038215,15038215,103542]
07-30 12:14:19.422  1000  2741  2756 I notification_expansion: [-1|android|26|null|1000,0,1,317875,317875,103542]
07-30 12:14:19.423  1000  2741  2756 I notification_expansion: [0|com.ideacellular.myidea|22|null|10094,0,1,5945166,5945166,2273304]
07-30 12:14:19.423  1000  2741  2756 I notification_expansion: [0|com.google.android.gm|0|gig:1087497431:^sq_ig_i_personal|10064,0,0,31671,31671,0]
07-30 12:14:19.424  1000  2741  5381 I notification_expansion: [0|com.google.android.gm|-721932732|gig:1087497431:^sq_ig_i_personal|10064,0,0,31650,31650,0]
07-30 12:14:19.427  1000  2741  6925 I notification_expansion: [0|com.twitter.android|0|null|10096,0,0,15030517,70476,105574]
07-30 12:14:19.429  1000  2741  5381 I notification_expansion: [0|com.google.android.gm|0|gig:483594645:^sq_ig_i_personal|10064,0,0,224170,201326,104049]
07-30 12:14:19.432  1000  2741  5381 I notification_expansion: [0|com.android.chrome|-1|p#https://m.facebook.com/#11532927786193865|10058,0,0,5261432,5261432,104052]
07-30 12:14:19.432  1000  2741  5381 I notification_expansion: [0|com.android.chrome|-1|p#https://m.facebook.com/#11532916151486090|10058,0,0,15038225,15038225,103552]
07-30 12:14:19.433  1000  2741  5381 I notification_expansion: [0|com.whatsapp|1|null|10115,0,0,60125,10093,58885]
07-30 12:14:19.433  1000  2741  5381 I notification_expansion: [-1|android|26|null|1000,0,0,317886,317886,103553]
07-30 12:14:19.434  1000  2741  5381 I notification_expansion: [0|com.mygate.user|2147483647|ranker_group|10095|ranker_group,0,0,972633,972633,0]
07-30 12:14:19.435  1000  2741  5381 I notification_expansion: [0|com.ideacellular.myidea|22|null|10094,0,0,5945178,5945178,2273316]
07-30 12:14:33.877  1000  2741 11532 I notification_expansion: [0|com.twitter.android|0|null|10096,0,1,15044967,39,120024]
07-30 12:14:33.877  1000  2741 11532 I notification_expansion: [0|com.google.android.apps.messaging|0|com.google.android.apps.messaging:sms|10072,0,0,2137024,2137024,120025]
07-30 12:14:43.927  1000  2741  8423 I notification_expansion: [0|com.twitter.android|0|null|10096,0,0,15055017,10089,130074]
07-30 12:15:17.869  1000  2741  6925 I notification_expansion: [0|com.google.android.apps.messaging|0|com.google.android.apps.messaging:sms|10072,0,0,2181016,2181016,164017]
07-30 12:15:20.065  1000  2741  3163 I notification_expansion: [0|com.google.android.gm|0|gig:483594645:^sq_ig_i_personal|10064,0,0,284806,2254,164685]
07-30 12:22:25.375  1000  2741  3324 I notification_expansion: [0|com.twitter.android|0|null|10096,0,1,15516465,81241,591522]
07-30 12:22:25.381  1000  2741 21977 I notification_expansion: [0|com.android.chrome|-1|p#https://m.facebook.com/#11532927786193865|10058,0,1,5747381,5747381,590001]
07-30 12:22:25.384  1000  2741  3961 I notification_expansion: [0|com.android.chrome|-1|p#https://m.facebook.com/#11532916151486090|10058,0,1,15524177,15524177,589504]
07-30 12:22:25.385  1000  2741  3961 I notification_expansion: [-1|android|26|null|1000,0,1,803838,803838,589505]
07-30 12:22:25.398  1000  2741  3324 I notification_expansion: [0|com.ideacellular.myidea|22|null|10094,0,1,6431141,6431141,2759279]
07-30 12:22:25.399  1000  2741  3324 I notification_expansion: [0|com.twitter.android|0|null|10096,0,0,15516488,81264,591545]
07-30 12:22:25.399  1000  2741  3324 I notification_expansion: [0|com.google.android.gm|0|gig:1087497431:^sq_ig_i_personal|10064,0,0,517647,15558,0]
07-30 12:22:25.401  1000  2741  3324 I notification_expansion: [0|com.google.android.gm|0|gig:483594645:^sq_ig_i_personal|10064,0,0,710142,120301,590021]
07-30 12:22:25.401  1000  2741 21980 I notification_expansion: [0|com.android.chrome|-1|p#https://m.facebook.com/#11532927786193865|10058,0,0,5747401,5747401,590021]
07-30 12:22:25.408  1000  2741 21980 I notification_expansion: [0|com.android.chrome|-1|p#https://m.facebook.com/#11532916151486090|10058,0,0,15524201,15524201,589528]
07-30 12:22:25.409  1000  2741 21980 I notification_expansion: [0|com.whatsapp|1|null|10115,0,0,546101,496069,544861]
07-30 12:22:25.414  1000  2741  3324 I notification_expansion: [-1|android|26|null|1000,0,0,803867,803867,589534]
07-30 12:22:25.415  1000  2741  3324 I notification_expansion: [0|com.mygate.user|2147483647|ranker_group|10095|ranker_group,0,0,1458614,1458614,0]
07-30 12:22:25.415  1000  2741  3324 I notification_expansion: [0|com.ideacellular.myidea|22|null|10094,0,0,6431158,6431158,2759296]
07-30 12:22:33.521  1000  2741  3632 I notification_expansion: [0|com.twitter.android|0|null|10096,0,1,15524611,40,599668]
07-30 12:22:33.522  1000  2741  6406 I notification_expansion: [0|com.google.android.apps.messaging|0|com.google.android.apps.messaging:sms|10072,0,0,2616669,2616669,599670]
07-30 12:25:54.417  1000  2741 21980 I notification_expansion: [0|com.twitter.android|0|null|10096,0,0,15725507,197401,800564]
07-30 12:28:07.430  1000  2741  3163 I notification_expansion: [-1|android|23|41217664-9172-527a-b3d5-edabb50a7d69|1000,0,1,38327,38327,0]
07-30 12:28:07.433  1000  2741  6520 I notification_expansion: [0|com.twitter.android|0|null|10096,0,1,15858523,330417,933580]
07-30 12:28:07.433  1000  2741  6520 I notification_expansion: [0|com.android.chrome|-1|p#https://m.facebook.com/#11532927786193865|10058,0,1,6089433,6089433,932053]
07-30 12:28:07.433  1000  2741  6520 I notification_expansion: [0|com.android.chrome|-1|p#https://m.facebook.com/#11532916151486090|10058,0,1,15866226,15866226,931553]
07-30 12:28:07.433  1000  2741  6520 I notification_expansion: [-1|android|26|null|1000,0,1,1145886,1145886,931553]
07-30 12:28:07.433  1000  2741  6520 I notification_expansion: [0|com.ideacellular.myidea|22|null|10094,0,1,6773176,6773176,3101314]
07-30 12:28:07.434  1000  2741  6520 I notification_expansion: [-1|android|23|41217664-9172-527a-b3d5-edabb50a7d69|1000,0,0,38331,38331,0]
07-30 12:28:07.434  1000  2741  6520 I notification_expansion: [0|com.google.android.gm|0|gig:483594645:^sq_ig_i_personal|10064,0,0,103720,103720,0]
07-30 12:28:07.434  1000  2741  6520 I notification_expansion: [0|com.twitter.android|0|null|10096,0,0,15858524,330418,933581]
07-30 12:28:07.434  1000  2741  6520 I notification_expansion: [0|com.android.chrome|-1|p#https://m.facebook.com/#11532927786193865|10058,0,0,6089434,6089434,932054]
07-30 12:28:07.447  1000  2741  6520 I notification_expansion: [0|com.android.chrome|-1|p#https://m.facebook.com/#11532916151486090|10058,0,0,15866227,15866227,931554]
07-30 12:28:07.447  1000  2741  6520 I notification_expansion: [-1|android|26|null|1000,0,0,1145900,1145900,931567]
07-30 12:28:07.448  1000  2741  6520 I notification_expansion: [0|com.ideacellular.myidea|22|null|10094,0,0,6773191,6773191,3101329]
07-30 12:28:08.389  1000  2741  3163 I notification_expansion: [-1|android|23|41217664-9172-527a-b3d5-edabb50a7d69|1000,0,1,39286,39286,0]
07-30 12:28:08.390  1000  2741  3163 I notification_expansion: [0|com.whatsapp|1|null|10115,0,0,82973,1428,0]
07-30 12:29:26.945  1000  2741  3324 I notification_expansion: [0|com.twitter.android|0|null|10096,0,1,15938035,29,1013092]
07-30 12:29:26.946  1000  2741  3324 I notification_expansion: [-1|android|23|41217664-9172-527a-b3d5-edabb50a7d69|1000,0,0,117843,117843,0]
07-30 12:30:25.496  1000  2741 16369 I notification_expansion: [0|com.google.android.apps.messaging|0|com.google.android.apps.messaging:sms:119|10072,0,1,148,148,0]
07-30 12:30:25.497  1000  2741 21976 I notification_expansion: [0|com.twitter.android|0|null|10096,0,0,15996587,9756,1071644]
07-30 12:30:56.407  1000  2741  6520 I notification_expansion: [0|com.twitter.android|0|null|10096,0,1,16027497,65,1102554]
07-30 12:30:56.409  1000  2741  6520 I notification_expansion: [0|com.google.android.apps.messaging|0|com.google.android.apps.messaging:sms:119|10072,0,0,31061,31061,30201]
07-30 12:31:08.712  1000  2741 16369 I notification_expansion: [0|com.google.android.apps.messaging|0|com.google.android.apps.messaging:sms:119|10072,0,1,43364,43364,3128]
07-30 12:31:08.712  1000  2741 16369 I notification_expansion: [0|com.twitter.android|0|null|10096,0,0,16039802,12370,3128]
07-30 12:32:36.559  1000  2741 21980 I notification_expansion: [0|com.google.android.apps.messaging|0|com.google.android.apps.messaging:sms:119|10072,0,0,131210,131210,85274]
07-30 12:34:17.994  1000  2741 16381 I notification_expansion: [0|com.google.android.apps.messaging|0|com.google.android.apps.messaging:sms:119|10072,0,1,232646,232646,186710]
07-30 12:34:17.995  1000  2741 16381 I notification_expansion: [0|com.twitter.android|0|null|10096,0,1,16229085,201653,186711]
07-30 12:34:17.997  1000  2741  2755 I notification_expansion: [-1|android|23|41217664-9172-527a-b3d5-edabb50a7d69|1000,0,1,408894,408894,186716]
07-30 12:34:17.998  1000  2741  2755 I notification_expansion: [0|com.android.chrome|-1|p#https://m.facebook.com/#11532927786193865|10058,0,1,6459998,6459998,186217]
07-30 12:34:17.998  1000  2741  2755 I notification_expansion: [0|com.android.chrome|-1|p#https://m.facebook.com/#11532916151486090|10058,0,1,16236791,16236791,195488]
07-30 12:34:17.999  1000  2741  2755 I notification_expansion: [0|com.fota.pro|10|null|1000,0,1,176969,176969,0]
07-30 12:34:17.999  1000  2741  2755 I notification_expansion: [-1|android|26|null|1000,0,1,1516452,1516452,194967]
07-30 12:34:18.003  1000  2741  3962 I notification_expansion: [0|com.ideacellular.myidea|22|null|10094,0,1,7143746,7143746,193957]
07-30 12:34:18.003  1000  2741  3962 I notification_expansion: [0|com.twitter.android|0|null|10096,0,0,16229093,201661,186719]
07-30 12:34:18.008  1000  2741 11532 I notification_expansion: [-1|android|23|41217664-9172-527a-b3d5-edabb50a7d69|1000,0,0,408905,408905,186727]
07-30 12:34:18.011  1000  2741 11532 I notification_expansion: [0|com.google.android.gm|0|gig:483594645:^sq_ig_i_personal|10064,0,0,474297,474297,186728]
07-30 12:34:18.014  1000  2741 21978 I notification_expansion: [0|com.android.chrome|-1|p#https://m.facebook.com/#11532927786193865|10058,0,0,6460014,6460014,186233]
07-30 12:34:18.015  1000  2741 11532 I notification_expansion: [0|com.android.chrome|-1|p#https://m.facebook.com/#11532916151486090|10058,0,0,16236808,16236808,195505]
07-30 12:34:18.016  1000  2741 11532 I notification_expansion: [0|com.fota.pro|10|null|1000,0,0,176986,176986,0]
07-30 12:34:18.017  1000  2741 11532 I notification_expansion: [-1|android|26|null|1000,0,0,1516470,1516470,194985]
07-30 12:34:18.020  1000  2741 11532 I notification_expansion: [0|com.ideacellular.myidea|22|null|10094,0,0,7143763,7143763,193974]
07-30 12:34:39.210  1000  2741  6925 I notification_expansion: [0|com.google.android.apps.messaging|0|com.google.android.apps.messaging:sms:120|10072,0,1,115,115,0]
07-30 12:34:39.210  1000  2741  6925 I notification_expansion: [0|com.google.android.apps.messaging|0|com.google.android.apps.messaging:sms:119|10072,0,0,253862,50,207926]
07-30 12:34:44.893  1000  2741  6925 I notification_expansion: [0|com.google.android.apps.messaging|0|com.google.android.apps.messaging:sms|10072,0,1,5675,5675,0]
07-30 12:34:44.937  1000  2741  6925 I notification_expansion: [0|com.google.android.apps.messaging|0|com.google.android.apps.messaging:sms:120|10072,0,0,5842,5842,5000]
07-30 12:35:32.606  1000  2741  3293 I notification_expansion: [0|com.google.android.apps.messaging|0|com.google.android.apps.messaging:sms|10072,0,0,53388,53388,0]
07-30 12:36:24.625  1000  2741 15709 I notification_expansion: [0|com.twitter.android|0|null|10096,0,1,16355715,24,49597]
07-30 12:36:24.625  1000  2741 15709 I notification_expansion: [0|com.google.android.apps.messaging|0|com.google.android.apps.messaging:sms|10072,0,0,105407,105407,49597]
07-30 12:36:34.673  1000  2741  3293 I notification_expansion: [0|com.twitter.android|0|null|10096,0,0,16365763,10072,59645]
07-30 12:36:39.927  1000  2741 16381 I notification_expansion: [0|com.google.android.apps.messaging|0|com.google.android.apps.messaging:sms|10072,0,0,120709,120709,64899]
07-30 12:44:52.037  1000  2741  3293 I notification_expansion: [0|com.twitter.android|0|null|10096,0,1,16863127,99004,557009]
07-30 12:44:52.037  1000  2741  3293 I notification_expansion: [-1|android|23|41217664-9172-527a-b3d5-edabb50a7d69|1000,0,1,1042934,1042934,557011]
07-30 12:44:52.038  1000  2741  3293 I notification_expansion: [0|com.android.chrome|-1|p#https://m.facebook.com/#11532927786193865|10058,0,1,7094038,7094038,557011]
07-30 12:44:52.038  1000  2741  3293 I notification_expansion: [0|com.android.chrome|-1|p#https://m.facebook.com/#11532916151486090|10058,0,1,16870831,16870831,557010]
07-30 12:44:52.038  1000  2741  3293 I notification_expansion: [0|com.fota.pro|10|null|1000,0,1,811008,811008,557013]
07-30 12:44:52.038  1000  2741  3293 I notification_expansion: [0|com.ideacellular.myidea|22|null|10094,0,1,7777781,7777781,557011]
07-30 12:44:52.038  1000  2741  3293 I notification_expansion: [0|com.twitter.android|0|null|10096,0,0,16863128,99005,557010]
07-30 12:44:52.039  1000  2741  3293 I notification_expansion: [-1|android|23|41217664-9172-527a-b3d5-edabb50a7d69|1000,0,0,1042936,1042936,557013]
07-30 12:44:52.040  1000  2741 15709 I notification_expansion: [0|com.google.android.gm|0|gig:483594645:^sq_ig_i_personal|10064,0,0,1108326,1108326,557013]
07-30 12:44:52.040  1000  2741  3960 I notification_expansion: [0|com.android.chrome|-1|p#https://m.facebook.com/#11532927786193865|10058,0,0,7094040,7094040,557013]
07-30 12:44:52.041  1000  2741 15709 I notification_expansion: [0|com.android.chrome|-1|p#https://m.facebook.com/#11532916151486090|10058,0,0,16870834,16870834,557013]
07-30 12:44:52.041  1000  2741 15709 I notification_expansion: [0|com.fota.pro|10|null|1000,0,0,811011,811011,557016]
07-30 12:44:52.041  1000  2741 15709 I notification_expansion: [0|com.ideacellular.myidea|22|null|10094,0,0,7777784,7777784,557014]
07-30 12:45:07.833  1000  2741  3324 I notification_expansion: [-1|com.android.systemui|3|low_battery|10034,0,1,143,143,0]
07-30 12:45:07.834  1000  2741  3324 I notification_expansion: [0|com.google.android.apps.messaging|0|com.google.android.apps.messaging:sms|10072,0,0,628616,628616,572806]
07-30 12:45:07.918  1000  2741  3324 I notification_expansion: [-1|com.android.systemui|3|low_battery|10034,0,0,228,228,0]
07-30 12:45:10.025  1000  2741 16381 I notification_expansion: [-1|com.android.systemui|3|low_battery|10034,0,1,2335,1401,0]
07-30 12:45:10.026  1000  2741  3953 I notification_expansion: [0|com.twitter.android|0|null|10096,0,1,16881116,116993,574998]
07-30 12:45:10.026  1000  2741  3953 I notification_expansion: [-1|android|23|41217664-9172-527a-b3d5-edabb50a7d69|1000,0,1,1060923,1060923,575000]
07-30 12:45:10.027  1000  2741  3953 I notification_expansion: [0|com.android.chrome|-1|p#https://m.facebook.com/#11532927786193865|10058,0,1,7112027,7112027,575000]
07-30 12:45:10.027  1000  2741  3953 I notification_expansion: [0|com.android.chrome|-1|p#https://m.facebook.com/#11532916151486090|10058,0,1,16888820,16888820,574999]
07-30 12:45:10.028  1000  2741  3953 I notification_expansion: [0|com.fota.pro|10|null|1000,0,1,828998,828998,575003]
07-30 12:45:10.028  1000  2741  3953 I notification_expansion: [0|com.ideacellular.myidea|22|null|10094,0,1,7795771,7795771,575001]
07-30 12:45:10.029  1000  2741  3953 I notification_expansion: [0|com.google.android.apps.messaging|0|com.google.android.apps.messaging:sms|10072,0,0,630811,630811,575001]
07-30 12:45:10.033  1000  2741  3960 I notification_expansion: [0|com.twitter.android|0|null|10096,0,0,16881123,117000,575005]
07-30 12:45:10.034  1000  2741  3960 I notification_expansion: [-1|android|23|41217664-9172-527a-b3d5-edabb50a7d69|1000,0,0,1060931,1060931,575008]
07-30 12:45:10.035  1000  2741  3953 I notification_expansion: [0|com.google.android.gm|0|gig:483594645:^sq_ig_i_personal|10064,0,0,1126321,1126321,575008]
07-30 12:45:10.038  1000  2741  3953 I notification_expansion: [0|com.android.chrome|-1|p#https://m.facebook.com/#11532927786193865|10058,0,0,7112038,7112038,575011]
07-30 12:45:10.039  1000  2741  3953 I notification_expansion: [0|com.android.chrome|-1|p#https://m.facebook.com/#11532916151486090|10058,0,0,16888831,16888831,575010]
07-30 12:45:10.039  1000  2741  3953 I notification_expansion: [0|com.fota.pro|10|null|1000,0,0,829009,829009,575014]
07-30 12:45:10.040  1000  2741  3953 I notification_expansion: [0|com.ideacellular.myidea|22|null|10094,0,0,7795783,7795783,575013]
07-30 12:45:11.543  1000  2741  7024 I notification_expansion: [-1|com.android.systemui|3|low_battery|10034,0,0,3853,236,0]
07-30 12:46:15.040  1000  2741 16369 I notification_expansion: [-1|com.android.systemui|3|low_battery|10034,0,1,67350,1183,0]
07-30 12:46:15.041  1000  2741 16369 I notification_expansion: [0|com.twitter.android|0|null|10096,0,1,16946131,39393,640013]
07-30 12:46:15.042  1000  2741 16369 I notification_expansion: [-1|android|23|41217664-9172-527a-b3d5-edabb50a7d69|1000,0,1,1125939,1125939,640016]
07-30 12:46:15.043  1000  2741 15709 I notification_expansion: [0|com.android.chrome|-1|p#https://m.facebook.com/#11532927786193865|10058,0,1,7177043,7177043,640016]
07-30 12:46:15.044  1000  2741 15709 I notification_expansion: [0|com.android.chrome|-1|p#https://m.facebook.com/#11532916151486090|10058,0,1,16953837,16953837,640016]
07-30 12:46:15.045  1000  2741 15709 I notification_expansion: [0|com.fota.pro|10|null|1000,0,1,894015,894015,640020]
07-30 12:46:15.046  1000  2741 15709 I notification_expansion: [0|com.ideacellular.myidea|22|null|10094,0,1,7860789,7860789,640019]
07-30 12:46:15.048  1000  2741 15709 I notification_expansion: [0|com.google.android.apps.messaging|0|com.google.android.apps.messaging:sms|10072,0,0,695830,695830,640020]
