07-30 12:46:15.048  1000  2741 15709 I notification_expansion: [0|com.twitter.android|0|null|10096,0,0,16946138,39400,640020]
07-30 12:46:15.049  1000  2741 15709 I notification_expansion: [-1|android|23|41217664-9172-527a-b3d5-edabb50a7d69|1000,0,0,1125946,1125946,640023]
07-30 12:46:15.049  1000  2741 15709 I notification_expansion: [0|com.google.android.gm|0|gig:483594645:^sq_ig_i_personal|10064,0,0,1191335,1191335,640022]
07-30 12:46:15.051  1000  2741 15709 I notification_expansion: [0|com.android.chrome|-1|p#https://m.facebook.com/#11532927786193865|10058,0,0,7177050,7177050,640023]
07-30 12:46:15.051  1000  2741 15709 I notification_expansion: [0|com.android.chrome|-1|p#https://m.facebook.com/#11532916151486090|10058,0,0,16953844,16953844,640023]
07-30 12:46:15.051  1000  2741 15709 I notification_expansion: [0|com.fota.pro|10|null|1000,0,0,894021,894021,640026]
07-30 12:46:15.052  1000  2741 15709 I notification_expansion: [0|com.ideacellular.myidea|22|null|10094,0,0,7860795,7860795,640025]
07-30 12:47:13.724  1000  2741 21980 I notification_expansion: [-1|com.android.systemui|3|low_battery|10034,0,0,126034,227,0]
07-30 13:08:26.096  1000  2741  6524 I notification_expansion: [0|com.twitter.android|0|null|10096,0,1,18277186,81480,1971068]
07-30 13:08:26.097  1000  2741  6524 I notification_expansion: [-1|com.android.systemui|3|low_battery|10034,0,1,1398407,217826,0]
07-30 13:08:26.097  1000  2741  6524 I notification_expansion: [0|com.android.dialer|1|STATUS_BAR_NOTIFIER|10015,0,1,445,170,0]
07-30 13:08:26.097  1000  2741  6524 I notification_expansion: [-1|android|23|41217664-9172-527a-b3d5-edabb50a7d69|1000,0,1,2456994,2456994,1971071]
07-30 13:08:26.097  1000  2741  6894 I notification_expansion: [0|com.android.chrome|-1|p#https://m.facebook.com/#11532927786193865|10058,0,1,8508097,8508097,1971070]
07-30 13:08:26.098  1000  2741  6894 I notification_expansion: [0|com.android.chrome|-1|p#https://m.facebook.com/#11532916151486090|10058,0,1,18284891,18284891,1971070]
07-30 13:08:26.098  1000  2741  6894 I notification_expansion: [0|com.fota.pro|10|null|1000,0,1,2225068,2225068,1971073]
07-30 13:08:26.099  1000  2741  6894 I notification_expansion: [0|com.ideacellular.myidea|22|null|10094,0,1,9191842,9191842,1971072]
07-30 13:08:51.529  1000  2741  7470 I notification_expansion: [-1|com.android.systemui|3|low_battery|10034,0,0,1423839,25229,0]
07-30 13:08:51.530  1000  2741  7470 I notification_expansion: [0|com.google.android.apps.messaging|0|com.google.android.apps.messaging:sms|10072,0,0,2052312,2052312,1996502]
07-30 13:08:51.532  1000  2741  6524 I notification_expansion: [0|com.twitter.android|0|null|10096,0,0,18302622,106916,1996504]
07-30 13:08:51.532  1000  2741  6520 I notification_expansion: [-1|android|23|41217664-9172-527a-b3d5-edabb50a7d69|1000,0,0,2482429,2482429,1996506]
07-30 13:08:51.533  1000  2741  6520 I notification_expansion: [0|com.android.chrome|-1|p#https://m.facebook.com/#11532927786193865|10058,0,0,8533533,8533533,1996506]
07-30 13:08:51.533  1000  2741  6520 I notification_expansion: [0|com.android.chrome|-1|p#https://m.facebook.com/#11532916151486090|10058,0,0,18310326,18310326,1996505]
07-30 13:08:51.534  1000  2741  7470 I notification_expansion: [0|com.fota.pro|10|null|1000,0,0,2250504,2250504,1996509]
07-30 13:08:51.536  1000  2741  7470 I notification_expansion: [0|com.ideacellular.myidea|22|null|10094,0,0,9217279,9217279,1996509]
07-30 13:08:55.568  1000  2741  3003 I notification_expansion: [-1|com.android.systemui|3|low_battery|10034,0,1,1427878,29268,0]
07-30 13:08:55.571  1000  2741  7470 I notification_expansion: [0|com.twitter.android|0|null|10096,0,1,18306661,110955,2000543]
07-30 13:08:55.572  1000  2741  7470 I notification_expansion: [-1|android|23|41217664-9172-527a-b3d5-edabb50a7d69|1000,0,1,2486469,2486469,2000546]
07-30 13:08:55.572  1000  2741 21980 I notification_expansion: [0|com.android.chrome|-1|p#https://m.facebook.com/#11532927786193865|10058,0,1,8537572,8537572,2000545]
07-30 13:08:55.573  1000  2741 16369 I notification_expansion: [0|com.android.chrome|-1|p#https://m.facebook.com/#11532916151486090|10058,0,1,18314366,18314366,2000545]
07-30 13:08:55.574  1000  2741  6520 I notification_expansion: [0|com.fota.pro|10|null|1000,0,1,2254544,2254544,2000549]
07-30 13:08:55.583  1000  2741 21980 I notification_expansion: [0|com.ideacellular.myidea|22|null|10094,0,1,9221326,9221326,2000556]
07-30 13:08:55.585  1000  2741  6520 I notification_expansion: [0|com.google.android.apps.messaging|0|com.google.android.apps.messaging:sms|10072,0,0,2056367,2056367,2000557]
07-30 13:08:55.587  1000  2741  3003 I notification_expansion: [0|com.twitter.android|0|null|10096,0,0,18306677,110971,2000559]
07-30 13:08:55.593  1000  2741  6520 I notification_expansion: [-1|android|23|41217664-9172-527a-b3d5-edabb50a7d69|1000,0,0,2486490,2486490,2000567]
07-30 13:08:55.594  1000  2741  6520 I notification_expansion: [0|com.android.chrome|-1|p#https://m.facebook.com/#11532927786193865|10058,0,0,8537594,8537594,2000567]
07-30 13:08:55.597  1000  2741  6520 I notification_expansion: [0|com.android.chrome|-1|p#https://m.facebook.com/#11532916151486090|10058,0,0,18314390,18314390,2000569]
07-30 13:08:55.597  1000  2741  6520 I notification_expansion: [0|com.fota.pro|10|null|1000,0,0,2254567,2254567,2000572]
07-30 13:08:55.598  1000  2741  6520 I notification_expansion: [0|com.ideacellular.myidea|22|null|10094,0,0,9221341,9221341,2000571]
07-30 13:09:12.769  1000  2741  6524 I notification_expansion: [-1|com.android.systemui|3|low_battery|10034,0,0,1445079,229,0]
07-30 13:11:23.430  1000  2741 11532 I notification_expansion: [-1|com.android.systemui|3|low_battery|10034,0,1,1575740,2169,0]
07-30 13:11:23.431  1000  2741  7024 I notification_expansion: [0|com.twitter.android|0|null|10096,0,1,18454521,72590,2148403]
07-30 13:11:23.432  1000  2741  7024 I notification_expansion: [-1|android|23|41217664-9172-527a-b3d5-edabb50a7d69|1000,0,1,2634328,2634328,2148405]
07-30 13:11:23.435  1000  2741  7024 I notification_expansion: [0|com.android.chrome|-1|p#https://m.facebook.com/#11532927786193865|10058,0,1,8685435,8685435,2148408]
07-30 13:11:23.445  1000  2741 11532 I notification_expansion: [0|com.android.chrome|-1|p#https://m.facebook.com/#11532916151486090|10058,0,1,18462238,18462238,2148417]
07-30 13:11:23.447  1000  2741 11532 I notification_expansion: [0|com.fota.pro|10|null|1000,0,1,2402417,2402417,2148422]
07-30 13:11:23.448  1000  2741 11532 I notification_expansion: [0|com.ideacellular.myidea|22|null|10094,0,1,9369191,9369191,2148421]
07-30 13:11:23.449  1000  2741 11532 I notification_expansion: [-1|com.android.systemui|3|low_battery|10034,0,0,1575759,2188,0]
07-30 13:11:23.451  1000  2741 11532 I notification_expansion: [0|com.google.android.apps.messaging|0|com.google.android.apps.messaging:sms|10072,0,0,2204233,2204233,2148423]
07-30 13:11:23.451  1000  2741  8423 I notification_expansion: [0|com.twitter.android|0|null|10096,0,0,18454541,72610,2148423]
07-30 13:11:23.452  1000  2741  8423 I notification_expansion: [-1|android|23|41217664-9172-527a-b3d5-edabb50a7d69|1000,0,0,2634349,2634349,2148426]
07-30 13:11:23.453  1000  2741 11532 I notification_expansion: [0|com.android.chrome|-1|p#https://m.facebook.com/#11532927786193865|10058,0,0,8685453,8685453,2148426]
07-30 13:11:23.453  1000  2741 11532 I notification_expansion: [0|com.android.chrome|-1|p#https://m.facebook.com/#11532916151486090|10058,0,0,18462246,18462246,2148425]
07-30 13:11:23.454  1000  2741 11532 I notification_expansion: [0|com.fota.pro|10|null|1000,0,0,2402424,2402424,2148429]
07-30 13:11:23.455  1000  2741 11532 I notification_expansion: [0|com.ideacellular.myidea|22|null|10094,0,0,9369198,9369198,2148428]
07-30 13:11:27.814  1000  2741 15709 I notification_expansion: [-1|com.android.systemui|3|low_battery|10034,0,1,1580124,6553,0]
07-30 13:11:27.814  1000  2741 15709 I notification_expansion: [0|com.whatsapp|1|null|10115,0,0,6367,6367,0]
07-30 13:12:52.672  1000  2741 15709 I notification_expansion: [-1|com.android.systemui|3|low_battery|10034,0,0,1664982,91411,0]
07-30 13:12:57.546  1000  2741  3323 I notification_expansion: [-1|com.android.systemui|3|low_battery|10034,0,1,1669856,96285,0]
07-30 13:12:57.548  1000  2741  3323 I notification_expansion: [0|com.whatsapp|1|null|10115,0,0,5340,5340,4103]
07-30 13:15:46.829  1000  2741  6520 I notification_expansion: [-1|com.android.systemui|3|low_battery|10034,1,0,1839139,2374,8596]
07-30 13:16:24.631  1000  2741  6894 I notification_expansion: [0|com.android.dialer|1|STATUS_BAR_NOTIFIER|10015,0,1,182150,166415,46397]
07-30 13:16:31.381  1000  2741 11532 I notification_expansion: [0|com.twitter.android|0|null|10096,0,1,18762471,193400,53147]
07-30 13:16:31.576  1000  2741 11532 I notification_expansion: [0|com.android.dialer|1|STATUS_BAR_NOTIFIER|10015,0,1,197,197,0]
07-30 13:16:31.578  1000  2741 11532 I notification_expansion: [0|com.twitter.android|0|null|10096,0,0,18762668,193597,53344]
07-30 13:17:02.934  1000  2741 21976 I notification_expansion: [0|com.android.dialer|1|MissedCall_GroupSummary|10015,0,1,101,101,0]
07-30 13:17:02.934  1000  2741 21976 I notification_expansion: [0|com.android.dialer|1|STATUS_BAR_NOTIFIER|10015,0,0,31555,453,30654]
07-30 13:17:03.016  1000  2741 21976 I notification_expansion: [0|com.android.dialer|1|MissedCall_content://call_log/calls/136?allow_voicemails=true|10015,0,1,115,115,0]
07-30 13:17:12.896  1000  2741 21976 I notification_expansion: [0|com.android.dialer|1|MissedCall_GroupSummary|10015,0,0,10063,10063,0]
07-30 13:17:12.952  1000  2741 21976 I notification_expansion: [0|com.android.dialer|1|STATUS_BAR_NOTIFIER|10015,0,1,41573,10471,40672]
07-30 13:17:12.953  1000  2741 21976 I notification_expansion: [0|com.android.dialer|1|MissedCall_content://call_log/calls/136?allow_voicemails=true|10015,0,0,10052,10052,0]
07-30 13:19:08.448  1000  2741  6524 I notification_expansion: [0|com.android.dialer|1|MissedCall_GroupSummary|10015,0,1,125615,125615,0]
07-30 13:19:08.450  1000  2741  6524 I notification_expansion: [0|com.android.dialer|1|MissedCall_content://call_log/calls/136?allow_voicemails=true|10015,0,1,125549,125549,89597]
07-30 13:19:14.047  1000  2741  3163 I notification_expansion: [0|com.android.dialer|1|MissedCall_GroupSummary|10015,0,0,131214,131214,0]
07-30 13:19:14.049  1000  2741  3163 I notification_expansion: [0|com.android.dialer|1|MissedCall_content://call_log/calls/136?allow_voicemails=true|10015,0,0,131148,131148,95196]
07-30 13:32:35.332  1000  2741 21980 I notification_expansion: [0|com.google.android.apps.messaging|0|com.google.android.apps.messaging:sms:106|10072,0,1,464552,464552,0]
07-30 13:32:35.333  1000  2741 21980 I notification_expansion: [0|com.twitter.android|0|null|10096,0,1,19726423,39333,862667]
07-30 13:32:35.334  1000  2741 21980 I notification_expansion: [0|com.android.dialer|1|MissedCall_GroupSummary|10015,0,1,932501,932501,0]
07-30 13:32:35.335  1000  2741 21980 I notification_expansion: [0|com.android.dialer|1|MissedCall_content://call_log/calls/136?allow_voicemails=true|10015,0,1,932434,932434,896482]
07-30 13:32:35.336  1000  2741 16381 I notification_expansion: [-1|android|23|41217664-9172-527a-b3d5-edabb50a7d69|1000,0,1,3906233,3906233,862671]
07-30 13:32:35.336  1000  2741 16381 I notification_expansion: [0|com.android.chrome|-1|p#https://m.facebook.com/#11532927786193865|10058,0,1,9957336,9957336,862671]
07-30 13:32:35.337  1000  2741 16381 I notification_expansion: [0|com.android.chrome|-1|p#https://m.facebook.com/#11532916151486090|10058,0,1,19734130,19734130,1008399]
07-30 13:32:35.337  1000  2741 16381 I notification_expansion: [0|com.fota.pro|10|null|1000,0,1,3674307,3674307,3420312]
07-30 13:32:35.338  1000  2741 16381 I notification_expansion: [0|com.ideacellular.myidea|22|null|10094,0,1,10641081,10641081,3420311]
07-30 13:32:35.338  1000  2741 16381 I notification_expansion: [0|com.whatsapp|1|null|10115,0,0,797949,797949,0]
07-30 13:32:35.338  1000  2741 16381 I notification_expansion: [0|com.twitter.android|0|null|10096,0,0,19726428,39338,862672]
07-30 13:32:35.339  1000  2741 21980 I notification_expansion: [0|com.android.dialer|1|MissedCall_GroupSummary|10015,0,0,932506,932506,0]
07-30 13:32:35.339  1000  2741 21980 I notification_expansion: [0|com.android.dialer|1|MissedCall_content://call_log/calls/136?allow_voicemails=true|10015,0,0,932438,932438,896486]
07-30 13:32:35.340  1000  2741 21980 I notification_expansion: [-1|android|23|41217664-9172-527a-b3d5-edabb50a7d69|1000,0,0,3906237,3906237,862675]
07-30 13:32:35.341  1000  2741 21980 I notification_expansion: [0|com.android.chrome|-1|p#https://m.facebook.com/#11532927786193865|10058,0,0,9957341,9957341,862676]
07-30 13:32:35.341  1000  2741 21980 I notification_expansion: [0|com.android.chrome|-1|p#https://m.facebook.com/#11532916151486090|10058,0,0,19734134,19734134,1008403]
07-30 13:32:35.343  1000  2741 21980 I notification_expansion: [0|com.fota.pro|10|null|1000,0,0,3674313,3674313,3420318]
07-30 13:32:35.344  1000  2741 21980 I notification_expansion: [0|com.ideacellular.myidea|22|null|10094,0,0,10641087,10641087,3420317]
07-30 13:34:30.414  1000  2741  3593 I notification_expansion: [0|com.google.android.apps.messaging|0|com.google.android.apps.messaging:sms:106|10072,0,0,579634,579634,0]
07-30 13:39:48.852  1000  2741 16381 I notification_expansion: [0|com.google.android.apps.messaging|0|com.google.android.apps.messaging:sms:106|10072,0,1,898072,898072,0]
07-30 13:39:48.853  1000  2741  3593 I notification_expansion: [0|com.twitter.android|0|null|10096,0,1,20159943,128004,1296187]
07-30 13:39:48.855  1000  2741 16381 I notification_expansion: [0|com.android.dialer|1|MissedCall_GroupSummary|10015,0,1,1366022,1366022,0]
07-30 13:39:48.856  1000  2741 16369 I notification_expansion: [0|com.android.dialer|1|MissedCall_content://call_log/calls/136?allow_voicemails=true|10015,0,1,1365955,1365955,1330003]
07-30 13:39:48.857  1000  2741 16369 I notification_expansion: [-1|android|23|41217664-9172-527a-b3d5-edabb50a7d69|1000,0,1,4339754,4339754,1296192]
07-30 13:39:48.859  1000  2741 16369 I notification_expansion: [0|com.android.chrome|-1|p#https://m.facebook.com/#11532927786193865|10058,0,1,10390859,10390859,1296194]
07-30 13:39:48.860  1000  2741  3593 I notification_expansion: [0|com.android.chrome|-1|p#https://m.facebook.com/#11532916151486090|10058,0,1,20167653,20167653,1441922]
07-30 13:39:48.862  1000  2741  3593 I notification_expansion: [0|android|17303299|null|1000,0,1,968,968,0]
07-30 13:39:48.864  1000  2741  3593 I notification_expansion: [0|com.fota.pro|10|null|1000,0,1,4107833,4107833,3853838]
07-30 13:39:48.866  1000  2741 16381 I notification_expansion: [0|com.ideacellular.myidea|22|null|10094,0,1,11074609,11074609,3853839]
07-30 13:39:48.868  1000  2741 16369 I notification_expansion: [0|com.twitter.android|0|null|10096,0,0,20159958,128019,1296202]
07-30 13:39:48.870  1000  2741  3961 I notification_expansion: [0|com.android.dialer|1|MissedCall_GroupSummary|10015,0,0,1366036,1366036,0]
07-30 13:39:48.871  1000  2741  3961 I notification_expansion: [0|com.android.dialer|1|MissedCall_content://call_log/calls/136?allow_voicemails=true|10015,0,0,1365970,1365970,1330018]
07-30 13:39:48.872  1000  2741  3961 I notification_expansion: [-1|android|23|41217664-9172-527a-b3d5-edabb50a7d69|1000,0,0,4339768,4339768,1296206]
07-30 13:39:48.873  1000  2741  3961 I notification_expansion: [0|com.android.chrome|-1|p#https://m.facebook.com/#11532927786193865|10058,0,0,10390873,10390873,1296208]
07-30 13:39:48.873  1000  2741  3961 I notification_expansion: [0|com.android.chrome|-1|p#https://m.facebook.com/#11532916151486090|10058,0,0,20167666,20167666,1441935]
07-30 13:39:48.874  1000  2741  3961 I notification_expansion: [0|android|17303299|null|1000,0,0,980,980,0]
07-30 13:39:48.875  1000  2741  3961 I notification_expansion: [0|com.fota.pro|10|null|1000,0,0,4107845,4107845,3853850]
07-30 13:39:48.876  1000  2741 16381 I notification_expansion: [0|com.ideacellular.myidea|22|null|10094,0,0,11074618,11074618,3853848]
07-30 13:40:58.298  1000  2741 16369 I notification_expansion: [0|com.google.android.apps.messaging|0|com.google.android.apps.messaging:sms:106|10072,0,0,967518,967518,47894]
07-30 13:42:01.486  1000  2741  7024 I notification_expansion: [0|com.google.android.apps.messaging|0|com.google.android.apps.messaging:sms:106|10072,0,1,1030706,1030706,111082]
07-30 13:42:01.487  1000  2741  7024 I notification_expansion: [0|com.twitter.android|0|null|10096,0,1,20292577,55657,81446]
07-30 13:42:01.488  1000  2741  7024 I notification_expansion: [-1|android|23|41217664-9172-527a-b3d5-edabb50a7d69|1000,0,1,4472385,4472385,81447]
07-30 13:42:01.489  1000  2741 15709 I notification_expansion: [0|com.android.chrome|-1|p#https://m.facebook.com/#11532927786193865|10058,0,1,10523489,10523489,80439]
07-30 13:42:01.490  1000  2741  6524 I notification_expansion: [0|com.android.chrome|-1|p#https://m.facebook.com/#11532916151486090|10058,0,1,20300283,20300283,79929]
07-30 13:42:01.491  1000  2741  6524 I notification_expansion: [0|com.fota.pro|10|null|1000,0,1,4240461,4240461,78913]
07-30 13:42:01.493  1000  2741  6524 I notification_expansion: [0|com.ideacellular.myidea|22|null|10094,0,1,11207236,11207236,78915]
07-30 13:42:01.668  1000  2741  6406 I notification_expansion: [0|com.twitter.android|0|null|10096,0,0,20292758,55838,81627]
07-30 13:42:01.668  1000  2741  6406 I notification_expansion: [-1|android|23|41217664-9172-527a-b3d5-edabb50a7d69|1000,0,0,4472565,4472565,81627]
07-30 13:42:01.669  1000  2741  6406 I notification_expansion: [0|com.android.chrome|-1|p#https://m.facebook.com/#11532927786193865|10058,0,0,10523669,10523669,80619]
07-30 13:42:01.670  1000  2741  6406 I notification_expansion: [0|com.android.chrome|-1|p#https://m.facebook.com/#11532916151486090|10058,0,0,20300463,20300463,80109]
07-30 13:42:01.670  1000  2741  6406 I notification_expansion: [0|com.fota.pro|10|null|1000,0,0,4240640,4240640,79092]
07-30 13:42:01.671  1000  2741  6406 I notification_expansion: [0|com.ideacellular.myidea|22|null|10094,0,0,11207414,11207414,79093]
07-30 13:50:02.148  1000  2741  7024 I notification_expansion: [0|com.google.android.calendar|536870912|282-1532939400000-1532943000000-1532938800000|10055,0,1,244,244,0]
07-30 13:50:02.149  1000  2741  7024 I notification_expansion: [0|com.google.android.apps.messaging|0|com.google.android.apps.messaging:sms:106|10072,0,0,1511369,1511369,452776]
07-30 13:50:15.663  1000  2741  8423 I notification_expansion: [0|com.google.android.apps.messaging|0|com.google.android.apps.messaging:sms:106|10072,0,1,1524882,1524882,466289]
07-30 13:50:15.664  1000  2741  8423 I notification_expansion: [0|com.google.android.calendar|536870912|282-1532939400000-1532943000000-1532938800000|10055,0,0,13760,10050,12815]
07-30 13:50:50.091  1000  2741  3293 I notification_expansion: [0|com.twitter.android|0|null|10096,0,1,20821181,36,610050]
07-30 13:50:50.092  1000  2741  3961 I notification_expansion: [0|com.google.android.apps.messaging|0|com.google.android.apps.messaging:sms:106|10072,0,0,1559312,1559312,500719]
07-30 13:51:11.596  1000  2741  3242 I notification_expansion: [0|com.twitter.android|0|null|10096,0,0,20842686,21273,631555]
07-30 14:04:07.832  1000  2741  6894 I notification_expansion: [0|com.google.android.calendar|536870912|282-1532939400000-1532943000000-1532938800000|10055,0,1,845928,842218,844983]
07-30 14:04:07.833  1000  2741  6894 I notification_expansion: [0|com.twitter.android|0|null|10096,0,1,21618923,219895,1407792]
07-30 14:04:07.843  1000  2741  6894 I notification_expansion: [-1|android|23|41217664-9172-527a-b3d5-edabb50a7d69|1000,0,1,5798740,5798740,1407802]
07-30 14:04:07.844  1000  2741  6894 I notification_expansion: [0|com.android.chrome|-1|p#https://m.facebook.com/#11532927786193865|10058,0,1,11849844,11849844,1406794]
07-30 14:04:07.845  1000  2741  6894 I notification_expansion: [0|com.android.chrome|-1|p#https://m.facebook.com/#11532916151486090|10058,0,1,21626638,21626638,1406284]
07-30 14:04:07.845  1000  2741  6894 I notification_expansion: [0|com.fota.pro|10|null|1000,0,1,5566815,5566815,1405267]
07-30 14:04:07.851  1000  2741  6894 I notification_expansion: [0|com.ideacellular.myidea|22|null|10094,0,1,12533594,12533594,1405273]
07-30 14:04:07.854  1000  2741  6894 I notification_expansion: [0|com.twitter.android|0|null|10096,0,0,21618944,219916,1407813]
07-30 14:04:07.855  1000  2741  6894 I notification_expansion: [-1|android|23|41217664-9172-527a-b3d5-edabb50a7d69|1000,0,0,5798752,5798752,1407814]
07-30 14:04:07.855  1000  2741  6894 I notification_expansion: [0|com.android.chrome|-1|p#https://m.facebook.com/#11532927786193865|10058,0,0,11849855,11849855,1406805]
07-30 14:04:07.856  1000  2741 11532 I notification_expansion: [0|com.android.chrome|-1|p#https://m.facebook.com/#11532916151486090|10058,0,0,21626649,21626649,1406295]
07-30 14:04:07.860  1000  2741 11532 I notification_expansion: [0|com.fota.pro|10|null|1000,0,0,5566830,5566830,1405282]
07-30 14:04:07.862  1000  2741  6894 I notification_expansion: [0|com.ideacellular.myidea|22|null|10094,0,0,12533605,12533605,1405284]
07-30 14:04:41.838  1000  2741  3293 I notification_expansion: [0|com.google.android.calendar|536870912|282-1532939400000-1532943000000-1532938800000|10055,0,0,879934,876224,878989]
07-30 14:07:25.947  1000  2741 21976 I notification_expansion: [0|com.google.android.calendar|536870912|282-1532939400000-1532943000000-1532938800000|10055,0,1,1044043,1040333,1043098]
07-30 14:07:25.947  1000  2741  6894 I notification_expansion: [0|com.twitter.android|0|null|10096,0,1,21817037,418009,1605906]
07-30 14:07:25.950  1000  2741  2755 I notification_expansion: [-1|android|23|41217664-9172-527a-b3d5-edabb50a7d69|1000,0,1,5996847,5996847,1605909]
07-30 14:07:25.955  1000  2741  6894 I notification_expansion: [0|com.android.chrome|-1|p#https://m.facebook.com/#11532927786193865|10058,0,1,12047955,12047955,1604905]
07-30 14:07:25.957  1000  2741  7470 I notification_expansion: [0|com.android.chrome|-1|p#https://m.facebook.com/#11532916151486090|10058,0,1,21824750,21824750,1604396]
07-30 14:07:25.972  1000  2741  6520 I notification_expansion: [0|com.fota.pro|10|null|1000,0,1,5764942,5764942,1603394]
07-30 14:07:25.975  1000  2741  6520 I notification_expansion: [0|com.ideacellular.myidea|22|null|10094,0,1,12731718,12731718,1603397]
07-30 14:07:25.977  1000  2741 21978 I notification_expansion: [0|com.twitter.android|0|null|10096,0,0,21817067,418039,1605936]
07-30 14:07:25.980  1000  2741 11532 I notification_expansion: [-1|android|23|41217664-9172-527a-b3d5-edabb50a7d69|1000,0,0,5996877,5996877,1605939]
07-30 14:07:25.981  1000  2741 11532 I notification_expansion: [0|com.android.chrome|-1|p#https://m.facebook.com/#11532927786193865|10058,0,0,12047981,12047981,1604931]
07-30 14:07:25.982  1000  2741 11532 I notification_expansion: [0|com.android.chrome|-1|p#https://m.facebook.com/#11532916151486090|10058,0,0,21824775,21824775,1604421]
07-30 14:07:25.982  1000  2741 11532 I notification_expansion: [0|com.fota.pro|10|null|1000,0,0,5764952,5764952,1603404]
07-30 14:07:25.983  1000  2741  6894 I notification_expansion: [0|com.ideacellular.myidea|22|null|10094,0,0,12731726,12731726,1603405]
07-30 14:08:21.999  1000  2741 21977 I notification_expansion: [0|com.whatsapp|1|919036640705-1521441719@g.us|10115,0,1,275,275,0]
07-30 14:08:22.000  1000  2741 21977 I notification_expansion: [0|com.google.android.calendar|536870912|282-1532939400000-1532943000000-1532938800000|10055,0,0,1100096,1096386,1099151]
07-30 14:08:22.090  1000  2741  8423 I notification_expansion: [0|com.whatsapp|1|919848330390-1434389344@g.us|10115,0,1,324,324,0]
07-30 14:08:22.091  1000  2741 21977 I notification_expansion: [0|com.whatsapp|1|919036640705-1521441719@g.us|10115,0,0,368,368,0]
07-30 14:08:22.156  1000  2741 21977 I notification_expansion: [0|com.whatsapp|1|919949777709-1443694452@g.us|10115,0,1,334,334,0]
07-30 14:08:22.157  1000  2741 21977 I notification_expansion: [0|com.whatsapp|1|919848330390-1434389344@g.us|10115,0,0,391,391,0]
07-30 14:08:22.217  1000  2741  7470 I notification_expansion: [0|com.whatsapp|1|919849598108-1494592111@g.us|10115,0,1,363,363,0]
07-30 14:08:22.218  1000  2741 21977 I notification_expansion: [0|com.whatsapp|1|919949777709-1443694452@g.us|10115,0,0,396,396,0]
07-30 14:08:22.373  1000  2741  7470 I notification_expansion: [0|com.whatsapp|1|919849598108-1494592111@g.us|10115,0,0,519,519,0]
07-30 14:08:31.923  1000  2741 21980 I notification_expansion: [0|com.google.android.calendar|536870912|282-1532939400000-1532943000000-1532938800000|10055,0,1,1110019,1106309,1109074]
07-30 14:08:31.924  1000  2741 21980 I notification_expansion: [0|com.whatsapp|1|null|10115,0,0,10059,10059,8796]
07-30 14:09:11.097  1000  2741  6520 I notification_expansion: [0|com.twitter.android|0|null|10096,0,1,21922187,31,1711056]
07-30 14:09:11.098  1000  2741  2755 I notification_expansion: [0|com.google.android.calendar|536870912|282-1532939400000-1532943000000-1532938800000|10055,0,0,1149194,1145484,1148249]
07-30 14:09:24.201  1000  2741  7470 I notification_expansion: [0|com.google.android.calendar|536870912|282-1532939400000-1532943000000-1532938800000|10055,0,1,1162297,1158587,1161352]
07-30 14:09:24.202  1000  2741  7470 I notification_expansion: [0|com.twitter.android|0|null|10096,0,0,21935292,10102,1724161]
07-30 14:10:33.386  1000  2741 11532 I notification_expansion: [0|com.google.android.calendar|536870912|282-1532939400000-1532943000000-1532938800000|10055,0,0,1231482,1227772,1230537]
07-30 14:24:17.325  1000  2741 15709 I notification_expansion: [0|com.google.android.calendar|536870912|282-1532939400000-1532943000000-1532938800000|10055,0,1,2055421,2051711,2054476]
07-30 14:24:17.328  1000  2741 15709 I notification_expansion: [0|com.tencent.mm|4097|null|10114,0,1,474002,272392,0]
07-30 14:24:17.328  1000  2741 15709 I notification_expansion: [0|com.twitter.android|0|null|10096,0,1,22828418,10994,2617287]
07-30 14:24:17.329  1000  2741 15709 I notification_expansion: [0|com.mygate.user|0|FCM-Notification:16583206|10095,0,1,589850,589850,0]
07-30 14:24:17.329  1000  2741 15709 I notification_expansion: [-1|android|23|41217664-9172-527a-b3d5-edabb50a7d69|1000,0,1,7008226,7008226,2617288]
07-30 14:24:17.330  1000  2741 15709 I notification_expansion: [0|com.android.chrome|-1|p#https://m.facebook.com/#11532927786193865|10058,0,1,13059330,13059330,2616280]
07-30 14:24:17.330  1000  2741 15709 I notification_expansion: [0|com.android.chrome|-1|p#https://m.facebook.com/#11532916151486090|10058,0,1,22836123,22836123,2615769]
07-30 14:24:17.333  1000  2741 15709 I notification_expansion: [0|com.linkedin.android.lite|2062821708|null|10121,0,1,221885,221885,0]
07-30 14:24:17.334  1000  2741 15709 I notification_expansion: [-1|android|26|null|1000,0,1,644447,644447,0]
07-30 14:24:17.334  1000  2741 15709 I notification_expansion: [0|com.fota.pro|10|null|1000,0,1,6776304,6776304,2614756]
07-30 14:24:17.335  1000  2741 15709 I notification_expansion: [0|com.ideacellular.myidea|22|null|10094,0,1,13743078,13743078,2614757]
07-30 14:24:17.335  1000  2741 15709 I notification_expansion: [0|com.tencent.mm|4097|null|10114,0,0,474009,272399,0]
07-30 14:24:17.339  1000  2741 15709 I notification_expansion: [0|com.whatsapp|1|null|10115,0,0,955474,695594,954211]
07-30 14:24:17.345  1000  2741 15709 I notification_expansion: [0|com.twitter.android|0|null|10096,0,0,22828435,11011,2617304]
07-30 14:24:17.346  1000  2741 15709 I notification_expansion: [0|com.mygate.user|0|FCM-Notification:16583206|10095,0,0,589867,589867,0]
07-30 14:24:17.346  1000  2741 15709 I notification_expansion: [-1|android|23|41217664-9172-527a-b3d5-edabb50a7d69|1000,0,0,7008243,7008243,2617305]
07-30 14:24:17.347  1000  2741 15709 I notification_expansion: [0|com.android.chrome|-1|p#https://m.facebook.com/#11532927786193865|10058,0,0,13059347,13059347,2616297]
07-30 14:24:17.347  1000  2741 15709 I notification_expansion: [0|com.android.chrome|-1|p#https://m.facebook.com/#11532916151486090|10058,0,0,22836140,22836140,2615786]
07-30 14:24:17.348  1000  2741 15709 I notification_expansion: [0|com.linkedin.android.lite|2062821708|null|10121,0,0,221900,221900,0]
07-30 14:24:17.355  1000  2741 15709 I notification_expansion: [-1|android|26|null|1000,0,0,644468,644468,0]
07-30 14:24:17.356  1000  2741 15709 I notification_expansion: [0|com.fota.pro|10|null|1000,0,0,6776326,6776326,2614778]
07-30 14:24:17.359  1000  2741 15709 I notification_expansion: [0|com.ideacellular.myidea|22|null|10094,0,0,13743102,13743102,2614781]
07-30 14:24:27.304  1000  2741  3960 I notification_expansion: [0|com.google.android.apps.messaging|0|com.google.android.apps.messaging:sms:69|10072,0,1,335,335,0]
07-30 14:24:27.305  1000  2741  3960 I notification_expansion: [0|com.google.android.calendar|536870912|282-1532939400000-1532943000000-1532938800000|10055,0,0,2065401,2061691,2064456]
07-30 14:24:49.705  1000  2741  6520 I notification_expansion: [0|com.google.android.apps.messaging|0|com.google.android.apps.messaging:sms:69|10072,0,0,22735,22735,21681]
07-30 14:51:39.061  1000  2741  6925 I notification_expansion: [-1|com.android.systemui|3|low_battery|10034,0,1,976843,1826,0]
07-30 14:51:39.062  1000  2741  3962 I notification_expansion: [0|com.twitter.android|0|null|10096,0,1,24470152,9119,4259021]
07-30 14:51:39.062  1000  2741  3962 I notification_expansion: [0|com.google.android.apps.messaging|0|com.google.android.apps.messaging:sms:69|10072,0,1,1632093,1372799,1631039]
07-30 14:51:39.064  1000  2741  6925 I notification_expansion: [0|com.google.android.apps.messaging|0|com.google.android.apps.messaging:sms:69|10072,0,0,1632095,1372801,1631041]
07-30 14:51:39.065  1000  2741  6925 I notification_expansion: [0|com.google.android.calendar|536870912|282-1532939400000-1532943000000-1532938800000|10055,0,1,3697161,3693451,3696216]
07-30 14:51:39.065  1000  2741  6925 I notification_expansion: [0|com.tencent.mm|4097|null|10114,0,1,2115739,1403044,0]
07-30 14:51:39.065  1000  2741  6925 I notification_expansion: [0|com.mygate.user|0|FCM-Notification:16583206|10095,0,1,2231586,2231586,0]
07-30 14:51:39.066  1000  2741  6925 I notification_expansion: [-1|android|23|41217664-9172-527a-b3d5-edabb50a7d69|1000,0,1,8649963,8649963,4259025]
07-30 14:51:39.067  1000  2741  6925 I notification_expansion: [0|com.android.chrome|-1|p#https://m.facebook.com/#11532927786193865|10058,0,1,14701067,14701067,4258017]
07-30 14:51:39.067  1000  2741  6925 I notification_expansion: [0|com.android.chrome|-1|p#https://m.facebook.com/#11532916151486090|10058,0,1,24477860,24477860,4257506]
07-30 14:51:39.067  1000  2741  3242 I notification_expansion: [0|com.linkedin.android.lite|2062821708|null|10121,0,1,1863619,1863619,0]
07-30 14:51:39.068  1000  2741  3242 I notification_expansion: [0|com.fota.pro|10|null|1000,0,1,8418038,8418038,4256490]
07-30 14:51:39.068  1000  2741  3242 I notification_expansion: [0|com.ideacellular.myidea|22|null|10094,0,1,15384811,15384811,4256490]
07-30 14:51:39.363  1000  2741  6925 I notification_expansion: [0|com.twitter.android|0|null|10096,0,0,24470453,9420,4259322]
07-30 14:51:39.365  1000  2741  6925 I notification_expansion: [0|com.google.android.apps.messaging|0|com.google.android.apps.messaging:sms|10072,0,0,1373051,1373051,0]
07-30 14:51:39.366  1000  2741  6925 I notification_expansion: [0|com.google.android.calendar|536870912|282-1532939400000-1532943000000-1532938800000|10055,0,0,3697462,3693752,3696517]
07-30 14:51:39.366  1000  2741  6925 I notification_expansion: [0|com.tencent.mm|4097|null|10114,0,0,2116040,1403345,0]
07-30 14:51:39.366  1000  2741  6925 I notification_expansion: [0|com.whatsapp|1|null|10115,0,0,1548093,1548093,0]
07-30 14:51:39.376  1000  2741  3242 I notification_expansion: [0|com.mygate.user|0|FCM-Notification:16583206|10095,0,0,2231897,2231897,0]
07-30 14:51:39.377  1000  2741  3242 I notification_expansion: [-1|android|23|41217664-9172-527a-b3d5-edabb50a7d69|1000,0,0,8650274,8650274,4259336]
07-30 14:51:39.377  1000  2741  3242 I notification_expansion: [0|com.android.chrome|-1|p#https://m.facebook.com/#11532927786193865|10058,0,0,14701377,14701377,4258327]
07-30 14:51:39.378  1000  2741  3242 I notification_expansion: [0|com.android.chrome|-1|p#https://m.facebook.com/#11532916151486090|10058,0,0,24478171,24478171,4257817]
07-30 14:51:39.378  1000  2741  6925 I notification_expansion: [0|com.linkedin.android.lite|2062821708|null|10121,0,0,1863930,1863930,0]
07-30 14:51:39.379  1000  2741  6925 I notification_expansion: [0|com.fota.pro|10|null|1000,0,0,8418349,8418349,4256801]
07-30 14:51:39.379  1000  2741  6925 I notification_expansion: [0|com.ideacellular.myidea|22|null|10094,0,0,15385122,15385122,4256801]
07-30 14:52:40.407  1000  2741  3242 I notification_expansion: [-1|com.android.systemui|3|low_battery|10034,0,0,1038189,256,0]
07-30 14:53:24.615  1000  2741  6520 I notification_expansion: [-1|com.android.systemui|3|low_battery|10034,0,1,1082397,2524,0]
07-30 14:53:24.616  1000  2741  6520 I notification_expansion: [0|com.google.android.calendar|536870912|282-1532939400000-1532943000000-1532938800000|10055,0,1,3802712,3799002,3801767]
07-30 14:53:24.617  1000  2741  7024 I notification_expansion: [0|com.twitter.android|0|null|10096,0,1,24575707,32354,4364576]
07-30 14:53:24.617  1000  2741  7024 I notification_expansion: [0|com.mygate.user|0|FCM-Notification:16583206|10095,0,1,2337138,2337138,0]
07-30 14:53:24.618  1000  2741  7024 I notification_expansion: [-1|android|23|41217664-9172-527a-b3d5-edabb50a7d69|1000,0,1,8755515,8755515,4364577]
07-30 14:53:24.620  1000  2741 16381 I notification_expansion: [0|com.android.chrome|-1|p#https://m.facebook.com/#11532927786193865|10058,0,1,14806620,14806620,4363570]
07-30 14:53:24.625  1000  2741  7024 I notification_expansion: [0|com.android.chrome|-1|p#https://m.facebook.com/#11532916151486090|10058,0,1,24583418,24583418,4363064]
07-30 14:53:24.626  1000  2741  6520 I notification_expansion: [0|com.linkedin.android.lite|2062821708|null|10121,0,1,1969178,1969178,0]
07-30 14:53:24.627  1000  2741  7024 I notification_expansion: [0|com.fota.pro|10|null|1000,0,1,8523597,8523597,4362049]
07-30 14:53:24.632  1000  2741 16381 I notification_expansion: [0|com.ideacellular.myidea|22|null|10094,0,1,15490375,15490375,4362054]
07-30 14:53:24.633  1000  2741  3953 I notification_expansion: [0|com.google.android.apps.messaging|0|com.google.android.apps.messaging:sms|10072,0,0,1478319,1478319,0]
07-30 14:53:24.635  1000  2741  6520 I notification_expansion: [0|com.google.android.calendar|536870912|282-1532939400000-1532943000000-1532938800000|10055,0,0,3802730,3799020,3801785]
07-30 14:53:24.636  1000  2741  6520 I notification_expansion: [0|com.twitter.android|0|null|10096,0,0,24575726,32373,4364595]
07-30 14:53:24.637  1000  2741  6520 I notification_expansion: [0|com.mygate.user|0|FCM-Notification:16583206|10095,0,0,2337158,2337158,0]
07-30 14:53:24.640  1000  2741  3961 I notification_expansion: [-1|android|23|41217664-9172-527a-b3d5-edabb50a7d69|1000,0,0,8755537,8755537,4364599]
07-30 14:53:24.652  1000  2741  7024 I notification_expansion: [0|com.android.chrome|-1|p#https://m.facebook.com/#11532927786193865|10058,0,0,14806652,14806652,4363602]
07-30 14:53:24.652  1000  2741  7024 I notification_expansion: [0|com.android.chrome|-1|p#https://m.facebook.com/#11532916151486090|10058,0,0,24583445,24583445,4363091]
07-30 14:53:24.653  1000  2741  7024 I notification_expansion: [0|com.linkedin.android.lite|2062821708|null|10121,0,0,1969205,1969205,0]
07-30 14:53:24.666  1000  2741  7024 I notification_expansion: [0|com.fota.pro|10|null|1000,0,0,8523636,8523636,4362088]
07-30 14:53:24.667  1000  2741  3961 I notification_expansion: [0|com.ideacellular.myidea|22|null|10094,0,0,15490410,15490410,4362089]
07-30 14:53:30.443  1000  2741 16381 I notification_expansion: [-1|com.android.systemui|3|low_battery|10034,0,0,1088225,231,0]
07-30 15:17:22.909  1000  2741  3953 I notification_expansion: [-1|com.android.systemui|3|low_battery|10034,0,1,2520691,7632,0]
07-30 15:17:22.909  1000  2741  3960 I notification_expansion: [0|com.twitter.android|0|null|10096,0,1,26013999,7834,5802868]
07-30 15:17:22.910  1000  2741  3632 I notification_expansion: [0|com.mygate.user|0|FCM-Notification:16583206|10095,0,1,3775431,3775431,0]
07-30 15:17:22.911  1000  2741  3960 I notification_expansion: [-1|android|23|41217664-9172-527a-b3d5-edabb50a7d69|1000,0,1,10193807,10193807,5802869]
07-30 15:17:22.911  1000  2741  3960 I notification_expansion: [0|com.android.chrome|-1|p#https://m.facebook.com/#11532927786193865|10058,0,1,16244911,16244911,5801861]
07-30 15:17:22.911  1000  2741  3960 I notification_expansion: [0|com.android.chrome|-1|p#https://m.facebook.com/#11532916151486090|10058,0,1,26021704,26021704,5801350]
07-30 15:17:22.912  1000  2741  3960 I notification_expansion: [0|com.linkedin.android.lite|2062821708|null|10121,0,1,3407464,3407464,0]
07-30 15:17:22.912  1000  2741  3960 I notification_expansion: [0|com.fota.pro|10|null|1000,0,1,9961882,9961882,5800334]
07-30 15:17:22.915  1000  2741  3960 I notification_expansion: [0|com.ideacellular.myidea|22|null|10094,0,1,16928658,16928658,5800337]
07-30 15:17:22.916  1000  2741  3960 I notification_expansion: [0|com.twitter.android|0|null|10096,0,0,26014006,7841,5802875]
07-30 15:17:22.916  1000  2741  3960 I notification_expansion: [0|com.google.android.apps.messaging|0|com.google.android.apps.messaging:sms|10072,0,0,2916602,2916602,0]
07-30 15:17:22.916  1000  2741  3960 I notification_expansion: [0|com.mygate.user|0|FCM-Notification:16583206|10095,0,0,3775437,3775437,0]
07-30 15:17:22.917  1000  2741  3953 I notification_expansion: [-1|android|23|41217664-9172-527a-b3d5-edabb50a7d69|1000,0,0,10193814,10193814,5802876]
07-30 15:17:22.917  1000  2741  3953 I notification_expansion: [0|com.android.chrome|-1|p#https://m.facebook.com/#11532927786193865|10058,0,0,16244917,16244917,5801867]
07-30 15:17:22.917  1000  2741  3953 I notification_expansion: [0|com.android.chrome|-1|p#https://m.facebook.com/#11532916151486090|10058,0,0,26021710,26021710,5801356]
07-30 15:17:22.917  1000  2741  3953 I notification_expansion: [0|com.linkedin.android.lite|2062821708|null|10121,0,0,3407469,3407469,0]
07-30 15:17:22.918  1000  2741  3632 I notification_expansion: [0|com.whatsapp|1|null|10115,0,0,1415675,190977,0]
07-30 15:17:22.918  1000  2741  3632 I notification_expansion: [0|com.fota.pro|10|null|1000,0,0,9961888,9961888,5800340]
07-30 15:17:22.918  1000  2741  3632 I notification_expansion: [0|com.ideacellular.myidea|22|null|10094,0,0,16928661,16928661,5800340]
07-30 15:19:15.193  1000  2741  6925 I notification_expansion: [-1|com.android.systemui|3|low_battery|10034,0,0,2632975,119916,0]
07-30 15:19:20.772  1000  2741  3323 I notification_expansion: [-1|com.android.systemui|3|low_battery|10034,0,1,2638554,125495,0]
07-30 15:19:20.773  1000  2741  3323 I notification_expansion: [0|com.whatsapp|1|null|10115,0,0,6003,6003,4852]
07-30 15:19:44.851  1000  2741  6894 I notification_expansion: [-1|com.android.systemui|3|low_battery|10034,0,0,2662633,149574,0]
07-30 15:19:46.479  1000  2741  3961 I notification_expansion: [-1|com.android.systemui|3|low_battery|10034,0,1,2664261,151202,0]
07-30 15:19:46.484  1000  2741  3961 I notification_expansion: [0|com.whatsapp|1|null|10115,0,0,2029,2029,884]
07-30 15:21:57.905  1000  2741  3961 I notification_expansion: [-1|com.android.systemui|3|low_battery|10034,0,0,2795687,52098,0]
07-30 15:22:00.229  1000  2741  8423 I notification_expansion: [-1|com.android.systemui|3|low_battery|10034,0,1,2798011,54422,0]
07-30 15:22:00.230  1000  2741  8423 I notification_expansion: [0|com.whatsapp|1|null|10115,0,0,2796,2796,1579]
07-30 15:23:39.363  1000  2741  6406 I notification_expansion: [-1|com.android.systemui|3|low_battery|10034,0,0,2897145,235,79701]
07-30 15:26:06.870  1000  2741  3961 I notification_expansion: [-1|com.android.systemui|3|low_battery|10034,0,1,3044652,1965,227208]
07-30 15:26:06.871  1000  2741  3961 I notification_expansion: [0|com.twitter.android|0|null|10096,0,1,26537961,122237,227207]
07-30 15:26:06.871  1000  2741  3961 I notification_expansion: [0|com.mygate.user|0|FCM-Notification:16583206|10095,0,1,4299392,4299392,227208]
07-30 15:26:06.871  1000  2741  6406 I notification_expansion: [-1|android|23|41217664-9172-527a-b3d5-edabb50a7d69|1000,0,1,10717768,10717768,227208]
07-30 15:26:06.871  1000  2741  6406 I notification_expansion: [0|com.android.chrome|-1|p#https://m.facebook.com/#11532927786193865|10058,0,1,16768871,16768871,225028]
07-30 15:26:06.871  1000  2741  6406 I notification_expansion: [0|com.android.chrome|-1|p#https://m.facebook.com/#11532916151486090|10058,0,1,26545664,26545664,224510]
07-30 15:26:06.872  1000  2741  6406 I notification_expansion: [0|com.fota.pro|10|null|1000,0,1,10485842,10485842,220233]
07-30 15:26:06.872  1000  2741  3163 I notification_expansion: [0|com.ideacellular.myidea|22|null|10094,0,1,17452615,17452615,219201]
07-30 15:26:06.872  1000  2741 15709 I notification_expansion: [0|com.twitter.android|0|null|10096,0,0,26537962,122238,227208]
07-30 15:26:06.873  1000  2741  6406 I notification_expansion: [0|com.mygate.user|0|FCM-Notification:16583206|10095,0,0,4299394,4299394,227210]
07-30 15:26:06.874  1000  2741  6406 I notification_expansion: [-1|android|23|41217664-9172-527a-b3d5-edabb50a7d69|1000,0,0,10717771,10717771,227211]
07-30 15:26:06.874  1000  2741  6406 I notification_expansion: [0|com.android.chrome|-1|p#https://m.facebook.com/#11532927786193865|10058,0,0,16768874,16768874,225031]
07-30 15:26:06.874  1000  2741  6406 I notification_expansion: [0|com.android.chrome|-1|p#https://m.facebook.com/#11532916151486090|10058,0,0,26545667,26545667,224513]
07-30 15:26:06.875  1000  2741  6406 I notification_expansion: [0|com.fota.pro|10|null|1000,0,0,10485845,10485845,220236]
07-30 15:26:06.877  1000  2741  6406 I notification_expansion: [0|com.ideacellular.myidea|22|null|10094,0,0,17452620,17452620,219206]
07-30 15:27:52.022  1000  2741  3003 I notification_expansion: [-1|com.android.systemui|3|low_battery|10034,0,0,3149803,107116,332359]
07-30 15:27:56.112  1000  2741  3003 I notification_expansion: [-1|com.android.systemui|3|low_battery|10034,0,1,3153894,111207,336450]
07-30 15:27:56.113  1000  2741  3003 I notification_expansion: [0|com.whatsapp|1|null|10115,0,0,4479,65,3349]
07-30 15:28:57.743  1000  2741  6520 I notification_expansion: [-1|com.android.systemui|3|low_battery|10034,0,0,3215525,147,398081]
07-30 15:31:27.784  1000  2741 21978 I notification_expansion: [0|com.twitter.android|0|null|10096,0,1,26858874,13151,548120]
07-30 15:31:27.785  1000  2741 21978 I notification_expansion: [0|com.mygate.user|0|FCM-Notification:16583206|10095,0,1,4620306,4620306,548122]
07-30 15:31:27.786  1000  2741  2756 I notification_expansion: [0|com.android.chrome|-1|p#https://m.facebook.com/#11532927786193865|10058,0,1,17089786,17089786,545943]
07-30 15:31:27.787  1000  2741  3961 I notification_expansion: [0|com.android.chrome|-1|p#https://m.facebook.com/#11532916151486090|10058,0,1,26866580,26866580,545426]
07-30 15:31:27.787  1000  2741  3003 I notification_expansion: [0|com.fota.pro|10|null|1000,0,1,10806757,10806757,541148]
07-30 15:31:27.788  1000  2741 21978 I notification_expansion: [0|com.ideacellular.myidea|22|null|10094,0,1,17773531,17773531,540117]
07-30 15:31:27.789  1000  2741 21978 I notification_expansion: [0|com.mygate.user|0|FCM-Notification:16583206|10095,0,0,4620310,4620310,548126]
07-30 15:31:27.789  1000  2741  7470 I notification_expansion: [0|com.google.android.gm|0|gig:1087497431:^sq_ig_i_personal|10064,0,0,183336,183336,0]
07-30 15:31:27.790  1000  2741  7470 I notification_expansion: [0|com.android.chrome|-1|p#https://m.facebook.com/#11532927786193865|10058,0,0,17089790,17089790,545947]
07-30 15:31:27.790  1000  2741  7470 I notification_expansion: [0|com.android.chrome|-1|p#https://m.facebook.com/#11532916151486090|10058,0,0,26866583,26866583,545429]
07-30 15:31:27.791  1000  2741  7470 I notification_expansion: [0|com.whatsapp|1|null|10115,0,0,58594,5618,0]
07-30 15:31:27.792  1000  2741  7470 I notification_expansion: [0|com.fota.pro|10|null|1000,0,0,10806762,10806762,541153]
07-30 15:31:27.792  1000  2741  2756 I notification_expansion: [0|com.ideacellular.myidea|22|null|10094,0,0,17773535,17773535,540121]
07-30 15:31:53.885  1000  2741  3961 I notification_expansion: [0|com.android.dialer|1|STATUS_BAR_NOTIFIER|10015,0,1,242,242,0]
07-30 15:31:53.886  1000  2741  3960 I notification_expansion: [0|com.twitter.android|0|null|10096,0,0,26884975,39252,574221]
07-30 15:31:58.998  1000  2741  3323 I notification_expansion: [0|com.twitter.android|0|null|10096,0,1,26890088,44365,579334]
07-30 15:33:35.975  1000  2741  2755 I notification_expansion: [0|com.whatsapp|1|919036640705-1521441719@g.us|10115,0,1,258,258,0]
07-30 15:33:35.976  1000  2741  2755 I notification_expansion: [0|com.twitter.android|0|null|10096,0,0,26987066,3044,676312]
07-30 15:33:36.079  1000  2741  7470 I notification_expansion: [0|com.whatsapp|1|919848330390-1434389344@g.us|10115,0,1,337,337,0]
07-30 15:33:36.080  1000  2741  7470 I notification_expansion: [0|com.whatsapp|1|919036640705-1521441719@g.us|10115,0,0,363,363,0]
07-30 15:33:36.129  1000  2741  2755 I notification_expansion: [0|com.whatsapp|1|919866777960-1400346898@g.us|10115,0,1,357,357,0]
07-30 15:33:36.130  1000  2741  7470 I notification_expansion: [0|com.whatsapp|1|919848330390-1434389344@g.us|10115,0,0,388,388,0]
07-30 15:33:36.271  1000  2741  2755 I notification_expansion: [0|com.whatsapp|1|919866777960-1400346898@g.us|10115,0,0,499,499,0]
07-30 15:33:41.943  1000  2741  3100 I notification_expansion: [0|com.twitter.android|0|null|10096,0,1,26993033,9011,682279]
07-30 15:33:41.944  1000  2741  7470 I notification_expansion: [0|com.whatsapp|1|null|10115,0,0,6164,93,4919]
07-30 15:33:43.033  1000  2741  7470 I notification_expansion: [0|com.twitter.android|0|null|10096,0,0,26994123,10101,683369]
07-30 15:33:45.868  1000  2741  8423 I notification_expansion: [0|com.twitter.android|0|null|10096,0,1,26996958,12936,686204]
07-30 15:33:45.868  1000  2741  7470 I notification_expansion: [0|com.whatsapp|1|null|10115,0,0,10088,4017,8843]
07-30 15:36:32.275  1000  2741 15709 I notification_expansion: [0|com.twitter.android|0|null|10096,0,0,27163365,179343,144829]
07-30 15:41:11.631  1000  2741  3632 I notification_expansion: [0|com.twitter.android|0|null|10096,0,1,27442721,458699,424185]
07-30 15:41:11.631  1000  2741  3632 I notification_expansion: [0|com.mygate.user|0|FCM-Notification:16583206|10095,0,1,5204152,5204152,424187]
07-30 15:41:11.632  1000  2741  3632 I notification_expansion: [0|com.android.chrome|-1|p#https://m.facebook.com/#11532927786193865|10058,0,1,17673632,17673632,424188]
07-30 15:41:11.632  1000  2741  3632 I notification_expansion: [0|com.android.chrome|-1|p#https://m.facebook.com/#11532916151486090|10058,0,1,27450425,27450425,424187]
07-30 15:41:11.632  1000  2741  3632 I notification_expansion: [0|com.android.systemui|1|null|10034,0,1,434517,434099,0]
07-30 15:41:11.633  1000  2741  6925 I notification_expansion: [0|com.fota.pro|10|null|1000,0,1,11390603,11390603,1124994]
07-30 15:41:11.633  1000  2741 15709 I notification_expansion: [0|com.ideacellular.myidea|22|null|10094,0,1,18357376,18357376,1123962]
07-30 15:41:11.633  1000  2741 15709 I notification_expansion: [0|com.mygate.user|0|FCM-Notification:16583206|10095,0,0,5204154,5204154,424189]
07-30 15:41:11.634  1000  2741 15709 I notification_expansion: [0|com.google.android.gm|0|gig:1087497431:^sq_ig_i_personal|10064,0,0,767181,767181,424189]
07-30 15:41:11.634  1000  2741 15709 I notification_expansion: [0|com.android.chrome|-1|p#https://m.facebook.com/#11532927786193865|10058,0,0,17673634,17673634,424190]
07-30 15:41:11.634  1000  2741  3632 I notification_expansion: [0|com.android.chrome|-1|p#https://m.facebook.com/#11532916151486090|10058,0,0,27450427,27450427,424189]
07-30 15:41:11.634  1000  2741  3632 I notification_expansion: [0|com.whatsapp|1|null|10115,0,0,455854,29795,454609]
07-30 15:41:11.635  1000  2741  3632 I notification_expansion: [0|com.android.systemui|1|null|10034,0,0,434520,434102,0]
07-30 15:41:11.635  1000  2741 15709 I notification_expansion: [0|com.fota.pro|10|null|1000,0,0,11390605,11390605,1124996]
07-30 15:41:11.635  1000  2741 15709 I notification_expansion: [0|com.ideacellular.myidea|22|null|10094,0,0,18357378,18357378,1123964]
07-30 15:46:27.720  1000  2741  7470 I notification_expansion: [0|com.whatsapp|1|919036640705-1521441719@g.us|10115,0,1,155,155,0]
07-30 15:46:27.721  1000  2741 21976 I notification_expansion: [0|com.twitter.android|0|null|10096,0,0,27758811,25511,247510]
07-30 15:46:27.780  1000  2741  7470 I notification_expansion: [0|com.whatsapp|1|919848330390-1434389344@g.us|10115,0,1,177,177,0]
07-30 15:46:27.781  1000  2741  7470 I notification_expansion: [0|com.whatsapp|1|919036640705-1521441719@g.us|10115,0,0,217,217,0]
07-30 15:46:27.832  1000  2741  7470 I notification_expansion: [0|com.whatsapp|1|919966429222-1483261573@g.us|10115,0,1,194,194,0]
07-30 15:46:27.833  1000  2741  7470 I notification_expansion: [0|com.whatsapp|1|919848330390-1434389344@g.us|10115,0,0,230,230,0]
07-30 15:46:27.970  1000  2741 21976 I notification_expansion: [0|com.whatsapp|1|919966429222-1483261573@g.us|10115,0,0,332,332,0]
07-30 15:46:37.740  1000  2741  3962 I notification_expansion: [0|com.twitter.android|0|null|10096,0,1,27768830,35530,257529]
07-30 15:46:37.741  1000  2741  3962 I notification_expansion: [0|com.whatsapp|1|null|10115,0,0,10093,4776,9017]
