07-30 15:47:46.033  1000  2741  7470 I notification_expansion: [0|com.google.android.gm|0|gig:483594645:^sq_ig_i_personal|10064,0,1,176,176,0]
07-30 15:47:46.034  1000  2741  7470 I notification_expansion: [0|com.twitter.android|0|null|10096,0,0,27837124,36292,325823]
07-30 15:47:46.078  1000  2741  7470 I notification_expansion: [0|com.google.android.gm|-2127815615|gig:483594645:^sq_ig_i_personal|10064,0,1,176,176,0]
07-30 15:47:55.937  1000  2741 21976 I notification_expansion: [0|com.google.android.gm|0|gig:483594645:^sq_ig_i_personal|10064,0,0,10080,10080,0]
07-30 15:47:55.968  1000  2741 21976 I notification_expansion: [0|com.google.android.gm|0|gig:483594645:^sq_ig_i_personal|10064,0,1,10111,10111,0]
07-30 15:50:01.979  1000  2741 16369 I notification_expansion: [0|com.google.android.calendar|536870912|276-1532946600000-1532950200000-1532946000000|10055,0,1,191,191,0]
07-30 15:50:01.979  1000  2741 16369 I notification_expansion: [0|com.google.android.gm|0|gig:483594645:^sq_ig_i_personal|10064,0,0,136122,136122,0]
07-30 15:50:01.980  1000  2741 16369 I notification_expansion: [0|com.google.android.gm|-2127815615|gig:483594645:^sq_ig_i_personal|10064,0,0,136078,136078,48418]
07-30 15:50:04.454  1000  2741 21980 I notification_expansion: [0|com.google.android.calendar|536870912|276-1532946600000-1532950200000-1532946000000|10055,0,0,2666,1561,1738]
07-30 15:50:10.144  1000  2741  3962 I notification_expansion: [0|com.google.android.calendar|536870912|276-1532946600000-1532950200000-1532946000000|10055,0,1,8356,2447,7428]
07-30 15:50:10.145  1000  2741 16381 I notification_expansion: [0|com.whatsapp|1|null|10115,0,0,222497,5890,5320]
07-30 15:51:30.550  1000  2741  3293 I notification_expansion: [0|com.twitter.android|0|null|10096,0,1,28061640,39,72602]
07-30 15:51:30.551  1000  2741  6520 I notification_expansion: [0|com.google.android.calendar|536870912|276-1532946600000-1532950200000-1532946000000|10055,0,0,88763,82854,75415]
07-30 15:51:40.888  1000  2741  2755 I notification_expansion: [0|com.google.android.calendar|536870912|276-1532946600000-1532950200000-1532946000000|10055,0,1,99100,93191,85752]
07-30 15:51:40.889  1000  2741  2755 I notification_expansion: [0|com.twitter.android|0|null|10096,0,0,28071979,10072,82941]
07-30 15:52:18.290  1000  2741  6524 I notification_expansion: [0|com.google.android.calendar|536870912|276-1532946600000-1532950200000-1532946000000|10055,0,0,136502,130593,123154]
07-30 15:52:28.321  1000  2741  3960 I notification_expansion: [0|com.google.android.calendar|536870912|276-1532946600000-1532950200000-1532946000000|10055,0,1,146532,140623,133184]
07-30 15:52:28.321  1000  2741  3960 I notification_expansion: [0|com.google.android.gm|0|gig:483594645:^sq_ig_i_personal|10064,0,0,282464,10077,130374]
07-30 15:54:21.371  1000  2741  8423 I notification_expansion: [0|com.twitter.android|0|null|10096,0,1,28232461,37,243423]
07-30 15:54:21.372  1000  2741  8423 I notification_expansion: [0|com.google.android.calendar|536870912|276-1532946600000-1532950200000-1532946000000|10055,0,0,259584,253675,246236]
07-30 15:54:31.624  1000  2741  3632 I notification_expansion: [0|com.google.android.calendar|536870912|276-1532946600000-1532950200000-1532946000000|10055,0,1,269836,263927,256488]
07-30 15:54:31.625  1000  2741  3632 I notification_expansion: [0|com.twitter.android|0|null|10096,0,0,28242715,10081,253677]
07-30 15:54:40.024  1000  2741  3593 I notification_expansion: [0|com.twitter.android|0|null|10096,0,1,28251114,38,262076]
07-30 15:54:40.025  1000  2741  3593 I notification_expansion: [0|com.google.android.calendar|536870912|276-1532946600000-1532950200000-1532946000000|10055,0,0,278237,272328,264889]
07-30 15:55:03.269  1000  2741  8423 I notification_expansion: [0|com.google.android.calendar|536870912|276-1532946600000-1532950200000-1532946000000|10055,0,1,301481,295572,288133]
07-30 15:55:03.270  1000  2741  8423 I notification_expansion: [0|com.twitter.android|0|null|10096,0,0,28274360,17922,285322]
07-30 15:55:39.128  1000  2741  3324 I notification_expansion: [0|com.android.providers.downloads|0|2:com.android.vending|10013,0,1,557,289,0]
07-30 15:55:39.129  1000  2741  3324 I notification_expansion: [0|com.google.android.calendar|536870912|276-1532946600000-1532950200000-1532946000000|10055,0,0,337341,331432,323993]
07-30 15:55:48.960  1000  2741  6925 I notification_expansion: [0|com.google.android.calendar|536870912|276-1532946600000-1532950200000-1532946000000|10055,0,1,347172,341263,333824]
07-30 15:55:48.961  1000  2741  6925 I notification_expansion: [0|com.android.providers.downloads|0|2:com.android.vending|10013,0,0,10390,10122,0]
07-30 15:56:06.259  1000  2741  6406 I notification_expansion: [0|com.twitter.android|0|null|10096,0,1,28337348,45,348310]
07-30 15:56:06.260  1000  2741  6406 I notification_expansion: [0|com.google.android.calendar|536870912|276-1532946600000-1532950200000-1532946000000|10055,0,0,364471,358562,351123]
07-30 15:56:16.620  1000  2741  6524 I notification_expansion: [0|com.google.android.calendar|536870912|276-1532946600000-1532950200000-1532946000000|10055,0,1,374832,368923,361484]
07-30 15:56:16.621  1000  2741  6524 I notification_expansion: [0|com.twitter.android|0|null|10096,0,0,28347711,10069,358673]
07-30 15:57:48.808  1000  2741 16381 I notification_expansion: [0|com.google.android.calendar|536870912|276-1532946600000-1532950200000-1532946000000|10055,0,0,467020,461111,453672]
07-30 15:57:58.808  1000  2741  6406 I notification_expansion: [0|com.google.android.calendar|536870912|276-1532946600000-1532950200000-1532946000000|10055,0,1,477020,471111,463672]
07-30 15:57:58.809  1000  2741  6406 I notification_expansion: [0|com.whatsapp|1|null|10115,0,0,691161,7710,9168]
07-30 15:58:12.672  1000  2741  3003 I notification_expansion: [0|com.android.providers.downloads|0|2:com.android.vending|10013,0,1,492,41,0]
07-30 15:58:12.673  1000  2741  6524 I notification_expansion: [0|com.google.android.calendar|536870912|276-1532946600000-1532950200000-1532946000000|10055,0,0,490885,484976,7128]
07-30 15:58:25.075  1000  2741 15709 I notification_expansion: [0|com.google.android.calendar|536870912|276-1532946600000-1532950200000-1532946000000|10055,0,1,503287,497378,19530]
07-30 15:58:25.077  1000  2741 15709 I notification_expansion: [0|com.android.providers.downloads|0|2:com.android.vending|10013,0,0,12897,12446,11706]
07-30 15:59:33.018  1000  2741 15709 I notification_expansion: [0|com.twitter.android|1|null|10096,0,1,160,34,0]
07-30 15:59:33.019  1000  2741 15709 I notification_expansion: [0|com.google.android.calendar|536870912|276-1532946600000-1532950200000-1532946000000|10055,0,0,571231,565322,87474]
07-30 15:59:43.059  1000  2741 15709 I notification_expansion: [0|com.google.android.calendar|536870912|276-1532946600000-1532950200000-1532946000000|10055,0,1,581271,575362,97514]
07-30 15:59:43.060  1000  2741 15709 I notification_expansion: [0|com.twitter.android|1|null|10096,0,0,10202,10076,0]
07-30 16:00:47.440  1000  2741  2756 I notification_expansion: [0|com.twitter.android|3|null|10096,0,1,135,135,0]
07-30 16:00:47.446  1000  2741 16381 I notification_expansion: [0|com.google.android.calendar|536870912|276-1532946600000-1532950200000-1532946000000|10055,0,0,645658,639749,1973]
07-30 16:00:47.813  1000  2741 16381 I notification_expansion: [0|com.twitter.android|3|null|10096,0,0,508,322,0]
07-30 16:01:03.875  1000  2741  7470 I notification_expansion: [0|com.google.android.calendar|536870912|276-1532946600000-1532950200000-1532946000000|10055,0,1,662087,656178,18402]
07-30 16:01:03.876  1000  2741  7470 I notification_expansion: [0|com.twitter.android|2147483647|ranker_group|10096|ranker_group,0,0,16427,16427,15293]
07-30 16:01:24.204  1000  2741 21977 I notification_expansion: [0|com.google.android.calendar|536870912|276-1532946600000-1532950200000-1532946000000|10055,0,0,682416,676507,38731]
07-30 16:01:34.257  1000  2741 21977 I notification_expansion: [0|com.google.android.calendar|536870912|276-1532946600000-1532950200000-1532946000000|10055,0,1,692469,686560,48784]
07-30 16:01:34.258  1000  2741 21977 I notification_expansion: [0|com.google.android.gm|0|gig:483594645:^sq_ig_i_personal|10064,0,0,828401,10103,40042]
07-30 16:02:14.381  1000  2741 21977 I notification_expansion: [0|com.google.android.calendar|536870912|276-1532946600000-1532950200000-1532946000000|10055,0,0,732593,726684,88908]
07-30 16:02:21.803  1000  2741  3324 I notification_expansion: [0|com.google.android.calendar|536870912|276-1532946600000-1532950200000-1532946000000|10055,0,1,740015,734106,96330]
07-30 16:10:16.784  1000  2741  2755 I notification_expansion: [0|com.whatsapp|1|919036640705-1521441719@g.us|10115,0,1,208,208,0]
07-30 16:10:16.785  1000  2741  2755 I notification_expansion: [0|com.google.android.calendar|536870912|276-1532946600000-1532950200000-1532946000000|10055,0,0,1214997,1209088,413497]
07-30 16:10:16.851  1000  2741  2755 I notification_expansion: [0|com.whatsapp|1|919848330390-1434389344@g.us|10115,0,1,251,251,0]
07-30 16:10:16.852  1000  2741  2755 I notification_expansion: [0|com.whatsapp|1|919036640705-1521441719@g.us|10115,0,0,276,276,0]
07-30 16:10:16.919  1000  2741  6925 I notification_expansion: [0|com.whatsapp|1|919966429222-1483261573@g.us|10115,0,1,285,285,0]
07-30 16:10:16.920  1000  2741  6925 I notification_expansion: [0|com.whatsapp|1|919848330390-1434389344@g.us|10115,0,0,319,319,0]
07-30 16:10:16.961  1000  2741  2755 I notification_expansion: [0|com.whatsapp|1|919866777960-1400346898@g.us|10115,0,1,306,306,0]
07-30 16:10:16.962  1000  2741  2755 I notification_expansion: [0|com.whatsapp|1|919966429222-1483261573@g.us|10115,0,0,328,328,0]
07-30 16:10:17.026  1000  2741  2755 I notification_expansion: [0|com.whatsapp|1|919133999269-1532171318@g.us|10115,0,1,348,348,0]
07-30 16:10:17.027  1000  2741  2755 I notification_expansion: [0|com.whatsapp|1|919866777960-1400346898@g.us|10115,0,0,372,372,0]
07-30 16:10:17.192  1000  2741  6925 I notification_expansion: [0|com.whatsapp|1|919133999269-1532171318@g.us|10115,0,0,514,514,0]
07-30 16:10:26.789  1000  2741  6925 I notification_expansion: [0|com.whatsapp|1|null|10115,0,0,10106,10106,8813]
07-30 16:10:30.778  1000  2741  3961 I notification_expansion: [0|com.google.android.calendar|536870912|276-1532946600000-1532950200000-1532946000000|10055,0,1,1228990,1223081,427490]
07-30 16:10:30.779  1000  2741  3961 I notification_expansion: [0|com.google.android.gm|0|gig:483594645:^sq_ig_i_personal|10064,0,0,1364922,10163,429010]
07-30 16:11:15.543  1000  2741  2755 I notification_expansion: [0|com.whatsapp|1|919036640705-1521441719@g.us|10115,0,1,219,219,0]
07-30 16:11:15.544  1000  2741  2755 I notification_expansion: [0|com.google.android.calendar|536870912|276-1532946600000-1532950200000-1532946000000|10055,0,0,1273756,1267847,28217]
07-30 16:11:15.607  1000  2741  3961 I notification_expansion: [0|com.whatsapp|1|919848330390-1434389344@g.us|10115,0,1,254,254,0]
07-30 16:11:15.608  1000  2741  3961 I notification_expansion: [0|com.whatsapp|1|919036640705-1521441719@g.us|10115,0,0,284,284,0]
07-30 16:11:15.658  1000  2741  6925 I notification_expansion: [0|com.whatsapp|1|919966429222-1483261573@g.us|10115,0,1,263,263,0]
07-30 16:11:15.658  1000  2741  6925 I notification_expansion: [0|com.whatsapp|1|919848330390-1434389344@g.us|10115,0,0,305,305,0]
07-30 16:11:15.725  1000  2741  2755 I notification_expansion: [0|com.whatsapp|1|919866777960-1400346898@g.us|10115,0,1,314,314,0]
07-30 16:11:15.726  1000  2741  6925 I notification_expansion: [0|com.whatsapp|1|919966429222-1483261573@g.us|10115,0,0,330,330,0]
07-30 16:11:15.815  1000  2741  2755 I notification_expansion: [0|com.whatsapp|1|919133999269-1532171318@g.us|10115,0,1,384,384,0]
07-30 16:11:15.816  1000  2741  2755 I notification_expansion: [0|com.whatsapp|1|919866777960-1400346898@g.us|10115,0,0,405,405,0]
07-30 16:11:16.002  1000  2741  3961 I notification_expansion: [0|com.whatsapp|1|919133999269-1532171318@g.us|10115,0,0,571,571,0]
07-30 16:11:25.608  1000  2741  3962 I notification_expansion: [0|com.google.android.calendar|536870912|276-1532946600000-1532950200000-1532946000000|10055,0,1,1283820,1277911,38281]
07-30 16:11:25.608  1000  2741  3962 I notification_expansion: [0|com.whatsapp|1|null|10115,0,0,10167,657,8840]
07-30 16:11:56.296  1000  2741  3593 I notification_expansion: [0|com.google.android.calendar|536870912|276-1532946600000-1532950200000-1532946000000|10055,0,0,1314508,1308599,68969]
07-30 16:14:45.482  1000  2741 11532 I notification_expansion: [0|com.android.dialer|1|STATUS_BAR_NOTIFIER|10015,0,1,401,127,0]
07-30 16:14:45.483  1000  2741 11532 I notification_expansion: [0|com.google.android.calendar|536870912|276-1532946600000-1532950200000-1532946000000|10055,0,1,1483695,1477786,238156]
07-30 16:14:45.484  1000  2741 11532 I notification_expansion: [0|com.android.providers.downloads|0|2:com.android.vending|10013,0,1,993304,992853,234450]
07-30 16:14:45.484  1000  2741  6925 I notification_expansion: [0|com.mygate.user|0|FCM-Notification:16583206|10095,0,1,7218005,7218005,683716]
07-30 16:14:45.485  1000  2741  6925 I notification_expansion: [0|com.android.chrome|-1|p#https://m.facebook.com/#11532927786193865|10058,0,1,19687484,19687484,687825]
07-30 16:14:45.485  1000  2741  6925 I notification_expansion: [0|com.android.chrome|-1|p#https://m.facebook.com/#11532916151486090|10058,0,1,29464278,29464278,687310]
07-30 16:14:45.487  1000  2741  6925 I notification_expansion: [0|com.fota.pro|10|null|1000,0,1,669866,302,0]
07-30 16:14:45.488  1000  2741  6925 I notification_expansion: [0|com.android.systemui|1|null|10034,0,1,2448373,2447955,686286]
07-30 16:14:45.488  1000  2741  6925 I notification_expansion: [0|com.ideacellular.myidea|22|null|10094,0,1,20371231,20371231,685771]
07-30 16:14:45.489  1000  2741  6925 I notification_expansion: [0|com.android.vending|874755343|null|10028,0,1,1708188,1042286,685773]
07-30 16:14:55.857  1000  2741  3293 I notification_expansion: [0|com.google.android.calendar|536870912|276-1532946600000-1532950200000-1532946000000|10055,0,0,1494069,1488160,248530]
07-30 16:14:55.860  1000  2741  5381 I notification_expansion: [0|com.twitter.android|2147483647|ranker_group|10096|ranker_group,0,0,848410,848410,244824]
07-30 16:14:55.861  1000  2741 21976 I notification_expansion: [0|com.android.providers.downloads|0|2:com.android.vending|10013,0,0,1003681,1003230,244827]
07-30 16:14:55.881  1000  2741  3293 I notification_expansion: [0|com.mygate.user|0|FCM-Notification:16583206|10095,0,0,7228402,7228402,694113]
07-30 16:14:55.881  1000  2741 21976 I notification_expansion: [0|com.google.android.gm|0|gig:1087497431:^sq_ig_i_personal|10064,0,0,2791428,2791428,698221]
07-30 16:14:55.882  1000  2741 21976 I notification_expansion: [0|com.android.chrome|-1|p#https://m.facebook.com/#11532927786193865|10058,0,0,19697882,19697882,698223]
07-30 16:14:55.883  1000  2741 21976 I notification_expansion: [0|com.android.chrome|-1|p#https://m.facebook.com/#11532916151486090|10058,0,0,29474676,29474676,697708]
07-30 16:14:55.883  1000  2741  2755 I notification_expansion: [0|com.whatsapp|1|null|10115,0,0,220442,30139,219115]
07-30 16:14:55.884  1000  2741  2755 I notification_expansion: [0|com.fota.pro|10|null|1000,0,0,680264,565,0]
07-30 16:14:55.885  1000  2741  2755 I notification_expansion: [0|com.android.systemui|1|null|10034,0,0,2458770,2458352,696683]
07-30 16:14:55.886  1000  2741 21976 I notification_expansion: [0|com.ideacellular.myidea|22|null|10094,0,0,20381629,20381629,696169]
07-30 16:14:55.886  1000  2741  3293 I notification_expansion: [0|com.android.vending|874755343|null|10028,0,0,1718585,1052683,696170]
07-30 16:15:01.947  1000  2741  3962 I notification_expansion: [0|com.google.android.calendar|536870912|276-1532946600000-1532950200000-1532946000000|10055,0,1,1500159,1494250,254620]
07-30 16:15:01.948  1000  2741  3962 I notification_expansion: [0|com.android.providers.downloads|0|2:com.android.vending|10013,0,1,1009768,1009317,250914]
07-30 16:15:01.949  1000  2741  3293 I notification_expansion: [0|com.mygate.user|0|FCM-Notification:16583206|10095,0,1,7234470,7234470,700181]
07-30 16:15:01.953  1000  2741  3293 I notification_expansion: [0|com.android.chrome|-1|p#https://m.facebook.com/#11532927786193865|10058,0,1,19703953,19703953,704294]
07-30 16:15:01.958  1000  2741  3293 I notification_expansion: [0|com.android.chrome|-1|p#https://m.facebook.com/#11532916151486090|10058,0,1,29480751,29480751,703783]
07-30 16:15:01.964  1000  2741  3293 I notification_expansion: [0|com.fota.pro|10|null|1000,0,1,686344,101,0]
07-30 16:15:01.966  1000  2741  3293 I notification_expansion: [0|com.android.systemui|1|null|10034,0,1,2464851,2464433,702764]
07-30 16:15:01.968  1000  2741  3293 I notification_expansion: [0|com.ideacellular.myidea|22|null|10094,0,1,20387711,20387711,702251]
07-30 16:15:01.969  1000  2741  3293 I notification_expansion: [0|com.android.vending|874755343|null|10028,0,1,1724668,1058766,702253]
07-30 16:15:01.974  1000  2741  3293 I notification_expansion: [0|com.twitter.android|2147483647|ranker_group|10096|ranker_group,0,0,854525,854525,250939]
07-30 16:15:01.976  1000  2741  3962 I notification_expansion: [0|com.android.providers.downloads|0|2:com.android.vending|10013,0,0,1009796,1009345,250942]
07-30 16:15:01.976  1000  2741  3962 I notification_expansion: [0|com.mygate.user|0|FCM-Notification:16583206|10095,0,0,7234497,7234497,700208]
07-30 16:15:01.977  1000  2741  3163 I notification_expansion: [0|com.google.android.gm|0|gig:1087497431:^sq_ig_i_personal|10064,0,0,2797524,2797524,704317]
07-30 16:15:01.978  1000  2741  3163 I notification_expansion: [0|com.android.chrome|-1|p#https://m.facebook.com/#11532927786193865|10058,0,0,19703978,19703978,704319]
07-30 16:15:01.980  1000  2741  3163 I notification_expansion: [0|com.android.chrome|-1|p#https://m.facebook.com/#11532916151486090|10058,0,0,29480773,29480773,703805]
07-30 16:15:01.981  1000  2741  3163 I notification_expansion: [0|com.whatsapp|1|null|10115,0,0,226540,36237,225213]
07-30 16:15:01.986  1000  2741  3163 I notification_expansion: [0|com.fota.pro|10|null|1000,0,0,686366,123,0]
07-30 16:15:01.988  1000  2741  3163 I notification_expansion: [0|com.android.systemui|1|null|10034,0,0,2464873,2464455,702786]
07-30 16:15:01.989  1000  2741  3163 I notification_expansion: [0|com.ideacellular.myidea|22|null|10094,0,0,20387732,20387732,702272]
07-30 16:15:01.989  1000  2741  3163 I notification_expansion: [0|com.android.vending|874755343|null|10028,0,0,1724688,1058786,702273]
07-30 16:15:02.278  1000  2741  6406 I notification_expansion: [0|com.google.android.gm|0|gig:483594645:^sq_ig_i_personal|10064,0,1,488,488,0]
07-30 16:15:02.279  1000  2741  3961 I notification_expansion: [0|com.google.android.calendar|536870912|276-1532946600000-1532950200000-1532946000000|10055,0,0,1500491,1494582,254952]
07-30 16:15:02.369  1000  2741  3293 I notification_expansion: [0|com.google.android.gm|-1710392393|gig:483594645:^sq_ig_i_personal|10064,0,1,554,554,0]
07-30 16:15:11.874  1000  2741  3293 I notification_expansion: [0|com.google.android.gm|0|gig:483594645:^sq_ig_i_personal|10064,0,0,10084,10084,0]
07-30 16:15:11.942  1000  2741  3293 I notification_expansion: [0|com.google.android.calendar|536870912|276-1532946600000-1532950200000-1532946000000|10055,0,1,1510154,1504245,264615]
07-30 16:15:11.943  1000  2741  3293 I notification_expansion: [0|com.google.android.gm|-1710392393|gig:483594645:^sq_ig_i_personal|10064,0,0,10128,10128,0]
07-30 16:16:27.074  1000  2741  2756 I notification_expansion: [0|com.google.android.calendar|536870912|276-1532946600000-1532950200000-1532946000000|10055,0,0,1585286,1579377,339747]
07-30 16:19:05.135  1000  2741  6520 I notification_expansion: [0|com.google.android.calendar|536870912|276-1532946600000-1532950200000-1532946000000|10055,0,1,1743347,1737438,497808]
07-30 16:19:05.136  1000  2741  6520 I notification_expansion: [0|com.google.android.gm|0|gig:483594645:^sq_ig_i_personal|10064,0,1,243346,243346,0]
07-30 16:19:05.136  1000  2741  8423 I notification_expansion: [0|com.google.android.gm|-1710392393|gig:483594645:^sq_ig_i_personal|10064,0,1,243321,243321,0]
07-30 16:19:05.137  1000  2741  8423 I notification_expansion: [0|com.android.providers.downloads|0|2:com.android.vending|10013,0,1,1252957,1252506,494103]
07-30 16:19:05.137  1000  2741  8423 I notification_expansion: [0|com.mygate.user|0|FCM-Notification:16583206|10095,0,1,7477658,7477658,943369]
07-30 16:19:05.138  1000  2741 15709 I notification_expansion: [0|com.android.chrome|-1|p#https://m.facebook.com/#11532927786193865|10058,0,1,19947138,19947138,947479]
07-30 16:19:05.138  1000  2741 15709 I notification_expansion: [0|com.android.chrome|-1|p#https://m.facebook.com/#11532916151486090|10058,0,1,29723931,29723931,946963]
07-30 16:19:05.138  1000  2741 15709 I notification_expansion: [0|com.fota.pro|10|null|1000,0,1,929518,49,0]
07-30 16:19:05.139  1000  2741 15709 I notification_expansion: [0|com.android.systemui|1|null|10034,0,1,2708024,2707606,945937]
07-30 16:19:05.139  1000  2741 15709 I notification_expansion: [0|com.ideacellular.myidea|22|null|10094,0,1,20630882,20630882,945422]
07-30 16:19:05.139  1000  2741 15709 I notification_expansion: [0|com.android.vending|874755343|null|10028,0,1,1967838,1301936,945423]
07-30 16:19:07.082  1000  2741  3242 I notification_expansion: [0|com.google.android.calendar|536870912|276-1532946600000-1532950200000-1532946000000|10055,0,0,1745293,1739384,499754]
07-30 16:19:07.083  1000  2741  8423 I notification_expansion: [0|com.google.android.gm|0|gig:483594645:^sq_ig_i_personal|10064,0,0,245293,245293,0]
07-30 16:19:07.084  1000  2741  3242 I notification_expansion: [0|com.google.android.gm|-1710392393|gig:483594645:^sq_ig_i_personal|10064,0,0,245269,245269,0]
07-30 16:19:07.084  1000  2741  3242 I notification_expansion: [0|com.twitter.android|2147483647|ranker_group|10096|ranker_group,0,0,1099635,1099635,496049]
07-30 16:19:07.085  1000  2741  3242 I notification_expansion: [0|com.android.providers.downloads|0|2:com.android.vending|10013,0,0,1254905,1254454,496051]
07-30 16:19:07.087  1000  2741  8423 I notification_expansion: [0|com.mygate.user|0|FCM-Notification:16583206|10095,0,0,7479608,7479608,945319]
07-30 16:19:07.088  1000  2741  8423 I notification_expansion: [0|com.google.android.gm|0|gig:1087497431:^sq_ig_i_personal|10064,0,0,3042635,3042635,949428]
07-30 16:19:07.089  1000  2741  3242 I notification_expansion: [0|com.android.chrome|-1|p#https://m.facebook.com/#11532927786193865|10058,0,0,19949089,19949089,949430]
07-30 16:19:07.090  1000  2741  8423 I notification_expansion: [0|com.android.chrome|-1|p#https://m.facebook.com/#11532916151486090|10058,0,0,29725883,29725883,948915]
07-30 16:19:07.091  1000  2741  8423 I notification_expansion: [0|com.fota.pro|10|null|1000,0,0,931471,997,0]
07-30 16:19:07.092  1000  2741  8423 I notification_expansion: [0|com.android.systemui|1|null|10034,0,0,2709977,2709559,947890]
07-30 16:19:07.094  1000  2741 16381 I notification_expansion: [0|com.ideacellular.myidea|22|null|10094,0,0,20632837,20632837,947377]
07-30 16:19:07.095  1000  2741  3962 I notification_expansion: [0|com.android.vending|874755343|null|10028,0,0,1969794,1303892,947379]
07-30 16:19:12.303  1000  2741  6520 I notification_expansion: [0|com.google.android.calendar|536870912|276-1532946600000-1532950200000-1532946000000|10055,0,1,1750515,1744606,504976]
07-30 16:19:12.303  1000  2741  6520 I notification_expansion: [0|com.google.android.gm|0|gig:483594645:^sq_ig_i_personal|10064,0,1,250513,250513,0]
07-30 16:19:12.304  1000  2741 21977 I notification_expansion: [0|com.google.android.gm|-1710392393|gig:483594645:^sq_ig_i_personal|10064,0,1,250489,250489,0]
07-30 16:19:12.307  1000  2741  3962 I notification_expansion: [0|com.android.providers.downloads|0|2:com.android.vending|10013,0,1,1260127,1259676,501273]
07-30 16:19:12.315  1000  2741  6520 I notification_expansion: [0|com.mygate.user|0|FCM-Notification:16583206|10095,0,1,7484835,7484835,950546]
07-30 16:19:12.315  1000  2741  6520 I notification_expansion: [0|com.android.chrome|-1|p#https://m.facebook.com/#11532927786193865|10058,0,1,19954315,19954315,954656]
07-30 16:19:12.316  1000  2741 16381 I notification_expansion: [0|com.android.chrome|-1|p#https://m.facebook.com/#11532916151486090|10058,0,1,29731109,29731109,954141]
07-30 16:19:12.317  1000  2741 16381 I notification_expansion: [0|com.fota.pro|10|null|1000,0,1,936697,145,0]
07-30 16:19:12.318  1000  2741 16381 I notification_expansion: [0|com.android.systemui|1|null|10034,0,1,2715203,2714785,953116]
07-30 16:19:12.320  1000  2741 16381 I notification_expansion: [0|com.ideacellular.myidea|22|null|10094,0,1,20638063,20638063,952603]
07-30 16:19:12.323  1000  2741  6520 I notification_expansion: [0|com.android.vending|874755343|null|10028,0,1,1975022,1309120,952607]
07-30 16:19:12.326  1000  2741 16381 I notification_expansion: [0|com.google.android.gm|0|gig:483594645:^sq_ig_i_personal|10064,0,0,250536,250536,0]
07-30 16:19:12.331  1000  2741  6520 I notification_expansion: [0|com.google.android.gm|-1710392393|gig:483594645:^sq_ig_i_personal|10064,0,0,250516,250516,0]
07-30 16:19:12.331  1000  2741  6520 I notification_expansion: [0|com.twitter.android|2147483647|ranker_group|10096|ranker_group,0,0,1104882,1104882,501296]
07-30 16:19:12.332  1000  2741  6520 I notification_expansion: [0|com.android.providers.downloads|0|2:com.android.vending|10013,0,0,1260152,1259701,501298]
07-30 16:19:12.334  1000  2741  6520 I notification_expansion: [0|com.mygate.user|0|FCM-Notification:16583206|10095,0,0,7484855,7484855,950566]
07-30 16:19:12.334  1000  2741  6520 I notification_expansion: [0|com.google.android.gm|0|gig:1087497431:^sq_ig_i_personal|10064,0,0,3047881,3047881,954674]
07-30 16:19:12.336  1000  2741  6520 I notification_expansion: [0|com.android.chrome|-1|p#https://m.facebook.com/#11532927786193865|10058,0,0,19954336,19954336,954677]
07-30 16:19:12.337  1000  2741  6520 I notification_expansion: [0|com.android.chrome|-1|p#https://m.facebook.com/#11532916151486090|10058,0,0,29731130,29731130,954162]
07-30 16:19:12.338  1000  2741 15709 I notification_expansion: [0|com.fota.pro|10|null|1000,0,0,936717,165,0]
07-30 16:19:12.338  1000  2741 15709 I notification_expansion: [0|com.android.systemui|1|null|10034,0,0,2715223,2714805,953136]
07-30 16:19:12.341  1000  2741  6520 I notification_expansion: [0|com.ideacellular.myidea|22|null|10094,0,0,20638084,20638084,952624]
07-30 16:19:12.341  1000  2741 15709 I notification_expansion: [0|com.android.vending|874755343|null|10028,0,0,1975040,1309138,952625]
07-30 16:19:18.436  1000  2741 16381 I notification_expansion: [0|com.android.dialer|1|STATUS_BAR_NOTIFIER|10015,0,1,244,244,0]
07-30 16:19:18.437  1000  2741 16381 I notification_expansion: [0|com.google.android.calendar|536870912|276-1532946600000-1532950200000-1532946000000|10055,0,0,1756649,1750740,511110]
07-30 16:19:20.435  1000  2741  6520 I notification_expansion: [0|com.google.android.calendar|536870912|276-1532946600000-1532950200000-1532946000000|10055,0,1,1758647,1752738,513108]
07-30 16:20:01.848  1000  2741 16381 I notification_expansion: [0|com.whatsapp|1|919036640705-1521441719@g.us|10115,0,1,256,256,0]
07-30 16:20:01.848  1000  2741 16381 I notification_expansion: [0|com.google.android.calendar|536870912|276-1532946600000-1532950200000-1532946000000|10055,0,0,1800060,1794151,26159]
07-30 16:20:01.886  1000  2741 16381 I notification_expansion: [0|com.whatsapp|1|919848330390-1434389344@g.us|10115,0,1,259,259,0]
07-30 16:20:01.887  1000  2741 16381 I notification_expansion: [0|com.whatsapp|1|919036640705-1521441719@g.us|10115,0,0,295,295,0]
07-30 16:20:01.987  1000  2741 16381 I notification_expansion: [0|com.whatsapp|1|919966429222-1483261573@g.us|10115,0,1,311,311,0]
07-30 16:20:01.987  1000  2741 16381 I notification_expansion: [0|com.whatsapp|1|919848330390-1434389344@g.us|10115,0,0,360,360,0]
07-30 16:20:02.032  1000  2741 21976 I notification_expansion: [0|com.whatsapp|1|919866777960-1400346898@g.us|10115,0,1,321,321,0]
07-30 16:20:02.032  1000  2741 21976 I notification_expansion: [0|com.whatsapp|1|919966429222-1483261573@g.us|10115,0,0,356,356,0]
07-30 16:20:02.109  1000  2741 21976 I notification_expansion: [0|com.whatsapp|1|919133999269-1532171318@g.us|10115,0,1,382,382,0]
07-30 16:20:02.110  1000  2741 21976 I notification_expansion: [0|com.whatsapp|1|919866777960-1400346898@g.us|10115,0,0,399,399,0]
07-30 16:20:02.311  1000  2741 21976 I notification_expansion: [0|com.whatsapp|1|919133999269-1532171318@g.us|10115,0,0,584,584,0]
07-30 16:20:15.086  1000  2741 15709 I notification_expansion: [0|com.google.android.calendar|536870912|276-1532946600000-1532950200000-1532946000000|10055,0,1,1813298,1807389,39397]
07-30 16:20:15.087  1000  2741 15709 I notification_expansion: [0|com.whatsapp|1|null|10115,0,0,13348,13348,11962]
07-30 16:20:38.848  1000  2741 16369 I notification_expansion: [0|com.google.android.calendar|536870912|276-1532946600000-1532950200000-1532946000000|10055,0,0,1837060,1831151,63159]
07-30 16:20:48.761  1000  2741 21976 I notification_expansion: [0|com.google.android.calendar|536870912|276-1532946600000-1532950200000-1532946000000|10055,0,1,1846973,1841064,73072]
07-30 16:20:48.762  1000  2741 21976 I notification_expansion: [0|com.whatsapp|1|null|10115,0,0,47023,10111,9046]
07-30 16:30:07.311  1000  2741  3962 I notification_expansion: [0|com.google.android.calendar|536870912|276-1532946600000-1532950200000-1532946000000|10055,0,0,2405523,2399614,631622]
07-30 16:30:17.245  1000  2741 15709 I notification_expansion: [0|com.google.android.calendar|536870912|276-1532946600000-1532950200000-1532946000000|10055,0,1,2415457,2409548,641556]
07-30 16:30:17.246  1000  2741 15709 I notification_expansion: [0|com.whatsapp|1|null|10115,0,0,615507,5418,9111]
07-30 16:32:57.259  1000  2741 21977 I notification_expansion: [0|com.google.android.gm|0|gig:483594645:^sq_ig_i_personal|10064,0,1,194,194,0]
07-30 16:32:57.259  1000  2741 21977 I notification_expansion: [0|com.google.android.calendar|536870912|276-1532946600000-1532950200000-1532946000000|10055,0,0,2575471,2569562,801570]
07-30 16:32:57.279  1000  2741 21977 I notification_expansion: [0|com.google.android.gm|791051588|gig:483594645:^sq_ig_i_personal|10064,0,1,196,196,0]
07-30 16:33:05.929  1000  2741  3962 I notification_expansion: [0|com.google.android.calendar|536870912|276-1532946600000-1532950200000-1532946000000|10055,0,1,2584141,2578232,810240]
07-30 16:34:28.075  1000  2741  8423 I notification_expansion: [0|com.whatsapp|1|919036640705-1521441719@g.us|10115,0,1,211,211,0]
07-30 16:34:28.075  1000  2741  8423 I notification_expansion: [0|com.google.android.calendar|536870912|276-1532946600000-1532950200000-1532946000000|10055,0,0,2666287,2660378,892386]
07-30 16:34:28.143  1000  2741  6925 I notification_expansion: [0|com.whatsapp|1|919848330390-1434389344@g.us|10115,0,1,251,251,0]
07-30 16:34:28.144  1000  2741  6925 I notification_expansion: [0|com.whatsapp|1|919036640705-1521441719@g.us|10115,0,0,280,280,0]
07-30 16:34:28.214  1000  2741  8423 I notification_expansion: [0|com.whatsapp|1|919966429222-1483261573@g.us|10115,0,1,275,275,0]
07-30 16:34:28.216  1000  2741  6520 I notification_expansion: [0|com.whatsapp|1|919848330390-1434389344@g.us|10115,0,0,324,324,0]
07-30 16:34:28.288  1000  2741  6925 I notification_expansion: [0|com.whatsapp|1|919133999269-1532171318@g.us|10115,0,1,325,325,0]
07-30 16:34:28.288  1000  2741  6520 I notification_expansion: [0|com.whatsapp|1|919966429222-1483261573@g.us|10115,0,0,349,349,0]
07-30 16:34:28.463  1000  2741  6520 I notification_expansion: [0|com.whatsapp|1|919133999269-1532171318@g.us|10115,0,0,500,500,0]
07-30 16:34:33.825  1000  2741 16369 I notification_expansion: [0|com.google.android.calendar|536870912|276-1532946600000-1532950200000-1532946000000|10055,0,1,2672037,2666128,898136]
07-30 16:36:11.456  1000  2741 21980 I notification_expansion: [0|com.whatsapp|1|919036640705-1521441719@g.us|10115,0,1,251,251,0]
07-30 16:36:11.457  1000  2741 21980 I notification_expansion: [0|com.google.android.calendar|536870912|276-1532946600000-1532950200000-1532946000000|10055,0,0,2769669,2763760,65012]
07-30 16:36:11.506  1000  2741  3960 I notification_expansion: [0|com.whatsapp|1|919848330390-1434389344@g.us|10115,0,1,284,284,0]
07-30 16:36:11.506  1000  2741  3960 I notification_expansion: [0|com.whatsapp|1|919036640705-1521441719@g.us|10115,0,0,301,301,0]
07-30 16:36:11.579  1000  2741  3960 I notification_expansion: [0|com.whatsapp|1|919133999269-1532171318@g.us|10115,0,1,339,339,0]
07-30 16:36:11.580  1000  2741  3960 I notification_expansion: [0|com.whatsapp|1|919848330390-1434389344@g.us|10115,0,0,358,358,0]
07-30 16:36:11.737  1000  2741 21980 I notification_expansion: [0|com.whatsapp|1|919133999269-1532171318@g.us|10115,0,0,497,497,0]
07-30 16:36:21.394  1000  2741  3960 I notification_expansion: [0|com.google.android.calendar|536870912|276-1532946600000-1532950200000-1532946000000|10055,0,1,2779606,2773697,74949]
07-30 16:36:21.395  1000  2741  3960 I notification_expansion: [0|com.whatsapp|1|null|10115,0,0,10129,10129,8837]
07-30 16:36:29.803  1000  2741  3293 I notification_expansion: [0|com.google.android.calendar|536870912|276-1532946600000-1532950200000-1532946000000|10055,0,0,2788015,2782106,83358]
07-30 16:40:47.593  1000  2741  3293 I notification_expansion: [0|com.google.android.calendar|536870912|276-1532946600000-1532950200000-1532946000000|10055,0,1,3045805,3039896,341148]
07-30 16:40:47.594  1000  2741  3163 I notification_expansion: [0|com.android.providers.downloads|0|2:com.android.vending|10013,0,1,2555414,2554963,341152]
07-30 16:40:47.595  1000  2741  3163 I notification_expansion: [0|com.mygate.user|0|FCM-Notification:16583206|10095,0,1,8780116,8780116,341154]
07-30 16:40:47.596  1000  2741  3163 I notification_expansion: [0|com.android.chrome|-1|p#https://m.facebook.com/#11532927786193865|10058,0,1,21249596,21249596,2249937]
07-30 16:40:47.597  1000  2741  3293 I notification_expansion: [0|com.android.chrome|-1|p#https://m.facebook.com/#11532916151486090|10058,0,1,31026390,31026390,2249422]
07-30 16:40:47.597  1000  2741  3293 I notification_expansion: [0|com.android.systemui|1|null|10034,0,1,4010482,431169,2248395]
07-30 16:40:47.598  1000  2741  3293 I notification_expansion: [0|com.fota.pro|10|null|1000,0,1,2231978,252,0]
07-30 16:40:47.598  1000  2741  3293 I notification_expansion: [0|com.ideacellular.myidea|22|null|10094,0,1,21933341,21933341,2247881]
07-30 16:40:47.599  1000  2741  3293 I notification_expansion: [0|com.android.vending|874755343|null|10028,0,1,3270298,2604396,2247883]
07-30 16:40:47.600  1000  2741  3293 I notification_expansion: [0|com.whatsapp|1|null|10115,0,0,276334,82884,275042]
07-30 16:40:47.601  1000  2741  3293 I notification_expansion: [0|com.twitter.android|2147483647|ranker_group|10096|ranker_group,0,0,2400152,2400152,341159]
07-30 16:40:47.605  1000  2741  3293 I notification_expansion: [0|com.android.providers.downloads|0|2:com.android.vending|10013,0,0,2555425,2554974,341163]
07-30 16:40:47.607  1000  2741  3293 I notification_expansion: [0|com.mygate.user|0|FCM-Notification:16583206|10095,0,0,8780128,8780128,341166]
07-30 16:40:47.607  1000  2741  3293 I notification_expansion: [0|com.google.android.gm|0|gig:1087497431:^sq_ig_i_personal|10064,0,0,4343154,4343154,341164]
07-30 16:40:47.608  1000  2741  3293 I notification_expansion: [0|com.android.chrome|-1|p#https://m.facebook.com/#11532927786193865|10058,0,0,21249608,21249608,2249949]
07-30 16:40:47.609  1000  2741  3293 I notification_expansion: [0|com.android.chrome|-1|p#https://m.facebook.com/#11532916151486090|10058,0,0,31026402,31026402,2249434]
07-30 16:40:47.609  1000  2741  3163 I notification_expansion: [0|com.android.systemui|1|null|10034,0,0,4010494,431181,2248407]
07-30 16:40:47.610  1000  2741 15709 I notification_expansion: [0|com.fota.pro|10|null|1000,0,0,2231990,264,0]
07-30 16:40:47.611  1000  2741  3163 I notification_expansion: [0|com.ideacellular.myidea|22|null|10094,0,0,21933354,21933354,2247894]
07-30 16:40:47.611  1000  2741  3293 I notification_expansion: [0|com.android.vending|874755343|null|10028,0,0,3270310,2604408,2247895]
