07-30 11:31:16.940  1000  2741  2779 I sysui_multi_action: [319,50,321,46,322,229,325,9257,757,761,758,9,759,4,806,com.whatsapp,871,com.whatsapp.HomeActivity,904,com.whatsapp,905,0]
07-30 11:31:17.183 10034  2989  3126 I sysui_multi_action: [757,1093,758,4,793,2010,1094,9486336,1095,5]
07-30 11:31:18.380  1000  2741  2767 I sysui_multi_action: [757,803,799,window_time_0,802,1]
07-30 11:31:18.433  1000  2741  2741 I sysui_multi_action: [757,128,758,5,759,8,793,102911,794,0,795,102911,796,1,797,917893161221@s.whatsapp.net,806,com.whatsapp,857,individual_chat_defaults_1,858,4,946,group_key_messages,947,0]
07-30 11:31:18.876  1000  2741  2741 I sysui_multi_action: [757,128,758,5,759,8,793,103340,794,0,795,17,796,1,806,com.whatsapp,857,silent_notifications_3,858,2,946,group_key_messages,947,1]
07-30 11:31:18.877  1000  2741  2741 I sysui_multi_action: [757,128,758,5,759,12,793,103505,794,0,795,233,796,1,797,919036640705-1521441719@g.us,806,com.whatsapp,857,silent_notifications_3,858,2,946,group_key_messages,947,0]
07-30 11:31:18.878  1000  2741  2741 I sysui_multi_action: [757,128,758,5,759,12,793,103480,794,0,795,188,796,1,797,919848330390-1434389344@g.us,806,com.whatsapp,857,silent_notifications_3,858,2,946,group_key_messages,947,0]
07-30 11:31:18.879  1000  2741  2741 I sysui_multi_action: [757,128,758,5,759,12,793,103439,794,0,795,140,796,1,797,919949777709-1443694452@g.us,806,com.whatsapp,857,silent_notifications_3,858,2,946,group_key_messages,947,0]
07-30 11:31:18.879  1000  2741  2741 I sysui_multi_action: [757,128,758,5,759,12,793,103411,794,0,795,90,796,1,797,919866777960-1400346898@g.us,806,com.whatsapp,857,silent_notifications_3,858,2,946,group_key_messages,947,0]
07-30 11:31:18.880  1000  2741  2741 I sysui_multi_action: [757,128,758,5,759,12,793,103393,794,0,795,64,796,1,797,918008066449-1389674036@g.us,806,com.whatsapp,857,silent_notifications_3,858,2,946,group_key_messages,947,0]
07-30 11:31:18.880  1000  2741  2741 I sysui_multi_action: [757,128,758,5,759,12,793,103376,794,0,795,37,796,1,797,919966429222-1483261573@g.us,806,com.whatsapp,857,silent_notifications_3,858,2,946,group_key_messages,947,0]
07-30 11:31:20.183 10034  2989  3126 I sysui_multi_action: [757,1093,758,4,793,3000,1094,9486336,1095,5]
07-30 11:31:22.187 10034  2989  3126 I sysui_multi_action: [757,1093,758,4,793,2004,1094,9486336,1095,5]
07-30 11:31:25.203 10034  2989  3126 I sysui_multi_action: [757,1093,758,4,793,3016,1094,9486336,1095,5]
07-30 11:31:26.933 10034  2989  3126 I sysui_multi_action: [757,1093,758,4,793,1730,1094,9486336,1095,5]
07-30 11:31:43.203 10034  2989  3126 I sysui_multi_action: [757,1093,758,4,793,16270,1094,9486336,1095,5]
07-30 11:31:54.253 10034  2989  3126 I sysui_multi_action: [757,1093,758,4,793,11050,1094,9486336,1095,5]
07-30 11:31:56.257 10034  2989  3126 I sysui_multi_action: [757,1093,758,4,793,2004,1094,9486336,1095,5]
07-30 11:32:01.273 10034  2989  3126 I sysui_multi_action: [757,1093,758,4,793,5016,1094,9486336,1095,5]
07-30 11:32:26.933 10034  2989  3126 I sysui_multi_action: [757,1093,758,4,793,25660,1094,9486336,1095,5]
07-30 11:32:29.333 10034  2989  3126 I sysui_multi_action: [757,1093,758,4,793,2400,1094,9486336,1095,5]
07-30 11:32:45.369 10034  2989  3126 I sysui_multi_action: [757,1093,758,4,793,16036,1094,9486336,1095,5]
07-30 11:33:00.399 10034  2989  3126 I sysui_multi_action: [757,1093,758,4,793,15030,1094,9486336,1095,5]
07-30 11:33:02.371 10034  2989  3126 I sysui_multi_action: [757,1093,758,4,793,1972,1094,9486336,1095,5]
07-30 11:33:18.355 10034  2989  3126 I sysui_multi_action: [757,1093,758,4,793,15983,1094,9486336,1095,5]
07-30 11:33:26.859 10034  2989  3126 I sysui_multi_action: [757,1093,758,4,793,8505,1094,9486336,1095,5]
07-30 11:33:28.375 10034  2989  3126 I sysui_multi_action: [757,1093,758,4,793,1515,1094,9486336,1095,5]
07-30 11:33:30.366 10034  2989  3126 I sysui_multi_action: [757,1093,758,4,793,1992,1094,9486336,1095,5]
07-30 11:33:35.385 10034  2989  3126 I sysui_multi_action: [757,1093,758,4,793,5018,1094,9486336,1095,5]
07-30 11:33:37.366 10034  2989  3126 I sysui_multi_action: [757,1093,758,4,793,1982,1094,9486336,1095,5]
07-30 11:33:39.395 10034  2989  3126 I sysui_multi_action: [757,1093,758,4,793,2028,1094,9486336,1095,5]
07-30 11:33:41.405 10034  2989  3126 I sysui_multi_action: [757,1093,758,4,793,2010,1094,9486336,1095,5]
07-30 11:33:43.411 10034  2989  3126 I sysui_multi_action: [757,1093,758,4,793,2006,1094,9486336,1095,5]
07-30 11:33:45.404 10034  2989  3126 I sysui_multi_action: [757,1093,758,4,793,1994,1094,9486336,1095,5]
07-30 11:33:47.379 10034  2989  3126 I sysui_multi_action: [757,1093,758,4,793,1975,1094,9486336,1095,5]
07-30 11:33:49.412 10034  2989  3126 I sysui_multi_action: [757,1093,758,4,793,2032,1094,9486336,1095,5]
07-30 11:33:52.417 10034  2989  3126 I sysui_multi_action: [757,1093,758,4,793,3006,1094,9486336,1095,5]
07-30 11:33:54.425 10034  2989  3126 I sysui_multi_action: [757,1093,758,4,793,2007,1094,9486336,1095,5]
07-30 11:34:02.447 10034  2989  3126 I sysui_multi_action: [757,1093,758,4,793,8023,1094,9486336,1095,5]
07-30 11:34:12.750 10034  2989  3126 I sysui_multi_action: [757,1093,758,4,793,10303,1094,9486336,1095,5]
07-30 11:34:16.742 10034  2989  3126 I sysui_multi_action: [757,1093,758,4,793,3992,1094,9486336,1095,5]
07-30 11:34:19.761 10034  2989  3126 I sysui_multi_action: [757,1093,758,4,793,3019,1094,9486336,1095,5]
07-30 11:34:21.733 10034  2989  3126 I sysui_multi_action: [757,1093,758,4,793,1971,1094,9486336,1095,5]
07-30 11:34:23.793 10034  2989  3126 I sysui_multi_action: [757,1093,758,4,793,2061,1094,9486336,1095,5]
07-30 11:34:25.015 10034  2989  3126 I sysui_multi_action: [757,1093,758,4,793,1221,1094,9486336,1095,5]
07-30 11:34:27.131 10034  2989  3126 I sysui_multi_action: [757,1093,758,4,793,2117,1094,9486336,1095,5]
07-30 11:34:29.876 10034  2989  3126 I sysui_multi_action: [757,1093,758,4,793,2744,1094,9486336,1095,5]
07-30 11:34:31.784 10034  2989  3126 I sysui_multi_action: [757,1093,758,4,793,1909,1094,9486336,1095,5]
07-30 11:34:34.163  1000  2741  2741 I sysui_multi_action: [757,804,799,fingerprint_token,801,0,802,1]
07-30 11:34:34.673  1000  2741  2767 I sysui_multi_action: [757,803,799,window_time_0,802,196]
07-30 11:34:34.798 10034  2989  3126 I sysui_multi_action: [757,1093,758,4,793,3014,1094,9486336,1095,5]
07-30 11:34:34.896  1000  2741  2777 I sysui_multi_action: [757,223,758,1]
07-30 11:34:34.929 10034  2989  2989 I sysui_multi_action: [757,196,758,2,759,1]
07-30 11:34:34.975 10034  2989  2989 I sysui_multi_action: [757,111,758,1]
07-30 11:34:34.975 10034  2989  2989 I sysui_multi_action: [757,126,758,1,759,126,833,0,927,0,928,1]
07-30 11:34:34.975 10034  2989  2989 I sysui_multi_action: [757,113,758,1,759,113,833,0,927,1,928,0]
07-30 11:34:34.975 10034  2989  2989 I sysui_multi_action: [757,118,758,1,759,118,833,0,927,2,928,0]
07-30 11:34:34.975 10034  2989  2989 I sysui_multi_action: [757,119,758,1,759,119,833,0,927,3,928,0]
07-30 11:34:34.975 10034  2989  2989 I sysui_multi_action: [757,123,758,1,759,123,833,0,927,4,928,1]
07-30 11:34:34.975 10034  2989  2989 I sysui_multi_action: [757,261,758,1,759,261,833,0,927,5,928,0]
07-30 11:34:34.990  1000  2741  2756 I sysui_multi_action: [757,127,758,1]
07-30 11:34:34.990  1000  2741  2756 I sysui_multi_action: [757,804,799,note_load,801,14,802,1]
07-30 11:34:35.004  1000  2741  2741 I sysui_multi_action: [757,198,758,2,759,3]
07-30 11:34:35.004  1000  2741  2741 I sysui_multi_action: [757,804,799,screen_timeout,801,60,802,1]
07-30 11:34:35.097  1000  2741  5381 I sysui_multi_action: [757,127,758,2]
07-30 11:34:36.104 10034  2989  3126 I sysui_multi_action: [757,1093,758,4,793,1306,1094,9486336,1095,5]
07-30 11:34:38.534  1000  2741  2877 I sysui_multi_action: [757,804,799,power_consecutive_short_tap_count,801,1,802,1]
07-30 11:34:38.534  1000  2741  2877 I sysui_multi_action: [757,804,799,power_double_tap_interval,801,208225,802,1]
07-30 11:34:38.698  1000  2741 21978 I sysui_multi_action: [757,127,758,1]
07-30 11:34:38.698  1000  2741 21978 I sysui_multi_action: [757,804,799,note_load,801,14,802,1]
07-30 11:34:38.706 10034  2989  2989 I sysui_multi_action: [757,111,758,2]
07-30 11:34:38.710  1000  2741  2756 I sysui_multi_action: [757,128,758,1,793,1759332,794,0,795,204271,796,-468572132,797,gig:483594645:^sq_ig_i_personal,798,7,806,com.google.android.gm,857,^nc_1_mail_suresh.dorepally-7455de07,858,3,946,gig:483594645:^sq_ig_i_personal,947,0]
07-30 11:34:38.711  1000  2741  2756 I sysui_multi_action: [757,804,799,note_freshness,801,204271,802,1]
07-30 11:34:38.711  1000  2741  2756 I sysui_multi_action: [757,128,758,1,793,12675237,794,0,795,12675237,796,0,797,FCM-Notification:113192,798,10,806,com.mygate.user,857,miscellaneous,858,3,947,0]
07-30 11:34:38.711  1000  2741  2756 I sysui_multi_action: [757,804,799,note_freshness,801,12675237,802,1]
07-30 11:34:38.711  1000  2741  2756 I sysui_multi_action: [757,128,758,1,793,1151677,794,0,795,204184,796,-1327682998,797,gig:483594645:^sq_ig_i_personal,798,4,806,com.google.android.gm,857,^nc_1_mail_suresh.dorepally-7455de07,858,3,946,gig:483594645:^sq_ig_i_personal,947,0]
07-30 11:34:38.711  1000  2741  2756 I sysui_multi_action: [757,804,799,note_freshness,801,204184,802,1]
07-30 11:34:38.711  1000  2741  2756 I sysui_multi_action: [757,128,758,1,793,204137,794,0,795,204137,796,-677389870,797,gig:483594645:^sq_ig_i_personal,798,2,806,com.google.android.gm,857,^nc_1_mail_suresh.dorepally-7455de07,858,3,946,gig:483594645:^sq_ig_i_personal,947,0]
07-30 11:34:38.711  1000  2741  2756 I sysui_multi_action: [757,804,799,note_freshness,801,204137,802,1]
07-30 11:34:38.712  1000  2741  2756 I sysui_multi_action: [757,128,758,1,793,2008374,794,0,795,204288,796,1796411068,797,gig:483594645:^sq_ig_i_personal,798,8,806,com.google.android.gm,857,^nc_1_mail_suresh.dorepally-7455de07,858,3,946,gig:483594645:^sq_ig_i_personal,947,0]
07-30 11:34:38.712  1000  2741  2756 I sysui_multi_action: [757,804,799,note_freshness,801,204288,802,1]
07-30 11:34:38.712  1000  2741  2756 I sysui_multi_action: [757,128,758,1,793,2880712,794,0,795,2880712,796,-1,797,p#https://m.facebook.com/#11532927786193865,798,11,806,com.android.chrome,857,web:https://m.facebook.com;-ccf97a00,858,3,946,Web:m.facebook.com,947,0]
07-30 11:34:38.712  1000  2741  2756 I sysui_multi_action: [757,804,799,note_freshness,801,2880712,802,1]
07-30 11:34:38.712  1000  2741  2756 I sysui_multi_action: [757,128,758,1,793,1151706,794,0,795,204156,796,1965099541,797,gig:483594645:^sq_ig_i_personal,798,3,806,com.google.android.gm,857,^nc_1_mail_suresh.dorepally-7455de07,858,3,946,gig:483594645:^sq_ig_i_personal,947,0]
07-30 11:34:38.712  1000  2741  2756 I sysui_multi_action: [757,804,799,note_freshness,801,204156,802,1]
07-30 11:34:38.712  1000  2741  2756 I sysui_multi_action: [757,128,758,1,793,1291277,794,0,795,204250,796,1918686884,797,gig:483594645:^sq_ig_i_personal,798,5,806,com.google.android.gm,857,^nc_1_mail_suresh.dorepally-7455de07,858,3,946,gig:483594645:^sq_ig_i_personal,947,0]
07-30 11:34:38.712  1000  2741  2756 I sysui_multi_action: [757,804,799,note_freshness,801,204250,802,1]
07-30 11:34:38.713  1000  2741  2756 I sysui_multi_action: [757,128,758,1,793,2008393,794,0,795,204317,796,0,797,gig:483594645:^sq_ig_i_personal,798,1,806,com.google.android.gm,857,^nc_1_mail_suresh.dorepally-7455de07,858,3,946,gig:483594645:^sq_ig_i_personal,947,1]
07-30 11:34:38.713  1000  2741  2756 I sysui_multi_action: [757,804,799,note_freshness,801,204317,802,1]
07-30 11:34:38.713  1000  2741  2756 I sysui_multi_action: [757,128,758,1,793,3564456,794,0,795,3564456,796,22,798,13,806,com.ideacellular.myidea,857,miscellaneous,858,2,947,0]
07-30 11:34:38.713  1000  2741  2756 I sysui_multi_action: [757,804,799,note_freshness,801,3564456,802,1]
07-30 11:34:38.713  1000  2741  2756 I sysui_multi_action: [757,128,758,1,793,12657506,794,0,795,12657506,796,-1,797,p#https://m.facebook.com/#11532916151486090,798,12,806,com.android.chrome,857,web:https://m.facebook.com;-ccf97a00,858,3,946,Web:m.facebook.com,947,0]
07-30 11:34:38.713  1000  2741  2756 I sysui_multi_action: [757,804,799,note_freshness,801,12657506,802,1]
07-30 11:34:38.713  1000  2741  2756 I sysui_multi_action: [757,128,758,1,793,1325937,794,0,795,204263,796,-1100726788,797,gig:483594645:^sq_ig_i_personal,798,6,806,com.google.android.gm,857,^nc_1_mail_suresh.dorepally-7455de07,858,3,946,gig:483594645:^sq_ig_i_personal,947,0]
07-30 11:34:38.713  1000  2741  2756 I sysui_multi_action: [757,804,799,note_freshness,801,204263,802,1]
07-30 11:34:38.714  1000  2741  2756 I sysui_multi_action: [757,128,758,1,793,7696281,794,0,795,7696281,796,0,797,FCM-Notification:3425169,798,9,806,com.mygate.user,857,miscellaneous,858,3,947,0]
07-30 11:34:38.714  1000  2741  2756 I sysui_multi_action: [757,804,799,note_freshness,801,7696281,802,1]
07-30 11:34:38.714  1000  2741  2756 I sysui_multi_action: [757,128,758,1,793,12649804,794,0,795,266335,796,0,798,0,806,com.twitter.android,857,1141110380-tweet_notifications,858,3,947,0]
07-30 11:34:38.714  1000  2741  2756 I sysui_multi_action: [757,804,799,note_freshness,801,266335,802,1]
07-30 11:34:38.766  1000  2741  2756 I sysui_multi_action: [757,128,758,2,793,1759387,794,55,795,204326,796,-468572132,797,gig:483594645:^sq_ig_i_personal,798,7,806,com.google.android.gm,857,^nc_1_mail_suresh.dorepally-7455de07,858,3,946,gig:483594645:^sq_ig_i_personal,947,0]
07-30 11:34:38.766  1000  2741  2756 I sysui_multi_action: [757,128,758,2,793,12675292,794,55,795,12675292,796,0,797,FCM-Notification:113192,798,10,806,com.mygate.user,857,miscellaneous,858,3,947,0]
07-30 11:34:38.766  1000  2741  2756 I sysui_multi_action: [757,128,758,2,793,1151732,794,55,795,204239,796,-1327682998,797,gig:483594645:^sq_ig_i_personal,798,4,806,com.google.android.gm,857,^nc_1_mail_suresh.dorepally-7455de07,858,3,946,gig:483594645:^sq_ig_i_personal,947,0]
07-30 11:34:38.766  1000  2741  2756 I sysui_multi_action: [757,128,758,2,793,204192,794,55,795,204192,796,-677389870,797,gig:483594645:^sq_ig_i_personal,798,2,806,com.google.android.gm,857,^nc_1_mail_suresh.dorepally-7455de07,858,3,946,gig:483594645:^sq_ig_i_personal,947,0]
07-30 11:34:38.766  1000  2741  2756 I sysui_multi_action: [757,128,758,2,793,2008429,794,55,795,204343,796,1796411068,797,gig:483594645:^sq_ig_i_personal,798,8,806,com.google.android.gm,857,^nc_1_mail_suresh.dorepally-7455de07,858,3,946,gig:483594645:^sq_ig_i_personal,947,0]
07-30 11:34:38.767  1000  2741  2756 I sysui_multi_action: [757,128,758,2,793,2880767,794,55,795,2880767,796,-1,797,p#https://m.facebook.com/#11532927786193865,798,11,806,com.android.chrome,857,web:https://m.facebook.com;-ccf97a00,858,3,946,Web:m.facebook.com,947,0]
07-30 11:34:38.767  1000  2741  2756 I sysui_multi_action: [757,128,758,2,793,1151761,794,55,795,204211,796,1965099541,797,gig:483594645:^sq_ig_i_personal,798,3,806,com.google.android.gm,857,^nc_1_mail_suresh.dorepally-7455de07,858,3,946,gig:483594645:^sq_ig_i_personal,947,0]
07-30 11:34:38.767  1000  2741  2756 I sysui_multi_action: [757,128,758,2,793,1291332,794,55,795,204305,796,1918686884,797,gig:483594645:^sq_ig_i_personal,798,5,806,com.google.android.gm,857,^nc_1_mail_suresh.dorepally-7455de07,858,3,946,gig:483594645:^sq_ig_i_personal,947,0]
07-30 11:34:38.767  1000  2741  2756 I sysui_multi_action: [757,128,758,2,793,2008448,794,55,795,204372,796,0,797,gig:483594645:^sq_ig_i_personal,798,1,806,com.google.android.gm,857,^nc_1_mail_suresh.dorepally-7455de07,858,3,946,gig:483594645:^sq_ig_i_personal,947,1]
07-30 11:34:38.768  1000  2741  2756 I sysui_multi_action: [757,128,758,2,793,3564510,794,54,795,3564510,796,22,798,13,806,com.ideacellular.myidea,857,miscellaneous,858,2,947,0]
07-30 11:34:38.768  1000  2741  2756 I sysui_multi_action: [757,128,758,2,793,12657561,794,55,795,12657561,796,-1,797,p#https://m.facebook.com/#11532916151486090,798,12,806,com.android.chrome,857,web:https://m.facebook.com;-ccf97a00,858,3,946,Web:m.facebook.com,947,0]
07-30 11:34:38.768  1000  2741  2756 I sysui_multi_action: [757,128,758,2,793,1325992,794,55,795,204318,796,-1100726788,797,gig:483594645:^sq_ig_i_personal,798,6,806,com.google.android.gm,857,^nc_1_mail_suresh.dorepally-7455de07,858,3,946,gig:483594645:^sq_ig_i_personal,947,0]
07-30 11:34:38.768  1000  2741  2756 I sysui_multi_action: [757,128,758,2,793,7696336,794,55,795,7696336,796,0,797,FCM-Notification:3425169,798,9,806,com.mygate.user,857,miscellaneous,858,3,947,0]
07-30 11:34:38.768  1000  2741  2756 I sysui_multi_action: [757,128,758,2,793,12649858,794,54,795,266389,796,0,798,0,806,com.twitter.android,857,1141110380-tweet_notifications,858,3,947,0]
07-30 11:34:38.769  1000  2741  2756 I sysui_multi_action: [757,127,758,2]
07-30 11:34:39.006  1000  2741  2781 I sysui_multi_action: [757,198,758,1,759,0,793,477]
07-30 11:34:39.048  1000  2741  2777 I sysui_multi_action: [757,223,758,2]
07-30 11:34:39.048  1000  2741  2777 I sysui_multi_action: [757,804,799,dozing_minutes,801,0,802,1]
07-30 11:34:40.584 10034  2989  3126 I sysui_multi_action: [757,1093,758,4,793,4480,1094,9486336,1095,5]
07-30 11:34:40.733  1000  2741  2741 I sysui_multi_action: [757,199,758,1,759,5,793,12651822,794,2018,795,7,796,0,806,com.twitter.android,857,1141110380-tweet_notifications,858,3,947,0]
07-30 11:34:42.724 10034  2989  3126 I sysui_multi_action: [757,1093,758,4,793,2140,1094,9486336,1095,5]
07-30 11:34:42.846  1000  2741  2741 I sysui_multi_action: [757,199,758,1,759,5,793,12653936,794,4132,795,6,796,0,806,com.twitter.android,857,1141110380-tweet_notifications,858,3,947,0]
07-30 11:34:43.575  1000  2741  2741 I sysui_multi_action: [757,199,758,1,759,4,793,12654665,794,4861,795,5,796,0,806,com.twitter.android,857,1141110380-tweet_notifications,858,3,947,0]
07-30 11:34:47.594 10034  2989  3126 I sysui_multi_action: [757,1093,758,4,793,4870,1094,9486336,1095,5]
07-30 11:34:49.340 10034  2989  3126 I sysui_multi_action: [757,1093,758,4,793,1745,1094,9486336,1095,5]
07-30 11:34:50.588 10034  2989  3126 I sysui_multi_action: [757,1093,758,4,793,1249,1094,9486336,1095,5]
07-30 11:34:51.630 10034  2989  3126 I sysui_multi_action: [757,1093,758,4,793,1042,1094,9486336,1095,5]
07-30 11:34:53.646 10034  2989  3126 I sysui_multi_action: [757,1093,758,4,793,2015,1094,9486336,1095,5]
07-30 11:34:55.157 10034  2989  3126 I sysui_multi_action: [757,1093,758,4,793,1512,1094,9486336,1095,5]
07-30 11:34:56.638 10034  2989  3126 I sysui_multi_action: [757,1093,758,4,793,1481,1094,9486336,1095,5]
07-30 11:34:58.207 10034  2989  3126 I sysui_multi_action: [757,1093,758,4,793,1569,1094,9486336,1095,5]
07-30 11:34:59.665 10034  2989  3126 I sysui_multi_action: [757,1093,758,4,793,1458,1094,9486336,1095,5]
07-30 11:35:01.648 10034  2989  3126 I sysui_multi_action: [757,1093,758,4,793,1982,1094,9486336,1095,5]
07-30 11:35:05.681 10034  2989  3126 I sysui_multi_action: [757,1093,758,4,793,4034,1094,9486336,1095,5]
07-30 11:35:07.684 10034  2989  3126 I sysui_multi_action: [757,1093,758,4,793,2003,1094,9486336,1095,5]
07-30 11:35:09.652 10034  2989  3126 I sysui_multi_action: [757,1093,758,4,793,1968,1094,9486336,1095,5]
07-30 11:35:11.695 10034  2989  3126 I sysui_multi_action: [757,1093,758,4,793,2043,1094,9486336,1095,5]
07-30 11:35:13.696 10034  2989  3126 I sysui_multi_action: [757,1093,758,4,793,2001,1094,9486336,1095,5]
07-30 11:35:16.259 10034  2989  3126 I sysui_multi_action: [757,1093,758,4,793,2563,1094,9486336,1095,5]
07-30 11:35:17.706 10034  2989  3126 I sysui_multi_action: [757,1093,758,4,793,1446,1094,9486336,1095,5]
07-30 11:35:21.555 10034  2989  3126 I sysui_multi_action: [757,1093,758,4,793,3850,1094,9486336,1095,5]
07-30 11:35:27.018 10034  2989  3126 I sysui_multi_action: [757,1093,758,4,793,5463,1094,9486336,1095,5]
07-30 11:35:28.557 10034  2989  3126 I sysui_multi_action: [757,1093,758,4,793,1539,1094,9486336,1095,5]
07-30 11:35:33.575 10034  2989  3126 I sysui_multi_action: [757,1093,758,4,793,5018,1094,9486336,1095,5]
07-30 11:35:38.585 10034  2989  3126 I sysui_multi_action: [757,1093,758,4,793,5010,1094,9486336,1095,5]
07-30 11:35:40.570 10034  2989  3126 I sysui_multi_action: [757,1093,758,4,793,1985,1094,9486336,1095,5]
07-30 11:35:54.621 10034  2989  3126 I sysui_multi_action: [757,1093,758,4,793,14051,1094,9486336,1095,5]
07-30 11:35:57.628 10034  2989  3126 I sysui_multi_action: [757,1093,758,4,793,3007,1094,9486336,1095,5]
07-30 11:36:00.606 10034  2989  3126 I sysui_multi_action: [757,1093,758,4,793,2978,1094,9486336,1095,5]
07-30 11:36:03.611 10034  2989  3126 I sysui_multi_action: [757,1093,758,4,793,3005,1094,9486336,1095,5]
07-30 11:36:04.614 10034  2989  3126 I sysui_multi_action: [757,1093,758,4,793,1002,1094,9486336,1095,5]
07-30 11:36:06.294 10034  2989  3126 I sysui_multi_action: [757,1093,758,4,793,1681,1094,9486336,1095,5]
07-30 11:36:09.284 10034  2989  3126 I sysui_multi_action: [757,1093,758,4,793,2990,1094,9486336,1095,5]
07-30 11:36:16.294 10034  2989  3126 I sysui_multi_action: [757,1093,758,4,793,7010,1094,9486336,1095,5]
07-30 11:36:23.314 10034  2989  3126 I sysui_multi_action: [757,1093,758,4,793,7020,1094,9486336,1095,5]
07-30 11:36:23.819  1000  2741  2741 I sysui_multi_action: [757,804,799,fingerprint_token,801,0,802,1]
07-30 11:36:24.320  1000  2741  2767 I sysui_multi_action: [757,803,799,window_time_0,802,110]
07-30 11:36:24.544  1000  2741  2777 I sysui_multi_action: [757,223,758,1]
07-30 11:36:24.590 10034  2989  2989 I sysui_multi_action: [757,111,758,1]
07-30 11:36:24.590 10034  2989  2989 I sysui_multi_action: [757,126,758,1,759,126,833,0,927,0,928,1]
07-30 11:36:24.590 10034  2989  2989 I sysui_multi_action: [757,113,758,1,759,113,833,0,927,1,928,0]
07-30 11:36:24.590 10034  2989  2989 I sysui_multi_action: [757,118,758,1,759,118,833,0,927,2,928,0]
07-30 11:36:24.590 10034  2989  2989 I sysui_multi_action: [757,119,758,1,759,119,833,0,927,3,928,0]
07-30 11:36:24.590 10034  2989  2989 I sysui_multi_action: [757,123,758,1,759,123,833,0,927,4,928,1]
07-30 11:36:24.591 10034  2989  2989 I sysui_multi_action: [757,261,758,1,759,261,833,0,927,5,928,0]
07-30 11:36:24.600  1000  2741  6894 I sysui_multi_action: [757,127,758,1]
07-30 11:36:24.601  1000  2741  6894 I sysui_multi_action: [757,804,799,note_load,801,14,802,1]
07-30 11:36:24.607  1000  2741  2741 I sysui_multi_action: [757,198,758,2,759,3]
07-30 11:36:24.607  1000  2741  2741 I sysui_multi_action: [757,804,799,screen_timeout,801,60,802,1]
07-30 11:36:24.679  1000  2741 16381 I sysui_multi_action: [757,127,758,2]
07-30 11:36:25.320 10034  2989  3126 I sysui_multi_action: [757,1093,758,4,793,2006,1094,9486336,1095,5]
07-30 11:36:25.989  1000  2741  2877 I sysui_multi_action: [757,804,799,power_consecutive_short_tap_count,801,1,802,1]
07-30 11:36:25.990  1000  2741  2877 I sysui_multi_action: [757,804,799,power_double_tap_interval,801,106935,802,1]
07-30 11:36:26.100  1000  2741  6894 I sysui_multi_action: [757,127,758,1]
07-30 11:36:26.100  1000  2741  6894 I sysui_multi_action: [757,804,799,note_load,801,14,802,1]
07-30 11:36:26.111 10034  2989  2989 I sysui_multi_action: [757,111,758,2]
07-30 11:36:26.117  1000  2741  3953 I sysui_multi_action: [757,128,758,1,793,1866739,794,0,795,311678,796,-468572132,797,gig:483594645:^sq_ig_i_personal,798,7,806,com.google.android.gm,857,^nc_1_mail_suresh.dorepally-7455de07,858,3,946,gig:483594645:^sq_ig_i_personal,947,0]
07-30 11:36:26.117  1000  2741  3953 I sysui_multi_action: [757,804,799,note_freshness,801,311678,802,1]
07-30 11:36:26.117  1000  2741  3953 I sysui_multi_action: [757,128,758,1,793,12782643,794,0,795,12782643,796,0,797,FCM-Notification:113192,798,10,806,com.mygate.user,857,miscellaneous,858,3,947,0]
07-30 11:36:26.117  1000  2741  3953 I sysui_multi_action: [757,804,799,note_freshness,801,12782643,802,1]
07-30 11:36:26.118  1000  2741  3953 I sysui_multi_action: [757,128,758,1,793,1259083,794,0,795,311590,796,-1327682998,797,gig:483594645:^sq_ig_i_personal,798,4,806,com.google.android.gm,857,^nc_1_mail_suresh.dorepally-7455de07,858,3,946,gig:483594645:^sq_ig_i_personal,947,0]
07-30 11:36:26.118  1000  2741  3953 I sysui_multi_action: [757,804,799,note_freshness,801,311590,802,1]
07-30 11:36:26.118  1000  2741  3953 I sysui_multi_action: [757,128,758,1,793,311544,794,0,795,311544,796,-677389870,797,gig:483594645:^sq_ig_i_personal,798,2,806,com.google.android.gm,857,^nc_1_mail_suresh.dorepally-7455de07,858,3,946,gig:483594645:^sq_ig_i_personal,947,0]
07-30 11:36:26.118  1000  2741  3953 I sysui_multi_action: [757,804,799,note_freshness,801,311544,802,1]
07-30 11:36:26.118  1000  2741  3953 I sysui_multi_action: [757,128,758,1,793,2115781,794,0,795,311695,796,1796411068,797,gig:483594645:^sq_ig_i_personal,798,8,806,com.google.android.gm,857,^nc_1_mail_suresh.dorepally-7455de07,858,3,946,gig:483594645:^sq_ig_i_personal,947,0]
07-30 11:36:26.118  1000  2741  3953 I sysui_multi_action: [757,804,799,note_freshness,801,311695,802,1]
07-30 11:36:26.118  1000  2741  3953 I sysui_multi_action: [757,128,758,1,793,2988118,794,0,795,2988118,796,-1,797,p#https://m.facebook.com/#11532927786193865,798,11,806,com.android.chrome,857,web:https://m.facebook.com;-ccf97a00,858,3,946,Web:m.facebook.com,947,0]
07-30 11:36:26.118  1000  2741  3953 I sysui_multi_action: [757,804,799,note_freshness,801,2988118,802,1]
07-30 11:36:26.119  1000  2741  3953 I sysui_multi_action: [757,128,758,1,793,1259113,794,0,795,311563,796,1965099541,797,gig:483594645:^sq_ig_i_personal,798,3,806,com.google.android.gm,857,^nc_1_mail_suresh.dorepally-7455de07,858,3,946,gig:483594645:^sq_ig_i_personal,947,0]
07-30 11:36:26.119  1000  2741  3953 I sysui_multi_action: [757,804,799,note_freshness,801,311563,802,1]
07-30 11:36:26.119  1000  2741  3953 I sysui_multi_action: [757,128,758,1,793,1398684,794,0,795,311657,796,1918686884,797,gig:483594645:^sq_ig_i_personal,798,5,806,com.google.android.gm,857,^nc_1_mail_suresh.dorepally-7455de07,858,3,946,gig:483594645:^sq_ig_i_personal,947,0]
07-30 11:36:26.119  1000  2741  3953 I sysui_multi_action: [757,804,799,note_freshness,801,311657,802,1]
07-30 11:36:26.119  1000  2741  3953 I sysui_multi_action: [757,128,758,1,793,2115800,794,0,795,311724,796,0,797,gig:483594645:^sq_ig_i_personal,798,1,806,com.google.android.gm,857,^nc_1_mail_suresh.dorepally-7455de07,858,3,946,gig:483594645:^sq_ig_i_personal,947,1]
07-30 11:36:26.119  1000  2741  3953 I sysui_multi_action: [757,804,799,note_freshness,801,311724,802,1]
07-30 11:36:26.119  1000  2741  3953 I sysui_multi_action: [757,128,758,1,793,3671862,794,0,795,3671862,796,22,798,13,806,com.ideacellular.myidea,857,miscellaneous,858,2,947,0]
07-30 11:36:26.120  1000  2741  3953 I sysui_multi_action: [757,804,799,note_freshness,801,3671862,802,1]
07-30 11:36:26.120  1000  2741  3953 I sysui_multi_action: [757,128,758,1,793,12764913,794,0,795,12764913,796,-1,797,p#https://m.facebook.com/#11532916151486090,798,12,806,com.android.chrome,857,web:https://m.facebook.com;-ccf97a00,858,3,946,Web:m.facebook.com,947,0]
07-30 11:36:26.120  1000  2741  3953 I sysui_multi_action: [757,804,799,note_freshness,801,12764913,802,1]
07-30 11:36:26.120  1000  2741  3953 I sysui_multi_action: [757,128,758,1,793,1433344,794,0,795,311670,796,-1100726788,797,gig:483594645:^sq_ig_i_personal,798,6,806,com.google.android.gm,857,^nc_1_mail_suresh.dorepally-7455de07,858,3,946,gig:483594645:^sq_ig_i_personal,947,0]
07-30 11:36:26.120  1000  2741  3953 I sysui_multi_action: [757,804,799,note_freshness,801,311670,802,1]
07-30 11:36:26.120  1000  2741  3953 I sysui_multi_action: [757,128,758,1,793,7803688,794,0,795,7803688,796,0,797,FCM-Notification:3425169,798,9,806,com.mygate.user,857,miscellaneous,858,3,947,0]
07-30 11:36:26.120  1000  2741  3953 I sysui_multi_action: [757,804,799,note_freshness,801,7803688,802,1]
07-30 11:36:26.121  1000  2741  3953 I sysui_multi_action: [757,128,758,1,793,12757210,794,0,795,102550,796,0,798,0,806,com.twitter.android,857,1141110380-tweet_notifications,858,3,947,0]
07-30 11:36:26.121  1000  2741  3953 I sysui_multi_action: [757,804,799,note_freshness,801,102550,802,1]
07-30 11:36:26.173  1000  2741  2756 I sysui_multi_action: [757,128,758,2,793,1866795,794,56,795,311734,796,-468572132,797,gig:483594645:^sq_ig_i_personal,798,7,806,com.google.android.gm,857,^nc_1_mail_suresh.dorepally-7455de07,858,3,946,gig:483594645:^sq_ig_i_personal,947,0]
07-30 11:36:26.173  1000  2741  2756 I sysui_multi_action: [757,128,758,2,793,12782699,794,56,795,12782699,796,0,797,FCM-Notification:113192,798,10,806,com.mygate.user,857,miscellaneous,858,3,947,0]
07-30 11:36:26.174  1000  2741  2756 I sysui_multi_action: [757,128,758,2,793,1259139,794,56,795,311646,796,-1327682998,797,gig:483594645:^sq_ig_i_personal,798,4,806,com.google.android.gm,857,^nc_1_mail_suresh.dorepally-7455de07,858,3,946,gig:483594645:^sq_ig_i_personal,947,0]
07-30 11:36:26.174  1000  2741  2756 I sysui_multi_action: [757,128,758,2,793,311600,794,56,795,311600,796,-677389870,797,gig:483594645:^sq_ig_i_personal,798,2,806,com.google.android.gm,857,^nc_1_mail_suresh.dorepally-7455de07,858,3,946,gig:483594645:^sq_ig_i_personal,947,0]
07-30 11:36:26.174  1000  2741  2756 I sysui_multi_action: [757,128,758,2,793,2115837,794,56,795,311751,796,1796411068,797,gig:483594645:^sq_ig_i_personal,798,8,806,com.google.android.gm,857,^nc_1_mail_suresh.dorepally-7455de07,858,3,946,gig:483594645:^sq_ig_i_personal,947,0]
07-30 11:36:26.174  1000  2741  2756 I sysui_multi_action: [757,128,758,2,793,2988174,794,56,795,2988174,796,-1,797,p#https://m.facebook.com/#11532927786193865,798,11,806,com.android.chrome,857,web:https://m.facebook.com;-ccf97a00,858,3,946,Web:m.facebook.com,947,0]
07-30 11:36:26.175  1000  2741  2756 I sysui_multi_action: [757,128,758,2,793,1259168,794,55,795,311618,796,1965099541,797,gig:483594645:^sq_ig_i_personal,798,3,806,com.google.android.gm,857,^nc_1_mail_suresh.dorepally-7455de07,858,3,946,gig:483594645:^sq_ig_i_personal,947,0]
07-30 11:36:26.175  1000  2741  2756 I sysui_multi_action: [757,128,758,2,793,1398740,794,56,795,311713,796,1918686884,797,gig:483594645:^sq_ig_i_personal,798,5,806,com.google.android.gm,857,^nc_1_mail_suresh.dorepally-7455de07,858,3,946,gig:483594645:^sq_ig_i_personal,947,0]
07-30 11:36:26.175  1000  2741  2756 I sysui_multi_action: [757,128,758,2,793,2115856,794,56,795,311780,796,0,797,gig:483594645:^sq_ig_i_personal,798,1,806,com.google.android.gm,857,^nc_1_mail_suresh.dorepally-7455de07,858,3,946,gig:483594645:^sq_ig_i_personal,947,1]
07-30 11:36:26.175  1000  2741  2756 I sysui_multi_action: [757,128,758,2,793,3671918,794,56,795,3671918,796,22,798,13,806,com.ideacellular.myidea,857,miscellaneous,858,2,947,0]
07-30 11:36:26.175  1000  2741  2756 I sysui_multi_action: [757,128,758,2,793,12764968,794,55,795,12764968,796,-1,797,p#https://m.facebook.com/#11532916151486090,798,12,806,com.android.chrome,857,web:https://m.facebook.com;-ccf97a00,858,3,946,Web:m.facebook.com,947,0]
07-30 11:36:26.175  1000  2741  2756 I sysui_multi_action: [757,128,758,2,793,1433399,794,55,795,311725,796,-1100726788,797,gig:483594645:^sq_ig_i_personal,798,6,806,com.google.android.gm,857,^nc_1_mail_suresh.dorepally-7455de07,858,3,946,gig:483594645:^sq_ig_i_personal,947,0]
07-30 11:36:26.176  1000  2741  2756 I sysui_multi_action: [757,128,758,2,793,7803744,794,56,795,7803744,796,0,797,FCM-Notification:3425169,798,9,806,com.mygate.user,857,miscellaneous,858,3,947,0]
07-30 11:36:26.176  1000  2741  2756 I sysui_multi_action: [757,128,758,2,793,12757266,794,56,795,102606,796,0,798,0,806,com.twitter.android,857,1141110380-tweet_notifications,858,3,947,0]
07-30 11:36:26.177  1000  2741  2756 I sysui_multi_action: [757,127,758,2]
07-30 11:36:26.446  1000  2741  2781 I sysui_multi_action: [757,198,758,1,759,0,793,461]
07-30 11:36:26.489  1000  2741  2777 I sysui_multi_action: [757,223,758,2]
07-30 11:36:26.489  1000  2741  2777 I sysui_multi_action: [757,804,799,dozing_minutes,801,0,802,1]
07-30 11:36:27.704 10034  2989  3126 I sysui_multi_action: [757,1093,758,4,793,2384,1094,9486336,1095,5]
07-30 11:36:28.922 10034  2989  3126 I sysui_multi_action: [757,1093,758,4,793,1218,1094,9486336,1095,5]
07-30 11:36:30.902 10034  2989  3126 I sysui_multi_action: [757,1093,758,4,793,1980,1094,9486336,1095,5]
07-30 11:36:31.934 10034  2989  3126 I sysui_multi_action: [757,1093,758,4,793,1032,1094,9486336,1095,5]
07-30 11:36:35.503 10034  2989  3126 I sysui_multi_action: [757,1093,758,4,793,3568,1094,9486336,1095,5]
07-30 11:36:37.495 10034  2989  3126 I sysui_multi_action: [757,1093,758,4,793,1992,1094,9486336,1095,5]
07-30 11:36:40.516 10034  2989  3126 I sysui_multi_action: [757,1093,758,4,793,3022,1094,9486336,1095,5]
07-30 11:36:43.512 10034  2989  3126 I sysui_multi_action: [757,1093,758,4,793,2996,1094,9486336,1095,5]
07-30 11:36:46.522 10034  2989  3126 I sysui_multi_action: [757,1093,758,4,793,3010,1094,9486336,1095,5]
07-30 11:36:54.872 10034  2989  3126 I sysui_multi_action: [757,1093,758,4,793,8350,1094,9486336,1095,5]
07-30 11:36:56.552 10034  2989  3126 I sysui_multi_action: [757,1093,758,4,793,1680,1094,9486336,1095,5]
07-30 11:36:58.557 10034  2989  3126 I sysui_multi_action: [757,1093,758,4,793,2005,1094,9486336,1095,5]
07-30 11:37:00.561 10034  2989  3126 I sysui_multi_action: [757,1093,758,4,793,2004,1094,9486336,1095,5]
07-30 11:37:01.806 10034  2989  3126 I sysui_multi_action: [757,1093,758,4,793,1245,1094,9486336,1095,5]
07-30 11:37:04.294 10034  2989  3126 I sysui_multi_action: [757,1093,758,4,793,2486,1094,9453568,1095,4]
07-30 11:37:05.692 10034  2989  3126 I sysui_multi_action: [757,1093,758,4,793,1400,1094,9486336,1095,5]
07-30 11:37:07.671 10034  2989  3126 I sysui_multi_action: [757,1093,758,4,793,1979,1094,9486336,1095,5]
07-30 11:37:08.707 10034  2989  3126 I sysui_multi_action: [757,1093,758,4,793,1035,1094,9486336,1095,5]
07-30 11:37:11.714 10034  2989  3126 I sysui_multi_action: [757,1093,758,4,793,3008,1094,9486336,1095,5]
07-30 11:37:13.698 10034  2989  3126 I sysui_multi_action: [757,1093,758,4,793,1984,1094,9486336,1095,5]
07-30 11:37:14.732 10034  2989  3126 I sysui_multi_action: [757,1093,758,4,793,1034,1094,9486336,1095,5]
07-30 11:37:16.552 10034  2989  3126 I sysui_multi_action: [757,1093,758,4,793,1820,1094,9486336,1095,5]
07-30 11:37:18.552 10034  2989  3126 I sysui_multi_action: [757,1093,758,4,793,2000,1094,9486336,1095,5]
07-30 11:37:19.742 10034  2989  3126 I sysui_multi_action: [757,1093,758,4,793,1190,1094,9486336,1095,5]
07-30 11:37:21.562 10034  2989  3126 I sysui_multi_action: [757,1093,758,4,793,1820,1094,9486336,1095,5]
07-30 11:37:23.567 10034  2989  3126 I sysui_multi_action: [757,1093,758,4,793,2005,1094,9486336,1095,5]
07-30 11:37:26.572 10034  2989  3126 I sysui_multi_action: [757,1093,758,4,793,3005,1094,9486336,1095,5]
07-30 11:37:31.827 10034  2989  3126 I sysui_multi_action: [757,1093,758,4,793,5255,1094,9486336,1095,5]
07-30 11:37:33.807 10034  2989  3126 I sysui_multi_action: [757,1093,758,4,793,1980,1094,9486336,1095,5]
07-30 11:37:37.803 10034  2989  3126 I sysui_multi_action: [757,1093,758,4,793,3996,1094,9486336,1095,5]
07-30 11:37:42.819 10034  2989  3126 I sysui_multi_action: [757,1093,758,4,793,5015,1094,9486336,1095,5]
07-30 11:37:44.856 10034  2989  3126 I sysui_multi_action: [757,1093,758,4,793,2038,1094,9486336,1095,5]
07-30 11:37:47.856 10034  2989  3126 I sysui_multi_action: [757,1093,758,4,793,3000,1094,9486336,1095,5]
07-30 11:37:49.853 10034  2989  3126 I sysui_multi_action: [757,1093,758,4,793,1997,1094,9486336,1095,5]
07-30 11:37:52.844 10034  2989  3126 I sysui_multi_action: [757,1093,758,4,793,2991,1094,9486336,1095,5]
07-30 11:38:01.896 10034  2989  3126 I sysui_multi_action: [757,1093,758,4,793,9052,1094,9486336,1095,5]
07-30 11:38:03.903 10034  2989  3126 I sysui_multi_action: [757,1093,758,4,793,2006,1094,9486336,1095,5]
07-30 11:38:05.868 10034  2989  3126 I sysui_multi_action: [757,1093,758,4,793,1966,1094,9486336,1095,5]
07-30 11:38:06.909 10034  2989  3126 I sysui_multi_action: [757,1093,758,4,793,1041,1094,9486336,1095,5]
07-30 11:38:08.904 10034  2989  3126 I sysui_multi_action: [757,1093,758,4,793,1994,1094,9486336,1095,5]
07-30 11:38:10.916 10034  2989  3126 I sysui_multi_action: [757,1093,758,4,793,2013,1094,9486336,1095,5]
07-30 11:38:12.910 10034  2989  3126 I sysui_multi_action: [757,1093,758,4,793,1994,1094,9486336,1095,5]
07-30 11:38:16.904 10034  2989  3126 I sysui_multi_action: [757,1093,758,4,793,3994,1094,9486336,1095,5]
07-30 11:38:17.939 10034  2989  3126 I sysui_multi_action: [757,1093,758,4,793,1035,1094,9486336,1095,5]
07-30 11:38:19.911 10034  2989  3126 I sysui_multi_action: [757,1093,758,4,793,1971,1094,9486336,1095,5]
07-30 11:38:23.906 10034  2989  3126 I sysui_multi_action: [757,1093,758,4,793,3996,1094,9486336,1095,5]
07-30 11:38:25.947 10034  2989  3126 I sysui_multi_action: [757,1093,758,4,793,2041,1094,9486336,1095,5]
07-30 11:38:27.456 10034  2989  3126 I sysui_multi_action: [757,1093,758,4,793,1509,1094,9486336,1095,5]
07-30 11:38:28.135  1000  2741  2741 I sysui_multi_action: [757,199,758,1,759,5,793,6,794,0,795,6,796,0,797,com.google.android.apps.messaging:sms:118,806,com.google.android.apps.messaging,857,bugle_default_channel,858,4,946,bugle_notification_group_key,947,0]
07-30 11:38:28.273 10034  2989  2989 I sysui_multi_action: [757,803,799,note_peek,802,1]
07-30 11:38:28.287  1000  2741  3632 I sysui_multi_action: [757,127,758,1]
07-30 11:38:28.287  1000  2741  3632 I sysui_multi_action: [757,804,799,note_load,801,1,802,1]
07-30 11:38:28.959 10034  2989  3126 I sysui_multi_action: [757,1093,758,4,793,1503,1094,9486336,1095,5]
07-30 11:38:29.022  1000  2741 15709 I sysui_multi_action: [757,128,758,1,793,893,794,0,795,893,796,0,797,com.google.android.apps.messaging:sms:118,798,0,806,com.google.android.apps.messaging,857,bugle_default_channel,858,4,946,bugle_notification_group_key,947,0]
07-30 11:38:29.022  1000  2741 15709 I sysui_multi_action: [757,804,799,note_freshness,801,893,802,1]
07-30 11:38:32.966 10034  2989  3126 I sysui_multi_action: [757,1093,758,4,793,4007,1094,9486336,1095,5]
07-30 11:38:34.269  1000  2741 15709 I sysui_multi_action: [757,128,758,2,793,6140,794,5247,795,6140,796,0,797,com.google.android.apps.messaging:sms:118,798,0,806,com.google.android.apps.messaging,857,bugle_default_channel,858,4,946,bugle_notification_group_key,947,0]
07-30 11:38:34.270  1000  2741 15709 I sysui_multi_action: [757,127,758,2]
07-30 11:38:34.966 10034  2989  3126 I sysui_multi_action: [757,1093,758,4,793,2000,1094,9486336,1095,5]
07-30 11:38:36.480  1000  2741  2741 I sysui_multi_action: [757,199,758,1,759,5,793,12887570,794,130360,795,5,796,0,806,com.twitter.android,857,1141110380-tweet_notifications,858,3,947,0]
07-30 11:38:37.976 10034  2989  3126 I sysui_multi_action: [757,1093,758,4,793,3010,1094,9486336,1095,5]
07-30 11:38:40.955 10034  2989  3126 I sysui_multi_action: [757,1093,758,4,793,2979,1094,9486336,1095,5]
07-30 11:38:46.980 10034  2989  3126 I sysui_multi_action: [757,1093,758,4,793,6025,1094,9486336,1095,5]
07-30 11:38:50.004 10034  2989  3126 I sysui_multi_action: [757,1093,758,4,793,3024,1094,9486336,1095,5]
07-30 11:38:52.007 10034  2989  3126 I sysui_multi_action: [757,1093,758,4,793,2003,1094,9486336,1095,5]
07-30 11:38:53.980 10034  2989  3126 I sysui_multi_action: [757,1093,758,4,793,1973,1094,9486336,1095,5]
07-30 11:38:55.998 10034  2989  3126 I sysui_multi_action: [757,1093,758,4,793,2017,1094,9486336,1095,5]
07-30 11:38:56.765  1000  2741  2741 I sysui_multi_action: [757,199,758,1,759,5,793,7,794,0,795,7,796,0,797,com.google.android.apps.messaging:sms:113,806,com.google.android.apps.messaging,857,bugle_default_channel,858,4,946,bugle_notification_group_key,947,0]
07-30 11:38:56.844  1000  2741  2741 I sysui_multi_action: [757,199,758,1,759,4,793,28716,794,27823,795,6,796,0,797,com.google.android.apps.messaging:sms:118,806,com.google.android.apps.messaging,857,bugle_default_channel,858,4,946,bugle_notification_group_key,947,0]
07-30 11:38:56.861  1000  2741  2741 I sysui_multi_action: [757,199,758,1,759,4,793,7,794,0,795,7,796,0,797,com.google.android.apps.messaging:sms,806,com.google.android.apps.messaging,857,bugle_default_channel,858,4,946,bugle_notification_group_key,947,1]
07-30 11:38:56.861 10034  2989  2989 I sysui_multi_action: [757,803,799,note_peek,802,1]
07-30 11:38:56.884  1000  2741  3163 I sysui_multi_action: [757,127,758,1]
07-30 11:38:56.884  1000  2741  3163 I sysui_multi_action: [757,804,799,note_load,801,1,802,1]
07-30 11:38:57.647  1000  2741  3242 I sysui_multi_action: [757,128,758,1,793,889,794,0,795,889,796,0,797,com.google.android.apps.messaging:sms:113,798,0,806,com.google.android.apps.messaging,857,bugle_default_channel,858,4,946,bugle_notification_group_key,947,0]
07-30 11:38:57.648  1000  2741  3242 I sysui_multi_action: [757,804,799,note_freshness,801,889,802,1]
07-30 11:39:00.022 10034  2989  3126 I sysui_multi_action: [757,1093,758,4,793,4024,1094,9486336,1095,5]
07-30 11:39:02.579 10034  2989  2989 I sysui_multi_action: [757,196,758,2,759,1]
07-30 11:39:02.693  1000  2741 21980 I sysui_multi_action: [757,128,758,2,793,5934,794,5045,795,5934,796,0,797,com.google.android.apps.messaging:sms:113,798,0,806,com.google.android.apps.messaging,857,bugle_default_channel,858,4,946,bugle_notification_group_key,947,0]
07-30 11:39:02.694  1000  2741 21980 I sysui_multi_action: [757,127,758,2]
07-30 11:39:05.026 10034  2989  3126 I sysui_multi_action: [757,1093,758,4,793,5005,1094,9486336,1095,5]
07-30 11:39:06.850  1000  2741  2741 I sysui_multi_action: [757,199,758,1,759,5,793,12917940,794,160730,795,7,796,0,806,com.twitter.android,857,1141110380-tweet_notifications,858,3,947,0]
07-30 11:39:07.037 10034  2989  3126 I sysui_multi_action: [757,1093,758,4,793,2011,1094,9486336,1095,5]
07-30 11:39:10.376 10034  2989  3126 I sysui_multi_action: [757,1093,758,4,793,3339,1094,9486336,1095,5]
07-30 11:39:13.415 10034  2989  3126 I sysui_multi_action: [757,1093,758,4,793,3039,1094,9486336,1095,5]
07-30 11:39:18.994 10034  2989  3126 I sysui_multi_action: [757,1093,758,4,793,5579,1094,9486336,1095,5]
07-30 11:39:27.459 10034  2989  3126 I sysui_multi_action: [757,1093,758,4,793,8465,1094,9486336,1095,5]
07-30 11:39:29.076 10034  2989  3126 I sysui_multi_action: [757,1093,758,4,793,1617,1094,9486336,1095,5]
07-30 11:39:30.177  1000  2741  2741 I sysui_multi_action: [757,199,758,1,759,1,793,7,794,0,795,7,796,3,797,low_battery,806,com.android.systemui,857,BAT,858,5,947,0]
07-30 11:39:30.319 10034  2989  2989 I sysui_multi_action: [757,803,799,note_peek,802,1]
07-30 11:39:30.333  1000  2741  3962 I sysui_multi_action: [757,127,758,1]
07-30 11:39:30.333  1000  2741  3962 I sysui_multi_action: [757,804,799,note_load,801,1,802,1]
07-30 11:39:31.058 10034  2989  3126 I sysui_multi_action: [757,1093,758,4,793,1981,1094,9486336,1095,5]
07-30 11:39:31.064  1000  2741  3163 I sysui_multi_action: [757,128,758,1,793,894,794,0,795,872,796,3,797,low_battery,798,0,806,com.android.systemui,857,BAT,858,5,947,0]
07-30 11:39:31.064  1000  2741  3163 I sysui_multi_action: [757,804,799,note_freshness,801,872,802,1]
07-30 11:39:32.093 10034  2989  3126 I sysui_multi_action: [757,1093,758,4,793,1036,1094,9486336,1095,5]
07-30 11:39:36.325  1000  2741  3962 I sysui_multi_action: [757,128,758,2,793,6155,794,5261,795,6133,796,3,797,low_battery,798,0,806,com.android.systemui,857,BAT,858,5,947,0]
07-30 11:39:36.327  1000  2741  3163 I sysui_multi_action: [757,127,758,2]
07-30 11:39:38.096 10034  2989  3126 I sysui_multi_action: [757,1093,758,4,793,6003,1094,9486336,1095,5]
07-30 11:39:38.583  1000  2741  2741 I sysui_multi_action: [757,128,758,5,759,8,793,8413,794,7519,795,8391,796,3,797,low_battery,806,com.android.systemui,857,BAT,858,5,947,0]
07-30 11:39:38.690  1000  2741  2741 I sysui_multi_action: [757,199,758,1,759,1,793,7,794,0,795,7,796,3,797,low_battery,806,com.android.systemui,857,BAT,858,5,947,0]
07-30 11:39:38.783 10034  2989  2989 I sysui_multi_action: [757,803,799,note_peek,802,1]
07-30 11:39:38.797  1000  2741  3953 I sysui_multi_action: [757,127,758,1]
07-30 11:39:38.797  1000  2741  3953 I sysui_multi_action: [757,804,799,note_load,801,1,802,1]
07-30 11:39:39.519  1000  2741  3962 I sysui_multi_action: [757,128,758,1,793,836,794,0,795,836,796,3,797,low_battery,798,0,806,com.android.systemui,857,BAT,858,5,947,0]
07-30 11:39:39.519  1000  2741  3962 I sysui_multi_action: [757,804,799,note_freshness,801,836,802,1]
07-30 11:39:39.530  1000  2741  2741 I sysui_multi_action: [757,128,758,5,759,8,793,9515,794,0,795,9515,796,32,806,android,857,USB,858,1,947,0]
07-30 11:39:39.532  1000  2741  2741 I sysui_multi_action: [757,128,758,5,759,8,793,9511,794,0,795,9511,796,26,806,android,857,DEVELOPER,858,2,947,0]
07-30 11:39:39.666 10034  2989  3126 I sysui_multi_action: [757,1093,758,4,793,1570,1094,9486336,1095,5]
07-30 11:39:39.988  1000  2741  2741 I sysui_multi_action: [757,128,758,5,759,8,793,1305,794,469,795,1305,796,3,797,low_battery,806,com.android.systemui,857,BAT,858,5,947,0]
07-30 11:39:40.061  1000  2741  2741 I sysui_multi_action: [757,199,758,1,759,1,793,7,794,0,795,7,796,3,797,low_battery,806,com.android.systemui,857,BAT,858,5,947,0]
07-30 11:39:41.026 10034  2989  3126 I sysui_multi_action: [757,1093,758,4,793,1360,1094,9486336,1095,5]
07-30 11:39:42.113 10034  2989  3126 I sysui_multi_action: [757,1093,758,4,793,1087,1094,9486336,1095,5]
07-30 11:39:45.414  1000  2741  3953 I sysui_multi_action: [757,128,758,2,793,5360,794,0,795,5360,796,3,797,low_battery,798,0,806,com.android.systemui,857,BAT,858,5,947,0]
07-30 11:39:45.415  1000  2741  3953 I sysui_multi_action: [757,127,758,2]
07-30 11:39:47.147 10034  2989  3126 I sysui_multi_action: [757,1093,758,4,793,5034,1094,9486336,1095,5]
07-30 11:39:49.126 10034  2989  3126 I sysui_multi_action: [757,1093,758,4,793,1979,1094,9486336,1095,5]
07-30 11:39:56.006 10034  2989  3126 I sysui_multi_action: [757,1093,758,4,793,6880,1094,9486336,1095,5]
07-30 11:39:59.976 10034  2989  3126 I sysui_multi_action: [757,1093,758,4,793,3970,1094,9486336,1095,5]
07-30 11:40:03.175  1000  2741  2741 I sysui_multi_action: [757,199,758,1,759,5,793,12974265,794,217055,795,6,796,0,806,com.twitter.android,857,1141110380-tweet_notifications,858,3,947,0]
07-30 11:40:04.156 10034  2989  3126 I sysui_multi_action: [757,1093,758,4,793,4180,1094,9486336,1095,5]
07-30 11:40:04.450  1000  2741  2741 I sysui_multi_action: [757,199,758,1,759,5,793,12975540,794,218330,795,9,796,0,806,com.twitter.android,857,1141110380-tweet_notifications,858,3,947,0]
07-30 11:40:06.156 10034  2989  3126 I sysui_multi_action: [757,1093,758,4,793,2000,1094,9486336,1095,5]
07-30 11:40:16.181 10034  2989  3126 I sysui_multi_action: [757,1093,758,4,793,10025,1094,9486336,1095,5]
07-30 11:40:18.176 10034  2989  3126 I sysui_multi_action: [757,1093,758,4,793,1995,1094,9486336,1095,5]
07-30 11:40:20.336 10034  2989  3126 I sysui_multi_action: [757,1093,758,4,793,2160,1094,9486336,1095,5]
07-30 11:40:23.187 10034  2989  3126 I sysui_multi_action: [757,1093,758,4,793,2851,1094,9486336,1095,5]
07-30 11:40:25.196 10034  2989  3126 I sysui_multi_action: [757,1093,758,4,793,2009,1094,9486336,1095,5]
07-30 11:40:28.202 10034  2989  3126 I sysui_multi_action: [757,1093,758,4,793,3006,1094,9486336,1095,5]
07-30 11:40:32.210 10034  2989  3126 I sysui_multi_action: [757,1093,758,4,793,4008,1094,9486336,1095,5]
07-30 11:40:35.202 10034  2989  3126 I sysui_multi_action: [757,1093,758,4,793,2992,1094,9486336,1095,5]
07-30 11:40:38.220 10034  2989  3126 I sysui_multi_action: [757,1093,758,4,793,3018,1094,9486336,1095,5]
07-30 11:40:41.226 10034  2989  3126 I sysui_multi_action: [757,1093,758,4,793,3006,1094,9486336,1095,5]
07-30 11:40:44.222 10034  2989  3126 I sysui_multi_action: [757,1093,758,4,793,2996,1094,9486336,1095,5]
07-30 11:40:50.256 10034  2989  3126 I sysui_multi_action: [757,1093,758,4,793,6034,1094,9486336,1095,5]
07-30 11:41:04.251 10034  2989  3126 I sysui_multi_action: [757,1093,758,4,793,13995,1094,9486336,1095,5]
07-30 11:41:08.285 10034  2989  3126 I sysui_multi_action: [757,1093,758,4,793,4033,1094,9486336,1095,5]
07-30 11:41:10.390 10034  2989  3126 I sysui_multi_action: [757,1093,758,4,793,2106,1094,9486336,1095,5]
07-30 11:41:12.306 10034  2989  3126 I sysui_multi_action: [757,1093,758,4,793,1916,1094,9486336,1095,5]
07-30 11:41:14.284 10034  2989  3126 I sysui_multi_action: [757,1093,758,4,793,1977,1094,9486336,1095,5]
07-30 11:41:18.285 10034  2989  3126 I sysui_multi_action: [757,1093,758,4,793,4002,1094,9486336,1095,5]
07-30 11:41:23.326 10034  2989  3126 I sysui_multi_action: [757,1093,758,4,793,5041,1094,9486336,1095,5]
07-30 11:41:25.336 10034  2989  3126 I sysui_multi_action: [757,1093,758,4,793,2010,1094,9486336,1095,5]
07-30 11:41:29.336 10034  2989  3126 I sysui_multi_action: [757,1093,758,4,793,4000,1094,9486336,1095,5]
07-30 11:41:31.326 10034  2989  3126 I sysui_multi_action: [757,1093,758,4,793,1990,1094,9486336,1095,5]
07-30 11:41:37.357 10034  2989  3126 I sysui_multi_action: [757,1093,758,4,793,6031,1094,9486336,1095,5]
07-30 11:41:42.408 10034  2989  3126 I sysui_multi_action: [757,1093,758,4,793,5051,1094,9486336,1095,5]
07-30 11:41:47.384 10034  2989  3126 I sysui_multi_action: [757,1093,758,4,793,4976,1094,9486336,1095,5]
07-30 11:41:49.368 10034  2989  3126 I sysui_multi_action: [757,1093,758,4,793,1984,1094,9486336,1095,5]
07-30 11:41:54.366 10034  2989  3126 I sysui_multi_action: [757,1093,758,4,793,4998,1094,9486336,1095,5]
07-30 11:41:55.406 10034  2989  3126 I sysui_multi_action: [757,1093,758,4,793,1040,1094,9486336,1095,5]
07-30 11:41:57.404 10034  2989  3126 I sysui_multi_action: [757,1093,758,4,793,1998,1094,9486336,1095,5]
07-30 11:41:58.465 10034  2989  3126 I sysui_multi_action: [757,1093,758,4,793,1061,1094,9486336,1095,5]
07-30 11:42:00.406 10034  2989  3126 I sysui_multi_action: [757,1093,758,4,793,1941,1094,9486336,1095,5]
07-30 11:42:02.403 10034  2989  3126 I sysui_multi_action: [757,1093,758,4,793,1997,1094,9486336,1095,5]
