07-30 08:02:45.600  1000  2741  2767 I sysui_count: [window_time_0,6]
07-30 08:02:52.464  1000  2741  2767 I sysui_count: [window_time_0,7]
07-30 08:02:52.566  1000  2741  2767 I sysui_count: [window_time_0,0]
07-30 08:03:05.312  1000  2741  2767 I sysui_count: [window_time_0,9]
07-30 08:03:05.622  1000  2741  2767 I sysui_count: [window_time_0,0]
07-30 08:03:05.696  1000  2741  2767 I sysui_count: [window_time_0,0]
07-30 08:03:06.716  1000  2741  2767 I sysui_count: [window_time_0,1]
07-30 08:03:07.545  1000  2741  2767 I sysui_count: [window_time_0,1]
07-30 08:03:17.367  1000  2741  2767 I sysui_count: [window_time_0,10]
07-30 08:03:22.783  1000  2741  2767 I sysui_count: [window_time_0,5]
07-30 08:03:22.808  1000  2741  2767 I sysui_count: [window_time_0,0]
07-30 08:03:24.219  1000  2741  2767 I sysui_count: [window_time_0,1]
07-30 08:03:28.110  1000  2741  2767 I sysui_count: [window_time_0,4]
07-30 08:03:28.131  1000  2741  2767 I sysui_count: [window_time_0,0]
07-30 08:03:30.129  1000  2741  2767 I sysui_count: [window_time_0,2]
07-30 08:03:31.688  1000  2741  2767 I sysui_count: [window_time_0,2]
07-30 08:03:31.699  1000  2741  2767 I sysui_count: [window_time_0,0]
07-30 08:03:38.292  1000  2741  2767 I sysui_count: [window_time_0,7]
07-30 08:03:40.099 10034  2989  2989 I sysui_count: [note_peek,1]
07-30 08:03:46.893  1000  2741  2767 I sysui_count: [window_time_0,8]
07-30 08:04:56.291  1000  2741  2767 I sysui_count: [window_time_0,70]
07-30 08:10:30.039  1000  2741  2767 I sysui_count: [window_time_0,334]
07-30 08:10:34.602  1000  2741  2767 I sysui_count: [window_time_0,5]
07-30 08:11:10.824  1000  2741  2767 I sysui_count: [window_time_0,36]
07-30 08:11:10.854  1000  2741  2767 I sysui_count: [window_time_0,0]
07-30 08:11:14.452  1000  2741  2767 I sysui_count: [window_time_0,4]
07-30 08:11:18.157  1000  2741  2767 I sysui_count: [window_time_0,4]
07-30 08:12:01.431  1000  2741  2767 I sysui_count: [window_time_0,43]
07-30 08:12:01.580  1000  2741  2767 I sysui_count: [window_time_0,0]
07-30 08:12:01.589  1000  2741  2767 I sysui_count: [window_time_0,0]
07-30 08:12:01.619  1000  2741  2767 I sysui_count: [window_time_0,0]
07-30 08:12:01.629  1000  2741  2767 I sysui_count: [window_time_0,0]
07-30 08:13:02.083  1000  2741  2767 I sysui_count: [window_time_0,60]
07-30 08:13:24.286  1000  2741  2767 I sysui_count: [window_time_0,23]
07-30 08:13:31.828  1000  2741  2767 I sysui_count: [window_time_0,7]
07-30 08:13:31.849  1000  2741  2767 I sysui_count: [window_time_0,0]
07-30 08:17:42.412 10034  2989  2989 I sysui_count: [note_peek,1]
07-30 08:17:50.919  1000  2741  2767 I sysui_count: [window_time_0,259]
07-30 08:21:17.105  1000  2741  2767 I sysui_count: [window_time_0,206]
07-30 08:21:26.818  1000  2741  2767 I sysui_count: [window_time_0,10]
07-30 08:21:26.846  1000  2741  2767 I sysui_count: [window_time_0,0]
07-30 08:22:37.926  1000  2741  2767 I sysui_count: [window_time_0,71]
07-30 08:22:39.242  1000  2741  2767 I sysui_count: [window_time_0,2]
07-30 08:22:43.606  1000  2741  2767 I sysui_count: [window_time_0,4]
07-30 08:22:43.630  1000  2741  2767 I sysui_count: [window_time_0,0]
07-30 08:22:44.567  1000  2741  2767 I sysui_count: [window_time_0,1]
07-30 08:22:44.589  1000  2741  2767 I sysui_count: [window_time_0,0]
07-30 08:26:03.111  1000  2741  2767 I sysui_count: [window_time_0,198]
07-30 08:26:04.370  1000  2741  2767 I sysui_count: [window_time_0,2]
07-30 08:26:06.907  1000  2741  2767 I sysui_count: [window_time_0,2]
07-30 08:26:06.928  1000  2741  2767 I sysui_count: [window_time_0,0]
07-30 08:26:07.891  1000  2741  2767 I sysui_count: [window_time_0,1]
07-30 08:26:07.913  1000  2741  2767 I sysui_count: [window_time_0,0]
07-30 08:26:49.443  1000  2741  2767 I sysui_count: [window_time_0,42]
07-30 08:28:23.805  1000  2741  2767 I sysui_count: [window_time_0,94]
07-30 08:28:23.827  1000  2741  2767 I sysui_count: [window_time_0,0]
07-30 08:28:25.740  1000  2741  2767 I sysui_count: [window_time_0,2]
07-30 08:28:26.965  1000  2741  2767 I sysui_count: [window_time_0,1]
07-30 08:28:28.097  1000  2741  2767 I sysui_count: [window_time_0,1]
07-30 08:28:28.126  1000  2741  2767 I sysui_count: [window_time_0,0]
07-30 08:28:41.815  1000  2741  2767 I sysui_count: [window_time_0,14]
07-30 08:29:52.457  1000  2741  2767 I sysui_count: [window_time_0,71]
07-30 08:29:52.491  1000  2741  2767 I sysui_count: [window_time_0,0]
07-30 08:29:54.982  1000  2741  2767 I sysui_count: [window_time_0,2]
07-30 08:29:57.037  1000  2741  2767 I sysui_count: [window_time_0,2]
07-30 08:29:57.064  1000  2741  2767 I sysui_count: [window_time_0,0]
07-30 08:31:20.003  1000  2741  2767 I sysui_count: [window_time_0,83]
07-30 08:31:23.405  1000  2741  2767 I sysui_count: [window_time_0,4]
07-30 08:31:23.429  1000  2741  2767 I sysui_count: [window_time_0,0]
07-30 08:31:35.249  1000  2741  2767 I sysui_count: [window_time_0,12]
07-30 08:32:10.525 10034  2989  2989 I sysui_count: [note_peek,1]
07-30 08:32:11.190 10034  2989  2989 I sysui_count: [panel_open,1]
07-30 08:32:11.190 10034  2989  2989 I sysui_count: [panel_open_peek,1]
07-30 08:32:15.424  1000  2741  2767 I sysui_count: [window_time_0,40]
07-30 08:32:15.435  1000  2741  2767 I sysui_count: [window_time_0,0]
07-30 08:32:17.555  1000  2741  2767 I sysui_count: [window_time_0,2]
07-30 08:32:29.303 10034  2989  2989 I sysui_count: [note_peek,1]
07-30 08:32:31.770  1000  2741  2767 I sysui_count: [window_time_0,14]
07-30 08:32:31.778  1000  2741  2767 I sysui_count: [window_time_0,0]
07-30 08:32:37.623 10034  2989  2989 I sysui_count: [note_peek,1]
07-30 08:46:43.990  1000  2741  2767 I sysui_count: [window_time_0,852]
07-30 08:47:45.043  1000  2741  2767 I sysui_count: [window_time_0,61]
07-30 09:07:02.723  1000  2741  2767 I sysui_count: [window_time_0,1158]
07-30 09:07:14.574  1000  2741  2767 I sysui_count: [window_time_0,12]
07-30 09:07:14.994  1000  2741  2767 I sysui_count: [window_time_0,0]
07-30 09:07:15.064  1000  2741  2767 I sysui_count: [window_time_0,0]
07-30 09:08:14.578  1000  2741  2767 I sysui_count: [window_time_0,60]
07-30 09:08:14.614  1000  2741  2767 I sysui_count: [window_time_0,0]
07-30 09:08:14.615  1000  2741  2767 I sysui_count: [window_time_0,0]
07-30 09:08:14.644  1000  2741  2767 I sysui_count: [window_time_0,0]
07-30 09:08:14.834  1000  2741  2767 I sysui_count: [window_time_0,0]
07-30 09:08:15.021  1000  2741  2767 I sysui_count: [window_time_0,0]
07-30 09:08:15.095  1000  2741  2767 I sysui_count: [window_time_0,0]
07-30 09:08:16.599  1000  2741  2767 I sysui_count: [window_time_0,2]
07-30 09:08:19.626  1000  2741  2767 I sysui_count: [window_time_0,3]
07-30 09:09:38.814 10034  2989  2989 I sysui_count: [note_peek,1]
07-30 09:09:40.037 10034  2989  2989 I sysui_count: [panel_open,1]
07-30 09:09:40.037 10034  2989  2989 I sysui_count: [panel_open_peek,1]
07-30 09:09:55.012  1000  2741  2767 I sysui_count: [window_time_0,95]
07-30 09:09:56.899  1000  2741  2767 I sysui_count: [window_time_0,2]
07-30 09:09:56.955  1000  2741  2767 I sysui_count: [window_time_0,0]
07-30 09:12:38.317 10034  2989  2989 I sysui_count: [note_peek,1]
07-30 09:12:40.562  1000 15601 15619 I sysui_count: [fuelgauge.PowerUsageSummary/screen_timeout_battery|60000,1]
07-30 09:12:41.811  1000  2741  2767 I sysui_count: [window_time_0,165]
07-30 09:12:41.811  1000  2741  2767 I sysui_count: [window_time_0,0]
07-30 09:12:47.073  1000  2741  2767 I sysui_count: [window_time_0,5]
07-30 09:12:49.009 10034  2989  2989 I sysui_count: [panel_open,1]
07-30 09:25:35.092 10034  2989  2989 I sysui_count: [note_peek,1]
07-30 09:25:37.715 10034  2989  2989 I sysui_count: [panel_open,1]
07-30 09:25:37.716 10034  2989  2989 I sysui_count: [panel_open_peek,1]
07-30 09:32:13.672  1000  2741  2767 I sysui_count: [window_time_0,1167]
07-30 10:11:28.663  1000  2741  2767 I sysui_count: [window_time_0,2356]
07-30 10:11:34.499  1000  2741  2767 I sysui_count: [window_time_0,6]
07-30 10:11:38.052  1000  2741  2767 I sysui_count: [window_time_0,4]
07-30 10:11:38.079  1000  2741  2767 I sysui_count: [window_time_0,0]
07-30 10:11:41.546  1000  2741  2767 I sysui_count: [window_time_0,3]
07-30 10:11:44.133  1000  2741  2767 I sysui_count: [window_time_0,3]
07-30 10:11:44.154  1000  2741  2767 I sysui_count: [window_time_0,0]
07-30 10:11:46.084  1000  2741  2767 I sysui_count: [window_time_0,2]
07-30 10:11:59.172  1000  2741  2767 I sysui_count: [window_time_0,13]
07-30 10:12:02.050  1000  2741  2767 I sysui_count: [window_time_0,3]
07-30 10:12:02.085  1000  2741  2767 I sysui_count: [window_time_0,0]
07-30 10:12:02.105  1000  2741  2767 I sysui_count: [window_time_0,0]
07-30 10:12:02.257  1000  2741  2767 I sysui_count: [window_time_0,0]
07-30 10:12:07.903  1000  2741 16369 I sysui_count: [key_back_down,1]
07-30 10:12:07.975  1000  2741  2767 I sysui_count: [window_time_0,6]
07-30 10:12:08.002  1000  2741  2767 I sysui_count: [window_time_0,0]
07-30 10:12:17.890  1000  2741  2767 I sysui_count: [window_time_0,10]
07-30 10:12:28.225  1000  2741  2767 I sysui_count: [window_time_0,10]
07-30 10:12:31.083  1000  2741  2767 I sysui_count: [window_time_0,3]
07-30 10:12:33.481  1000  2741  2767 I sysui_count: [window_time_0,2]
07-30 10:12:33.499  1000  2741  2767 I sysui_count: [window_time_0,0]
07-30 10:12:35.278  1000  2741  2767 I sysui_count: [window_time_0,2]
07-30 10:12:45.916  1000  2741  2767 I sysui_count: [window_time_0,11]
07-30 10:12:45.941  1000  2741  2767 I sysui_count: [window_time_0,0]
07-30 10:12:47.258  1000  2741  2767 I sysui_count: [window_time_0,1]
07-30 10:12:53.684  1000  2741  2767 I sysui_count: [window_time_0,6]
07-30 10:13:04.804  1000  2741  2767 I sysui_count: [window_time_0,10]
07-30 10:13:17.268  1000  2741  2767 I sysui_count: [window_time_0,12]
07-30 10:13:24.750  1000  2741  2767 I sysui_count: [window_time_0,7]
07-30 10:13:53.999  1000  2741  2767 I sysui_count: [window_time_0,30]
07-30 10:17:41.054  1000  2741  2767 I sysui_count: [window_time_0,227]
07-30 10:17:47.319  1000  2741  2767 I sysui_count: [window_time_0,6]
07-30 10:17:48.908  1000  2741  2767 I sysui_count: [window_time_0,2]
07-30 10:18:09.164  1000  2741  2767 I sysui_count: [window_time_0,20]
07-30 10:18:51.809  1000  2741  2767 I sysui_count: [window_time_0,42]
07-30 10:18:52.169  1000  2741  2767 I sysui_count: [window_time_0,1]
07-30 10:18:52.217  1000  2741  2767 I sysui_count: [window_time_0,0]
07-30 10:18:54.722  1000  2741  2767 I sysui_count: [window_time_0,2]
07-30 10:19:56.742  1000  2741  2767 I sysui_count: [window_time_0,62]
07-30 10:31:08.163  1000  2741  2767 I sysui_count: [window_time_0,672]
07-30 10:31:10.111  1000  2741  2767 I sysui_count: [window_time_0,2]
07-30 10:31:10.147  1000  2741  2767 I sysui_count: [window_time_0,0]
07-30 10:31:10.682  1000  2741  2767 I sysui_count: [window_time_0,0]
07-30 10:31:10.701  1000  2741  2767 I sysui_count: [window_time_0,0]
07-30 10:31:13.639  1000  2741  2767 I sysui_count: [window_time_0,3]
07-30 10:31:15.275  1000  2741  2767 I sysui_count: [window_time_0,2]
07-30 10:31:15.485  1000  2741  2767 I sysui_count: [window_time_0,0]
07-30 10:31:15.563  1000  2741  2767 I sysui_count: [window_time_0,0]
07-30 10:32:34.853  1000  2741  2767 I sysui_count: [window_time_0,79]
07-30 10:32:36.380  1000  2741  2767 I sysui_count: [window_time_0,2]
07-30 10:34:06.395  1000  2741  2767 I sysui_count: [window_time_0,90]
07-30 10:42:01.688  1000  2741  2767 I sysui_count: [window_time_0,475]
07-30 10:42:01.717  1000  2741  2767 I sysui_count: [window_time_0,0]
07-30 10:43:06.068  1000  2741  2767 I sysui_count: [window_time_0,65]
07-30 10:43:09.254  1000  2741  2767 I sysui_count: [window_time_0,3]
07-30 10:43:52.535  1000  2741  2767 I sysui_count: [window_time_0,43]
07-30 10:43:57.429  1000  2741  2767 I sysui_count: [window_time_0,5]
07-30 10:43:57.461  1000  2741  2767 I sysui_count: [window_time_0,0]
07-30 10:44:06.886  1000  2741  2767 I sysui_count: [window_time_0,10]
07-30 10:44:08.761  1000  2741  2767 I sysui_count: [window_time_0,1]
07-30 10:44:08.789  1000  2741  2767 I sysui_count: [window_time_0,0]
07-30 10:45:17.991  1000  2741  2767 I sysui_count: [window_time_0,70]
07-30 10:45:24.510  1000  2741  2767 I sysui_count: [window_time_0,6]
07-30 10:45:24.538  1000  2741  2767 I sysui_count: [window_time_0,0]
07-30 10:46:18.988  1000  2741  2767 I sysui_count: [window_time_0,55]
07-30 10:46:20.403  1000  2741  2767 I sysui_count: [window_time_0,1]
07-30 10:46:31.690  1000  2741  2767 I sysui_count: [window_time_0,11]
07-30 10:46:31.716  1000  2741  2767 I sysui_count: [window_time_0,0]
07-30 10:46:32.844  1000  2741  2767 I sysui_count: [window_time_0,2]
07-30 10:46:32.869  1000  2741  2767 I sysui_count: [window_time_0,0]
07-30 10:46:52.624  1000  2741  2767 I sysui_count: [window_time_0,19]
07-30 10:46:54.277  1000  2741  2767 I sysui_count: [window_time_0,2]
07-30 10:46:55.325  1000  2741  2767 I sysui_count: [window_time_0,1]
07-30 10:47:01.010  1000  2741  2767 I sysui_count: [window_time_0,6]
07-30 10:47:10.425  1000  2741  2767 I sysui_count: [window_time_0,9]
07-30 10:47:12.120  1000  2741  2767 I sysui_count: [window_time_0,2]
07-30 11:25:27.905  1000  2741  2767 I sysui_count: [window_time_0,2296]
07-30 11:25:38.171  1000  2741  2767 I sysui_count: [window_time_0,10]
07-30 11:26:36.278  1000  2741  2767 I sysui_count: [window_time_0,58]
07-30 11:26:38.469 10034  2989  2989 I sysui_count: [note_peek,1]
07-30 11:27:06.397 10034  2989  2989 I sysui_count: [note_peek,1]
07-30 11:27:15.846 10034  2989  2989 I sysui_count: [note_peek,1]
07-30 11:27:18.414  1000  2741  2767 I sysui_count: [window_time_0,42]
07-30 11:27:18.415  1000  2741  2767 I sysui_count: [window_time_0,0]
07-30 11:27:20.174  1000  2741  2767 I sysui_count: [window_time_0,2]
07-30 11:27:35.740  1000  2741  2767 I sysui_count: [window_time_0,16]
07-30 11:27:35.773  1000  2741  2767 I sysui_count: [window_time_0,0]
07-30 11:27:41.573  1000  2741  2767 I sysui_count: [window_time_0,6]
07-30 11:27:44.107  1000  2741  2767 I sysui_count: [window_time_0,2]
07-30 11:27:47.802  1000  2741  2767 I sysui_count: [window_time_0,4]
07-30 11:28:23.594 10034  2989  2989 I sysui_count: [panel_open,1]
07-30 11:28:23.669 10034  2989  2989 I sysui_count: [panel_open,1]
07-30 11:28:24.800 10034  2989  2989 I sysui_count: [panel_open,1]
07-30 11:29:32.949  1000  2741  2767 I sysui_count: [window_time_0,105]
07-30 11:31:16.752  1000  2741  2767 I sysui_count: [window_time_0,104]
07-30 11:31:18.380  1000  2741  2767 I sysui_count: [window_time_0,1]
07-30 11:34:34.673  1000  2741  2767 I sysui_count: [window_time_0,196]
07-30 11:36:24.320  1000  2741  2767 I sysui_count: [window_time_0,110]
07-30 11:38:28.273 10034  2989  2989 I sysui_count: [note_peek,1]
07-30 11:38:56.861 10034  2989  2989 I sysui_count: [note_peek,1]
07-30 11:39:30.319 10034  2989  2989 I sysui_count: [note_peek,1]
07-30 11:39:38.783 10034  2989  2989 I sysui_count: [note_peek,1]
07-30 11:43:08.161  1000  2741  2767 I sysui_count: [window_time_0,404]
07-30 11:43:14.556  1000  2741  2767 I sysui_count: [window_time_0,6]
07-30 11:43:40.130 10034  2989  2989 I sysui_count: [note_peek,1]
07-30 11:43:48.166 10034  2989  2989 I sysui_count: [note_peek,1]
07-30 11:43:52.846 10034  2989  2989 I sysui_count: [note_peek,1]
07-30 11:43:58.534 10034  2989  2989 I sysui_count: [note_peek,1]
07-30 11:45:57.376  1000  2741  2767 I sysui_count: [window_time_0,163]
07-30 11:46:57.823  1000  2741  2767 I sysui_count: [window_time_0,60]
07-30 11:47:46.977  1000  2741  2767 I sysui_count: [window_time_0,49]
07-30 11:47:49.467  1000  2741  2767 I sysui_count: [window_time_0,3]
07-30 11:47:49.486  1000  2741  2767 I sysui_count: [window_time_0,0]
07-30 11:47:53.272  1000  2741  2767 I sysui_count: [window_time_0,4]
07-30 11:48:03.567  1000  2741  2767 I sysui_count: [window_time_0,10]
07-30 11:48:03.590  1000  2741  2767 I sysui_count: [window_time_0,0]
07-30 11:48:26.076  1000  2741  2767 I sysui_count: [window_time_0,23]
07-30 11:48:31.605  1000  2741  2767 I sysui_count: [window_time_0,5]
07-30 11:48:31.625  1000  2741  2767 I sysui_count: [window_time_0,0]
07-30 11:49:03.232 10034  2989  2989 I sysui_count: [note_peek,1]
07-30 11:49:08.530  1000  2741  2767 I sysui_count: [window_time_0,37]
07-30 11:49:45.241  1000  2741  2767 I sysui_count: [window_time_0,37]
07-30 11:50:45.641  1000  2741  2767 I sysui_count: [window_time_0,60]
07-30 11:57:27.634  1000  2741  2767 I sysui_count: [window_time_0,403]
07-30 11:57:43.986  1000  2741  2767 I sysui_count: [window_time_0,16]
07-30 11:57:55.710  1000  2741  2767 I sysui_count: [window_time_0,12]
07-30 11:58:04.420  1000  2741  2767 I sysui_count: [window_time_0,9]
07-30 11:58:04.452  1000  2741  2767 I sysui_count: [window_time_0,0]
07-30 11:58:07.376  1000  2741  2767 I sysui_count: [window_time_0,3]
07-30 11:58:12.548 10034  2989  2989 I sysui_count: [note_peek,1]
07-30 11:58:16.313  1000  2741  2767 I sysui_count: [window_time_0,8]
07-30 11:58:16.331  1000  2741  2767 I sysui_count: [window_time_0,0]
07-30 11:58:21.895  1000  2741  2767 I sysui_count: [window_time_0,6]
07-30 11:58:27.482  1000  2741  2767 I sysui_count: [window_time_0,5]
07-30 11:58:27.509  1000  2741  2767 I sysui_count: [window_time_0,0]
07-30 11:58:30.715  1000  2741  2767 I sysui_count: [window_time_0,3]
07-30 11:58:31.915  1000  2741  2767 I sysui_count: [window_time_0,2]
07-30 11:58:31.939  1000  2741  2767 I sysui_count: [window_time_0,0]
07-30 11:58:33.626  1000  2741  2767 I sysui_count: [window_time_0,1]
07-30 11:58:45.238  1000  2741  2767 I sysui_count: [window_time_0,12]
07-30 11:58:49.851  1000  2741  2767 I sysui_count: [window_time_0,5]
07-30 11:58:57.793  1000  2741  2767 I sysui_count: [window_time_0,8]
07-30 11:58:59.093  1000  2741  2767 I sysui_count: [window_time_0,1]
07-30 11:59:04.013  1000  2741  2767 I sysui_count: [window_time_0,5]
07-30 11:59:17.051  1000  2741  2767 I sysui_count: [window_time_0,13]
07-30 11:59:17.097  1000  2741  2767 I sysui_count: [window_time_0,0]
07-30 11:59:24.025  1000  2741  2767 I sysui_count: [window_time_0,7]
07-30 12:04:24.158  1000  2741  2767 I sysui_count: [window_time_0,300]
07-30 12:04:24.194  1000  2741  2767 I sysui_count: [window_time_0,0]
07-30 12:04:27.722 10034  2989  2989 I sysui_count: [note_peek,1]
07-30 12:04:27.745  1000  2741  2767 I sysui_count: [window_time_0,3]
07-30 12:05:00.189  1000  2741  2767 I sysui_count: [window_time_0,32]
07-30 12:05:00.238  1000  2741  2767 I sysui_count: [window_time_0,0]
07-30 12:05:00.824  1000  2741  2767 I sysui_count: [window_time_0,1]
07-30 12:05:05.631  1000  2741  2767 I sysui_count: [window_time_0,5]
07-30 12:06:11.101  1000  2741  2767 I sysui_count: [window_time_0,67]
07-30 12:06:11.133  1000  2741  2767 I sysui_count: [window_time_0,0]
07-30 12:06:14.122  1000  2741  2767 I sysui_count: [window_time_0,3]
07-30 12:06:22.675  1000  2741  2767 I sysui_count: [window_time_0,7]
07-30 12:06:25.748  1000  2741  2767 I sysui_count: [window_time_0,3]
07-30 12:07:45.899  1000  2741  2767 I sysui_count: [window_time_0,81]
07-30 12:07:47.947  1000  2741  2767 I sysui_count: [window_time_0,2]
07-30 12:07:47.965  1000  2741  2767 I sysui_count: [window_time_0,0]
07-30 12:07:49.444  1000  2741  2767 I sysui_count: [window_time_0,1]
07-30 12:07:58.422  1000  2741  2767 I sysui_count: [window_time_0,10]
07-30 12:07:58.450  1000  2741  2767 I sysui_count: [window_time_0,0]
07-30 12:08:02.025  1000  2741  2767 I sysui_count: [window_time_0,3]
07-30 12:08:05.705  1000  2741  2767 I sysui_count: [window_time_0,4]
07-30 12:09:15.901  1000  2741  2767 I sysui_count: [window_time_0,69]
07-30 12:09:15.928  1000  2741  2767 I sysui_count: [window_time_0,0]
07-30 12:09:17.754  1000  2741  2767 I sysui_count: [window_time_0,2]
07-30 12:09:22.631  1000  2741  2767 I sysui_count: [window_time_0,5]
07-30 12:10:27.902  1000  2741  2767 I sysui_count: [window_time_0,66]
07-30 12:12:33.324 10034  2989  2989 I sysui_count: [panel_open,1]
07-30 12:12:45.491  1000  2741  2767 I sysui_count: [window_time_0,137]
07-30 12:12:46.781  1000  2741  2767 I sysui_count: [window_time_0,1]
07-30 12:12:51.092  1000  2741  2767 I sysui_count: [window_time_0,4]
07-30 12:12:53.645  1000  2741  2767 I sysui_count: [window_time_0,3]
07-30 12:13:19.648 10034  2989  2989 I sysui_count: [note_peek,1]
07-30 12:13:53.864  1000  2741  2767 I sysui_count: [window_time_0,60]
07-30 12:15:19.799  1000  2741  2767 I sysui_count: [window_time_0,86]
07-30 12:22:28.297  1000  2741  3961 I sysui_count: [key_back_down,1]
07-30 12:22:28.327  1000  2741  2767 I sysui_count: [window_time_0,429]
07-30 12:22:28.347  1000  2741  2767 I sysui_count: [window_time_0,0]
07-30 12:22:29.252  1000  2741 16369 I sysui_count: [key_back_down,1]
07-30 12:22:29.311  1000  2741  2767 I sysui_count: [window_time_0,1]
07-30 12:22:29.330  1000  2741  2767 I sysui_count: [window_time_0,0]
07-30 12:22:30.998  1000  2741  3961 I sysui_count: [key_back_down,1]
07-30 12:22:31.803  1000  2741 21980 I sysui_count: [key_back_down,1]
07-30 12:22:31.841  1000  2741  2767 I sysui_count: [window_time_0,2]
07-30 12:22:31.858  1000  2741  2767 I sysui_count: [window_time_0,0]
07-30 12:22:32.795  1000  2741  3961 I sysui_count: [key_back_down,1]
07-30 12:22:32.854  1000  2741  2767 I sysui_count: [window_time_0,1]
07-30 12:22:32.874  1000  2741  2767 I sysui_count: [window_time_0,0]
07-30 12:22:34.353  1000  2741  2767 I sysui_count: [window_time_0,2]
07-30 12:22:39.155  1000  2741  2767 I sysui_count: [window_time_0,5]
07-30 12:22:39.188  1000  2741  2767 I sysui_count: [window_time_0,0]
07-30 12:22:40.650  1000  2741  2767 I sysui_count: [window_time_0,2]
07-30 12:22:48.961  1000  2741  2767 I sysui_count: [window_time_0,8]
07-30 12:22:48.982  1000  2741  2767 I sysui_count: [window_time_0,0]
07-30 12:22:52.488  1000  2741  2767 I sysui_count: [window_time_0,3]
07-30 12:22:54.218  1000  2741  2767 I sysui_count: [window_time_0,2]
07-30 12:23:00.877  1000  2741 15709 I sysui_count: [key_back_down,1]
07-30 12:23:01.025  1000  2741  2767 I sysui_count: [window_time_0,7]
07-30 12:23:01.049  1000  2741  2767 I sysui_count: [window_time_0,0]
07-30 12:23:22.381  1000  2741  2767 I sysui_count: [window_time_0,21]
07-30 12:24:32.151  1000  2741  2767 I sysui_count: [window_time_0,70]
07-30 12:24:37.861  1000  2741  2767 I sysui_count: [window_time_0,6]
07-30 12:24:39.184  1000  2741  2767 I sysui_count: [window_time_0,1]
07-30 12:24:39.204  1000  2741  2767 I sysui_count: [window_time_0,0]
07-30 12:24:46.067  1000  2741  2767 I sysui_count: [window_time_0,7]
07-30 12:24:51.829  1000  2741  2767 I sysui_count: [window_time_0,6]
07-30 12:24:51.855  1000  2741  2767 I sysui_count: [window_time_0,0]
07-30 12:24:53.722  1000  2741  2767 I sysui_count: [window_time_0,2]
07-30 12:25:54.151  1000  2741  2767 I sysui_count: [window_time_0,60]
07-30 12:28:11.087  1000  2741  2767 I sysui_count: [window_time_0,137]
07-30 12:28:14.746  1000  2741  2767 I sysui_count: [window_time_0,4]
07-30 12:29:13.551  1000  2741  2767 I sysui_count: [window_time_0,58]
07-30 12:29:13.570  1000  2741  2767 I sysui_count: [window_time_0,0]
07-30 12:29:15.835  1000  2741  2767 I sysui_count: [window_time_0,2]
07-30 12:30:25.465 10034  2989  2989 I sysui_count: [note_peek,1]
07-30 12:30:54.279  1000  2741  2767 I sysui_count: [window_time_0,99]
07-30 12:30:54.306  1000  2741  2767 I sysui_count: [window_time_0,0]
07-30 12:30:56.084  1000  2741  2767 I sysui_count: [window_time_0,2]
07-30 12:30:58.464 10034  2989  2989 I sysui_count: [panel_open,1]
07-30 12:31:10.752 10034  2989  2989 I sysui_count: [panel_open,1]
07-30 12:31:11.743  1000  2741  2767 I sysui_count: [window_time_0,15]
07-30 12:31:13.067  1000  2741  2767 I sysui_count: [window_time_0,2]
07-30 12:31:17.524  1000  2741  2767 I sysui_count: [window_time_0,4]
07-30 12:31:19.697  1000  2741  2767 I sysui_count: [window_time_0,2]
07-30 12:31:21.071  1000  2741  2767 I sysui_count: [window_time_0,2]
07-30 12:31:21.072  1000  2741  2767 I sysui_count: [window_time_0,0]
07-30 12:31:35.256  1000  2741  2767 I sysui_count: [window_time_0,14]
07-30 12:32:36.468  1000  2741  2767 I sysui_count: [window_time_0,61]
07-30 12:34:19.876  1000  2741  2767 I sysui_count: [window_time_0,103]
07-30 12:34:21.696  1000  2741  2767 I sysui_count: [window_time_0,2]
07-30 12:34:39.181 10034  2989  2989 I sysui_count: [note_peek,1]
07-30 12:35:32.532  1000  2741  2767 I sysui_count: [window_time_0,71]
07-30 12:35:37.427  1000  2741  2767 I sysui_count: [window_time_0,5]
07-30 12:35:39.746  1000  2741  2767 I sysui_count: [window_time_0,2]
07-30 12:36:39.862  1000  2741  2767 I sysui_count: [window_time_0,61]
07-30 12:44:58.076  1000  2741  2767 I sysui_count: [window_time_0,498]
07-30 12:45:01.672  1000  2741  2767 I sysui_count: [window_time_0,3]
07-30 12:45:07.732  1000  2741  2767 I sysui_count: [window_time_0,7]
07-30 12:45:11.297  1000  2741  2767 I sysui_count: [window_time_0,3]
07-30 12:46:17.264  1000  2741  2767 I sysui_count: [window_time_0,66]
07-30 12:46:21.003  1000  2741  2767 I sysui_count: [window_time_0,4]
07-30 12:46:25.274  1000  2741  2767 I sysui_count: [window_time_0,4]
07-30 12:46:25.298  1000  2741  2767 I sysui_count: [window_time_0,0]
07-30 12:46:28.306  1000  2741  2767 I sysui_count: [window_time_0,3]
07-30 12:46:30.059  1000  2741  2767 I sysui_count: [window_time_0,2]
07-30 12:46:37.924  1000  2741  2767 I sysui_count: [window_time_0,8]
07-30 12:46:41.083  1000  2741  2767 I sysui_count: [window_time_0,3]
07-30 12:47:13.516  1000  2741  2767 I sysui_count: [window_time_0,32]
07-30 13:08:25.733 10034  2989  2989 I sysui_count: [note_fullscreen,1]
07-30 13:08:25.793 10034  2989  2989 I sysui_count: [note_fullscreen,1]
07-30 13:08:26.072  1000  2741  2767 I sysui_count: [window_time_0,1273]
07-30 13:08:51.382  1000  2741  2767 I sysui_count: [window_time_0,25]
07-30 13:08:51.526  1000  2741  2767 I sysui_count: [window_time_0,0]
07-30 13:08:58.339  1000  2741  2767 I sysui_count: [window_time_0,7]
07-30 13:09:01.603  1000  2741  2767 I sysui_count: [window_time_0,3]
07-30 13:09:07.437  1000  2741  2767 I sysui_count: [window_time_0,6]
07-30 13:09:12.526  1000  2741  2767 I sysui_count: [window_time_0,5]
07-30 13:11:26.376  1000  2741  2767 I sysui_count: [window_time_0,134]
07-30 13:11:30.173  1000  2741  2767 I sysui_count: [window_time_0,4]
07-30 13:11:31.632  1000  2741  2767 I sysui_count: [window_time_0,1]
07-30 13:11:32.001  1000  2741  2767 I sysui_count: [window_time_0,1]
07-30 13:11:34.041  1000  2741  2767 I sysui_count: [window_time_0,2]
07-30 13:11:35.657  1000  2741  2767 I sysui_count: [window_time_0,1]
07-30 13:11:44.747  1000  2741  2767 I sysui_count: [window_time_0,9]
07-30 13:12:09.062  1000  2741  2767 I sysui_count: [window_time_0,25]
07-30 13:12:18.499  1000  2741  2767 I sysui_count: [window_time_0,9]
07-30 13:12:20.484  1000  2741  2767 I sysui_count: [window_time_0,2]
07-30 13:12:46.847  1000  2741  2767 I sysui_count: [window_time_0,27]
07-30 13:12:52.559 10034  2989  2989 I sysui_count: [note_peek,1]
07-30 13:12:57.605  1000  2741  2767 I sysui_count: [window_time_0,11]
07-30 13:12:57.606  1000  2741  2767 I sysui_count: [window_time_0,0]
07-30 13:12:57.644  1000  2741  2767 I sysui_count: [window_time_0,0]
07-30 13:12:59.873  1000  2741  2767 I sysui_count: [window_time_0,2]
07-30 13:13:05.971  1000  2741  2767 I sysui_count: [window_time_0,6]
07-30 13:13:17.936  1000  2741  2767 I sysui_count: [window_time_0,12]
07-30 13:13:20.916  1000  2741  2767 I sysui_count: [window_time_0,3]
07-30 13:13:29.805 10034  2989  2989 I sysui_count: [panel_open,1]
07-30 13:13:29.869 10034  2989  2989 I sysui_count: [panel_open,1]
07-30 13:13:30.218 10034  2989  2989 I sysui_count: [panel_open,1]
07-30 13:14:51.890 10034  2989  2989 I sysui_count: [panel_open,1]
07-30 13:15:13.582 10034  2989  2989 I sysui_count: [panel_open,1]
07-30 13:15:13.802 10034  2989  2989 I sysui_count: [panel_open,1]
07-30 13:15:37.720 10034  2989  2989 I sysui_count: [panel_open,1]
07-30 13:15:48.996  1000  2741  2767 I sysui_count: [window_time_0,148]
07-30 13:15:50.629  1000  6964  6964 I sysui_count: [wifi.WifiSettings/switch_bar|false,1]
07-30 13:15:51.148  1000  6964  6964 I sysui_count: [wifi.WifiSettings/switch_bar|true,1]
07-30 13:15:52.609  1000  6964  6964 I sysui_count: [wifi.WifiSettings/switch_bar|false,1]
07-30 13:15:53.102  1000  6964  6964 I sysui_count: [wifi.WifiSettings/switch_bar|true,1]
07-30 13:15:53.947  1000  6964  6964 I sysui_count: [wifi.WifiSettings/switch_bar|false,1]
07-30 13:15:57.295  1000  6964  6964 I sysui_count: [wifi.WifiSettings/switch_bar|true,1]
07-30 13:15:57.734  1000  6964  6964 I sysui_count: [wifi.WifiSettings/switch_bar|false,1]
07-30 13:16:24.114  1000  2741  2767 I sysui_count: [window_time_0,35]
07-30 13:16:24.241  1000  6964 14221 I sysui_count: [fuelgauge.PowerUsageSummary/screen_timeout_battery|60000,1]
07-30 13:16:29.399  1000  2741  2767 I sysui_count: [window_time_0,5]
07-30 13:16:29.928  1000  2741  2767 I sysui_count: [window_time_0,1]
07-30 13:16:30.417  1000  2741  2767 I sysui_count: [window_time_0,0]
07-30 13:16:30.438  1000  2741  2767 I sysui_count: [window_time_0,0]
07-30 13:16:31.551 10034  2989  2989 I sysui_count: [note_peek,1]
07-30 13:16:41.350 10034  2989  2989 I sysui_count: [panel_open,1]
07-30 13:16:41.350 10034  2989  2989 I sysui_count: [panel_open_peek,1]
07-30 13:17:23.221  1000  6964  6964 I sysui_count: [wifi.WifiSettings/switch_bar|true,1]
07-30 13:17:23.412  1000  6964  6964 I sysui_count: [wifi.WifiSettings/switch_bar|false,1]
07-30 13:17:23.769  1000  6964  6964 I sysui_count: [wifi.WifiSettings/switch_bar|true,1]
07-30 13:17:38.314 10034  2989  2989 I sysui_count: [panel_open,1]
07-30 13:17:39.229  1000  6964  6964 I sysui_count: [wifi.WifiSettings/switch_bar|false,1]
07-30 13:17:59.276  1000  6964  6964 I sysui_count: [wifi.WifiSettings/switch_bar|true,1]
07-30 13:18:14.530  1000  6964  6964 I sysui_count: [wifi.WifiSettings/switch_bar|false,1]
07-30 13:18:14.945  1000  6964  6964 I sysui_count: [wifi.WifiSettings/switch_bar|true,1]
07-30 13:18:15.070  1000  6964  6964 I sysui_count: [wifi.WifiSettings/switch_bar|false,1]
07-30 13:18:15.536  1000  6964  6964 I sysui_count: [wifi.WifiSettings/switch_bar|true,1]
07-30 13:18:16.294  1000  6964  6964 I sysui_count: [wifi.WifiSettings/switch_bar|false,1]
07-30 13:18:17.448  1000  6964  6964 I sysui_count: [wifi.WifiSettings/switch_bar|true,1]
07-30 13:18:18.684  1000  6964  6964 I sysui_count: [wifi.WifiSettings/switch_bar|false,1]
07-30 13:18:19.163  1000  6964  6964 I sysui_count: [wifi.WifiSettings/switch_bar|true,1]
07-30 13:18:19.550  1000  6964  6964 I sysui_count: [wifi.WifiSettings/switch_bar|false,1]
07-30 13:18:20.048  1000  6964  6964 I sysui_count: [wifi.WifiSettings/switch_bar|true,1]
07-30 13:18:22.897  1000  2741  2767 I sysui_count: [window_time_0,113]
07-30 13:18:22.918  1000  2741  2767 I sysui_count: [window_time_0,0]
07-30 13:18:33.027 10034  2989  2989 I sysui_count: [panel_open,1]
07-30 13:19:03.146  1000  2741  2767 I sysui_count: [window_time_0,40]
07-30 13:19:05.235  1000  2741  2767 I sysui_count: [window_time_0,2]
07-30 13:19:06.639  1000  2741  2767 I sysui_count: [window_time_0,2]
07-30 13:19:10.452  1000  2741  2767 I sysui_count: [window_time_0,3]
07-30 13:19:13.812  1000  2741  2767 I sysui_count: [window_time_0,4]
07-30 13:24:34.417  1000  2741  2741 I sysui_count: [note_enqueued,1051]
07-30 13:24:34.418  1000  2741  2741 I sysui_count: [note_post,247]
07-30 13:24:34.418  1000  2741  2741 I sysui_count: [note_update,778]
07-30 13:24:34.418  1000  2741  2741 I sysui_count: [note_remove,126]
07-30 13:24:34.418  1000  2741  2741 I sysui_count: [note_with_people,42]
07-30 13:24:34.418  1000  2741  2741 I sysui_count: [note_with_stars,18]
07-30 13:24:34.418  1000  2741  2741 I sysui_count: [people_cache_hit,2445]
07-30 13:24:34.418  1000  2741  2741 I sysui_count: [people_cache_miss,83]
07-30 13:24:34.419  1000  2741  2741 I sysui_count: [note_with_actions,876]
07-30 13:24:34.419  1000  2741  2741 I sysui_count: [note_private,908]
07-30 13:24:34.419  1000  2741  2741 I sysui_count: [note_interupt,194]
07-30 13:24:34.419  1000  2741  2741 I sysui_count: [note_big_text,325]
07-30 13:24:34.419  1000  2741  2741 I sysui_count: [note_fg,15]
07-30 13:24:34.419  1000  2741  2741 I sysui_count: [note_ongoing,39]
07-30 13:24:34.419  1000  2741  2741 I sysui_count: [note_auto,112]
07-30 13:24:34.420  1000  2741  2741 I sysui_count: [note_large_icon,885]
07-30 13:24:34.420  1000  2741  2741 I sysui_count: [note_inbox,97]
07-30 13:24:34.420  1000  2741  2741 I sysui_count: [note_title,1024]
07-30 13:24:34.420  1000  2741  2741 I sysui_count: [note_text,1007]
07-30 13:24:34.420  1000  2741  2741 I sysui_count: [note_sub_text,101]
07-30 13:24:34.420  1000  2741  2741 I sysui_count: [note_over_rate,18]
07-30 13:24:34.421  1000  2741  2741 I sysui_count: [note_imp_noisy_low,21]
07-30 13:24:34.421  1000  2741  2741 I sysui_count: [note_imp_noisy_default,649]
07-30 13:24:34.421  1000  2741  2741 I sysui_count: [note_imp_noisy_high,50]
07-30 13:24:34.421  1000  2741  2741 I sysui_count: [note_imp_quiet_default,289]
07-30 13:24:34.421  1000  2741  2741 I sysui_count: [note_imp_quiet_high,16]
07-30 13:24:34.421  1000  2741  2741 I sysui_count: [note_importance_min,6]
07-30 13:24:34.421  1000  2741  2741 I sysui_count: [note_importance_low,332]
07-30 13:24:34.421  1000  2741  2741 I sysui_count: [note_importance_default,347]
07-30 13:24:34.421  1000  2741  2741 I sysui_count: [note_importance_high,227]
07-30 13:24:34.421  1000  2741  2741 I sysui_count: [note_importance_max,113]
07-30 13:32:37.314  1000  2741  2767 I sysui_count: [window_time_0,803]
07-30 13:32:38.550  1000  2741  2767 I sysui_count: [window_time_0,1]
07-30 13:32:38.589  1000  2741  2767 I sysui_count: [window_time_0,1]
07-30 13:32:40.349  1000  2741  2767 I sysui_count: [window_time_0,1]
07-30 13:32:42.595  1000  2741  2767 I sysui_count: [window_time_0,3]
07-30 13:32:44.380  1000  2741  2767 I sysui_count: [window_time_0,1]
07-30 13:32:46.570  1000  2741  2767 I sysui_count: [window_time_0,3]
07-30 13:32:47.632  1000  2741  2767 I sysui_count: [window_time_0,1]
07-30 13:32:50.494  1000  2741  2767 I sysui_count: [window_time_0,2]
07-30 13:33:18.092  1000  2741  2767 I sysui_count: [window_time_0,28]
07-30 13:34:30.303  1000  2741  2767 I sysui_count: [window_time_0,72]
07-30 13:39:52.140  1000  2741  2767 I sysui_count: [window_time_0,322]
07-30 13:39:54.144  1000  2741  2767 I sysui_count: [window_time_0,2]
07-30 13:39:57.532  1000  2741  2767 I sysui_count: [window_time_0,3]
07-30 13:40:09.882 10034  2989  2989 I sysui_count: [panel_open,1]
07-30 13:40:45.635  1000  2741  2767 I sysui_count: [window_time_0,48]
07-30 13:40:58.040  1000  2741  2767 I sysui_count: [window_time_0,13]
07-30 13:42:11.127  1000  2741  2767 I sysui_count: [window_time_0,73]
07-30 13:42:28.847 10034  2989  2989 I sysui_count: [panel_open,1]
07-30 13:45:02.156 10034  2989  2989 I sysui_count: [panel_open,1]
07-30 13:45:09.801 10034  2989  2989 I sysui_count: [panel_open,1]
07-30 13:50:02.122 10034  2989  2989 I sysui_count: [note_peek,1]
07-30 13:50:47.629  1000  2741  2767 I sysui_count: [window_time_0,516]
07-30 13:50:47.678  1000  2741  2767 I sysui_count: [window_time_0,0]
07-30 13:50:50.366  1000  2741  2767 I sysui_count: [window_time_0,3]
07-30 13:50:53.835  1000  2741  2767 I sysui_count: [window_time_0,4]
07-30 13:50:56.441  1000  2741  2767 I sysui_count: [window_time_0,3]
07-30 13:50:57.729  1000  2741  2767 I sysui_count: [window_time_0,1]
07-30 13:51:08.936  1000  2741  2767 I sysui_count: [window_time_0,11]
07-30 13:51:11.416  1000  2741  2767 I sysui_count: [window_time_0,3]
07-30 14:04:09.498  1000  2741  2767 I sysui_count: [window_time_0,777]
07-30 14:04:11.574  1000  2741  2767 I sysui_count: [window_time_0,2]
07-30 14:04:11.611  1000  2741  2767 I sysui_count: [window_time_0,0]
07-30 14:04:13.567  1000  2741  2767 I sysui_count: [window_time_0,2]
07-30 14:04:17.978  1000  2741  2767 I sysui_count: [window_time_0,5]
07-30 14:04:30.902  1000  2741  2767 I sysui_count: [window_time_0,13]
07-30 14:04:34.117  1000  2741  2767 I sysui_count: [window_time_0,3]
07-30 14:04:41.618  1000  2741  2767 I sysui_count: [window_time_0,7]
07-30 14:07:30.724  1000  2741  2767 I sysui_count: [window_time_0,170]
07-30 14:07:32.071  1000  2741  2767 I sysui_count: [window_time_0,1]
07-30 14:07:45.166  1000  2741  2767 I sysui_count: [window_time_0,13]
07-30 14:07:46.672  1000  2741  2767 I sysui_count: [window_time_0,2]
07-30 14:08:22.251 10034  2989  2989 I sysui_count: [note_peek,1]
07-30 14:08:46.628  1000  2741  2767 I sysui_count: [window_time_0,60]
07-30 14:09:01.578  1000  2741  8423 I sysui_count: [key_back_down,1]
07-30 14:09:01.722  1000  2741  2767 I sysui_count: [window_time_0,15]
07-30 14:09:01.742  1000  2741  2767 I sysui_count: [window_time_0,0]
07-30 14:09:32.757  1000  2741  2767 I sysui_count: [window_time_0,31]
07-30 14:09:35.337  1000  2741  2767 I sysui_count: [window_time_0,2]
07-30 14:09:35.386  1000  2741  2767 I sysui_count: [window_time_0,0]
07-30 14:10:31.174  1000  2741  2767 I sysui_count: [window_time_0,56]
07-30 14:10:33.107  1000  2741  2767 I sysui_count: [window_time_0,2]
07-30 14:24:19.399  1000  2741  2767 I sysui_count: [window_time_0,826]
07-30 14:24:22.824  1000  2741  2767 I sysui_count: [window_time_0,3]
07-30 14:24:27.251 10034  2989  2989 I sysui_count: [note_peek,1]
07-30 14:24:32.390 10034  2989  2989 I sysui_count: [panel_open,1]
07-30 14:24:32.390 10034  2989  2989 I sysui_count: [panel_open_peek,1]
07-30 14:24:45.858  1000  2741  2767 I sysui_count: [window_time_0,23]
07-30 14:24:45.882  1000  2741  2767 I sysui_count: [window_time_0,0]
07-30 14:24:47.901  1000  2741  2767 I sysui_count: [window_time_0,2]
07-30 14:51:41.583  1000  2741  2767 I sysui_count: [window_time_0,1615]
07-30 14:51:41.615  1000  2741  2767 I sysui_count: [window_time_0,0]
07-30 14:51:42.750  1000  2741  2767 I sysui_count: [window_time_0,1]
07-30 14:51:46.844  1000  2741  2767 I sysui_count: [window_time_0,4]
07-30 14:51:46.870  1000  2741  2767 I sysui_count: [window_time_0,0]
07-30 14:51:49.016  1000  2741  2767 I sysui_count: [window_time_0,2]
07-30 14:51:54.075  1000  2741  2767 I sysui_count: [window_time_0,5]
07-30 14:52:01.549  1000  2741  2767 I sysui_count: [window_time_0,8]
07-30 14:52:02.588  1000  2741  2767 I sysui_count: [window_time_0,1]
07-30 14:52:40.319  1000  2741  2767 I sysui_count: [window_time_0,37]
07-30 14:53:30.272  1000  2741  2767 I sysui_count: [window_time_0,50]
07-30 15:17:23.230 10034  2989  2989 I sysui_count: [panel_open,1]
07-30 15:17:23.377 10034  2989  2989 I sysui_count: [panel_open,1]
07-30 15:17:26.315  1000  2741  2767 I sysui_count: [window_time_0,1436]
07-30 15:17:28.202  1000  2741  2767 I sysui_count: [window_time_0,2]
07-30 15:17:30.351  1000  2741  2767 I sysui_count: [window_time_0,2]
07-30 15:17:33.151  1000  2741  2767 I sysui_count: [window_time_0,3]
07-30 15:17:51.953  1000  2741  2767 I sysui_count: [window_time_0,19]
07-30 15:17:51.994  1000  2741  2767 I sysui_count: [window_time_0,0]
07-30 15:18:25.375  1000  2741  2767 I sysui_count: [window_time_0,33]
07-30 15:18:43.759  1000  2741  2767 I sysui_count: [window_time_0,19]
07-30 15:18:43.795  1000  2741  2767 I sysui_count: [window_time_0,0]
07-30 15:18:56.643  1000  2741  2767 I sysui_count: [window_time_0,13]
07-30 15:18:56.670  1000  2741  2767 I sysui_count: [window_time_0,0]
07-30 15:18:58.200  1000  2741  2767 I sysui_count: [window_time_0,1]
07-30 15:18:59.597  1000  2741  2767 I sysui_count: [window_time_0,2]
07-30 15:18:59.620  1000  2741  2767 I sysui_count: [window_time_0,0]
07-30 15:19:03.233  1000  2741  2767 I sysui_count: [window_time_0,3]
07-30 15:19:05.020  1000  2741  2767 I sysui_count: [window_time_0,2]
07-30 15:19:15.060 10034  2989  2989 I sysui_count: [note_peek,1]
07-30 15:19:32.498  1000  2741  6520 I sysui_count: [key_back_down,1]
07-30 15:19:32.602  1000  2741  2767 I sysui_count: [window_time_0,28]
07-30 15:19:32.715  1000  2741  2767 I sysui_count: [window_time_0,0]
07-30 15:19:34.517  1000  2741  2767 I sysui_count: [window_time_0,2]
07-30 15:19:36.099  1000  2741  2767 I sysui_count: [window_time_0,1]
07-30 15:19:44.732 10034  2989  2989 I sysui_count: [note_peek,1]
07-30 15:19:45.332 10034  2989  2989 I sysui_count: [panel_open,1]
07-30 15:19:45.333 10034  2989  2989 I sysui_count: [panel_open_peek,1]
07-30 15:19:46.516  1000  2741  2767 I sysui_count: [window_time_0,11]
07-30 15:19:46.532  1000  2741  2767 I sysui_count: [window_time_0,0]
07-30 15:19:47.973  1000  2741  2767 I sysui_count: [window_time_0,1]
07-30 15:19:50.054  1000  2741  2767 I sysui_count: [window_time_0,2]
07-30 15:19:50.084  1000  2741  2767 I sysui_count: [window_time_0,0]
07-30 15:19:51.849  1000  2741  2767 I sysui_count: [window_time_0,2]
07-30 15:19:54.915  1000  2741  2767 I sysui_count: [window_time_0,3]
07-30 15:19:56.098  1000  2741  2767 I sysui_count: [window_time_0,1]
07-30 15:19:57.831  1000  2741  2767 I sysui_count: [window_time_0,2]
07-30 15:20:10.142  1000  2741  2767 I sysui_count: [window_time_0,12]
07-30 15:20:12.214  1000  2741  2767 I sysui_count: [window_time_0,2]
07-30 15:20:14.082  1000  2741  2767 I sysui_count: [window_time_0,2]
07-30 15:20:14.120  1000  2741  2767 I sysui_count: [window_time_0,0]
07-30 15:20:17.265  1000  2741  2767 I sysui_count: [window_time_0,3]
07-30 15:20:33.323  1000  2741  2767 I sysui_count: [window_time_0,16]
07-30 15:20:40.927  1000  2741  2767 I sysui_count: [window_time_0,8]
07-30 15:21:46.760  1000  2741  2767 I sysui_count: [window_time_0,66]
07-30 15:21:48.868  1000  2741  2767 I sysui_count: [window_time_0,2]
07-30 15:21:57.801 10034  2989  2989 I sysui_count: [note_peek,1]
07-30 15:21:59.979 10034  2989  2989 I sysui_count: [panel_open,1]
07-30 15:21:59.980 10034  2989  2989 I sysui_count: [panel_open_peek,1]
07-30 15:22:13.003  1000  2741  2767 I sysui_count: [window_time_0,24]
07-30 15:22:19.139 10034  2989  2989 I sysui_count: [panel_open,1]
07-30 15:22:30.343  1000  2741  2767 I sysui_count: [window_time_0,17]
07-30 15:22:31.396  1000  2741  2767 I sysui_count: [window_time_0,1]
07-30 15:22:31.462  1000  2741  2767 I sysui_count: [window_time_0,1]
07-30 15:22:59.972  1000  2741  2767 I sysui_count: [window_time_0,28]
07-30 15:23:04.504  1000  2741  2767 I sysui_count: [window_time_0,5]
07-30 15:23:06.361  1000  2741  2767 I sysui_count: [window_time_0,1]
07-30 15:23:06.410  1000  2741  2767 I sysui_count: [window_time_0,0]
07-30 15:23:07.182  1000  2741  2767 I sysui_count: [window_time_0,1]
07-30 15:23:07.211  1000  2741  2767 I sysui_count: [window_time_0,0]
07-30 15:23:12.128  1000  2741  2767 I sysui_count: [window_time_0,5]
07-30 15:23:24.553  1000  2741  2767 I sysui_count: [window_time_0,13]
07-30 15:23:24.584  1000  2741  2767 I sysui_count: [window_time_0,0]
07-30 15:23:33.360  1000  2741  2767 I sysui_count: [window_time_0,8]
07-30 15:23:35.887  1000  2741  2767 I sysui_count: [window_time_0,3]
07-30 15:23:35.919  1000  2741  2767 I sysui_count: [window_time_0,0]
07-30 15:23:37.274  1000  2741  2767 I sysui_count: [window_time_0,1]
07-30 15:23:39.124  1000  2741  2767 I sysui_count: [window_time_0,2]
07-30 15:26:09.480  1000  2741  2767 I sysui_count: [window_time_0,150]
07-30 15:26:28.289  1000  2741  2767 I sysui_count: [window_time_0,19]
07-30 15:27:17.916  1000  2741  2767 I sysui_count: [window_time_0,50]
07-30 15:27:29.683  1000  2741  2767 I sysui_count: [window_time_0,12]
07-30 15:27:30.972  1000  2741  2767 I sysui_count: [window_time_0,1]
07-30 15:27:31.039  1000  2741  2767 I sysui_count: [window_time_0,0]
07-30 15:27:36.151  1000  2741  2767 I sysui_count: [window_time_0,5]
07-30 15:27:37.638  1000  2741  2767 I sysui_count: [window_time_0,2]
07-30 15:27:37.689  1000  2741  2767 I sysui_count: [window_time_0,0]
07-30 15:27:51.915 10034  2989  2989 I sysui_count: [note_peek,1]
07-30 15:28:47.896  1000  2741  2767 I sysui_count: [window_time_0,70]
07-30 15:28:50.062  1000  2741  2767 I sysui_count: [window_time_0,2]
07-30 15:28:52.599  1000  2741  2767 I sysui_count: [window_time_0,3]
07-30 15:28:57.578  1000  2741  2767 I sysui_count: [window_time_0,4]
07-30 15:31:44.375  1000  2741  2767 I sysui_count: [window_time_0,167]
07-30 15:31:53.839 10034  2989  2989 I sysui_count: [note_peek,1]
07-30 15:32:38.561  1000  2741  3003 I sysui_count: [key_back_down,1]
07-30 15:32:38.737  1000  2741  2767 I sysui_count: [window_time_0,55]
07-30 15:32:38.767  1000  2741  2767 I sysui_count: [window_time_0,0]
07-30 15:33:09.593  1000  2741  2767 I sysui_count: [window_time_0,31]
07-30 15:33:14.484  1000  2741  2767 I sysui_count: [window_time_0,4]
07-30 15:33:14.512  1000  2741  2767 I sysui_count: [window_time_0,0]
07-30 15:33:16.987  1000  2741  2767 I sysui_count: [window_time_0,3]
07-30 15:33:20.139  1000  2741  2767 I sysui_count: [window_time_0,3]
07-30 15:33:29.499  1000  2741  2767 I sysui_count: [window_time_0,9]
07-30 15:33:36.138 10034  2989  2989 I sysui_count: [note_peek,1]
07-30 15:34:06.908 10034  2989  2989 I sysui_count: [panel_open,1]
07-30 15:34:11.684  1000  2741  2767 I sysui_count: [window_time_0,43]
07-30 15:34:11.686  1000  2741  2767 I sysui_count: [window_time_0,0]
07-30 15:34:11.714  1000  2741  2767 I sysui_count: [window_time_0,0]
07-30 15:34:13.240  1000  2741  2767 I sysui_count: [window_time_0,1]
07-30 15:34:17.621  1000  2741  2767 I sysui_count: [window_time_0,5]
07-30 15:34:26.593  1000  2741  2767 I sysui_count: [window_time_0,8]
07-30 15:34:33.935  1000  2741  2767 I sysui_count: [window_time_0,8]
07-30 15:34:33.976  1000  2741  2767 I sysui_count: [window_time_0,0]
07-30 15:34:39.212  1000  2741  2767 I sysui_count: [window_time_0,5]
07-30 15:34:49.675  1000  2741  2767 I sysui_count: [window_time_0,10]
07-30 15:34:49.977  1000  2741  2767 I sysui_count: [window_time_0,1]
07-30 15:34:50.003  1000  2741  2767 I sysui_count: [window_time_0,0]
07-30 15:34:55.123  1000  2741  2767 I sysui_count: [window_time_0,5]
07-30 15:36:03.476  1000  2741  2767 I sysui_count: [window_time_0,68]
07-30 15:36:03.522  1000  2741  2767 I sysui_count: [window_time_0,0]
07-30 15:36:07.721  1000  2741  2767 I sysui_count: [window_time_0,4]
07-30 15:36:15.407  1000  2741  2767 I sysui_count: [window_time_0,8]
07-30 15:36:15.471  1000  2741  2767 I sysui_count: [window_time_0,0]
07-30 15:36:29.201  1000  2741  2767 I sysui_count: [window_time_0,14]
07-30 15:36:31.957  1000  2741  2767 I sysui_count: [window_time_0,3]
07-30 15:41:27.458  1000  2741  2767 I sysui_count: [window_time_0,295]
07-30 15:41:29.115  1000  2741  2767 I sysui_count: [window_time_0,2]
07-30 15:41:37.911  1000  2741  2767 I sysui_count: [window_time_0,8]
07-30 15:41:39.177  1000  2741  2767 I sysui_count: [window_time_0,2]
07-30 15:41:39.248  1000  2741  2767 I sysui_count: [window_time_0,0]
07-30 15:41:39.347  1000  2741  2767 I sysui_count: [window_time_0,0]
07-30 15:41:47.741  1000  2741  2767 I sysui_count: [window_time_0,8]
07-30 15:41:49.252  1000  2741  2767 I sysui_count: [window_time_0,2]
07-30 15:41:54.399  1000  2741  2767 I sysui_count: [window_time_0,5]
07-30 15:41:56.550  1000  2741  2767 I sysui_count: [window_time_0,2]
07-30 15:41:56.597  1000  2741  2767 I sysui_count: [window_time_0,0]
07-30 15:41:57.553  1000  2741  2767 I sysui_count: [window_time_0,1]
07-30 15:41:57.576  1000  2741  2767 I sysui_count: [window_time_0,0]
07-30 15:41:59.954  1000  2741  2767 I sysui_count: [window_time_0,2]
07-30 15:42:11.189  1000  2741  2767 I sysui_count: [window_time_0,12]
07-30 15:42:11.216  1000  2741  2767 I sysui_count: [window_time_0,0]
07-30 15:42:11.299  1000  2741  2767 I sysui_count: [window_time_0,0]
07-30 15:42:17.538  1000  2741  2767 I sysui_count: [window_time_0,6]
07-30 15:42:23.642  1000  2741  2767 I sysui_count: [window_time_0,6]
07-30 15:42:23.642  1000  2741  2767 I sysui_count: [window_time_0,0]
07-30 15:42:23.665  1000  2741  2767 I sysui_count: [window_time_0,0]
07-30 15:42:23.667  1000  2741  2767 I sysui_count: [window_time_0,0]
07-30 15:42:25.526  1000  2741  2767 I sysui_count: [window_time_0,2]
07-30 15:42:29.500  1000  2741  2767 I sysui_count: [window_time_0,4]
07-30 15:42:35.065  1000  2741  2767 I sysui_count: [window_time_0,6]
07-30 15:42:41.786  1000  2741  2767 I sysui_count: [window_time_0,6]
07-30 15:42:54.056  1000  2741  2767 I sysui_count: [window_time_0,13]
07-30 15:43:46.690  1000  2741  2767 I sysui_count: [window_time_0,52]
07-30 15:43:46.727  1000  2741  2767 I sysui_count: [window_time_0,0]
07-30 15:43:48.481  1000  2741  2767 I sysui_count: [window_time_0,2]
07-30 15:43:49.939  1000  2741  2767 I sysui_count: [window_time_0,1]
07-30 15:43:49.977  1000  2741  2767 I sysui_count: [window_time_0,0]
07-30 15:43:53.025  1000  2741  2767 I sysui_count: [window_time_0,4]
07-30 15:43:58.758  1000  2741  2767 I sysui_count: [window_time_0,5]
07-30 15:43:58.787  1000  2741  2767 I sysui_count: [window_time_0,0]
07-30 15:44:04.968  1000  2741  2767 I sysui_count: [window_time_0,6]
07-30 15:46:27.872 10034  2989  2989 I sysui_count: [note_peek,1]
07-30 15:48:40.031  1000  2741  2767 I sysui_count: [window_time_0,276]
07-30 15:48:48.409  1000  2741  3003 I sysui_count: [key_back_down,1]
07-30 15:48:49.666  1000  2741  3003 I sysui_count: [key_back_down,1]
07-30 15:48:51.162 10034  2989  2989 I sysui_count: [panel_open,1]
07-30 15:49:01.274  1000  2741  2767 I sysui_count: [window_time_0,21]
07-30 15:49:01.294  1000  2741  2767 I sysui_count: [window_time_0,0]
07-30 15:49:01.294  1000  2741  2767 I sysui_count: [window_time_0,0]
07-30 15:49:01.296  1000  2741  2767 I sysui_count: [window_time_0,0]
07-30 15:49:02.747  1000  2741  2767 I sysui_count: [window_time_0,1]
07-30 15:49:06.541  1000  2741  2767 I sysui_count: [window_time_0,4]
07-30 15:49:06.666  1000  2741  2767 I sysui_count: [window_time_0,0]
