07-30 11:42:06.385 10034  2989  3126 I sysui_multi_action: [757,1093,758,4,793,3982,1094,9486336,1095,5]
07-30 11:42:07.426 10034  2989  3126 I sysui_multi_action: [757,1093,758,4,793,1041,1094,9486336,1095,5]
07-30 11:42:09.430 10034  2989  3126 I sysui_multi_action: [757,1093,758,4,793,2004,1094,9486336,1095,5]
07-30 11:42:10.556 10034  2989  3126 I sysui_multi_action: [757,1093,758,4,793,1126,1094,9486336,1095,5]
07-30 11:42:12.436 10034  2989  3126 I sysui_multi_action: [757,1093,758,4,793,1880,1094,9486336,1095,5]
07-30 11:42:23.457 10034  2989  3126 I sysui_multi_action: [757,1093,758,4,793,11021,1094,9486336,1095,5]
07-30 11:42:26.448 10034  2989  3126 I sysui_multi_action: [757,1093,758,4,793,2991,1094,9486336,1095,5]
07-30 11:42:29.476 10034  2989  3126 I sysui_multi_action: [757,1093,758,4,793,3028,1094,9486336,1095,5]
07-30 11:42:31.476 10034  2989  3126 I sysui_multi_action: [757,1093,758,4,793,2000,1094,9486336,1095,5]
07-30 11:42:34.135 10034  2989  3126 I sysui_multi_action: [757,1093,758,4,793,2659,1094,9486336,1095,5]
07-30 11:42:40.226 10034  2989  3126 I sysui_multi_action: [757,1093,758,4,793,6091,1094,9486336,1095,5]
07-30 11:42:42.472 10034  2989  3126 I sysui_multi_action: [757,1093,758,4,793,2246,1094,9486336,1095,5]
07-30 11:42:46.396 10034  2989  3126 I sysui_multi_action: [757,1093,758,4,793,3924,1094,9486336,1095,5]
07-30 11:42:49.423 10034  2989  3126 I sysui_multi_action: [757,1093,758,4,793,3026,1094,9486336,1095,5]
07-30 11:42:50.507 10034  2989  3126 I sysui_multi_action: [757,1093,758,4,793,1085,1094,9486336,1095,5]
07-30 11:42:52.480 10034  2989  3126 I sysui_multi_action: [757,1093,758,4,793,1973,1094,9486336,1095,5]
07-30 11:42:59.198 10034  2989  3126 I sysui_multi_action: [757,1093,758,4,793,6718,1094,9486336,1095,5]
07-30 11:43:01.520 10034  2989  3126 I sysui_multi_action: [757,1093,758,4,793,2322,1094,9486336,1095,5]
07-30 11:43:03.545 10034  2989  3126 I sysui_multi_action: [757,1093,758,4,793,2025,1094,9486336,1095,5]
07-30 11:43:08.040 10034  2989  2989 I sysui_multi_action: [757,931,758,4,759,3,932,0,933,0]
07-30 11:43:08.097 10034  2989  2989 I sysui_multi_action: [757,931,758,4,759,3,932,0,933,1]
07-30 11:43:08.161  1000  2741  2767 I sysui_multi_action: [757,803,799,window_time_0,802,404]
07-30 11:43:08.282  1000  2741  2779 I sysui_multi_action: [319,152,322,134,325,9968,757,761,758,9,759,2,806,com.smartron.tronxlauncher,871,com.smartron.smextension.TronxLauncher,905,0]
07-30 11:43:08.553 10034  2989  3126 I sysui_multi_action: [757,1093,758,4,793,5007,1094,9486336,1095,5]
07-30 11:43:10.558 10034  2989  3126 I sysui_multi_action: [757,1093,758,4,793,2006,1094,9486336,1095,5]
07-30 11:43:14.557  1000  2741  2767 I sysui_multi_action: [757,803,799,window_time_0,802,6]
07-30 11:43:14.698  1000  2741  2779 I sysui_multi_action: [319,63,321,58,322,205,325,9974,757,761,758,9,759,4,806,com.whatsapp,871,com.whatsapp.Conversation,904,com.whatsapp,905,0]
07-30 11:43:15.568 10034  2989  3126 I sysui_multi_action: [757,1093,758,4,793,5010,1094,9486336,1095,5]
07-30 11:43:17.109 10034  2989  3126 I sysui_multi_action: [757,1093,758,4,793,1540,1094,9486336,1095,5]
07-30 11:43:19.681 10034  2989  3126 I sysui_multi_action: [757,1093,758,4,793,2573,1094,9486336,1095,5]
07-30 11:43:21.580 10034  2989  3126 I sysui_multi_action: [757,1093,758,4,793,1899,1094,9486336,1095,5]
07-30 11:43:27.554 10034  2989  3126 I sysui_multi_action: [757,1093,758,4,793,5974,1094,9486336,1095,5]
07-30 11:43:29.598 10034  2989  3126 I sysui_multi_action: [757,1093,758,4,793,2044,1094,9486336,1095,5]
07-30 11:43:39.895  1000  2741  2741 I sysui_multi_action: [757,128,758,5,759,8,793,239841,794,0,795,239841,796,3,797,low_battery,806,com.android.systemui,857,BAT,858,5,947,0]
07-30 11:43:39.972  1000  2741  2741 I sysui_multi_action: [757,199,758,1,759,1,793,13,794,0,795,13,796,3,797,low_battery,806,com.android.systemui,857,BAT,858,5,947,0]
07-30 11:43:40.130 10034  2989  2989 I sysui_multi_action: [757,803,799,note_peek,802,1]
07-30 11:43:40.145  1000  2741  3003 I sysui_multi_action: [757,127,758,1]
07-30 11:43:40.146  1000  2741  3003 I sysui_multi_action: [757,804,799,note_load,801,1,802,1]
07-30 11:43:40.336  1000  2741  2741 I sysui_multi_action: [757,199,758,1,759,5,793,13191425,794,434215,795,8,796,0,806,com.twitter.android,857,1141110380-tweet_notifications,858,3,947,0]
07-30 11:43:40.873  1000  2741 16369 I sysui_multi_action: [757,128,758,1,793,914,794,0,795,887,796,3,797,low_battery,798,0,806,com.android.systemui,857,BAT,858,5,947,0]
07-30 11:43:40.873  1000  2741 16369 I sysui_multi_action: [757,804,799,note_freshness,801,887,802,1]
07-30 11:43:41.026 10034  2989  3126 I sysui_multi_action: [757,1093,758,4,793,11428,1094,9486336,1095,5]
07-30 11:43:42.597 10034  2989  3126 I sysui_multi_action: [757,1093,758,4,793,1571,1094,9486336,1095,5]
07-30 11:43:43.976 10034  2989  3126 I sysui_multi_action: [757,1093,758,4,793,1379,1094,9486336,1095,5]
07-30 11:43:46.135  1000  2741  3632 I sysui_multi_action: [757,128,758,2,793,6175,794,5261,795,6148,796,3,797,low_battery,798,0,806,com.android.systemui,857,BAT,858,5,947,0]
07-30 11:43:46.136  1000  2741  3632 I sysui_multi_action: [757,127,758,2]
07-30 11:43:47.907  1000  2741  2741 I sysui_multi_action: [757,128,758,5,759,8,793,7948,794,7034,795,7921,796,3,797,low_battery,806,com.android.systemui,857,BAT,858,5,947,0]
07-30 11:43:48.058  1000  2741  2741 I sysui_multi_action: [757,199,758,1,759,1,793,9,794,0,795,9,796,3,797,low_battery,806,com.android.systemui,857,BAT,858,5,947,0]
07-30 11:43:48.166 10034  2989  2989 I sysui_multi_action: [757,803,799,note_peek,802,1]
07-30 11:43:48.182  1000  2741  3960 I sysui_multi_action: [757,127,758,1]
07-30 11:43:48.182  1000  2741  3960 I sysui_multi_action: [757,804,799,note_load,801,1,802,1]
07-30 11:43:48.827  1000  2741  2741 I sysui_multi_action: [757,128,758,5,759,8,793,248906,794,0,795,248906,796,32,806,android,857,USB,858,1,947,0]
07-30 11:43:48.836  1000  2741  2741 I sysui_multi_action: [757,128,758,5,759,8,793,248903,794,0,795,248903,796,26,806,android,857,DEVELOPER,858,2,947,0]
07-30 11:43:48.897  1000  2741 16369 I sysui_multi_action: [757,128,758,1,793,849,794,0,795,849,796,3,797,low_battery,798,0,806,com.android.systemui,857,BAT,858,5,947,0]
07-30 11:43:48.898  1000  2741 16369 I sysui_multi_action: [757,804,799,note_freshness,801,849,802,1]
07-30 11:43:49.035 10034  2989  3126 I sysui_multi_action: [757,1093,758,4,793,5058,1094,9486336,1095,5]
07-30 11:43:49.073  1000  2741  2741 I sysui_multi_action: [757,128,758,5,759,8,793,1025,794,176,795,1025,796,3,797,low_battery,806,com.android.systemui,857,BAT,858,5,947,0]
07-30 11:43:50.116 10034  2989  3126 I sysui_multi_action: [757,1093,758,4,793,1082,1094,9486336,1095,5]
07-30 11:43:50.493  1000  2741  3960 I sysui_multi_action: [757,127,758,2]
07-30 11:43:51.614 10034  2989  3126 I sysui_multi_action: [757,1093,758,4,793,1498,1094,9486336,1095,5]
07-30 11:43:52.651  1000  2741  2741 I sysui_multi_action: [757,199,758,1,759,1,793,65,794,0,795,65,796,3,797,low_battery,806,com.android.systemui,857,BAT,858,5,947,0]
07-30 11:43:52.666 10034  2989  3126 I sysui_multi_action: [757,1093,758,4,793,1052,1094,9486336,1095,5]
07-30 11:43:52.712  1000  2741  2741 I sysui_multi_action: [757,128,758,5,759,8,793,127,794,0,795,22,796,3,797,low_battery,806,com.android.systemui,857,BAT,858,5,947,0]
07-30 11:43:52.846 10034  2989  2989 I sysui_multi_action: [757,803,799,note_peek,802,1]
07-30 11:43:52.861  1000  2741  3960 I sysui_multi_action: [757,127,758,1]
07-30 11:43:52.862  1000  2741  3960 I sysui_multi_action: [757,804,799,note_load,801,1,802,1]
07-30 11:43:53.572  1000  2741  3323 I sysui_multi_action: [757,128,758,1,793,845,794,0,795,845,796,3,797,low_battery,798,0,806,com.android.systemui,857,BAT,858,5,947,0]
07-30 11:43:53.572  1000  2741  3323 I sysui_multi_action: [757,804,799,note_freshness,801,845,802,1]
07-30 11:43:53.710  1000  2741  2741 I sysui_multi_action: [757,128,758,5,759,8,793,982,794,137,795,982,796,3,797,low_battery,806,com.android.systemui,857,BAT,858,5,947,0]
07-30 11:43:53.768 10034  2989  3126 I sysui_multi_action: [757,1093,758,4,793,1101,1094,9486336,1095,5]
07-30 11:43:53.843  1000  2741  2741 I sysui_multi_action: [757,199,758,1,759,1,793,12,794,0,795,12,796,3,797,low_battery,806,com.android.systemui,857,BAT,858,5,947,0]
07-30 11:43:54.624  1000  2741  2741 I sysui_multi_action: [757,128,758,5,759,8,793,793,794,0,795,793,796,3,797,low_battery,806,com.android.systemui,857,BAT,858,5,947,0]
07-30 11:43:54.876 10034  2989  3126 I sysui_multi_action: [757,1093,758,4,793,1109,1094,9486336,1095,5]
07-30 11:43:56.182  1000  2741 15709 I sysui_multi_action: [757,127,758,2]
07-30 11:43:56.395 10034  2989  3126 I sysui_multi_action: [757,1093,758,4,793,1519,1094,9486336,1095,5]
07-30 11:43:58.388  1000  2741  2741 I sysui_multi_action: [757,199,758,1,759,1,793,12,794,0,795,12,796,3,797,low_battery,806,com.android.systemui,857,BAT,858,5,947,0]
07-30 11:43:58.534 10034  2989  2989 I sysui_multi_action: [757,803,799,note_peek,802,1]
07-30 11:43:58.552  1000  2741  3324 I sysui_multi_action: [757,127,758,1]
07-30 11:43:58.552  1000  2741  3324 I sysui_multi_action: [757,804,799,note_load,801,1,802,1]
07-30 11:43:59.270  1000  2741  3324 I sysui_multi_action: [757,128,758,1,793,894,794,0,795,863,796,3,797,low_battery,798,0,806,com.android.systemui,857,BAT,858,5,947,0]
07-30 11:43:59.270  1000  2741  3324 I sysui_multi_action: [757,804,799,note_freshness,801,863,802,1]
07-30 11:43:59.326 10034  2989  3126 I sysui_multi_action: [757,1093,758,4,793,2931,1094,9486336,1095,5]
07-30 11:44:00.629 10034  2989  3126 I sysui_multi_action: [757,1093,758,4,793,1303,1094,9486336,1095,5]
07-30 11:44:01.583  1000  2741  2741 I sysui_multi_action: [757,128,758,5,759,8,793,3208,794,2314,795,3177,796,3,797,low_battery,806,com.android.systemui,857,BAT,858,5,947,0]
07-30 11:44:01.941  1000  2741 16369 I sysui_multi_action: [757,127,758,2]
07-30 11:44:02.672 10034  2989  3126 I sysui_multi_action: [757,1093,758,4,793,2043,1094,9486336,1095,5]
07-30 11:44:04.674 10034  2989  3126 I sysui_multi_action: [757,1093,758,4,793,2002,1094,9486336,1095,5]
07-30 11:44:10.650 10034  2989  3126 I sysui_multi_action: [757,1093,758,4,793,5976,1094,9486336,1095,5]
07-30 11:44:12.681 10034  2989  3126 I sysui_multi_action: [757,1093,758,4,793,2030,1094,9486336,1095,5]
07-30 11:44:15.667 10034  2989  3126 I sysui_multi_action: [757,1093,758,4,793,2986,1094,9486336,1095,5]
07-30 11:44:17.686 10034  2989  3126 I sysui_multi_action: [757,1093,758,4,793,2019,1094,9486336,1095,5]
07-30 11:44:28.726 10034  2989  3126 I sysui_multi_action: [757,1093,758,4,793,11041,1094,9486336,1095,5]
07-30 11:44:32.738 10034  2989  3126 I sysui_multi_action: [757,1093,758,4,793,4012,1094,9486336,1095,5]
07-30 11:44:34.746 10034  2989  3126 I sysui_multi_action: [757,1093,758,4,793,2008,1094,9486336,1095,5]
07-30 11:44:47.776 10034  2989  3126 I sysui_multi_action: [757,1093,758,4,793,13030,1094,9486336,1095,5]
07-30 11:44:57.799 10034  2989  3126 I sysui_multi_action: [757,1093,758,4,793,10023,1094,9486336,1095,5]
07-30 11:44:58.947 10034  2989  3126 I sysui_multi_action: [757,1093,758,4,793,1148,1094,9486336,1095,5]
07-30 11:45:01.517 10034  2989  3126 I sysui_multi_action: [757,1093,758,4,793,2570,1094,9486336,1095,5]
07-30 11:45:02.607 10034  2989  3126 I sysui_multi_action: [757,1093,758,4,793,1090,1094,9486336,1095,5]
07-30 11:45:04.797 10034  2989  3126 I sysui_multi_action: [757,1093,758,4,793,2190,1094,9486336,1095,5]
07-30 11:45:07.046  1000  2741  2741 I sysui_multi_action: [757,199,758,1,759,5,793,13278136,794,520926,795,6,796,0,806,com.twitter.android,857,1141110380-tweet_notifications,858,3,947,0]
07-30 11:45:07.817 10034  2989  3126 I sysui_multi_action: [757,1093,758,4,793,3020,1094,9486336,1095,5]
07-30 11:45:12.833 10034  2989  3126 I sysui_multi_action: [757,1093,758,4,793,5016,1094,9486336,1095,5]
07-30 11:45:14.837 10034  2989  3126 I sysui_multi_action: [757,1093,758,4,793,2004,1094,9486336,1095,5]
07-30 11:45:16.838 10034  2989  3126 I sysui_multi_action: [757,1093,758,4,793,2001,1094,9486336,1095,5]
07-30 11:45:20.837 10034  2989  3126 I sysui_multi_action: [757,1093,758,4,793,3998,1094,9486336,1095,5]
07-30 11:45:28.230  1000  2741  2741 I sysui_multi_action: [757,199,758,1,759,5,793,13299319,794,542109,795,10,796,0,806,com.twitter.android,857,1141110380-tweet_notifications,858,3,947,0]
07-30 11:45:28.485  1000  2741  2741 I sysui_multi_action: [757,199,758,1,759,4,793,13299575,794,542365,795,5,796,0,806,com.twitter.android,857,1141110380-tweet_notifications,858,3,947,0]
07-30 11:45:32.000  1000  2741  2741 I sysui_multi_action: [757,199,758,1,759,4,793,2661681,794,545881,795,6,796,0,797,gig:483594645:^sq_ig_i_personal,806,com.google.android.gm,857,^nc_1_mail_suresh.dorepally-7455de07,858,3,946,gig:483594645:^sq_ig_i_personal,947,1]
07-30 11:45:32.036  1000  2741  2741 I sysui_multi_action: [757,199,758,1,759,4,793,2661698,794,545917,795,26,796,1796411068,797,gig:483594645:^sq_ig_i_personal,806,com.google.android.gm,857,^nc_1_mail_suresh.dorepally-7455de07,858,3,946,gig:483594645:^sq_ig_i_personal,947,0]
07-30 11:45:32.050  1000  2741  2741 I sysui_multi_action: [757,199,758,1,759,4,793,2412672,794,545933,795,20,796,-468572132,797,gig:483594645:^sq_ig_i_personal,806,com.google.android.gm,857,^nc_1_mail_suresh.dorepally-7455de07,858,3,946,gig:483594645:^sq_ig_i_personal,947,0]
07-30 11:45:32.061  1000  2741  2741 I sysui_multi_action: [757,199,758,1,759,4,793,1979285,794,545941,795,13,796,-1100726788,797,gig:483594645:^sq_ig_i_personal,806,com.google.android.gm,857,^nc_1_mail_suresh.dorepally-7455de07,858,3,946,gig:483594645:^sq_ig_i_personal,947,0]
07-30 11:45:32.083  1000  2741  2741 I sysui_multi_action: [757,199,758,1,759,4,793,1944648,794,545964,795,10,796,1918686884,797,gig:483594645:^sq_ig_i_personal,806,com.google.android.gm,857,^nc_1_mail_suresh.dorepally-7455de07,858,3,946,gig:483594645:^sq_ig_i_personal,947,0]
07-30 11:45:32.094  1000  2741  2741 I sysui_multi_action: [757,199,758,1,759,4,793,1805060,794,545977,795,9,796,-1327682998,797,gig:483594645:^sq_ig_i_personal,806,com.google.android.gm,857,^nc_1_mail_suresh.dorepally-7455de07,858,3,946,gig:483594645:^sq_ig_i_personal,947,0]
07-30 11:45:32.115  1000  2741  2741 I sysui_multi_action: [757,199,758,1,759,4,793,1805108,794,545995,795,9,796,1965099541,797,gig:483594645:^sq_ig_i_personal,806,com.google.android.gm,857,^nc_1_mail_suresh.dorepally-7455de07,858,3,946,gig:483594645:^sq_ig_i_personal,947,0]
07-30 11:45:32.154  1000  2741  2741 I sysui_multi_action: [757,199,758,1,759,4,793,857580,794,546036,795,26,796,-677389870,797,gig:483594645:^sq_ig_i_personal,806,com.google.android.gm,857,^nc_1_mail_suresh.dorepally-7455de07,858,3,946,gig:483594645:^sq_ig_i_personal,947,0]
07-30 11:45:32.181  1000  2741  2741 I sysui_multi_action: [757,199,758,1,759,4,793,17,794,0,795,17,796,2071495403,797,gig:483594645:^sq_ig_i_personal,806,com.google.android.gm,857,^nc_1_mail_suresh.dorepally-7455de07,858,3,946,gig:483594645:^sq_ig_i_personal,947,0]
07-30 11:45:35.854 10034  2989  3126 I sysui_multi_action: [757,1093,758,4,793,15018,1094,9486336,1095,5]
07-30 11:45:41.247  1000  2741  2741 I sysui_multi_action: [757,199,758,1,759,5,793,13312337,794,555127,795,7,796,0,806,com.twitter.android,857,1141110380-tweet_notifications,858,3,947,0]
07-30 11:45:41.487  1000  2741  2741 I sysui_multi_action: [757,199,758,1,759,4,793,13312577,794,555367,795,7,796,0,806,com.twitter.android,857,1141110380-tweet_notifications,858,3,947,0]
07-30 11:45:41.896 10034  2989  3126 I sysui_multi_action: [757,1093,758,4,793,6042,1094,9486336,1095,5]
07-30 11:45:44.900 10034  2989  3126 I sysui_multi_action: [757,1093,758,4,793,3004,1094,9486336,1095,5]
07-30 11:45:46.919  1000  2741  2741 I sysui_multi_action: [757,199,758,1,759,5,793,13318009,794,560799,795,10,796,0,806,com.twitter.android,857,1141110380-tweet_notifications,858,3,947,0]
07-30 11:45:47.891 10034  2989  3126 I sysui_multi_action: [757,1093,758,4,793,2991,1094,9486336,1095,5]
07-30 11:45:49.906 10034  2989  3126 I sysui_multi_action: [757,1093,758,4,793,2015,1094,9486336,1095,5]
07-30 11:45:51.906 10034  2989  3126 I sysui_multi_action: [757,1093,758,4,793,2000,1094,9486336,1095,5]
07-30 11:45:53.832  1000  2741  2741 I sysui_multi_action: [757,199,758,1,759,5,793,13324922,794,567712,795,9,796,0,806,com.twitter.android,857,1141110380-tweet_notifications,858,3,947,0]
07-30 11:45:53.919 10034  2989  3126 I sysui_multi_action: [757,1093,758,4,793,2013,1094,9486336,1095,5]
07-30 11:45:54.050  1000  2741  2741 I sysui_multi_action: [757,199,758,1,759,4,793,13325139,794,567929,795,7,796,0,806,com.twitter.android,857,1141110380-tweet_notifications,858,3,947,0]
07-30 11:45:56.900 10034  2989  3126 I sysui_multi_action: [757,1093,758,4,793,2981,1094,9486336,1095,5]
07-30 11:45:57.255 10034  2989  2989 I sysui_multi_action: [757,931,758,4,759,3,932,0,933,0]
07-30 11:45:57.314 10034  2989  2989 I sysui_multi_action: [757,931,758,4,759,3,932,0,933,1]
07-30 11:45:57.376  1000  2741  2767 I sysui_multi_action: [757,803,799,window_time_0,802,163]
07-30 11:45:57.518  1000  2741  2779 I sysui_multi_action: [319,172,322,146,325,10137,757,761,758,9,759,2,806,com.smartron.tronxlauncher,871,com.smartron.smextension.TronxLauncher,905,0]
07-30 11:45:58.891 10034  2989  3126 I sysui_multi_action: [757,1093,758,4,793,1991,1094,9486336,1095,5]
07-30 11:45:59.897 10034  2989  3126 I sysui_multi_action: [757,1093,758,4,793,1006,1094,9486336,1095,5]
07-30 11:46:01.656 10034  2989  3126 I sysui_multi_action: [757,1093,758,4,793,1759,1094,9486336,1095,5]
07-30 11:46:03.928 10034  2989  3126 I sysui_multi_action: [757,1093,758,4,793,2272,1094,9486336,1095,5]
07-30 11:46:07.127 10034  2989  3126 I sysui_multi_action: [757,1093,758,4,793,3198,1094,9486336,1095,5]
07-30 11:46:13.240 10034  2989  3126 I sysui_multi_action: [757,1093,758,4,793,6113,1094,9486336,1095,5]
07-30 11:46:14.406  1000  2741  2741 I sysui_multi_action: [757,199,758,1,759,5,793,13345496,794,588286,795,9,796,0,806,com.twitter.android,857,1141110380-tweet_notifications,858,3,947,0]
07-30 11:46:16.256 10034  2989  3126 I sysui_multi_action: [757,1093,758,4,793,3017,1094,9486336,1095,5]
07-30 11:46:17.593 10034  2989  3126 I sysui_multi_action: [757,1093,758,4,793,1336,1094,9486336,1095,5]
07-30 11:46:18.974 10034  2989  3126 I sysui_multi_action: [757,1093,758,4,793,1382,1094,9486336,1095,5]
07-30 11:46:23.989 10034  2989  3126 I sysui_multi_action: [757,1093,758,4,793,5015,1094,9486336,1095,5]
07-30 11:46:25.428 10034  2989  3126 I sysui_multi_action: [757,1093,758,4,793,1439,1094,9486336,1095,5]
07-30 11:46:26.996 10034  2989  3126 I sysui_multi_action: [757,1093,758,4,793,1568,1094,9486336,1095,5]
07-30 11:46:37.841 10034  2989  3126 I sysui_multi_action: [757,1093,758,4,793,10845,1094,9486336,1095,5]
07-30 11:46:43.192 10034  2989  3126 I sysui_multi_action: [757,1093,758,4,793,5351,1094,9486336,1095,5]
07-30 11:46:46.999 10034  2989  3126 I sysui_multi_action: [757,1093,758,4,793,3807,1094,9486336,1095,5]
07-30 11:46:49.593 10034  2989  3126 I sysui_multi_action: [757,1093,758,4,793,2594,1094,9486336,1095,5]
07-30 11:46:57.336  1000  2741  2741 I sysui_multi_action: [757,804,799,fingerprint_token,801,0,802,1]
07-30 11:46:57.823  1000  2741  2767 I sysui_multi_action: [757,803,799,window_time_0,802,60]
07-30 11:46:58.056  1000  2741  2777 I sysui_multi_action: [757,223,758,1]
07-30 11:46:58.087 10034  2989  2989 I sysui_multi_action: [757,196,758,2,759,1]
07-30 11:46:58.121 10034  2989  2989 I sysui_multi_action: [757,111,758,1]
07-30 11:46:58.121 10034  2989  2989 I sysui_multi_action: [757,126,758,1,759,126,833,0,927,0,928,1]
07-30 11:46:58.121 10034  2989  2989 I sysui_multi_action: [757,113,758,1,759,113,833,0,927,1,928,0]
07-30 11:46:58.121 10034  2989  2989 I sysui_multi_action: [757,118,758,1,759,118,833,0,927,2,928,0]
07-30 11:46:58.121 10034  2989  2989 I sysui_multi_action: [757,119,758,1,759,119,833,0,927,3,928,0]
07-30 11:46:58.122 10034  2989  2989 I sysui_multi_action: [757,123,758,1,759,123,833,0,927,4,928,1]
07-30 11:46:58.122 10034  2989  2989 I sysui_multi_action: [757,261,758,1,759,261,833,0,927,5,928,0]
07-30 11:46:58.138  1000  2741  3100 I sysui_multi_action: [757,127,758,1]
07-30 11:46:58.138  1000  2741  3100 I sysui_multi_action: [757,804,799,note_load,801,20,802,1]
07-30 11:46:58.146  1000  2741  2741 I sysui_multi_action: [757,198,758,2,759,3]
07-30 11:46:58.146  1000  2741  2741 I sysui_multi_action: [757,804,799,screen_timeout,801,60,802,1]
07-30 11:46:58.218  1000  2741  3003 I sysui_multi_action: [757,127,758,2]
07-30 11:47:02.447 10034  2989  2989 I sysui_multi_action: [757,196,758,1,759,1]
07-30 11:47:02.600 10034  2989  3126 I sysui_multi_action: [757,1093,758,4,793,13007,1094,9486336,1095,5]
07-30 11:47:04.365  1000  2741  2741 I sysui_multi_action: [757,199,758,1,759,5,793,13395455,794,638245,795,8,796,0,806,com.twitter.android,857,1141110380-tweet_notifications,858,3,947,0]
07-30 11:47:05.049  1000  2741  2877 I sysui_multi_action: [757,804,799,power_consecutive_short_tap_count,801,1,802,1]
07-30 11:47:05.049  1000  2741  2877 I sysui_multi_action: [757,804,799,power_double_tap_interval,801,639259,802,1]
07-30 11:47:05.057  1000  2741  2781 I sysui_multi_action: [757,198,758,1,759,0,793,11]
07-30 11:47:05.072  1000  2741  2777 I sysui_multi_action: [757,223,758,2]
07-30 11:47:05.072  1000  2741  2777 I sysui_multi_action: [757,804,799,dozing_minutes,801,0,802,1]
07-30 11:47:05.159  1000  2741  3323 I sysui_multi_action: [757,127,758,1]
07-30 11:47:05.159  1000  2741  3323 I sysui_multi_action: [757,804,799,note_load,801,20,802,1]
07-30 11:47:06.256 10034  2989  3126 I sysui_multi_action: [757,1093,758,4,793,3656,1094,9486336,1095,5]
07-30 11:47:08.211 10034  2989  3126 I sysui_multi_action: [757,1093,758,4,793,1955,1094,9486336,1095,5]
07-30 11:47:10.765 10034  2989  3126 I sysui_multi_action: [757,1093,758,4,793,2554,1094,9486336,1095,5]
07-30 11:47:13.337 10034  2989  3126 I sysui_multi_action: [757,1093,758,4,793,2572,1094,9486336,1095,5]
07-30 11:47:15.780  1000  2741  2777 I sysui_multi_action: [757,223,758,1]
07-30 11:47:15.866  1000  2741  2741 I sysui_multi_action: [757,198,758,2,759,3]
07-30 11:47:15.867  1000  2741  2741 I sysui_multi_action: [757,804,799,screen_timeout,801,60,802,1]
07-30 11:47:15.952  1000  2741  3960 I sysui_multi_action: [757,127,758,2]
07-30 11:47:28.908  1000  2741  2877 I sysui_multi_action: [757,804,799,power_consecutive_short_tap_count,801,1,802,1]
07-30 11:47:28.908  1000  2741  2877 I sysui_multi_action: [757,804,799,power_double_tap_interval,801,23858,802,1]
07-30 11:47:29.013  1000  2741  3163 I sysui_multi_action: [757,127,758,1]
07-30 11:47:29.013  1000  2741  3163 I sysui_multi_action: [757,804,799,note_load,801,20,802,1]
07-30 11:47:29.385  1000  2741  2781 I sysui_multi_action: [757,198,758,1,759,0,793,482]
07-30 11:47:29.410  1000  2741  2777 I sysui_multi_action: [757,223,758,2]
07-30 11:47:29.410  1000  2741  2777 I sysui_multi_action: [757,804,799,dozing_minutes,801,0,802,1]
07-30 11:47:30.107 10034  2989  3126 I sysui_multi_action: [757,1093,758,4,793,16770,1094,9486336,1095,5]
07-30 11:47:34.384 10034  2989  3126 I sysui_multi_action: [757,1093,758,4,793,4277,1094,9486336,1095,5]
07-30 11:47:35.991 10034  2989  3126 I sysui_multi_action: [757,1093,758,4,793,1607,1094,9486336,1095,5]
07-30 11:47:37.986 10034  2989  3126 I sysui_multi_action: [757,1093,758,4,793,1995,1094,9486336,1095,5]
07-30 11:47:39.624  1000  2741  2777 I sysui_multi_action: [757,223,758,1]
07-30 11:47:39.711  1000  2741  2741 I sysui_multi_action: [757,198,758,2,759,3]
07-30 11:47:39.711  1000  2741  2741 I sysui_multi_action: [757,804,799,screen_timeout,801,60,802,1]
07-30 11:47:39.768  1000  2741  3324 I sysui_multi_action: [757,127,758,2]
07-30 11:47:41.691  1000  2741  2877 I sysui_multi_action: [757,804,799,power_consecutive_short_tap_count,801,1,802,1]
07-30 11:47:41.691  1000  2741  2877 I sysui_multi_action: [757,804,799,power_double_tap_interval,801,12783,802,1]
07-30 11:47:41.806  1000  2741 16369 I sysui_multi_action: [757,127,758,1]
07-30 11:47:41.806  1000  2741 16369 I sysui_multi_action: [757,804,799,note_load,801,20,802,1]
07-30 11:47:42.156  1000  2741  2781 I sysui_multi_action: [757,198,758,1,759,0,793,470]
07-30 11:47:42.182  1000  2741  2777 I sysui_multi_action: [757,223,758,2]
07-30 11:47:42.182  1000  2741  2777 I sysui_multi_action: [757,804,799,dozing_minutes,801,0,802,1]
07-30 11:47:43.133 10034  2989  2989 I sysui_multi_action: [757,186,758,4,826,196,827,3568]
07-30 11:47:43.137 10034  2989  2989 I sysui_multi_action: [757,197,758,1,759,1]
07-30 11:47:43.250  1000  2741  3324 I sysui_multi_action: [757,127,758,2]
07-30 11:47:44.746 10034  2989  3126 I sysui_multi_action: [757,1093,758,4,793,6760,1094,9486336,1095,5]
07-30 11:47:45.907 10034  2989  2989 I sysui_multi_action: [757,111,758,2]
07-30 11:47:45.932 10034  2989  2989 I sysui_multi_action: [757,196,758,2,759,1]
07-30 11:47:46.636 10034  2989  3126 I sysui_multi_action: [757,1093,758,4,793,1890,1094,9486336,1095,5]
07-30 11:47:46.977  1000  2741  2767 I sysui_multi_action: [757,803,799,window_time_0,802,49]
07-30 11:47:47.150  1000  2741  2779 I sysui_multi_action: [319,68,321,63,322,226,325,10246,757,761,758,9,759,4,806,com.whatsapp,871,com.whatsapp.Conversation,904,com.whatsapp,905,0]
07-30 11:47:48.756 10034  2989  3126 I sysui_multi_action: [757,1093,758,4,793,2120,1094,9486336,1095,5]
07-30 11:47:49.467  1000  2741  2767 I sysui_multi_action: [757,803,799,window_time_0,802,3]
07-30 11:47:49.486  1000  2741  2767 I sysui_multi_action: [757,803,799,window_time_0,802,0]
07-30 11:47:50.796 10034  2989  3126 I sysui_multi_action: [757,1093,758,4,793,2040,1094,9486336,1095,5]
07-30 11:47:52.733 10034  2989  3126 I sysui_multi_action: [757,1093,758,4,793,1937,1094,9486336,1095,5]
07-30 11:47:53.273  1000  2741  2767 I sysui_multi_action: [757,803,799,window_time_0,802,4]
07-30 11:47:53.768 10034  2989  3126 I sysui_multi_action: [757,1093,758,4,793,1035,1094,9486336,1095,5]
07-30 11:47:56.837 10034  2989  3126 I sysui_multi_action: [757,1093,758,4,793,3069,1094,9486336,1095,5]
07-30 11:47:58.776 10034  2989  3126 I sysui_multi_action: [757,1093,758,4,793,1939,1094,9486336,1095,5]
07-30 11:48:02.600 10034  2989  3126 I sysui_multi_action: [757,1093,758,4,793,3824,1094,9486336,1095,5]
07-30 11:48:03.567  1000  2741  2767 I sysui_multi_action: [757,803,799,window_time_0,802,10]
07-30 11:48:03.590  1000  2741  2767 I sysui_multi_action: [757,803,799,window_time_0,802,0]
07-30 11:48:04.833 10034  2989  3126 I sysui_multi_action: [757,1093,758,4,793,2233,1094,9486336,1095,5]
07-30 11:48:06.807 10034  2989  3126 I sysui_multi_action: [757,1093,758,4,793,1974,1094,9486336,1095,5]
07-30 11:48:08.814 10034  2989  3126 I sysui_multi_action: [757,1093,758,4,793,2006,1094,9486336,1095,5]
07-30 11:48:10.781 10034  2989  3126 I sysui_multi_action: [757,1093,758,4,793,1968,1094,9486336,1095,5]
07-30 11:48:12.787 10034  2989  3126 I sysui_multi_action: [757,1093,758,4,793,2006,1094,9486336,1095,5]
07-30 11:48:14.791 10034  2989  3126 I sysui_multi_action: [757,1093,758,4,793,2003,1094,9486336,1095,5]
07-30 11:48:17.834 10034  2989  3126 I sysui_multi_action: [757,1093,758,4,793,3044,1094,9486336,1095,5]
07-30 11:48:20.836 10034  2989  3126 I sysui_multi_action: [757,1093,758,4,793,3002,1094,9486336,1095,5]
07-30 11:48:23.826 10034  2989  3126 I sysui_multi_action: [757,1093,758,4,793,2990,1094,9486336,1095,5]
07-30 11:48:24.866 10034  2989  3126 I sysui_multi_action: [757,1093,758,4,793,1040,1094,9486336,1095,5]
07-30 11:48:26.077  1000  2741  2767 I sysui_multi_action: [757,803,799,window_time_0,802,23]
07-30 11:48:27.865 10034  2989  3126 I sysui_multi_action: [757,1093,758,4,793,2994,1094,9486336,1095,5]
07-30 11:48:31.605  1000  2741  2767 I sysui_multi_action: [757,803,799,window_time_0,802,5]
07-30 11:48:31.625  1000  2741  2767 I sysui_multi_action: [757,803,799,window_time_0,802,0]
07-30 11:48:31.872 10034  2989  3126 I sysui_multi_action: [757,1093,758,4,793,4012,1094,9486336,1095,5]
07-30 11:48:35.877 10034  2989  3126 I sysui_multi_action: [757,1093,758,4,793,4004,1094,9486336,1095,5]
07-30 11:48:37.816 10034  2989  3126 I sysui_multi_action: [757,1093,758,4,793,1940,1094,9486336,1095,5]
07-30 11:48:38.887 10034  2989  3126 I sysui_multi_action: [757,1093,758,4,793,1071,1094,9486336,1095,5]
07-30 11:48:40.389 10034  2989  3126 I sysui_multi_action: [757,1093,758,4,793,1501,1094,9486336,1095,5]
07-30 11:48:41.896 10034  2989  3126 I sysui_multi_action: [757,1093,758,4,793,1508,1094,9486336,1095,5]
07-30 11:48:43.896 10034  2989  3126 I sysui_multi_action: [757,1093,758,4,793,2000,1094,9486336,1095,5]
07-30 11:48:46.907 10034  2989  3126 I sysui_multi_action: [757,1093,758,4,793,3011,1094,9486336,1095,5]
07-30 11:48:47.937  1000  2741  2741 I sysui_multi_action: [757,199,758,1,759,5,793,13499027,794,741817,795,6,796,0,806,com.twitter.android,857,1141110380-tweet_notifications,858,3,947,0]
07-30 11:48:48.886 10034  2989  3126 I sysui_multi_action: [757,1093,758,4,793,1979,1094,9486336,1095,5]
07-30 11:48:49.929 10034  2989  3126 I sysui_multi_action: [757,1093,758,4,793,1043,1094,9486336,1095,5]
07-30 11:48:51.916 10034  2989  3126 I sysui_multi_action: [757,1093,758,4,793,1987,1094,9486336,1095,5]
07-30 11:48:53.184 10034  2989  3126 I sysui_multi_action: [757,1093,758,4,793,1268,1094,9486336,1095,5]
07-30 11:48:55.906 10034  2989  3126 I sysui_multi_action: [757,1093,758,4,793,2722,1094,9486336,1095,5]
07-30 11:48:56.944 10034  2989  3126 I sysui_multi_action: [757,1093,758,4,793,1037,1094,9486336,1095,5]
07-30 11:49:02.662 10034  2989  3126 I sysui_multi_action: [757,1093,758,4,793,5719,1094,9486336,1095,5]
07-30 11:49:02.771  1000  2741  2741 I sysui_multi_action: [757,199,758,1,759,4,793,12,794,0,795,12,796,1,797,919036640705-1521441719@g.us,806,com.whatsapp,857,individual_chat_defaults_1,858,4,946,group_key_messages,947,0]
07-30 11:49:02.799  1000  2741  2741 I sysui_multi_action: [757,199,758,1,759,4,793,7,794,0,795,7,796,1,797,919848330390-1434389344@g.us,806,com.whatsapp,857,individual_chat_defaults_1,858,4,946,group_key_messages,947,0]
07-30 11:49:02.823  1000  2741  2741 I sysui_multi_action: [757,199,758,1,759,4,793,6,794,0,795,6,796,1,797,919949777709-1443694452@g.us,806,com.whatsapp,857,individual_chat_defaults_1,858,4,946,group_key_messages,947,0]
07-30 11:49:02.841  1000  2741  2741 I sysui_multi_action: [757,199,758,1,759,4,793,7,794,0,795,7,796,1,797,918008066449-1389674036@g.us,806,com.whatsapp,857,individual_chat_defaults_1,858,4,946,group_key_messages,947,0]
07-30 11:49:02.860  1000  2741  2741 I sysui_multi_action: [757,199,758,1,759,4,793,7,794,0,795,7,796,1,797,919966429222-1483261573@g.us,806,com.whatsapp,857,individual_chat_defaults_1,858,4,946,group_key_messages,947,0]
07-30 11:49:02.882  1000  2741  2741 I sysui_multi_action: [757,199,758,1,759,4,793,6,794,0,795,6,796,1,797,917893161221@s.whatsapp.net,806,com.whatsapp,857,individual_chat_defaults_1,858,4,946,group_key_messages,947,0]
07-30 11:49:02.898  1000  2741  2741 I sysui_multi_action: [757,199,758,1,759,5,793,10,794,0,795,10,796,1,806,com.whatsapp,857,individual_chat_defaults_1,858,4,946,group_key_messages,947,1]
07-30 11:49:03.232 10034  2989  2989 I sysui_multi_action: [757,803,799,note_peek,802,1]
07-30 11:49:03.251  1000  2741  3003 I sysui_multi_action: [757,127,758,1]
07-30 11:49:03.251  1000  2741  3003 I sysui_multi_action: [757,804,799,note_load,801,1,802,1]
07-30 11:49:04.141  1000  2741  3323 I sysui_multi_action: [757,128,758,1,793,1288,794,0,795,1288,796,1,797,919966429222-1483261573@g.us,798,2,806,com.whatsapp,857,individual_chat_defaults_1,858,4,946,group_key_messages,947,0]
07-30 11:49:04.141  1000  2741  3323 I sysui_multi_action: [757,804,799,note_freshness,801,1288,802,1]
07-30 11:49:04.142  1000  2741  3323 I sysui_multi_action: [757,128,758,1,793,1325,794,0,795,1325,796,1,797,919949777709-1443694452@g.us,798,4,806,com.whatsapp,857,individual_chat_defaults_1,858,4,946,group_key_messages,947,0]
07-30 11:49:04.142  1000  2741  3323 I sysui_multi_action: [757,804,799,note_freshness,801,1325,802,1]
07-30 11:49:04.142  1000  2741  3323 I sysui_multi_action: [757,128,758,1,793,1309,794,0,795,1309,796,1,797,918008066449-1389674036@g.us,798,3,806,com.whatsapp,857,individual_chat_defaults_1,858,4,946,group_key_messages,947,0]
07-30 11:49:04.142  1000  2741  3323 I sysui_multi_action: [757,804,799,note_freshness,801,1309,802,1]
07-30 11:49:04.145  1000  2741  3323 I sysui_multi_action: [757,128,758,1,793,1267,794,0,795,1267,796,1,797,917893161221@s.whatsapp.net,798,1,806,com.whatsapp,857,individual_chat_defaults_1,858,4,946,group_key_messages,947,0]
07-30 11:49:04.145  1000  2741  3323 I sysui_multi_action: [757,804,799,note_freshness,801,1267,802,1]
07-30 11:49:04.145  1000  2741  3323 I sysui_multi_action: [757,128,758,1,793,1353,794,0,795,1353,796,1,797,919848330390-1434389344@g.us,798,5,806,com.whatsapp,857,individual_chat_defaults_1,858,4,946,group_key_messages,947,0]
07-30 11:49:04.145  1000  2741  3323 I sysui_multi_action: [757,804,799,note_freshness,801,1353,802,1]
07-30 11:49:04.146  1000  2741  3323 I sysui_multi_action: [757,128,758,1,793,1257,794,0,795,1257,796,1,798,0,806,com.whatsapp,857,individual_chat_defaults_1,858,4,946,group_key_messages,947,1]
07-30 11:49:04.146  1000  2741  3323 I sysui_multi_action: [757,804,799,note_freshness,801,1257,802,1]
07-30 11:49:04.146  1000  2741  3323 I sysui_multi_action: [757,128,758,1,793,1387,794,0,795,1387,796,1,797,919036640705-1521441719@g.us,798,6,806,com.whatsapp,857,individual_chat_defaults_1,858,4,946,group_key_messages,947,0]
07-30 11:49:04.146  1000  2741  3323 I sysui_multi_action: [757,804,799,note_freshness,801,1387,802,1]
07-30 11:49:04.946 10034  2989  3126 I sysui_multi_action: [757,1093,758,4,793,2284,1094,9486336,1095,5]
07-30 11:49:06.914 10034  2989  3126 I sysui_multi_action: [757,1093,758,4,793,1968,1094,9486336,1095,5]
07-30 11:49:07.097  1000  2741  3960 I sysui_multi_action: [757,128,758,4,793,4209,794,2952,795,4209,796,1,806,com.whatsapp,857,individual_chat_defaults_1,858,4,946,group_key_messages,947,1]
07-30 11:49:07.097  1000  2741  2741 I sysui_multi_action: [757,804,799,note_click_longevity,801,0,802,1]
07-30 11:49:07.482  1000  2741  3960 I sysui_multi_action: [757,128,758,2,793,4628,794,3340,795,4628,796,1,797,919966429222-1483261573@g.us,798,2,806,com.whatsapp,857,individual_chat_defaults_1,858,4,946,group_key_messages,947,0]
07-30 11:49:07.482  1000  2741  3960 I sysui_multi_action: [757,128,758,2,793,4665,794,3340,795,4665,796,1,797,919949777709-1443694452@g.us,798,4,806,com.whatsapp,857,individual_chat_defaults_1,858,4,946,group_key_messages,947,0]
07-30 11:49:07.482  1000  2741  3960 I sysui_multi_action: [757,128,758,2,793,4649,794,3340,795,4649,796,1,797,918008066449-1389674036@g.us,798,3,806,com.whatsapp,857,individual_chat_defaults_1,858,4,946,group_key_messages,947,0]
07-30 11:49:07.483  1000  2741  3960 I sysui_multi_action: [757,128,758,2,793,4607,794,3340,795,4607,796,1,797,917893161221@s.whatsapp.net,798,1,806,com.whatsapp,857,individual_chat_defaults_1,858,4,946,group_key_messages,947,0]
07-30 11:49:07.483  1000  2741  3960 I sysui_multi_action: [757,128,758,2,793,4691,794,3338,795,4691,796,1,797,919848330390-1434389344@g.us,798,5,806,com.whatsapp,857,individual_chat_defaults_1,858,4,946,group_key_messages,947,0]
07-30 11:49:07.483  1000  2741  3960 I sysui_multi_action: [757,128,758,2,793,4595,794,3338,795,4595,796,1,798,0,806,com.whatsapp,857,individual_chat_defaults_1,858,4,946,group_key_messages,947,1]
07-30 11:49:07.483  1000  2741  3960 I sysui_multi_action: [757,128,758,2,793,4724,794,3337,795,4724,796,1,797,919036640705-1521441719@g.us,798,6,806,com.whatsapp,857,individual_chat_defaults_1,858,4,946,group_key_messages,947,0]
07-30 11:49:07.484  1000  2741  3960 I sysui_multi_action: [757,127,758,2]
07-30 11:49:08.530  1000  2741  2767 I sysui_multi_action: [757,803,799,window_time_0,802,37]
07-30 11:49:08.562  1000  2741  2741 I sysui_multi_action: [757,128,758,5,759,8,793,5687,794,4420,795,5687,796,1,797,917893161221@s.whatsapp.net,806,com.whatsapp,857,individual_chat_defaults_1,858,4,946,group_key_messages,947,0]
07-30 11:49:08.727  1000  2741  2779 I sysui_multi_action: [319,1631,322,1630,325,10327,757,761,758,9,759,2,806,com.whatsapp,871,com.whatsapp.Conversation,904,com.whatsapp,905,0]
07-30 11:49:09.100  1000  2741  2741 I sysui_multi_action: [757,128,758,5,759,8,793,6212,794,4955,795,216,796,1,806,com.whatsapp,857,silent_notifications_3,858,2,946,group_key_messages,947,1]
07-30 11:49:09.102  1000  2741  2741 I sysui_multi_action: [757,128,758,5,759,12,793,6343,794,4956,795,350,796,1,797,919036640705-1521441719@g.us,806,com.whatsapp,857,silent_notifications_3,858,2,946,group_key_messages,947,0]
07-30 11:49:09.104  1000  2741  2741 I sysui_multi_action: [757,128,758,5,759,12,793,6311,794,4958,795,334,796,1,797,919848330390-1434389344@g.us,806,com.whatsapp,857,silent_notifications_3,858,2,946,group_key_messages,947,0]
07-30 11:49:09.107  1000  2741  2741 I sysui_multi_action: [757,128,758,5,759,12,793,6289,794,4964,795,286,796,1,797,919949777709-1443694452@g.us,806,com.whatsapp,857,silent_notifications_3,858,2,946,group_key_messages,947,0]
07-30 11:49:09.108  1000  2741  2741 I sysui_multi_action: [757,128,758,5,759,12,793,6275,794,4966,795,259,796,1,797,918008066449-1389674036@g.us,806,com.whatsapp,857,silent_notifications_3,858,2,946,group_key_messages,947,0]
07-30 11:49:09.110  1000  2741  2741 I sysui_multi_action: [757,128,758,5,759,12,793,6257,794,4969,795,240,796,1,797,919966429222-1483261573@g.us,806,com.whatsapp,857,silent_notifications_3,858,2,946,group_key_messages,947,0]
07-30 11:49:10.041 10034  2989  3126 I sysui_multi_action: [757,1093,758,4,793,3127,1094,9486336,1095,5]
07-30 11:49:14.681 10034  2989  3126 I sysui_multi_action: [757,1093,758,4,793,4639,1094,9486336,1095,5]
07-30 11:49:17.977 10034  2989  3126 I sysui_multi_action: [757,1093,758,4,793,3297,1094,9486336,1095,5]
07-30 11:49:19.966 10034  2989  3126 I sysui_multi_action: [757,1093,758,4,793,1989,1094,9486336,1095,5]
07-30 11:49:21.976 10034  2989  3126 I sysui_multi_action: [757,1093,758,4,793,2010,1094,9486336,1095,5]
07-30 11:49:26.996 10034  2989  3126 I sysui_multi_action: [757,1093,758,4,793,5020,1094,9486336,1095,5]
07-30 11:49:28.966 10034  2989  3126 I sysui_multi_action: [757,1093,758,4,793,1970,1094,9486336,1095,5]
07-30 11:49:30.008 10034  2989  3126 I sysui_multi_action: [757,1093,758,4,793,1041,1094,9486336,1095,5]
07-30 11:49:38.991 10034  2989  3126 I sysui_multi_action: [757,1093,758,4,793,8983,1094,9486336,1095,5]
07-30 11:49:40.033 10034  2989  3126 I sysui_multi_action: [757,1093,758,4,793,1043,1094,9486336,1095,5]
07-30 11:49:42.018 10034  2989  3126 I sysui_multi_action: [757,1093,758,4,793,1985,1094,9486336,1095,5]
07-30 11:49:44.027 10034  2989  3126 I sysui_multi_action: [757,1093,758,4,793,2008,1094,9486336,1095,5]
07-30 11:49:45.105 10034  2989  2989 I sysui_multi_action: [757,931,758,4,759,3,932,0,933,0]
07-30 11:49:45.153 10034  2989  2989 I sysui_multi_action: [757,931,758,4,759,3,932,0,933,1]
07-30 11:49:45.241  1000  2741  2767 I sysui_multi_action: [757,803,799,window_time_0,802,37]
07-30 11:49:45.393  1000  2741  2779 I sysui_multi_action: [319,184,322,157,325,10365,757,761,758,9,759,2,806,com.smartron.tronxlauncher,871,com.smartron.smextension.TronxLauncher,905,0]
07-30 11:49:46.036 10034  2989  3126 I sysui_multi_action: [757,1093,758,4,793,2010,1094,9486336,1095,5]
07-30 11:49:48.046 10034  2989  3126 I sysui_multi_action: [757,1093,758,4,793,2010,1094,9486336,1095,5]
07-30 11:49:50.034 10034  2989  3126 I sysui_multi_action: [757,1093,758,4,793,1988,1094,9486336,1095,5]
07-30 11:49:52.057 10034  2989  3126 I sysui_multi_action: [757,1093,758,4,793,2022,1094,9486336,1095,5]
07-30 11:49:54.027 10034  2989  3126 I sysui_multi_action: [757,1093,758,4,793,1971,1094,9486336,1095,5]
07-30 11:49:55.068 10034  2989  3126 I sysui_multi_action: [757,1093,758,4,793,1041,1094,9486336,1095,5]
07-30 11:49:57.037 10034  2989  3126 I sysui_multi_action: [757,1093,758,4,793,1969,1094,9486336,1095,5]
07-30 11:49:59.036 10034  2989  3126 I sysui_multi_action: [757,1093,758,4,793,1999,1094,9486336,1095,5]
07-30 11:50:00.764 10034  2989  3126 I sysui_multi_action: [757,1093,758,4,793,1728,1094,9486336,1095,5]
07-30 11:50:02.600 10034  2989  3126 I sysui_multi_action: [757,1093,758,4,793,1836,1094,9486336,1095,5]
07-30 11:50:03.755 10034  2989  3126 I sysui_multi_action: [757,1093,758,4,793,1155,1094,9486336,1095,5]
07-30 11:50:08.766 10034  2989  3126 I sysui_multi_action: [757,1093,758,4,793,5011,1094,9486336,1095,5]
07-30 11:50:10.733 10034  2989  3126 I sysui_multi_action: [757,1093,758,4,793,1967,1094,9486336,1095,5]
07-30 11:50:11.757 10034  2989  3126 I sysui_multi_action: [757,1093,758,4,793,1024,1094,9486336,1095,5]
07-30 11:50:13.780 10034  2989  3126 I sysui_multi_action: [757,1093,758,4,793,2022,1094,9486336,1095,5]
07-30 11:50:16.786 10034  2989  3126 I sysui_multi_action: [757,1093,758,4,793,3007,1094,9486336,1095,5]
07-30 11:50:19.796 10034  2989  3126 I sysui_multi_action: [757,1093,758,4,793,3010,1094,9486336,1095,5]
07-30 11:50:21.796 10034  2989  3126 I sysui_multi_action: [757,1093,758,4,793,2000,1094,9486336,1095,5]
07-30 11:50:24.813 10034  2989  3126 I sysui_multi_action: [757,1093,758,4,793,3017,1094,9486336,1095,5]
07-30 11:50:26.516 10034  2989  3126 I sysui_multi_action: [757,1093,758,4,793,1703,1094,9453568,1095,4]
07-30 11:50:29.909 10034  2989  3126 I sysui_multi_action: [757,1093,758,4,793,3392,1094,9486336,1095,5]
07-30 11:50:30.936 10034  2989  3126 I sysui_multi_action: [757,1093,758,4,793,1028,1094,9486336,1095,5]
07-30 11:50:36.488 10034  2989  3126 I sysui_multi_action: [757,1093,758,4,793,5551,1094,9486336,1095,5]
07-30 11:50:37.532 10034  2989  3126 I sysui_multi_action: [757,1093,758,4,793,1045,1094,9486336,1095,5]
07-30 11:50:41.297 10034  2989  3126 I sysui_multi_action: [757,1093,758,4,793,3765,1094,9486336,1095,5]
07-30 11:50:42.373 10034  2989  3126 I sysui_multi_action: [757,1093,758,4,793,1076,1094,9486336,1095,5]
07-30 11:50:44.378 10034  2989  3126 I sysui_multi_action: [757,1093,758,4,793,2005,1094,9486336,1095,5]
07-30 11:50:45.167  1000  2741  2741 I sysui_multi_action: [757,804,799,fingerprint_token,801,0,802,1]
07-30 11:50:45.641  1000  2741  2767 I sysui_multi_action: [757,803,799,window_time_0,802,60]
07-30 11:50:45.878  1000  2741  2777 I sysui_multi_action: [757,223,758,1]
07-30 11:50:45.918 10034  2989  2989 I sysui_multi_action: [757,196,758,2,759,1]
07-30 11:50:45.972 10034  2989  2989 I sysui_multi_action: [757,111,758,1]
07-30 11:50:45.972 10034  2989  2989 I sysui_multi_action: [757,126,758,1,759,126,833,0,927,0,928,1]
07-30 11:50:45.972 10034  2989  2989 I sysui_multi_action: [757,113,758,1,759,113,833,0,927,1,928,0]
07-30 11:50:45.972 10034  2989  2989 I sysui_multi_action: [757,118,758,1,759,118,833,0,927,2,928,0]
07-30 11:50:45.972 10034  2989  2989 I sysui_multi_action: [757,119,758,1,759,119,833,0,927,3,928,0]
07-30 11:50:45.973 10034  2989  2989 I sysui_multi_action: [757,123,758,1,759,123,833,0,927,4,928,1]
07-30 11:50:45.973 10034  2989  2989 I sysui_multi_action: [757,261,758,1,759,261,833,0,927,5,928,0]
07-30 11:50:45.994  1000  2741 21976 I sysui_multi_action: [757,127,758,1]
07-30 11:50:45.994  1000  2741 21976 I sysui_multi_action: [757,804,799,note_load,801,20,802,1]
07-30 11:50:46.006  1000  2741  2741 I sysui_multi_action: [757,198,758,2,759,3]
07-30 11:50:46.007  1000  2741  2741 I sysui_multi_action: [757,804,799,screen_timeout,801,60,802,1]
07-30 11:50:46.093  1000  2741  8423 I sysui_multi_action: [757,127,758,2]
07-30 11:50:50.264  1000  2741  2741 I sysui_multi_action: [757,128,758,5,759,8,793,3334,794,0,795,9,796,14,806,com.whatsapp,857,other_notifications@1,858,2,947,0]
07-30 11:50:50.685  1000  2741  2741 I sysui_multi_action: [757,199,758,1,759,4,793,7,794,0,795,7,796,1,797,919036640705-1521441719@g.us,806,com.whatsapp,857,individual_chat_defaults_1,858,4,946,group_key_messages,947,0]
07-30 11:50:50.723  1000  2741  2741 I sysui_multi_action: [757,199,758,1,759,4,793,7,794,0,795,7,796,1,797,919848330390-1434389344@g.us,806,com.whatsapp,857,individual_chat_defaults_1,858,4,946,group_key_messages,947,0]
07-30 11:50:50.754  1000  2741  2741 I sysui_multi_action: [757,199,758,1,759,4,793,8,794,0,795,8,796,1,797,919949777709-1443694452@g.us,806,com.whatsapp,857,individual_chat_defaults_1,858,4,946,group_key_messages,947,0]
07-30 11:50:50.779  1000  2741  2741 I sysui_multi_action: [757,199,758,1,759,4,793,12,794,0,795,12,796,1,797,918008066449-1389674036@g.us,806,com.whatsapp,857,individual_chat_defaults_1,858,4,946,group_key_messages,947,0]
07-30 11:50:50.799  1000  2741  2741 I sysui_multi_action: [757,199,758,1,759,4,793,7,794,0,795,7,796,1,797,919966429222-1483261573@g.us,806,com.whatsapp,857,individual_chat_defaults_1,858,4,946,group_key_messages,947,0]
07-30 11:50:50.827  1000  2741  2741 I sysui_multi_action: [757,199,758,1,759,4,793,7,794,0,795,7,796,1,797,917893161221@s.whatsapp.net,806,com.whatsapp,857,individual_chat_defaults_1,858,4,946,group_key_messages,947,0]
07-30 11:50:50.855  1000  2741  2741 I sysui_multi_action: [757,199,758,1,759,5,793,24,794,0,795,24,796,1,806,com.whatsapp,857,individual_chat_defaults_1,858,4,946,group_key_messages,947,1]
07-30 11:50:51.261  1000  2741  2741 I sysui_multi_action: [757,128,758,5,759,8,793,4337,794,0,795,4337,796,40,806,android,857,FOREGROUND_SERVICE,858,2,947,0]
07-30 11:50:56.557 10034  2989  2989 I sysui_multi_action: [757,196,758,1,759,1]
07-30 11:50:57.916 10034  2989  3126 I sysui_multi_action: [757,1093,758,4,793,13538,1094,9486336,1095,5]
07-30 11:50:58.575  1000  2741  2741 I sysui_multi_action: [757,128,758,5,759,8,793,2131541,794,872458,795,326490,796,-1327682998,797,gig:483594645:^sq_ig_i_personal,806,com.google.android.gm,857,^nc_1_mail_suresh.dorepally-7455de07,858,3,946,gig:483594645:^sq_ig_i_personal,947,0]
07-30 11:51:02.600 10034  2989  3126 I sysui_multi_action: [757,1093,758,4,793,4684,1094,9486336,1095,5]
07-30 11:51:14.975  1000  2741  2741 I sysui_multi_action: [757,199,758,1,759,5,793,13646065,794,888855,795,8,796,0,806,com.twitter.android,857,1141110380-tweet_notifications,858,3,947,0]
07-30 11:51:21.529 10034  2989  3126 I sysui_multi_action: [757,1093,758,4,793,18929,1094,9453568,1095,4]
07-30 11:51:22.799 10034  2989  3126 I sysui_multi_action: [757,1093,758,4,793,1270,1094,9453568,1095,4]
07-30 11:51:23.842  1000  2741  2741 I sysui_multi_action: [757,128,758,5,759,8,793,351678,794,0,795,351678,796,2071495403,797,gig:483594645:^sq_ig_i_personal,806,com.google.android.gm,857,^nc_1_mail_suresh.dorepally-7455de07,858,3,946,gig:483594645:^sq_ig_i_personal,947,0]
07-30 11:51:23.860  1000  2741  2741 I sysui_multi_action: [757,128,758,5,759,8,793,2296425,794,897741,795,351787,796,1918686884,797,gig:483594645:^sq_ig_i_personal,806,com.google.android.gm,857,^nc_1_mail_suresh.dorepally-7455de07,858,3,946,gig:483594645:^sq_ig_i_personal,947,0]
07-30 11:51:27.017  1000  2741  2741 I sysui_multi_action: [757,128,758,5,759,8,793,2160011,794,900898,795,354912,796,1965099541,797,gig:483594645:^sq_ig_i_personal,806,com.google.android.gm,857,^nc_1_mail_suresh.dorepally-7455de07,858,3,946,gig:483594645:^sq_ig_i_personal,947,0]
07-30 11:51:58.925  1000  2741  2741 I sysui_multi_action: [757,199,758,1,759,5,793,13690015,794,932805,795,8,796,0,806,com.twitter.android,857,1141110380-tweet_notifications,858,3,947,0]
07-30 11:52:00.034  1000  2741  2741 I sysui_multi_action: [757,199,758,1,759,5,793,13691124,794,933914,795,7,796,0,806,com.twitter.android,857,1141110380-tweet_notifications,858,3,947,0]
07-30 11:52:00.839 10034  2989  3126 I sysui_multi_action: [757,1093,758,4,793,38040,1094,9453568,1095,4]
07-30 11:52:01.738  1000  2741  2741 I sysui_multi_action: [757,199,758,1,759,5,793,13692828,794,935618,795,10,796,0,806,com.twitter.android,857,1141110380-tweet_notifications,858,3,947,0]
07-30 11:52:02.555 10034  2989  3126 I sysui_multi_action: [757,1093,758,4,793,1716,1094,9453568,1095,4]
07-30 11:52:52.555  1000  2741  2741 I sysui_multi_action: [757,199,758,1,759,1,793,9,794,0,795,9,796,23,797,41217664-9172-527a-b3d5-edabb50a7d69,806,android,857,ALERTS,858,3,947,0]
07-30 11:52:53.954 10034  2989  3126 I sysui_multi_action: [757,1093,758,4,793,51399,1094,9453568,1095,4]
07-30 11:53:02.572 10034  2989  3126 I sysui_multi_action: [757,1093,758,4,793,8618,1094,9453568,1095,4]
07-30 11:53:04.597 10034  2989  3126 I sysui_multi_action: [757,1093,758,4,793,2025,1094,9453568,1095,4]
07-30 11:53:40.312 10034  2989  3126 I sysui_multi_action: [757,1093,758,4,793,35715,1094,9453568,1095,4]
07-30 11:53:47.194  1000  2741  2741 I sysui_multi_action: [757,199,758,1,759,4,793,176515,794,0,795,8,796,1,797,919036640705-1521441719@g.us,806,com.whatsapp,857,group_chat_defaults_2,858,4,946,group_key_messages,947,0]
07-30 11:53:47.226  1000  2741  2741 I sysui_multi_action: [757,199,758,1,759,4,793,176509,794,0,795,9,796,1,797,919848330390-1434389344@g.us,806,com.whatsapp,857,group_chat_defaults_2,858,4,946,group_key_messages,947,0]
07-30 11:53:47.259  1000  2741  2741 I sysui_multi_action: [757,199,758,1,759,4,793,176512,794,0,795,9,796,1,797,919949777709-1443694452@g.us,806,com.whatsapp,857,group_chat_defaults_2,858,4,946,group_key_messages,947,0]
07-30 11:53:47.286  1000  2741  2741 I sysui_multi_action: [757,199,758,1,759,4,793,176519,794,0,795,6,796,1,797,918008066449-1389674036@g.us,806,com.whatsapp,857,group_chat_defaults_2,858,4,946,group_key_messages,947,0]
