07-30 08:13:02.139  1000  2741  3293 I sysui_multi_action: [757,127,758,1]
07-30 08:13:02.139  1000  2741  3293 I sysui_multi_action: [757,804,799,note_load,801,10,802,1]
07-30 08:13:02.160  1000  2741  2741 I sysui_multi_action: [757,198,758,2,759,3]
07-30 08:13:02.161  1000  2741  2741 I sysui_multi_action: [757,804,799,screen_timeout,801,60,802,1]
07-30 08:13:02.246  1000  2741  3242 I sysui_multi_action: [757,127,758,2]
07-30 08:13:06.438 10034  2989  2989 I sysui_multi_action: [757,196,758,1,759,1]
07-30 08:13:09.135  1000  2741  2877 I sysui_multi_action: [757,804,799,power_consecutive_short_tap_count,801,1,802,1]
07-30 08:13:09.135  1000  2741  2877 I sysui_multi_action: [757,804,799,power_double_tap_interval,801,167667,802,1]
07-30 08:13:09.235  1000  2741  3293 I sysui_multi_action: [757,127,758,1]
07-30 08:13:09.235  1000  2741  3293 I sysui_multi_action: [757,804,799,note_load,801,10,802,1]
07-30 08:13:09.655  1000  2741  2781 I sysui_multi_action: [757,198,758,1,759,0,793,525]
07-30 08:13:09.686  1000  2741  2777 I sysui_multi_action: [757,223,758,2]
07-30 08:13:09.687  1000  2741  2777 I sysui_multi_action: [757,804,799,dozing_minutes,801,0,802,1]
07-30 08:13:10.853 10034  2989  2989 I sysui_multi_action: [757,186,758,4,826,117,827,3242]
07-30 08:13:10.861 10034  2989  2989 I sysui_multi_action: [757,197,758,1,759,1]
07-30 08:13:11.005  1000  2741  3293 I sysui_multi_action: [757,127,758,2]
07-30 08:13:11.185 10034  2989  3126 I sysui_multi_action: [757,1093,758,4,793,17220,1094,9469952,1095,3]
07-30 08:13:14.218 10034  2989  3126 I sysui_multi_action: [757,1093,758,4,793,3033,1094,9469952,1095,3]
07-30 08:13:16.169 10034  2989  3126 I sysui_multi_action: [757,1093,758,4,793,1951,1094,9469952,1095,3]
07-30 08:13:19.195 10034  2989  3126 I sysui_multi_action: [757,1093,758,4,793,3025,1094,9469952,1095,3]
07-30 08:13:21.210 10034  2989  3126 I sysui_multi_action: [757,1093,758,4,793,2016,1094,9469952,1095,3]
07-30 08:13:21.534 10034  2989  2989 I sysui_multi_action: [757,111,758,2]
07-30 08:13:21.560 10034  2989  2989 I sysui_multi_action: [757,196,758,2,759,1]
07-30 08:13:23.214 10034  2989  3126 I sysui_multi_action: [757,1093,758,4,793,2004,1094,9469952,1095,3]
07-30 08:13:24.286  1000  2741  2767 I sysui_multi_action: [757,803,799,window_time_0,802,23]
07-30 08:13:31.828  1000  2741  2767 I sysui_multi_action: [757,803,799,window_time_0,802,7]
07-30 08:13:31.849  1000  2741  2767 I sysui_multi_action: [757,803,799,window_time_0,802,0]
07-30 08:13:36.246 10034  2989  3126 I sysui_multi_action: [757,1093,758,4,793,13032,1094,9469952,1095,3]
07-30 08:13:39.256 10034  2989  3126 I sysui_multi_action: [757,1093,758,4,793,3010,1094,9469952,1095,3]
07-30 08:13:41.260 10034  2989  3126 I sysui_multi_action: [757,1093,758,4,793,2004,1094,9469952,1095,3]
07-30 08:13:43.265 10034  2989  3126 I sysui_multi_action: [757,1093,758,4,793,2004,1094,9469952,1095,3]
07-30 08:13:45.257 10034  2989  3126 I sysui_multi_action: [757,1093,758,4,793,1993,1094,9469952,1095,3]
07-30 08:13:49.241 10034  2989  3126 I sysui_multi_action: [757,1093,758,4,793,3984,1094,9469952,1095,3]
07-30 08:13:50.278 10034  2989  3126 I sysui_multi_action: [757,1093,758,4,793,1037,1094,9469952,1095,3]
07-30 08:13:52.276 10034  2989  3126 I sysui_multi_action: [757,1093,758,4,793,1997,1094,9469952,1095,3]
07-30 08:13:54.260 10034  2989  3126 I sysui_multi_action: [757,1093,758,4,793,1985,1094,9469952,1095,3]
07-30 08:13:56.295 10034  2989  3126 I sysui_multi_action: [757,1093,758,4,793,2034,1094,9469952,1095,3]
07-30 08:13:58.294 10034  2989  3126 I sysui_multi_action: [757,1093,758,4,793,1999,1094,9469952,1095,3]
07-30 08:14:01.307 10034  2989  3126 I sysui_multi_action: [757,1093,758,4,793,3014,1094,9469952,1095,3]
07-30 08:14:03.285 10034  2989  3126 I sysui_multi_action: [757,1093,758,4,793,1978,1094,9469952,1095,3]
07-30 08:14:05.314 10034  2989  3126 I sysui_multi_action: [757,1093,758,4,793,2029,1094,9469952,1095,3]
07-30 08:14:10.334 10034  2989  3126 I sysui_multi_action: [757,1093,758,4,793,5019,1094,9469952,1095,3]
07-30 08:14:12.311 10034  2989  3126 I sysui_multi_action: [757,1093,758,4,793,1977,1094,9469952,1095,3]
07-30 08:14:13.340 10034  2989  3126 I sysui_multi_action: [757,1093,758,4,793,1030,1094,9469952,1095,3]
07-30 08:14:15.345 10034  2989  3126 I sysui_multi_action: [757,1093,758,4,793,2004,1094,9469952,1095,3]
07-30 08:14:21.354 10034  2989  3126 I sysui_multi_action: [757,1093,758,4,793,6010,1094,9469952,1095,3]
07-30 08:14:23.351 10034  2989  3126 I sysui_multi_action: [757,1093,758,4,793,1996,1094,9469952,1095,3]
07-30 08:14:31.369 10034  2989  3126 I sysui_multi_action: [757,1093,758,4,793,8019,1094,9469952,1095,3]
07-30 08:14:37.395 10034  2989  3126 I sysui_multi_action: [757,1093,758,4,793,6025,1094,9469952,1095,3]
07-30 08:14:39.395 10034  2989  3126 I sysui_multi_action: [757,1093,758,4,793,2000,1094,9469952,1095,3]
07-30 08:14:52.429 10034  2989  3126 I sysui_multi_action: [757,1093,758,4,793,13034,1094,9469952,1095,3]
07-30 08:15:07.201  1000  2741  2741 I sysui_multi_action: [757,199,758,1,759,7,793,678290,794,0,795,12,796,0,806,com.twitter.android,857,1141110380-tweet_notifications,858,3,947,0]
07-30 08:15:07.470  1000  2741  2741 I sysui_multi_action: [757,199,758,1,759,4,793,678559,794,0,795,4,796,0,806,com.twitter.android,857,1141110380-tweet_notifications,858,3,947,0]
07-30 08:15:13.448 10034  2989  3126 I sysui_multi_action: [757,1093,758,4,793,21020,1094,9469952,1095,3]
07-30 08:15:14.484 10034  2989  3126 I sysui_multi_action: [757,1093,758,4,793,1036,1094,9469952,1095,3]
07-30 08:15:16.484 10034  2989  3126 I sysui_multi_action: [757,1093,758,4,793,2000,1094,9469952,1095,3]
07-30 08:15:18.485 10034  2989  3126 I sysui_multi_action: [757,1093,758,4,793,2000,1094,9469952,1095,3]
07-30 08:15:20.491 10034  2989  3126 I sysui_multi_action: [757,1093,758,4,793,2007,1094,9469952,1095,3]
07-30 08:15:22.495 10034  2989  3126 I sysui_multi_action: [757,1093,758,4,793,2003,1094,9469952,1095,3]
07-30 08:15:25.510 10034  2989  3126 I sysui_multi_action: [757,1093,758,4,793,3015,1094,9469952,1095,3]
07-30 08:15:32.485 10034  2989  3126 I sysui_multi_action: [757,1093,758,4,793,6976,1094,9469952,1095,3]
07-30 08:15:33.516 10034  2989  3126 I sysui_multi_action: [757,1093,758,4,793,1031,1094,9469952,1095,3]
07-30 08:15:35.500 10034  2989  3126 I sysui_multi_action: [757,1093,758,4,793,1984,1094,9469952,1095,3]
07-30 08:15:36.538 10034  2989  3126 I sysui_multi_action: [757,1093,758,4,793,1038,1094,9469952,1095,3]
07-30 08:15:38.511 10034  2989  3126 I sysui_multi_action: [757,1093,758,4,793,1972,1094,9469952,1095,3]
07-30 08:15:40.545 10034  2989  3126 I sysui_multi_action: [757,1093,758,4,793,2034,1094,9469952,1095,3]
07-30 08:15:42.550 10034  2989  3126 I sysui_multi_action: [757,1093,758,4,793,2005,1094,9469952,1095,3]
07-30 08:15:44.517 10034  2989  3126 I sysui_multi_action: [757,1093,758,4,793,1967,1094,9469952,1095,3]
07-30 08:15:49.568 10034  2989  3126 I sysui_multi_action: [757,1093,758,4,793,5052,1094,9469952,1095,3]
07-30 08:15:51.575 10034  2989  3126 I sysui_multi_action: [757,1093,758,4,793,2006,1094,9469952,1095,3]
07-30 08:15:55.575 10034  2989  3126 I sysui_multi_action: [757,1093,758,4,793,4001,1094,9469952,1095,3]
07-30 08:15:58.579 10034  2989  3126 I sysui_multi_action: [757,1093,758,4,793,3004,1094,9469952,1095,3]
07-30 08:16:02.581 10034  2989  3126 I sysui_multi_action: [757,1093,758,4,793,4002,1094,9469952,1095,3]
07-30 08:16:05.605 10034  2989  3126 I sysui_multi_action: [757,1093,758,4,793,3024,1094,9469952,1095,3]
07-30 08:16:06.131  1000  2741  2741 I sysui_multi_action: [757,804,799,fingerprint_token,801,0,802,1]
07-30 08:16:06.905  1000  2741  2777 I sysui_multi_action: [757,223,758,1]
07-30 08:16:06.950 10034  2989  2989 I sysui_multi_action: [757,196,758,2,759,1]
07-30 08:16:06.976 10034  2989  2989 I sysui_multi_action: [757,111,758,1]
07-30 08:16:06.976 10034  2989  2989 I sysui_multi_action: [757,126,758,1,759,126,833,0,927,0,928,1]
07-30 08:16:06.976 10034  2989  2989 I sysui_multi_action: [757,113,758,1,759,113,833,0,927,1,928,0]
07-30 08:16:06.976 10034  2989  2989 I sysui_multi_action: [757,118,758,1,759,118,833,0,927,2,928,0]
07-30 08:16:06.976 10034  2989  2989 I sysui_multi_action: [757,119,758,1,759,119,833,0,927,3,928,0]
07-30 08:16:06.977 10034  2989  2989 I sysui_multi_action: [757,123,758,1,759,123,833,0,927,4,928,1]
07-30 08:16:06.977 10034  2989  2989 I sysui_multi_action: [757,261,758,1,759,261,833,0,927,5,928,0]
07-30 08:16:06.989  1000  2741  3163 I sysui_multi_action: [757,127,758,1]
07-30 08:16:06.989  1000  2741  3163 I sysui_multi_action: [757,804,799,note_load,801,10,802,1]
07-30 08:16:07.011  1000  2741  2741 I sysui_multi_action: [757,198,758,2,759,3]
07-30 08:16:07.012  1000  2741  2741 I sysui_multi_action: [757,804,799,screen_timeout,801,60,802,1]
07-30 08:16:07.090  1000  2741  8423 I sysui_multi_action: [757,127,758,2]
07-30 08:16:07.616 10034  2989  3126 I sysui_multi_action: [757,1093,758,4,793,2010,1094,9469952,1095,3]
07-30 08:16:11.254 10034  2989  2989 I sysui_multi_action: [757,196,758,1,759,1]
07-30 08:16:39.592  1000  2741  2877 I sysui_multi_action: [757,804,799,power_consecutive_short_tap_count,801,1,802,1]
07-30 08:16:39.592  1000  2741  2877 I sysui_multi_action: [757,804,799,power_double_tap_interval,801,184891,802,1]
07-30 08:16:39.684  1000  2741  2756 I sysui_multi_action: [757,127,758,1]
07-30 08:16:39.684  1000  2741  2756 I sysui_multi_action: [757,804,799,note_load,801,10,802,1]
07-30 08:16:40.112  1000  2741  2781 I sysui_multi_action: [757,198,758,1,759,0,793,558]
07-30 08:16:40.141  1000  2741  2777 I sysui_multi_action: [757,223,758,2]
07-30 08:16:40.142  1000  2741  2777 I sysui_multi_action: [757,804,799,dozing_minutes,801,0,802,1]
07-30 08:16:41.156 10034  2989  2989 I sysui_multi_action: [757,186,758,4,826,357,827,3960]
07-30 08:16:41.169 10034  2989  2989 I sysui_multi_action: [757,197,758,1,759,1]
07-30 08:16:41.174  1000  2741  2756 I sysui_multi_action: [757,127,758,2]
07-30 08:16:41.668 10034  2989  3126 I sysui_multi_action: [757,1093,758,4,793,34053,1094,9469952,1095,3]
07-30 08:16:45.678 10034  2989  3126 I sysui_multi_action: [757,1093,758,4,793,4010,1094,9469952,1095,3]
07-30 08:16:46.777 10034  2989  2989 I sysui_multi_action: [757,111,758,2]
07-30 08:16:46.799 10034  2989  2989 I sysui_multi_action: [757,196,758,2,759,1]
07-30 08:16:47.657 10034  2989  3126 I sysui_multi_action: [757,1093,758,4,793,1978,1094,9469952,1095,3]
07-30 08:16:48.693 10034  2989  3126 I sysui_multi_action: [757,1093,758,4,793,1036,1094,9469952,1095,3]
07-30 08:16:56.679 10034  2989  3126 I sysui_multi_action: [757,1093,758,4,793,7987,1094,9469952,1095,3]
07-30 08:16:57.721 10034  2989  3126 I sysui_multi_action: [757,1093,758,4,793,1042,1094,9469952,1095,3]
07-30 08:16:59.718 10034  2989  3126 I sysui_multi_action: [757,1093,758,4,793,1997,1094,9469952,1095,3]
07-30 08:17:01.274  1000  2741  2741 I sysui_multi_action: [757,199,758,1,759,7,793,792363,794,0,795,6,796,0,806,com.twitter.android,857,1141110380-tweet_notifications,858,3,947,0]
07-30 08:17:03.703 10034  2989  3126 I sysui_multi_action: [757,1093,758,4,793,3985,1094,9469952,1095,3]
07-30 08:17:05.732 10034  2989  3126 I sysui_multi_action: [757,1093,758,4,793,2029,1094,9469952,1095,3]
07-30 08:17:07.697 10034  2989  3126 I sysui_multi_action: [757,1093,758,4,793,1964,1094,9469952,1095,3]
07-30 08:17:08.714 10034  2989  3126 I sysui_multi_action: [757,1093,758,4,793,1017,1094,9469952,1095,3]
07-30 08:17:12.748 10034  2989  3126 I sysui_multi_action: [757,1093,758,4,793,4035,1094,9469952,1095,3]
07-30 08:17:14.727 10034  2989  3126 I sysui_multi_action: [757,1093,758,4,793,1978,1094,9469952,1095,3]
07-30 08:17:17.758 10034  2989  3126 I sysui_multi_action: [757,1093,758,4,793,3032,1094,9469952,1095,3]
07-30 08:17:19.768 10034  2989  3126 I sysui_multi_action: [757,1093,758,4,793,2009,1094,9469952,1095,3]
07-30 08:17:21.774 10034  2989  3126 I sysui_multi_action: [757,1093,758,4,793,2007,1094,9469952,1095,3]
07-30 08:17:23.743 10034  2989  3126 I sysui_multi_action: [757,1093,758,4,793,1969,1094,9469952,1095,3]
07-30 08:17:24.778 10034  2989  3126 I sysui_multi_action: [757,1093,758,4,793,1035,1094,9469952,1095,3]
07-30 08:17:27.790 10034  2989  3126 I sysui_multi_action: [757,1093,758,4,793,3012,1094,9469952,1095,3]
07-30 08:17:30.799 10034  2989  3126 I sysui_multi_action: [757,1093,758,4,793,3009,1094,9469952,1095,3]
07-30 08:17:32.803 10034  2989  3126 I sysui_multi_action: [757,1093,758,4,793,2004,1094,9469952,1095,3]
07-30 08:17:34.797 10034  2989  3126 I sysui_multi_action: [757,1093,758,4,793,1994,1094,9469952,1095,3]
07-30 08:17:36.282 10034  2989  3126 I sysui_multi_action: [757,1093,758,4,793,1485,1094,9469952,1095,3]
07-30 08:17:37.808 10034  2989  3126 I sysui_multi_action: [757,1093,758,4,793,1526,1094,9469952,1095,3]
07-30 08:17:40.008 10034  2989  3126 I sysui_multi_action: [757,1093,758,4,793,2200,1094,9469952,1095,4]
07-30 08:17:41.049 10034  2989  3126 I sysui_multi_action: [757,1093,758,4,793,1040,1094,9469952,1095,4]
07-30 08:17:42.207  1000  2741  2741 I sysui_multi_action: [757,199,758,1,759,7,793,5,794,0,795,5,796,0,797,com.google.android.apps.messaging:sms:116,806,com.google.android.apps.messaging,857,bugle_default_channel,858,4,946,bugle_notification_group_key,947,0]
07-30 08:17:42.412 10034  2989  2989 I sysui_multi_action: [757,803,799,note_peek,802,1]
07-30 08:17:42.451  1000  2741  7470 I sysui_multi_action: [757,127,758,1]
07-30 08:17:42.451  1000  2741  7470 I sysui_multi_action: [757,804,799,note_load,801,1,802,1]
07-30 08:17:43.047 10034  2989  3126 I sysui_multi_action: [757,1093,758,4,793,1999,1094,9469952,1095,4]
07-30 08:17:43.195  1000  2741  7470 I sysui_multi_action: [757,128,758,1,793,993,794,0,795,993,796,0,797,com.google.android.apps.messaging:sms:116,798,0,806,com.google.android.apps.messaging,857,bugle_default_channel,858,4,946,bugle_notification_group_key,947,0]
07-30 08:17:43.195  1000  2741  7470 I sysui_multi_action: [757,804,799,note_freshness,801,993,802,1]
07-30 08:17:48.420  1000  2741  3323 I sysui_multi_action: [757,128,758,2,793,6218,794,5225,795,6218,796,0,797,com.google.android.apps.messaging:sms:116,798,0,806,com.google.android.apps.messaging,857,bugle_default_channel,858,4,946,bugle_notification_group_key,947,0]
07-30 08:17:48.421  1000  2741  3323 I sysui_multi_action: [757,127,758,2]
07-30 08:17:49.075 10034  2989  3126 I sysui_multi_action: [757,1093,758,4,793,6028,1094,9469952,1095,4]
07-30 08:17:50.159  1000  2741  2741 I sysui_multi_action: [757,804,799,fingerprint_token,801,0,802,1]
07-30 08:17:50.918  1000  2741  2777 I sysui_multi_action: [757,223,758,1]
07-30 08:17:50.919  1000  2741  2767 I sysui_multi_action: [757,803,799,window_time_0,802,259]
07-30 08:17:50.942 10034  2989  3126 I sysui_multi_action: [757,1093,758,4,793,1867,1094,9469952,1095,4]
07-30 08:17:50.949 10034  2989  2989 I sysui_multi_action: [757,196,758,2,759,1]
07-30 08:17:50.983 10034  2989  2989 I sysui_multi_action: [757,111,758,1]
07-30 08:17:50.983 10034  2989  2989 I sysui_multi_action: [757,126,758,1,759,126,833,0,927,0,928,1]
07-30 08:17:50.983 10034  2989  2989 I sysui_multi_action: [757,113,758,1,759,113,833,0,927,1,928,0]
07-30 08:17:50.983 10034  2989  2989 I sysui_multi_action: [757,118,758,1,759,118,833,0,927,2,928,0]
07-30 08:17:50.983 10034  2989  2989 I sysui_multi_action: [757,119,758,1,759,119,833,0,927,3,928,0]
07-30 08:17:50.984 10034  2989  2989 I sysui_multi_action: [757,123,758,1,759,123,833,0,927,4,928,1]
07-30 08:17:50.984 10034  2989  2989 I sysui_multi_action: [757,261,758,1,759,261,833,0,927,5,928,0]
07-30 08:17:50.995  1000  2741  7470 I sysui_multi_action: [757,127,758,1]
07-30 08:17:50.995  1000  2741  7470 I sysui_multi_action: [757,804,799,note_load,801,11,802,1]
07-30 08:17:51.005  1000  2741  2741 I sysui_multi_action: [757,198,758,2,759,3]
07-30 08:17:51.006  1000  2741  2741 I sysui_multi_action: [757,804,799,screen_timeout,801,60,802,1]
07-30 08:17:51.091  1000  2741  7470 I sysui_multi_action: [757,127,758,2]
07-30 08:17:55.550 10034  2989  2989 I sysui_multi_action: [757,196,758,1,759,1]
07-30 08:18:52.430  1000  2741  2877 I sysui_multi_action: [757,804,799,power_consecutive_short_tap_count,801,1,802,1]
07-30 08:18:52.430  1000  2741  2877 I sysui_multi_action: [757,804,799,power_double_tap_interval,801,93391,802,1]
07-30 08:18:52.546  1000  2741  3100 I sysui_multi_action: [757,127,758,1]
07-30 08:18:52.546  1000  2741  3100 I sysui_multi_action: [757,804,799,note_load,801,11,802,1]
07-30 08:18:52.956  1000  2741  2781 I sysui_multi_action: [757,198,758,1,759,0,793,532]
07-30 08:18:52.986  1000  2741  2777 I sysui_multi_action: [757,223,758,2]
07-30 08:18:52.987  1000  2741  2777 I sysui_multi_action: [757,804,799,dozing_minutes,801,1,802,1]
07-30 08:18:53.038 10034  2989  2989 I sysui_multi_action: [757,188,758,4,826,0,827,0]
07-30 08:18:54.133 10034  2989  2989 I sysui_multi_action: [757,186,758,4,826,284,827,2570]
07-30 08:18:54.136 10034  2989  2989 I sysui_multi_action: [757,197,758,1,759,1]
07-30 08:18:54.214  1000  2741  3323 I sysui_multi_action: [757,127,758,2]
07-30 08:18:54.487 10034  2989  3126 I sysui_multi_action: [757,1093,758,4,793,63545,1094,9469952,1095,4]
07-30 08:18:56.753 10034  2989  2989 I sysui_multi_action: [757,111,758,2]
07-30 08:18:56.771 10034  2989  2989 I sysui_multi_action: [757,196,758,2,759,1]
07-30 08:18:57.200 10034  2989  3126 I sysui_multi_action: [757,1093,758,4,793,2713,1094,9469952,1095,4]
07-30 08:18:58.499 10034  2989  3126 I sysui_multi_action: [757,1093,758,4,793,1298,1094,9469952,1095,4]
07-30 08:19:12.527 10034  2989  3126 I sysui_multi_action: [757,1093,758,4,793,14029,1094,9469952,1095,4]
07-30 08:19:15.538 10034  2989  3126 I sysui_multi_action: [757,1093,758,4,793,3011,1094,9469952,1095,4]
07-30 08:19:17.543 10034  2989  3126 I sysui_multi_action: [757,1093,758,4,793,2005,1094,9469952,1095,4]
07-30 08:19:20.528 10034  2989  3126 I sysui_multi_action: [757,1093,758,4,793,2985,1094,9469952,1095,3]
07-30 08:19:21.548 10034  2989  3126 I sysui_multi_action: [757,1093,758,4,793,1020,1094,9469952,1095,3]
07-30 08:19:25.557 10034  2989  3126 I sysui_multi_action: [757,1093,758,4,793,4009,1094,9469952,1095,3]
07-30 08:19:26.717 10034  2989  3126 I sysui_multi_action: [757,1093,758,4,793,1160,1094,9469952,1095,3]
07-30 08:19:34.542 10034  2989  3126 I sysui_multi_action: [757,1093,758,4,793,7825,1094,9469952,1095,3]
07-30 08:19:35.586 10034  2989  3126 I sysui_multi_action: [757,1093,758,4,793,1043,1094,9469952,1095,3]
07-30 08:19:37.552 10034  2989  3126 I sysui_multi_action: [757,1093,758,4,793,1967,1094,9469952,1095,3]
07-30 08:19:38.590 10034  2989  3126 I sysui_multi_action: [757,1093,758,4,793,1038,1094,9469952,1095,3]
07-30 08:19:40.592 10034  2989  3126 I sysui_multi_action: [757,1093,758,4,793,2002,1094,9469952,1095,3]
07-30 08:19:42.601 10034  2989  3126 I sysui_multi_action: [757,1093,758,4,793,2009,1094,9469952,1095,3]
07-30 08:19:46.607 10034  2989  3126 I sysui_multi_action: [757,1093,758,4,793,4006,1094,9469952,1095,3]
07-30 08:19:49.617 10034  2989  3126 I sysui_multi_action: [757,1093,758,4,793,3010,1094,9469952,1095,3]
07-30 08:19:51.627 10034  2989  3126 I sysui_multi_action: [757,1093,758,4,793,2009,1094,9469952,1095,3]
07-30 08:19:55.618 10034  2989  3126 I sysui_multi_action: [757,1093,758,4,793,3991,1094,9469952,1095,3]
07-30 08:19:56.656 10034  2989  3126 I sysui_multi_action: [757,1093,758,4,793,1039,1094,9469952,1095,3]
07-30 08:19:58.639 10034  2989  3126 I sysui_multi_action: [757,1093,758,4,793,1983,1094,9469952,1095,3]
07-30 08:20:02.631 10034  2989  3126 I sysui_multi_action: [757,1093,758,4,793,3991,1094,9469952,1095,3]
07-30 08:20:07.665 10034  2989  3126 I sysui_multi_action: [757,1093,758,4,793,5035,1094,9469952,1095,3]
07-30 08:20:09.671 10034  2989  3126 I sysui_multi_action: [757,1093,758,4,793,2006,1094,9469952,1095,3]
07-30 08:20:12.657 10034  2989  3126 I sysui_multi_action: [757,1093,758,4,793,2986,1094,9469952,1095,3]
07-30 08:20:15.683 10034  2989  3126 I sysui_multi_action: [757,1093,758,4,793,3026,1094,9469952,1095,3]
07-30 08:20:18.697 10034  2989  3126 I sysui_multi_action: [757,1093,758,4,793,3014,1094,9469952,1095,3]
07-30 08:20:20.703 10034  2989  3126 I sysui_multi_action: [757,1093,758,4,793,2005,1094,9469952,1095,3]
07-30 08:20:22.706 10034  2989  3126 I sysui_multi_action: [757,1093,758,4,793,2004,1094,9469952,1095,3]
07-30 08:20:30.713 10034  2989  3126 I sysui_multi_action: [757,1093,758,4,793,8006,1094,9469952,1095,3]
07-30 08:20:32.728 10034  2989  3126 I sysui_multi_action: [757,1093,758,4,793,2016,1094,9469952,1095,3]
07-30 08:20:35.699 10034  2989  3126 I sysui_multi_action: [757,1093,758,4,793,2971,1094,9469952,1095,3]
07-30 08:20:36.749 10034  2989  3126 I sysui_multi_action: [757,1093,758,4,793,1050,1094,9469952,1095,3]
07-30 08:20:46.720 10034  2989  3126 I sysui_multi_action: [757,1093,758,4,793,9971,1094,9469952,1095,3]
07-30 08:20:47.725 10034  2989  3126 I sysui_multi_action: [757,1093,758,4,793,1005,1094,9469952,1095,3]
07-30 08:20:48.748 10034  2989  3126 I sysui_multi_action: [757,1093,758,4,793,1022,1094,9469952,1095,3]
07-30 08:20:50.767 10034  2989  3126 I sysui_multi_action: [757,1093,758,4,793,2020,1094,9469952,1095,3]
07-30 08:20:55.773 10034  2989  3126 I sysui_multi_action: [757,1093,758,4,793,5005,1094,9469952,1095,3]
07-30 08:21:12.817 10034  2989  3126 I sysui_multi_action: [757,1093,758,4,793,17045,1094,9469952,1095,3]
07-30 08:21:17.105  1000  2741  2767 I sysui_multi_action: [757,803,799,window_time_0,802,206]
07-30 08:21:17.827 10034  2989  3126 I sysui_multi_action: [757,1093,758,4,793,5010,1094,9469952,1095,3]
07-30 08:21:26.818  1000  2741  2767 I sysui_multi_action: [757,803,799,window_time_0,802,10]
07-30 08:21:26.846  1000  2741  2767 I sysui_multi_action: [757,803,799,window_time_0,802,0]
07-30 08:21:27.855 10034  2989  3126 I sysui_multi_action: [757,1093,758,4,793,10028,1094,9469952,1095,3]
07-30 08:21:42.887 10034  2989  3126 I sysui_multi_action: [757,1093,758,4,793,15032,1094,9469952,1095,3]
07-30 08:21:44.336 10034  2989  3126 I sysui_multi_action: [757,1093,758,4,793,1449,1094,9469952,1095,3]
07-30 08:21:47.361 10034  2989  3126 I sysui_multi_action: [757,1093,758,4,793,3025,1094,9469952,1095,3]
07-30 08:21:49.885 10034  2989  3126 I sysui_multi_action: [757,1093,758,4,793,2524,1094,9469952,1095,3]
07-30 08:21:50.921 10034  2989  3126 I sysui_multi_action: [757,1093,758,4,793,1036,1094,9469952,1095,3]
07-30 08:21:54.921 10034  2989  3126 I sysui_multi_action: [757,1093,758,4,793,4000,1094,9469952,1095,3]
07-30 08:21:59.927 10034  2989  3126 I sysui_multi_action: [757,1093,758,4,793,5006,1094,9469952,1095,3]
07-30 08:22:01.936 10034  2989  3126 I sysui_multi_action: [757,1093,758,4,793,2009,1094,9469952,1095,3]
07-30 08:22:13.943 10034  2989  3126 I sysui_multi_action: [757,1093,758,4,793,12006,1094,9469952,1095,3]
07-30 08:22:26.963 10034  2989  3126 I sysui_multi_action: [757,1093,758,4,793,13021,1094,9469952,1095,3]
07-30 08:22:27.997 10034  2989  3126 I sysui_multi_action: [757,1093,758,4,793,1034,1094,9469952,1095,3]
07-30 08:22:30.007 10034  2989  3126 I sysui_multi_action: [757,1093,758,4,793,2010,1094,9469952,1095,3]
07-30 08:22:36.991 10034  2989  3126 I sysui_multi_action: [757,1093,758,4,793,6983,1094,9469952,1095,3]
07-30 08:22:37.927  1000  2741  2767 I sysui_multi_action: [757,803,799,window_time_0,802,71]
07-30 08:22:38.033 10034  2989  3126 I sysui_multi_action: [757,1093,758,4,793,1042,1094,9469952,1095,3]
07-30 08:22:39.242  1000  2741  2767 I sysui_multi_action: [757,803,799,window_time_0,802,2]
07-30 08:22:43.037 10034  2989  3126 I sysui_multi_action: [757,1093,758,4,793,5005,1094,9469952,1095,3]
07-30 08:22:43.606  1000  2741  2767 I sysui_multi_action: [757,803,799,window_time_0,802,4]
07-30 08:22:43.630  1000  2741  2767 I sysui_multi_action: [757,803,799,window_time_0,802,0]
07-30 08:22:44.567  1000  2741  2767 I sysui_multi_action: [757,803,799,window_time_0,802,1]
07-30 08:22:44.589  1000  2741  2767 I sysui_multi_action: [757,803,799,window_time_0,802,0]
07-30 08:22:57.079 10034  2989  3126 I sysui_multi_action: [757,1093,758,4,793,14042,1094,9469952,1095,3]
07-30 08:23:00.059 10034  2989  3126 I sysui_multi_action: [757,1093,758,4,793,2979,1094,9469952,1095,3]
07-30 08:23:01.094 10034  2989  3126 I sysui_multi_action: [757,1093,758,4,793,1036,1094,9469952,1095,3]
07-30 08:23:03.082 10034  2989  3126 I sysui_multi_action: [757,1093,758,4,793,1988,1094,9469952,1095,3]
07-30 08:23:13.116 10034  2989  3126 I sysui_multi_action: [757,1093,758,4,793,10033,1094,9469952,1095,3]
07-30 08:23:15.088 10034  2989  3126 I sysui_multi_action: [757,1093,758,4,793,1973,1094,9469952,1095,3]
07-30 08:23:16.141 10034  2989  3126 I sysui_multi_action: [757,1093,758,4,793,1049,1094,9469952,1095,3]
07-30 08:23:18.093 10034  2989  3126 I sysui_multi_action: [757,1093,758,4,793,1956,1094,9469952,1095,3]
07-30 08:23:20.130 10034  2989  3126 I sysui_multi_action: [757,1093,758,4,793,2035,1094,9469952,1095,3]
07-30 08:23:22.143 10034  2989  3126 I sysui_multi_action: [757,1093,758,4,793,2014,1094,9469952,1095,3]
07-30 08:23:24.109 10034  2989  3126 I sysui_multi_action: [757,1093,758,4,793,1967,1094,9469952,1095,3]
07-30 08:23:25.147 10034  2989  3126 I sysui_multi_action: [757,1093,758,4,793,1038,1094,9469952,1095,3]
07-30 08:23:27.127 10034  2989  3126 I sysui_multi_action: [757,1093,758,4,793,1979,1094,9469952,1095,3]
07-30 08:23:28.139 10034  2989  3126 I sysui_multi_action: [757,1093,758,4,793,1012,1094,9469952,1095,3]
07-30 08:23:30.168 10034  2989  3126 I sysui_multi_action: [757,1093,758,4,793,2029,1094,9469952,1095,3]
07-30 08:23:36.153 10034  2989  3126 I sysui_multi_action: [757,1093,758,4,793,5985,1094,9469952,1095,3]
07-30 08:23:37.171 10034  2989  3126 I sysui_multi_action: [757,1093,758,4,793,1019,1094,9469952,1095,3]
07-30 08:23:42.187 10034  2989  3126 I sysui_multi_action: [757,1093,758,4,793,5016,1094,9469952,1095,3]
07-30 08:23:54.180 10034  2989  3126 I sysui_multi_action: [757,1093,758,4,793,11993,1094,9469952,1095,3]
07-30 08:23:55.224 10034  2989  3126 I sysui_multi_action: [757,1093,758,4,793,1044,1094,9469952,1095,3]
07-30 08:23:58.220 10034  2989  3126 I sysui_multi_action: [757,1093,758,4,793,2996,1094,9469952,1095,3]
07-30 08:24:00.197 10034  2989  3126 I sysui_multi_action: [757,1093,758,4,793,1977,1094,9469952,1095,3]
07-30 08:24:01.201 10034  2989  3126 I sysui_multi_action: [757,1093,758,4,793,1004,1094,9469952,1095,3]
07-30 08:24:02.234 10034  2989  3126 I sysui_multi_action: [757,1093,758,4,793,1032,1094,9469952,1095,3]
07-30 08:24:04.221 10034  2989  3126 I sysui_multi_action: [757,1093,758,4,793,1987,1094,9469952,1095,3]
07-30 08:24:05.257 10034  2989  3126 I sysui_multi_action: [757,1093,758,4,793,1037,1094,9469952,1095,3]
07-30 08:24:06.868  1000  2741  2741 I sysui_multi_action: [757,199,758,1,759,7,793,1217957,794,0,795,13,796,0,806,com.twitter.android,857,1141110380-tweet_notifications,858,3,947,0]
07-30 08:24:07.117  1000  2741  2741 I sysui_multi_action: [757,199,758,1,759,4,793,1218206,794,0,795,6,796,0,806,com.twitter.android,857,1141110380-tweet_notifications,858,3,947,0]
07-30 08:24:10.228 10034  2989  3126 I sysui_multi_action: [757,1093,758,4,793,4971,1094,9469952,1095,3]
07-30 08:24:12.238 10034  2989  3126 I sysui_multi_action: [757,1093,758,4,793,2009,1094,9469952,1095,3]
07-30 08:24:12.365  1000  2741  2741 I sysui_multi_action: [757,199,758,1,759,7,793,1223455,794,0,795,7,796,0,806,com.twitter.android,857,1141110380-tweet_notifications,858,3,947,0]
07-30 08:24:12.603  1000  2741  2741 I sysui_multi_action: [757,199,758,1,759,4,793,1223692,794,0,795,5,796,0,806,com.twitter.android,857,1141110380-tweet_notifications,858,3,947,0]
07-30 08:24:14.230 10034  2989  3126 I sysui_multi_action: [757,1093,758,4,793,1992,1094,9469952,1095,3]
07-30 08:24:16.272 10034  2989  3126 I sysui_multi_action: [757,1093,758,4,793,2043,1094,9469952,1095,3]
07-30 08:24:18.240 10034  2989  3126 I sysui_multi_action: [757,1093,758,4,793,1967,1094,9469952,1095,3]
07-30 08:24:19.277 10034  2989  3126 I sysui_multi_action: [757,1093,758,4,793,1038,1094,9469952,1095,3]
07-30 08:24:21.250 10034  2989  3126 I sysui_multi_action: [757,1093,758,4,793,1973,1094,9469952,1095,3]
07-30 08:24:23.252 10034  2989  3126 I sysui_multi_action: [757,1093,758,4,793,2002,1094,9469952,1095,3]
07-30 08:24:24.270 10034  2989  3126 I sysui_multi_action: [757,1093,758,4,793,1018,1094,9469952,1095,3]
07-30 08:24:25.300 10034  2989  3126 I sysui_multi_action: [757,1093,758,4,793,1030,1094,9469952,1095,3]
07-30 08:24:27.263 10034  2989  3126 I sysui_multi_action: [757,1093,758,4,793,1963,1094,9469952,1095,3]
07-30 08:24:33.317 10034  2989  3126 I sysui_multi_action: [757,1093,758,4,793,6054,1094,9469952,1095,3]
07-30 08:24:48.348 10034  2989  3126 I sysui_multi_action: [757,1093,758,4,793,15030,1094,9469952,1095,3]
07-30 08:24:55.349 10034  2989  3126 I sysui_multi_action: [757,1093,758,4,793,7002,1094,9469952,1095,3]
07-30 08:24:56.385 10034  2989  3126 I sysui_multi_action: [757,1093,758,4,793,1035,1094,9469952,1095,3]
07-30 08:25:00.381 10034  2989  3126 I sysui_multi_action: [757,1093,758,4,793,3996,1094,9469952,1095,3]
07-30 08:25:02.389 10034  2989  3126 I sysui_multi_action: [757,1093,758,4,793,2009,1094,9469952,1095,3]
07-30 08:25:04.394 10034  2989  3126 I sysui_multi_action: [757,1093,758,4,793,2005,1094,9469952,1095,3]
07-30 08:25:19.409 10034  2989  3126 I sysui_multi_action: [757,1093,758,4,793,15015,1094,9469952,1095,3]
07-30 08:25:24.437 10034  2989  3126 I sysui_multi_action: [757,1093,758,4,793,5028,1094,9469952,1095,3]
07-30 08:25:28.416 10034  2989  3126 I sysui_multi_action: [757,1093,758,4,793,3978,1094,9469952,1095,3]
07-30 08:25:36.753  1000  2741  2741 I sysui_multi_action: [757,804,799,fingerprint_token,801,0,802,1]
07-30 08:25:37.500  1000  2741  2777 I sysui_multi_action: [757,223,758,1]
07-30 08:25:37.529 10034  2989  2989 I sysui_multi_action: [757,196,758,2,759,1]
07-30 08:25:37.561 10034  2989  2989 I sysui_multi_action: [757,111,758,1]
07-30 08:25:37.561 10034  2989  2989 I sysui_multi_action: [757,126,758,1,759,126,833,0,927,0,928,1]
07-30 08:25:37.561 10034  2989  2989 I sysui_multi_action: [757,113,758,1,759,113,833,0,927,1,928,0]
07-30 08:25:37.562 10034  2989  2989 I sysui_multi_action: [757,118,758,1,759,118,833,0,927,2,928,0]
07-30 08:25:37.562 10034  2989  2989 I sysui_multi_action: [757,119,758,1,759,119,833,0,927,3,928,0]
07-30 08:25:37.562 10034  2989  2989 I sysui_multi_action: [757,123,758,1,759,123,833,0,927,4,928,1]
07-30 08:25:37.562 10034  2989  2989 I sysui_multi_action: [757,261,758,1,759,261,833,0,927,5,928,0]
07-30 08:25:37.572  1000  2741  3100 I sysui_multi_action: [757,127,758,1]
07-30 08:25:37.572  1000  2741  3100 I sysui_multi_action: [757,804,799,note_load,801,11,802,1]
07-30 08:25:37.581  1000  2741  2741 I sysui_multi_action: [757,198,758,2,759,3]
07-30 08:25:37.581  1000  2741  2741 I sysui_multi_action: [757,804,799,screen_timeout,801,60,802,1]
07-30 08:25:37.662  1000  2741  6894 I sysui_multi_action: [757,127,758,2]
07-30 08:25:38.822  1000  2741  2877 I sysui_multi_action: [757,804,799,power_consecutive_short_tap_count,801,1,802,1]
07-30 08:25:38.822  1000  2741  2877 I sysui_multi_action: [757,804,799,power_double_tap_interval,801,406394,802,1]
07-30 08:25:38.921  1000  2741  3100 I sysui_multi_action: [757,127,758,1]
07-30 08:25:38.921  1000  2741  3100 I sysui_multi_action: [757,804,799,note_load,801,11,802,1]
07-30 08:25:38.929 10034  2989  2989 I sysui_multi_action: [757,111,758,2]
07-30 08:25:38.932  1000  2741  3100 I sysui_multi_action: [757,128,758,1,793,476729,794,0,795,476729,796,0,797,com.google.android.apps.messaging:sms:116,798,0,806,com.google.android.apps.messaging,857,bugle_default_channel,858,4,946,bugle_notification_group_key,947,0]
07-30 08:25:38.932  1000  2741  3100 I sysui_multi_action: [757,804,799,note_freshness,801,476729,802,1]
07-30 08:25:38.932  1000  2741  3100 I sysui_multi_action: [757,128,758,1,793,1335458,794,0,795,1335458,796,0,797,FCM-Notification:113192,798,3,806,com.mygate.user,857,miscellaneous,858,3,947,0]
07-30 08:25:38.932  1000  2741  3100 I sysui_multi_action: [757,804,799,note_freshness,801,1335458,802,1]
07-30 08:25:38.932  1000  2741  3100 I sysui_multi_action: [757,128,758,1,793,1311775,794,0,795,1311775,796,23,797,41217664-9172-527a-b3d5-edabb50a7d69,798,2,806,android,857,ALERTS,858,3,947,0]
07-30 08:25:38.932  1000  2741  3100 I sysui_multi_action: [757,804,799,note_freshness,801,1311775,802,1]
07-30 08:25:38.932  1000  2741  3100 I sysui_multi_action: [757,128,758,1,793,1338549,794,0,795,1307126,796,785431737,797,gig:483594645:^sq_ig_i_personal,798,10,806,com.google.android.gm,857,^nc_1_mail_suresh.dorepally-7455de07,858,3,946,gig:483594645:^sq_ig_i_personal,947,0]
07-30 08:25:38.932  1000  2741  3100 I sysui_multi_action: [757,804,799,note_freshness,801,1307126,802,1]
07-30 08:25:38.933  1000  2741  3100 I sysui_multi_action: [757,128,758,1,793,1306945,794,0,795,1306945,796,1839693335,797,gig:483594645:^sq_ig_i_personal,798,6,806,com.google.android.gm,857,^nc_1_mail_suresh.dorepally-7455de07,858,3,946,gig:483594645:^sq_ig_i_personal,947,0]
07-30 08:25:38.933  1000  2741  3100 I sysui_multi_action: [757,804,799,note_freshness,801,1306945,802,1]
07-30 08:25:38.933  1000  2741  3100 I sysui_multi_action: [757,128,758,1,793,1306969,794,0,795,1306969,796,-1639636639,797,gig:483594645:^sq_ig_i_personal,798,7,806,com.google.android.gm,857,^nc_1_mail_suresh.dorepally-7455de07,858,3,946,gig:483594645:^sq_ig_i_personal,947,0]
07-30 08:25:38.933  1000  2741  3100 I sysui_multi_action: [757,804,799,note_freshness,801,1306969,802,1]
07-30 08:25:38.933  1000  2741  3100 I sysui_multi_action: [757,128,758,1,793,1338530,794,0,795,1307050,796,2071495403,797,gig:483594645:^sq_ig_i_personal,798,9,806,com.google.android.gm,857,^nc_1_mail_suresh.dorepally-7455de07,858,3,946,gig:483594645:^sq_ig_i_personal,947,0]
07-30 08:25:38.933  1000  2741  3100 I sysui_multi_action: [757,804,799,note_freshness,801,1307050,802,1]
07-30 08:25:38.933  1000  2741  3100 I sysui_multi_action: [757,128,758,1,793,1338583,794,0,795,1307171,796,0,797,gig:483594645:^sq_ig_i_personal,798,5,806,com.google.android.gm,857,^nc_1_mail_suresh.dorepally-7455de07,858,3,946,gig:483594645:^sq_ig_i_personal,947,1]
07-30 08:25:38.933  1000  2741  3100 I sysui_multi_action: [757,804,799,note_freshness,801,1307171,802,1]
07-30 08:25:38.933  1000  2741  3100 I sysui_multi_action: [757,128,758,1,793,1338494,794,0,795,1307027,796,1180847539,797,gig:483594645:^sq_ig_i_personal,798,8,806,com.google.android.gm,857,^nc_1_mail_suresh.dorepally-7455de07,858,3,946,gig:483594645:^sq_ig_i_personal,947,0]
07-30 08:25:38.933  1000  2741  3100 I sysui_multi_action: [757,804,799,note_freshness,801,1307027,802,1]
07-30 08:25:38.934  1000  2741  3100 I sysui_multi_action: [757,128,758,1,793,1317727,794,0,795,1317727,796,-1,797,p#https://m.facebook.com/#11532916151486090,798,4,806,com.android.chrome,857,web:https://m.facebook.com;-ccf97a00,858,3,946,Web:m.facebook.com,947,0]
07-30 08:25:38.934  1000  2741  3100 I sysui_multi_action: [757,804,799,note_freshness,801,1317727,802,1]
07-30 08:25:38.934  1000  2741  3100 I sysui_multi_action: [757,128,758,1,793,1310024,794,0,795,86337,796,0,798,1,806,com.twitter.android,857,1141110380-tweet_notifications,858,3,947,0]
07-30 08:25:38.934  1000  2741  3100 I sysui_multi_action: [757,804,799,note_freshness,801,86337,802,1]
07-30 08:25:39.385  1000  2741  3100 I sysui_multi_action: [757,128,758,2,793,477183,794,454,795,477183,796,0,797,com.google.android.apps.messaging:sms:116,798,0,806,com.google.android.apps.messaging,857,bugle_default_channel,858,4,946,bugle_notification_group_key,947,0]
07-30 08:25:39.386  1000  2741  3100 I sysui_multi_action: [757,128,758,2,793,1335912,794,454,795,1335912,796,0,797,FCM-Notification:113192,798,3,806,com.mygate.user,857,miscellaneous,858,3,947,0]
07-30 08:25:39.386  1000  2741  3100 I sysui_multi_action: [757,128,758,2,793,1312229,794,454,795,1312229,796,23,797,41217664-9172-527a-b3d5-edabb50a7d69,798,2,806,android,857,ALERTS,858,3,947,0]
07-30 08:25:39.386  1000  2741  3100 I sysui_multi_action: [757,128,758,2,793,1339003,794,454,795,1307580,796,785431737,797,gig:483594645:^sq_ig_i_personal,798,10,806,com.google.android.gm,857,^nc_1_mail_suresh.dorepally-7455de07,858,3,946,gig:483594645:^sq_ig_i_personal,947,0]
07-30 08:25:39.386  1000  2741  3100 I sysui_multi_action: [757,128,758,2,793,1307399,794,454,795,1307399,796,1839693335,797,gig:483594645:^sq_ig_i_personal,798,6,806,com.google.android.gm,857,^nc_1_mail_suresh.dorepally-7455de07,858,3,946,gig:483594645:^sq_ig_i_personal,947,0]
07-30 08:25:39.386  1000  2741  3100 I sysui_multi_action: [757,128,758,2,793,1307422,794,453,795,1307422,796,-1639636639,797,gig:483594645:^sq_ig_i_personal,798,7,806,com.google.android.gm,857,^nc_1_mail_suresh.dorepally-7455de07,858,3,946,gig:483594645:^sq_ig_i_personal,947,0]
07-30 08:25:39.386  1000  2741  3100 I sysui_multi_action: [757,128,758,2,793,1338983,794,453,795,1307503,796,2071495403,797,gig:483594645:^sq_ig_i_personal,798,9,806,com.google.android.gm,857,^nc_1_mail_suresh.dorepally-7455de07,858,3,946,gig:483594645:^sq_ig_i_personal,947,0]
07-30 08:25:39.387  1000  2741  3100 I sysui_multi_action: [757,128,758,2,793,1339036,794,453,795,1307624,796,0,797,gig:483594645:^sq_ig_i_personal,798,5,806,com.google.android.gm,857,^nc_1_mail_suresh.dorepally-7455de07,858,3,946,gig:483594645:^sq_ig_i_personal,947,1]
07-30 08:25:39.387  1000  2741  3100 I sysui_multi_action: [757,128,758,2,793,1338948,794,454,795,1307481,796,1180847539,797,gig:483594645:^sq_ig_i_personal,798,8,806,com.google.android.gm,857,^nc_1_mail_suresh.dorepally-7455de07,858,3,946,gig:483594645:^sq_ig_i_personal,947,0]
07-30 08:25:39.387  1000  2741  3100 I sysui_multi_action: [757,128,758,2,793,1318180,794,453,795,1318180,796,-1,797,p#https://m.facebook.com/#11532916151486090,798,4,806,com.android.chrome,857,web:https://m.facebook.com;-ccf97a00,858,3,946,Web:m.facebook.com,947,0]
07-30 08:25:39.387  1000  2741  3100 I sysui_multi_action: [757,128,758,2,793,1310477,794,453,795,86790,796,0,798,1,806,com.twitter.android,857,1141110380-tweet_notifications,858,3,947,0]
07-30 08:25:39.387  1000  2741  3100 I sysui_multi_action: [757,127,758,2]
07-30 08:25:39.501  1000  2741  2781 I sysui_multi_action: [757,198,758,1,759,0,793,683]
07-30 08:25:39.503  1000  2741  2777 I sysui_multi_action: [757,223,758,2]
07-30 08:25:39.503  1000  2741  2777 I sysui_multi_action: [757,804,799,dozing_minutes,801,0,802,1]
07-30 08:25:48.896 10034  2989  3126 I sysui_multi_action: [757,1093,758,4,793,20481,1094,9469952,1095,3]
07-30 08:25:54.907 10034  2989  3126 I sysui_multi_action: [757,1093,758,4,793,6011,1094,9469952,1095,3]
07-30 08:25:59.911 10034  2989  3126 I sysui_multi_action: [757,1093,758,4,793,5004,1094,9469952,1095,3]
07-30 08:26:01.262 10034  2989  3126 I sysui_multi_action: [757,1093,758,4,793,1350,1094,9469952,1095,3]
07-30 08:26:02.935 10034  2989  3126 I sysui_multi_action: [757,1093,758,4,793,1673,1094,9469952,1095,3]
07-30 08:26:03.111  1000  2741  2767 I sysui_multi_action: [757,803,799,window_time_0,802,198]
07-30 08:26:04.370  1000  2741  2767 I sysui_multi_action: [757,803,799,window_time_0,802,2]
07-30 08:26:06.907  1000  2741  2767 I sysui_multi_action: [757,803,799,window_time_0,802,2]
07-30 08:26:06.928  1000  2741  2767 I sysui_multi_action: [757,803,799,window_time_0,802,0]
07-30 08:26:07.360 10034  2989  3126 I sysui_multi_action: [757,1093,758,4,793,4426,1094,9469952,1095,3]
07-30 08:26:07.891  1000  2741  2767 I sysui_multi_action: [757,803,799,window_time_0,802,1]
07-30 08:26:07.913  1000  2741  2767 I sysui_multi_action: [757,803,799,window_time_0,802,0]
07-30 08:26:15.957 10034  2989  3126 I sysui_multi_action: [757,1093,758,4,793,8597,1094,9469952,1095,3]
07-30 08:26:17.970 10034  2989  3126 I sysui_multi_action: [757,1093,758,4,793,2013,1094,9469952,1095,3]
07-30 08:26:19.975 10034  2989  3126 I sysui_multi_action: [757,1093,758,4,793,2005,1094,9469952,1095,3]
07-30 08:26:21.966 10034  2989  3126 I sysui_multi_action: [757,1093,758,4,793,1991,1094,9469952,1095,3]
07-30 08:26:23.977 10034  2989  3126 I sysui_multi_action: [757,1093,758,4,793,2011,1094,9469952,1095,3]
07-30 08:26:25.987 10034  2989  3126 I sysui_multi_action: [757,1093,758,4,793,2010,1094,9469952,1095,3]
07-30 08:26:28.981 10034  2989  3126 I sysui_multi_action: [757,1093,758,4,793,2993,1094,9469952,1095,3]
07-30 08:26:31.000 10034  2989  3126 I sysui_multi_action: [757,1093,758,4,793,2020,1094,9469952,1095,3]
07-30 08:26:32.998 10034  2989  3126 I sysui_multi_action: [757,1093,758,4,793,1998,1094,9469952,1095,3]
07-30 08:26:49.443  1000  2741  2767 I sysui_multi_action: [757,803,799,window_time_0,802,42]
07-30 08:26:54.055 10034  2989  3126 I sysui_multi_action: [757,1093,758,4,793,21057,1094,9469952,1095,3]
07-30 08:26:58.034 10034  2989  3126 I sysui_multi_action: [757,1093,758,4,793,3979,1094,9469952,1095,3]
07-30 08:26:59.071 10034  2989  3126 I sysui_multi_action: [757,1093,758,4,793,1037,1094,9469952,1095,3]
07-30 08:27:01.078 10034  2989  3126 I sysui_multi_action: [757,1093,758,4,793,2007,1094,9469952,1095,3]
07-30 08:27:04.077 10034  2989  3126 I sysui_multi_action: [757,1093,758,4,793,2999,1094,9469952,1095,3]
07-30 08:27:06.046 10034  2989  3126 I sysui_multi_action: [757,1093,758,4,793,1968,1094,9469952,1095,3]
07-30 08:27:07.054 10034  2989  3126 I sysui_multi_action: [757,1093,758,4,793,1009,1094,9469952,1095,3]
07-30 08:27:09.093 10034  2989  3126 I sysui_multi_action: [757,1093,758,4,793,2038,1094,9469952,1095,3]
07-30 08:27:11.097 10034  2989  3126 I sysui_multi_action: [757,1093,758,4,793,2005,1094,9469952,1095,3]
07-30 08:27:13.068 10034  2989  3126 I sysui_multi_action: [757,1093,758,4,793,1971,1094,9469952,1095,3]
07-30 08:27:14.073 10034  2989  3126 I sysui_multi_action: [757,1093,758,4,793,1005,1094,9469952,1095,3]
07-30 08:27:15.115 10034  2989  3126 I sysui_multi_action: [757,1093,758,4,793,1041,1094,9469952,1095,3]
07-30 08:27:19.117 10034  2989  3126 I sysui_multi_action: [757,1093,758,4,793,4003,1094,9469952,1095,3]
07-30 08:27:21.115 10034  2989  3126 I sysui_multi_action: [757,1093,758,4,793,1997,1094,9469952,1095,3]
07-30 08:27:24.098 10034  2989  3126 I sysui_multi_action: [757,1093,758,4,793,2984,1094,9469952,1095,3]
07-30 08:27:26.146 10034  2989  3126 I sysui_multi_action: [757,1093,758,4,793,2047,1094,9469952,1095,3]
07-30 08:27:28.116 10034  2989  3126 I sysui_multi_action: [757,1093,758,4,793,1971,1094,9469952,1095,3]
07-30 08:27:31.159 10034  2989  3126 I sysui_multi_action: [757,1093,758,4,793,3043,1094,9469952,1095,3]
07-30 08:27:33.126 10034  2989  3126 I sysui_multi_action: [757,1093,758,4,793,1967,1094,9469952,1095,3]
07-30 08:27:34.167 10034  2989  3126 I sysui_multi_action: [757,1093,758,4,793,1041,1094,9469952,1095,3]
07-30 08:27:36.171 10034  2989  3126 I sysui_multi_action: [757,1093,758,4,793,2004,1094,9469952,1095,3]
07-30 08:27:38.157 10034  2989  3126 I sysui_multi_action: [757,1093,758,4,793,1986,1094,9469952,1095,3]
07-30 08:27:40.147 10034  2989  3126 I sysui_multi_action: [757,1093,758,4,793,1989,1094,9469952,1095,3]
07-30 08:27:42.185 10034  2989  3126 I sysui_multi_action: [757,1093,758,4,793,2039,1094,9469952,1095,3]
07-30 08:27:46.157 10034  2989  3126 I sysui_multi_action: [757,1093,758,4,793,3972,1094,9469952,1095,3]
07-30 08:27:47.199 10034  2989  3126 I sysui_multi_action: [757,1093,758,4,793,1041,1094,9469952,1095,3]
07-30 08:27:49.203 10034  2989  3126 I sysui_multi_action: [757,1093,758,4,793,2004,1094,9469952,1095,3]
07-30 08:27:52.173 10034  2989  3126 I sysui_multi_action: [757,1093,758,4,793,2970,1094,9469952,1095,3]
07-30 08:27:53.174 10034  2989  3126 I sysui_multi_action: [757,1093,758,4,793,1002,1094,9469952,1095,3]
07-30 08:27:54.348 10034  2989  3126 I sysui_multi_action: [757,1093,758,4,793,1174,1094,9469952,1095,3]
07-30 08:27:56.219 10034  2989  3126 I sysui_multi_action: [757,1093,758,4,793,1870,1094,9469952,1095,3]
07-30 08:27:57.406 10034  2989  3126 I sysui_multi_action: [757,1093,758,4,793,1188,1094,9469952,1095,3]
07-30 08:27:59.189 10034  2989  3126 I sysui_multi_action: [757,1093,758,4,793,1781,1094,9469952,1095,3]
07-30 08:28:00.214 10034  2989  3126 I sysui_multi_action: [757,1093,758,4,793,1026,1094,9469952,1095,3]
07-30 08:28:02.207 10034  2989  3126 I sysui_multi_action: [757,1093,758,4,793,1994,1094,9469952,1095,3]
07-30 08:28:03.539 10034  2989  3126 I sysui_multi_action: [757,1093,758,4,793,1331,1094,9469952,1095,3]
07-30 08:28:05.205 10034  2989  3126 I sysui_multi_action: [757,1093,758,4,793,1667,1094,9469952,1095,3]
07-30 08:28:07.231 10034  2989  3126 I sysui_multi_action: [757,1093,758,4,793,2026,1094,9469952,1095,3]
07-30 08:28:09.216 10034  2989  3126 I sysui_multi_action: [757,1093,758,4,793,1984,1094,9469952,1095,3]
07-30 08:28:10.239 10034  2989  3126 I sysui_multi_action: [757,1093,758,4,793,1023,1094,9469952,1095,3]
07-30 08:28:13.262 10034  2989  3126 I sysui_multi_action: [757,1093,758,4,793,3024,1094,9469952,1095,3]
07-30 08:28:15.269 10034  2989  3126 I sysui_multi_action: [757,1093,758,4,793,2005,1094,9469952,1095,3]
07-30 08:28:17.267 10034  2989  3126 I sysui_multi_action: [757,1093,758,4,793,2000,1094,9469952,1095,3]
07-30 08:28:19.245 10034  2989  3126 I sysui_multi_action: [757,1093,758,4,793,1978,1094,9469952,1095,3]
07-30 08:28:21.888 10034  2989  3126 I sysui_multi_action: [757,1093,758,4,793,2642,1094,9469952,1095,3]
07-30 08:28:23.287 10034  2989  3126 I sysui_multi_action: [757,1093,758,4,793,1400,1094,9469952,1095,3]
07-30 08:28:23.805  1000  2741  2767 I sysui_multi_action: [757,803,799,window_time_0,802,94]
07-30 08:28:23.828  1000  2741  2767 I sysui_multi_action: [757,803,799,window_time_0,802,0]
07-30 08:28:24.968 10034  2989  3126 I sysui_multi_action: [757,1093,758,4,793,1681,1094,9469952,1095,3]
07-30 08:28:25.627 10034  2989  2989 I sysui_multi_action: [757,931,758,4,759,3,932,0,933,0]
07-30 08:28:25.691 10034  2989  2989 I sysui_multi_action: [757,931,758,4,759,3,932,0,933,1]
07-30 08:28:25.740  1000  2741  2767 I sysui_multi_action: [757,803,799,window_time_0,802,2]
07-30 08:28:25.876  1000  2741  2779 I sysui_multi_action: [319,176,322,152,325,1345,757,761,758,9,759,2,806,com.smartron.tronxlauncher,871,com.smartron.smextension.TronxLauncher,905,0]
07-30 08:28:26.296 10034  2989  3126 I sysui_multi_action: [757,1093,758,4,793,1327,1094,9469952,1095,3]
07-30 08:28:26.967  1000  2741  2767 I sysui_multi_action: [757,803,799,window_time_0,802,1]
07-30 08:28:27.199  1000  2741  2779 I sysui_multi_action: [319,59,321,56,322,292,325,1347,757,761,758,9,759,4,806,com.whatsapp,871,com.whatsapp.Conversation,904,com.whatsapp,905,0]
07-30 08:28:28.098  1000  2741  2767 I sysui_multi_action: [757,803,799,window_time_0,802,1]
07-30 08:28:28.126  1000  2741  2767 I sysui_multi_action: [757,803,799,window_time_0,802,0]
07-30 08:28:30.305 10034  2989  3126 I sysui_multi_action: [757,1093,758,4,793,4009,1094,9469952,1095,3]
07-30 08:28:32.294 10034  2989  3126 I sysui_multi_action: [757,1093,758,4,793,1990,1094,9469952,1095,3]
07-30 08:28:34.314 10034  2989  3126 I sysui_multi_action: [757,1093,758,4,793,2020,1094,9469952,1095,3]
07-30 08:28:37.323 10034  2989  3126 I sysui_multi_action: [757,1093,758,4,793,3009,1094,9469952,1095,3]
07-30 08:28:39.327 10034  2989  3126 I sysui_multi_action: [757,1093,758,4,793,2004,1094,9469952,1095,3]
07-30 08:28:41.815  1000  2741  2767 I sysui_multi_action: [757,803,799,window_time_0,802,14]
07-30 08:28:43.343 10034  2989  3126 I sysui_multi_action: [757,1093,758,4,793,4015,1094,9469952,1095,3]
07-30 08:28:45.329 10034  2989  3126 I sysui_multi_action: [757,1093,758,4,793,1985,1094,9469952,1095,3]
07-30 08:28:48.307 10034  2989  3126 I sysui_multi_action: [757,1093,758,4,793,2980,1094,9469952,1095,3]
07-30 08:28:49.349 10034  2989  3126 I sysui_multi_action: [757,1093,758,4,793,1041,1094,9469952,1095,3]
07-30 08:28:51.349 10034  2989  3126 I sysui_multi_action: [757,1093,758,4,793,1999,1094,9469952,1095,3]
07-30 08:28:52.487 10034  2989  3126 I sysui_multi_action: [757,1093,758,4,793,1140,1094,9469952,1095,3]
07-30 08:28:54.334 10034  2989  3126 I sysui_multi_action: [757,1093,758,4,793,1846,1094,9469952,1095,3]
07-30 08:28:55.375 10034  2989  3126 I sysui_multi_action: [757,1093,758,4,793,1041,1094,9469952,1095,3]
07-30 08:28:58.367 10034  2989  3126 I sysui_multi_action: [757,1093,758,4,793,2993,1094,9469952,1095,3]
07-30 08:29:00.367 10034  2989  3126 I sysui_multi_action: [757,1093,758,4,793,2000,1094,9469952,1095,3]
07-30 08:29:06.388 10034  2989  3126 I sysui_multi_action: [757,1093,758,4,793,6020,1094,9469952,1095,3]
07-30 08:29:10.389 10034  2989  3126 I sysui_multi_action: [757,1093,758,4,793,4002,1094,9469952,1095,3]
07-30 08:29:12.405 10034  2989  3126 I sysui_multi_action: [757,1093,758,4,793,2016,1094,9469952,1095,3]
07-30 08:29:16.393 10034  2989  3126 I sysui_multi_action: [757,1093,758,4,793,3987,1094,9469952,1095,3]
07-30 08:29:17.431 10034  2989  3126 I sysui_multi_action: [757,1093,758,4,793,1039,1094,9469952,1095,3]
07-30 08:29:19.389 10034  2989  3126 I sysui_multi_action: [757,1093,758,4,793,1958,1094,9469952,1095,3]
07-30 08:29:20.445 10034  2989  3126 I sysui_multi_action: [757,1093,758,4,793,1056,1094,9469952,1095,3]
07-30 08:29:22.408 10034  2989  3126 I sysui_multi_action: [757,1093,758,4,793,1963,1094,9469952,1095,3]
07-30 08:29:25.441 10034  2989  3126 I sysui_multi_action: [757,1093,758,4,793,3033,1094,9469952,1095,3]
07-30 08:29:28.447 10034  2989  3126 I sysui_multi_action: [757,1093,758,4,793,3006,1094,9469952,1095,3]
07-30 08:29:38.467 10034  2989  3126 I sysui_multi_action: [757,1093,758,4,793,10020,1094,9469952,1095,3]
