07-30 08:55:31.369  1000  2741  2741 I sysui_multi_action: [757,199,758,1,759,5,793,3102459,794,1792435,795,6,796,0,806,com.twitter.android,857,1141110380-tweet_notifications,858,3,947,0]
07-30 08:56:09.864  1000  2741  2741 I sysui_multi_action: [757,199,758,1,759,5,793,3140954,794,1830930,795,17,796,0,806,com.twitter.android,857,1141110380-tweet_notifications,858,3,947,0]
07-30 08:56:10.126  1000  2741  2741 I sysui_multi_action: [757,199,758,1,759,4,793,3141216,794,1831192,795,6,796,0,806,com.twitter.android,857,1141110380-tweet_notifications,858,3,947,0]
07-30 08:58:12.687  1000  2741  2741 I sysui_multi_action: [757,199,758,1,759,5,793,3263777,794,1953753,795,6,796,0,806,com.twitter.android,857,1141110380-tweet_notifications,858,3,947,0]
07-30 08:59:05.276  1000  2741  2741 I sysui_multi_action: [757,199,758,1,759,5,793,3316366,794,2006342,795,6,796,0,806,com.twitter.android,857,1141110380-tweet_notifications,858,3,947,0]
07-30 08:59:14.464  1000  2741  2741 I sysui_multi_action: [757,199,758,1,759,5,793,3325553,794,2015529,795,6,796,0,806,com.twitter.android,857,1141110380-tweet_notifications,858,3,947,0]
07-30 08:59:14.755  1000  2741  2741 I sysui_multi_action: [757,199,758,1,759,4,793,3325838,794,2015814,795,10,796,0,806,com.twitter.android,857,1141110380-tweet_notifications,858,3,947,0]
07-30 08:59:20.540  1000  2741  2741 I sysui_multi_action: [757,199,758,1,759,5,793,3331630,794,2021606,795,8,796,0,806,com.twitter.android,857,1141110380-tweet_notifications,858,3,947,0]
07-30 08:59:20.822  1000  2741  2741 I sysui_multi_action: [757,199,758,1,759,4,793,3331912,794,2021888,795,7,796,0,806,com.twitter.android,857,1141110380-tweet_notifications,858,3,947,0]
07-30 09:01:02.242  1000  2741  2741 I sysui_multi_action: [757,199,758,1,759,5,793,3433332,794,2123308,795,10,796,0,806,com.twitter.android,857,1141110380-tweet_notifications,858,3,947,0]
07-30 09:01:02.565  1000  2741  2741 I sysui_multi_action: [757,199,758,1,759,4,793,3433655,794,2123631,795,22,796,0,806,com.twitter.android,857,1141110380-tweet_notifications,858,3,947,0]
07-30 09:01:04.986  1000  2741  2741 I sysui_multi_action: [757,199,758,1,759,5,793,3436076,794,2126052,795,6,796,0,806,com.twitter.android,857,1141110380-tweet_notifications,858,3,947,0]
07-30 09:01:05.237  1000  2741  2741 I sysui_multi_action: [757,199,758,1,759,4,793,3436327,794,2126303,795,6,796,0,806,com.twitter.android,857,1141110380-tweet_notifications,858,3,947,0]
07-30 09:02:09.605  1000  2741  2741 I sysui_multi_action: [757,199,758,1,759,5,793,3500695,794,2190671,795,7,796,0,806,com.twitter.android,857,1141110380-tweet_notifications,858,3,947,0]
07-30 09:02:09.893  1000  2741  2741 I sysui_multi_action: [757,199,758,1,759,4,793,3500983,794,2190959,795,9,796,0,806,com.twitter.android,857,1141110380-tweet_notifications,858,3,947,0]
07-30 09:02:11.302 10034  2989  3126 I sysui_multi_action: [757,1093,758,4,793,759307,1094,9486336,1095,4]
07-30 09:02:38.479  1000  2741  2741 I sysui_multi_action: [757,199,758,1,759,5,793,3529569,794,2219545,795,7,796,0,806,com.twitter.android,857,1141110380-tweet_notifications,858,3,947,0]
07-30 09:02:38.772  1000  2741  2741 I sysui_multi_action: [757,199,758,1,759,4,793,3529861,794,2219837,795,6,796,0,806,com.twitter.android,857,1141110380-tweet_notifications,858,3,947,0]
07-30 09:02:40.302 10034  2989  3126 I sysui_multi_action: [757,1093,758,4,793,29000,1094,9486336,1095,4]
07-30 09:03:35.306  1000  2741  2741 I sysui_multi_action: [757,199,758,1,759,5,793,3586395,794,2276371,795,6,796,0,806,com.twitter.android,857,1141110380-tweet_notifications,858,3,947,0]
07-30 09:05:49.439  1000  2741  2741 I sysui_multi_action: [757,128,758,5,759,8,793,1513,794,0,795,1513,796,14,806,com.whatsapp,857,other_notifications@1,858,2,947,0]
07-30 09:05:49.602  1000  2741  2741 I sysui_multi_action: [757,199,758,1,759,4,793,2000652,794,1991229,795,54,796,1,797,919036640705-1521441719@g.us,806,com.whatsapp,857,group_chat_defaults_2,858,4,946,group_key_messages,947,0]
07-30 09:05:49.619  1000  2741  2741 I sysui_multi_action: [757,199,758,1,759,4,793,2000647,794,1991247,795,53,796,1,797,919848330390-1434389344@g.us,806,com.whatsapp,857,group_chat_defaults_2,858,4,946,group_key_messages,947,0]
07-30 09:05:49.644  1000  2741  2741 I sysui_multi_action: [757,199,758,1,759,4,793,2000633,794,1991275,795,12,796,1,797,919949777709-1443694452@g.us,806,com.whatsapp,857,group_chat_defaults_2,858,4,946,group_key_messages,947,0]
07-30 09:05:49.671  1000  2741  2741 I sysui_multi_action: [757,199,758,1,759,4,793,1799745,794,0,795,7,796,1,797,919849598108-1494592111@g.us,806,com.whatsapp,857,group_chat_defaults_2,858,4,946,group_key_messages,947,0]
07-30 09:05:49.697  1000  2741  2741 I sysui_multi_action: [757,199,758,1,759,4,793,12,794,0,795,12,796,1,797,919652797973-1526561049@g.us,806,com.whatsapp,857,group_chat_defaults_2,858,4,946,group_key_messages,947,0]
07-30 09:05:49.713  1000  2741  2741 I sysui_multi_action: [757,199,758,1,759,5,793,2000666,794,1991342,795,15,796,1,806,com.whatsapp,857,group_chat_defaults_2,858,4,946,group_key_messages,947,1]
07-30 09:05:50.437  1000  2741  2741 I sysui_multi_action: [757,128,758,5,759,8,793,2513,794,0,795,2513,796,40,806,android,857,FOREGROUND_SERVICE,858,2,947,0]
07-30 09:05:51.157 10034  2989  3126 I sysui_multi_action: [757,1093,758,4,793,190855,1094,9486336,1095,4]
07-30 09:06:42.664  1000  2741  2877 I sysui_multi_action: [757,804,799,power_consecutive_short_tap_count,801,1,802,1]
07-30 09:06:42.664  1000  2741  2877 I sysui_multi_action: [757,804,799,power_double_tap_interval,801,386799,802,1]
07-30 09:06:42.806  1000  2741 11532 I sysui_multi_action: [757,127,758,1]
07-30 09:06:42.807  1000  2741 11532 I sysui_multi_action: [757,804,799,note_load,801,17,802,1]
07-30 09:06:43.205  1000  2741  2781 I sysui_multi_action: [757,198,758,1,759,0,793,581]
07-30 09:06:43.229  1000  2741  2777 I sysui_multi_action: [757,223,758,2]
07-30 09:06:43.229  1000  2741  2777 I sysui_multi_action: [757,804,799,dozing_minutes,801,18,802,1]
07-30 09:06:43.925 10034  2989  3126 I sysui_multi_action: [757,1093,758,4,793,52767,1094,9486336,1095,4]
07-30 09:06:47.753 10034  2989  3126 I sysui_multi_action: [757,1093,758,4,793,3829,1094,9486336,1095,4]
07-30 09:06:51.172 10034  2989  2989 I sysui_multi_action: [757,186,758,4,826,408,827,4447]
07-30 09:06:51.194 10034  2989  2989 I sysui_multi_action: [757,197,758,1,759,1]
07-30 09:06:51.202  1000  2741  6925 I sysui_multi_action: [757,127,758,2]
07-30 09:06:56.466 10034  2989  2989 I sysui_multi_action: [757,111,758,2]
07-30 09:06:56.502 10034  2989  2989 I sysui_multi_action: [757,196,758,2,759,1]
07-30 09:06:57.811 10034  2989  3126 I sysui_multi_action: [757,1093,758,4,793,10058,1094,9486336,1095,4]
07-30 09:06:59.531  1000  2741  2741 I sysui_multi_action: [757,199,758,1,759,5,793,3790621,794,2480597,795,9,796,0,806,com.twitter.android,857,1141110380-tweet_notifications,858,3,947,0]
07-30 09:06:59.769  1000  2741  2741 I sysui_multi_action: [757,199,758,1,759,4,793,3790859,794,2480835,795,12,796,0,806,com.twitter.android,857,1141110380-tweet_notifications,858,3,947,0]
07-30 09:06:59.787 10034  2989  3126 I sysui_multi_action: [757,1093,758,4,793,1975,1094,9486336,1095,4]
07-30 09:07:02.501 10034  2989  2989 I sysui_multi_action: [757,931,758,4,759,3,932,0,933,0]
07-30 09:07:02.599 10034  2989  2989 I sysui_multi_action: [757,931,758,4,759,3,932,0,933,1]
07-30 09:07:02.723  1000  2741  2767 I sysui_multi_action: [757,803,799,window_time_0,802,1158]
07-30 09:07:02.855  1000  2741  2779 I sysui_multi_action: [319,209,322,194,325,2265,757,761,758,9,759,2,806,com.smartron.tronxlauncher,871,com.smartron.smextension.TronxLauncher,905,0]
07-30 09:07:04.803 10034  2989  3126 I sysui_multi_action: [757,1093,758,4,793,5016,1094,9486336,1095,4]
07-30 09:07:11.217 10034  2989  3126 I sysui_multi_action: [757,1093,758,4,793,6415,1094,9486336,1095,4]
07-30 09:07:12.817 10034  2989  3126 I sysui_multi_action: [757,1093,758,4,793,1600,1094,9486336,1095,4]
07-30 09:07:14.574  1000  2741  2767 I sysui_multi_action: [757,803,799,window_time_0,802,12]
07-30 09:07:14.817 10034  2989  3126 I sysui_multi_action: [757,1093,758,4,793,2000,1094,9486336,1095,4]
07-30 09:07:14.994  1000  2741  2767 I sysui_multi_action: [757,803,799,window_time_0,802,0]
07-30 09:07:15.065  1000  2741  2767 I sysui_multi_action: [757,803,799,window_time_0,802,0]
07-30 09:07:15.632  1000  2741  2779 I sysui_multi_action: [319,104,321,102,322,1125,325,2277,757,761,758,7,759,1,806,com.google.android.youtube,871,com.google.android.apps.youtube.app.WatchWhileActivity,904,com.google.android.youtube,905,0,945,86]
07-30 09:07:16.827 10034  2989  3126 I sysui_multi_action: [757,1093,758,4,793,2010,1094,9486336,1095,4]
07-30 09:07:21.947 10034  2989  3126 I sysui_multi_action: [757,1093,758,4,793,5119,1094,9486336,1095,4]
07-30 09:07:23.372 10034  2989  3126 I sysui_multi_action: [757,1093,758,4,793,1425,1094,9486336,1095,4]
07-30 09:07:25.850 10034  2989  3126 I sysui_multi_action: [757,1093,758,4,793,2479,1094,9486336,1095,4]
07-30 09:07:27.857 10034  2989  3126 I sysui_multi_action: [757,1093,758,4,793,2007,1094,9486336,1095,4]
07-30 09:07:29.857 10034  2989  3126 I sysui_multi_action: [757,1093,758,4,793,2000,1094,9486336,1095,4]
07-30 09:07:31.838 10034  2989  3126 I sysui_multi_action: [757,1093,758,4,793,1981,1094,9486336,1095,4]
07-30 09:07:32.300 10034  2989  3121 I sysui_multi_action: [757,210,758,4,759,3]
07-30 09:07:32.324 10034  2989  2989 I sysui_multi_action: [757,207,758,1]
07-30 09:07:32.324 10034  2989  2989 I sysui_multi_action: [757,804,799,volume_from_keyguard,801,0,802,1]
07-30 09:07:32.877 10034  2989  3126 I sysui_multi_action: [757,1093,758,4,793,1038,1094,9486336,1095,4]
07-30 09:07:35.808 10034  2989  2989 I sysui_multi_action: [757,209,758,4,759,10]
07-30 09:07:35.877 10034  2989  3126 I sysui_multi_action: [757,1093,758,4,793,3001,1094,9486336,1095,4]
07-30 09:07:37.309 10034  2989  2989 I sysui_multi_action: [757,207,758,2]
07-30 09:07:37.311 10034  2989  3121 I sysui_multi_action: [757,210,758,4,759,-1]
07-30 09:07:38.887 10034  2989  3126 I sysui_multi_action: [757,1093,758,4,793,3010,1094,9486336,1095,4]
07-30 09:07:40.886 10034  2989  3126 I sysui_multi_action: [757,1093,758,4,793,1999,1094,9486336,1095,4]
07-30 09:07:44.901 10034  2989  3126 I sysui_multi_action: [757,1093,758,4,793,4015,1094,9486336,1095,4]
07-30 09:07:46.888 10034  2989  3126 I sysui_multi_action: [757,1093,758,4,793,1987,1094,9486336,1095,4]
07-30 09:07:47.947 10034  2989  3126 I sysui_multi_action: [757,1093,758,4,793,1059,1094,9486336,1095,4]
07-30 09:07:50.924 10034  2989  3126 I sysui_multi_action: [757,1093,758,4,793,2976,1094,9486336,1095,4]
07-30 09:07:52.928 10034  2989  3126 I sysui_multi_action: [757,1093,758,4,793,2004,1094,9486336,1095,4]
07-30 09:07:56.916 10034  2989  3126 I sysui_multi_action: [757,1093,758,4,793,3988,1094,9486336,1095,4]
07-30 09:07:58.916 10034  2989  3126 I sysui_multi_action: [757,1093,758,4,793,2001,1094,9486336,1095,4]
07-30 09:08:00.092 10034  2989  3126 I sysui_multi_action: [757,1093,758,4,793,1176,1094,9486336,1095,4]
07-30 09:08:01.931 10034  2989  3126 I sysui_multi_action: [757,1093,758,4,793,1838,1094,9486336,1095,4]
07-30 09:08:03.165 10034  2989  3126 I sysui_multi_action: [757,1093,758,4,793,1235,1094,9486336,1095,4]
07-30 09:08:04.957 10034  2989  3126 I sysui_multi_action: [757,1093,758,4,793,1792,1094,9486336,1095,4]
07-30 09:08:06.960 10034  2989  3126 I sysui_multi_action: [757,1093,758,4,793,2003,1094,9486336,1095,4]
07-30 09:08:08.965 10034  2989  3126 I sysui_multi_action: [757,1093,758,4,793,2005,1094,9486336,1095,4]
07-30 09:08:10.970 10034  2989  3126 I sysui_multi_action: [757,1093,758,4,793,2005,1094,9486336,1095,4]
07-30 09:08:14.578  1000  2741  2767 I sysui_multi_action: [757,803,799,window_time_0,802,60]
07-30 09:08:14.614  1000  2741  2767 I sysui_multi_action: [757,803,799,window_time_0,802,0]
07-30 09:08:14.615  1000  2741  2767 I sysui_multi_action: [757,803,799,window_time_0,802,0]
07-30 09:08:14.644  1000  2741  2767 I sysui_multi_action: [757,803,799,window_time_0,802,0]
07-30 09:08:14.834  1000  2741  2767 I sysui_multi_action: [757,803,799,window_time_0,802,0]
07-30 09:08:15.022  1000  2741  2767 I sysui_multi_action: [757,803,799,window_time_0,802,0]
07-30 09:08:15.095  1000  2741  2767 I sysui_multi_action: [757,803,799,window_time_0,802,0]
07-30 09:08:15.314 10034  2989  3126 I sysui_multi_action: [757,1093,758,4,793,4344,1094,9486336,1095,4]
07-30 09:08:15.612  1000  2741  2779 I sysui_multi_action: [319,284,321,280,322,801,325,2337,757,761,758,8,759,1,806,com.android.chrome,871,org.chromium.chrome.browser.ChromeTabbedActivity,904,com.android.chrome,905,0]
07-30 09:08:16.388 10034  2989  2989 I sysui_multi_action: [757,931,758,4,759,3,932,0,933,0]
07-30 09:08:16.460 10034  2989  2989 I sysui_multi_action: [757,931,758,4,759,3,932,0,933,1]
07-30 09:08:16.599  1000  2741  2767 I sysui_multi_action: [757,803,799,window_time_0,802,2]
07-30 09:08:17.080  1000  2741  2779 I sysui_multi_action: [319,614,322,231,325,2339,757,761,758,9,759,2,806,com.smartron.tronxlauncher,871,com.smartron.smextension.TronxLauncher,905,0]
07-30 09:08:17.834 10034  2989  3126 I sysui_multi_action: [757,1093,758,4,793,2520,1094,9486336,1095,4]
07-30 09:08:19.626  1000  2741  2767 I sysui_multi_action: [757,803,799,window_time_0,802,3]
07-30 09:08:20.414  1000  2741  2779 I sysui_multi_action: [319,194,321,193,322,950,325,2342,757,761,758,7,759,1,806,com.razmobi.monstertrucks2,871,com.ansca.corona.CoronaActivity,904,com.smartron.tronxlauncher,905,0,945,86]
07-30 09:08:20.907 10034  2989  3126 I sysui_multi_action: [757,1093,758,4,793,3072,1094,9486336,1095,4]
07-30 09:08:24.477 10034  2989  3126 I sysui_multi_action: [757,1093,758,4,793,3571,1094,9486336,1095,4]
07-30 09:08:30.577 10034  2989  3126 I sysui_multi_action: [757,1093,758,4,793,6100,1094,9486336,1095,4]
07-30 09:08:33.617 10034  2989  3126 I sysui_multi_action: [757,1093,758,4,793,3039,1094,9486336,1095,4]
07-30 09:08:41.037 10034  2989  3126 I sysui_multi_action: [757,1093,758,4,793,7420,1094,9486336,1095,4]
07-30 09:08:42.754 10034  2989  3126 I sysui_multi_action: [757,1093,758,4,793,1717,1094,9486336,1095,4]
07-30 09:08:45.047 10034  2989  3126 I sysui_multi_action: [757,1093,758,4,793,2294,1094,9486336,1095,4]
07-30 09:08:47.047 10034  2989  3126 I sysui_multi_action: [757,1093,758,4,793,2000,1094,9486336,1095,4]
07-30 09:08:49.056 10034  2989  3126 I sysui_multi_action: [757,1093,758,4,793,2009,1094,9486336,1095,4]
07-30 09:08:54.069 10034  2989  3126 I sysui_multi_action: [757,1093,758,4,793,5013,1094,9486336,1095,4]
07-30 09:08:56.042 10034  2989  3126 I sysui_multi_action: [757,1093,758,4,793,1973,1094,9486336,1095,4]
07-30 09:08:58.027 10034  2989  3126 I sysui_multi_action: [757,1093,758,4,793,1985,1094,9486336,1095,4]
07-30 09:08:59.077 10034  2989  3126 I sysui_multi_action: [757,1093,758,4,793,1050,1094,9486336,1095,4]
07-30 09:09:01.117 10034  2989  3126 I sysui_multi_action: [757,1093,758,4,793,2040,1094,9486336,1095,4]
07-30 09:09:04.087 10034  2989  3126 I sysui_multi_action: [757,1093,758,4,793,2969,1094,9486336,1095,4]
07-30 09:09:07.088 10034  2989  3126 I sysui_multi_action: [757,1093,758,4,793,3001,1094,9486336,1095,4]
07-30 09:09:13.325 10034  2989  3126 I sysui_multi_action: [757,1093,758,4,793,6238,1094,9486336,1095,4]
07-30 09:09:17.110 10034  2989  3126 I sysui_multi_action: [757,1093,758,4,793,3785,1094,9486336,1095,4]
07-30 09:09:19.099 10034  2989  3126 I sysui_multi_action: [757,1093,758,4,793,1988,1094,9486336,1095,4]
07-30 09:09:21.114 10034  2989  3126 I sysui_multi_action: [757,1093,758,4,793,2016,1094,9486336,1095,4]
07-30 09:09:26.127 10034  2989  3126 I sysui_multi_action: [757,1093,758,4,793,5012,1094,9486336,1095,4]
07-30 09:09:34.118 10034  2989  3126 I sysui_multi_action: [757,1093,758,4,793,7992,1094,9486336,1095,4]
07-30 09:09:35.167 10034  2989  3126 I sysui_multi_action: [757,1093,758,4,793,1048,1094,9486336,1095,4]
07-30 09:09:37.807 10034  2989  3126 I sysui_multi_action: [757,1093,758,4,793,2641,1094,9486336,1095,4]
07-30 09:09:38.508  1000  2741  2741 I sysui_multi_action: [757,199,758,1,759,4,793,2229558,794,2220135,795,9,796,1,797,919036640705-1521441719@g.us,806,com.whatsapp,857,group_chat_defaults_2,858,4,946,group_key_messages,947,0]
07-30 09:09:38.541  1000  2741  2741 I sysui_multi_action: [757,199,758,1,759,4,793,2229570,794,2220170,795,5,796,1,797,919848330390-1434389344@g.us,806,com.whatsapp,857,group_chat_defaults_2,858,4,946,group_key_messages,947,0]
07-30 09:09:38.585  1000  2741  2741 I sysui_multi_action: [757,199,758,1,759,4,793,2229574,794,2220216,795,7,796,1,797,919949777709-1443694452@g.us,806,com.whatsapp,857,group_chat_defaults_2,858,4,946,group_key_messages,947,0]
07-30 09:09:38.610  1000  2741  2741 I sysui_multi_action: [757,199,758,1,759,4,793,2028685,794,0,795,5,796,1,797,919849598108-1494592111@g.us,806,com.whatsapp,857,group_chat_defaults_2,858,4,946,group_key_messages,947,0]
07-30 09:09:38.654  1000  2741  2741 I sysui_multi_action: [757,199,758,1,759,4,793,228968,794,0,795,17,796,1,797,919652797973-1526561049@g.us,806,com.whatsapp,857,group_chat_defaults_2,858,4,946,group_key_messages,947,0]
07-30 09:09:38.704  1000  2741  2741 I sysui_multi_action: [757,199,758,1,759,4,793,5,794,0,795,5,796,1,797,917386666713-1387638010@g.us,806,com.whatsapp,857,group_chat_defaults_2,858,4,946,group_key_messages,947,0]
07-30 09:09:38.727  1000  2741  2741 I sysui_multi_action: [757,199,758,1,759,5,793,2229680,794,2220356,795,20,796,1,806,com.whatsapp,857,group_chat_defaults_2,858,4,946,group_key_messages,947,1]
07-30 09:09:38.814 10034  2989  2989 I sysui_multi_action: [757,803,799,note_peek,802,1]
07-30 09:09:38.830  1000  2741  3962 I sysui_multi_action: [757,127,758,1]
07-30 09:09:38.830  1000  2741  3962 I sysui_multi_action: [757,804,799,note_load,801,1,802,1]
07-30 09:09:39.585  1000  2741  3962 I sysui_multi_action: [757,128,758,1,793,2230574,794,0,795,1007,796,1,797,919949777709-1443694452@g.us,798,4,806,com.whatsapp,857,group_chat_defaults_2,858,4,946,group_key_messages,947,0]
07-30 09:09:39.585  1000  2741  3962 I sysui_multi_action: [757,804,799,note_freshness,801,1007,802,1]
07-30 09:09:39.585  1000  2741  3962 I sysui_multi_action: [757,128,758,1,793,886,794,0,795,886,796,1,797,917386666713-1387638010@g.us,798,1,806,com.whatsapp,857,group_chat_defaults_2,858,4,946,group_key_messages,947,0]
07-30 09:09:39.586  1000  2741  3962 I sysui_multi_action: [757,804,799,note_freshness,801,886,802,1]
07-30 09:09:39.586  1000  2741  3962 I sysui_multi_action: [757,128,758,1,793,2230615,794,0,795,1050,796,1,797,919848330390-1434389344@g.us,798,5,806,com.whatsapp,857,group_chat_defaults_2,858,4,946,group_key_messages,947,0]
07-30 09:09:39.586  1000  2741  3962 I sysui_multi_action: [757,804,799,note_freshness,801,1050,802,1]
07-30 09:09:39.586  1000  2741  3962 I sysui_multi_action: [757,128,758,1,793,2029661,794,0,795,981,796,1,797,919849598108-1494592111@g.us,798,3,806,com.whatsapp,857,group_chat_defaults_2,858,4,946,group_key_messages,947,0]
07-30 09:09:39.586  1000  2741  3962 I sysui_multi_action: [757,804,799,note_freshness,801,981,802,1]
07-30 09:09:39.587  1000  2741  3962 I sysui_multi_action: [757,128,758,1,793,229901,794,0,795,950,796,1,797,919652797973-1526561049@g.us,798,2,806,com.whatsapp,857,group_chat_defaults_2,858,4,946,group_key_messages,947,0]
07-30 09:09:39.587  1000  2741  3962 I sysui_multi_action: [757,804,799,note_freshness,801,950,802,1]
07-30 09:09:39.587  1000  2741  3962 I sysui_multi_action: [757,128,758,1,793,2230540,794,0,795,880,796,1,798,0,806,com.whatsapp,857,group_chat_defaults_2,858,4,946,group_key_messages,947,1]
07-30 09:09:39.587  1000  2741  3962 I sysui_multi_action: [757,804,799,note_freshness,801,880,802,1]
07-30 09:09:39.587  1000  2741  3962 I sysui_multi_action: [757,128,758,1,793,2230638,794,0,795,1089,796,1,797,919036640705-1521441719@g.us,798,6,806,com.whatsapp,857,group_chat_defaults_2,858,4,946,group_key_messages,947,0]
07-30 09:09:39.587  1000  2741  3962 I sysui_multi_action: [757,804,799,note_freshness,801,1089,802,1]
07-30 09:09:40.032  1000  2741  2755 I sysui_multi_action: [757,127,758,1]
07-30 09:09:40.032  1000  2741  2755 I sysui_multi_action: [757,804,799,note_load,801,18,802,1]
07-30 09:09:40.037 10034  2989  2989 I sysui_multi_action: [757,803,799,panel_open,802,1]
07-30 09:09:40.037 10034  2989  2989 I sysui_multi_action: [757,803,799,panel_open_peek,802,1]
07-30 09:09:40.360  1000  2741  3962 I sysui_multi_action: [757,128,758,2,793,2231349,794,775,795,561,796,1,797,919949777709-1443694452@g.us,798,4,806,com.whatsapp,857,silent_notifications_3,858,2,946,group_key_messages,947,0]
07-30 09:09:40.361  1000  2741  3962 I sysui_multi_action: [757,128,758,2,793,1661,794,775,795,473,796,1,797,917386666713-1387638010@g.us,798,1,806,com.whatsapp,857,silent_notifications_3,858,2,946,group_key_messages,947,0]
07-30 09:09:40.361  1000  2741  3962 I sysui_multi_action: [757,128,758,2,793,2231390,794,775,795,603,796,1,797,919848330390-1434389344@g.us,798,5,806,com.whatsapp,857,silent_notifications_3,858,2,946,group_key_messages,947,0]
07-30 09:09:40.361  1000  2741  3962 I sysui_multi_action: [757,128,758,2,793,2030436,794,775,795,538,796,1,797,919849598108-1494592111@g.us,798,3,806,com.whatsapp,857,silent_notifications_3,858,2,946,group_key_messages,947,0]
07-30 09:09:40.361  1000  2741  3962 I sysui_multi_action: [757,128,758,2,793,230676,794,775,795,518,796,1,797,919652797973-1526561049@g.us,798,2,806,com.whatsapp,857,silent_notifications_3,858,2,946,group_key_messages,947,0]
07-30 09:09:40.362  1000  2741  3962 I sysui_multi_action: [757,128,758,2,793,2231315,794,775,795,457,796,1,798,0,806,com.whatsapp,857,silent_notifications_3,858,2,946,group_key_messages,947,1]
07-30 09:09:40.362  1000  2741  3962 I sysui_multi_action: [757,128,758,2,793,2231413,794,775,795,621,796,1,797,919036640705-1521441719@g.us,798,6,806,com.whatsapp,857,silent_notifications_3,858,2,946,group_key_messages,947,0]
07-30 09:09:40.363  1000  2741  2755 I sysui_multi_action: [757,127,758,2]
07-30 09:09:42.177 10034  2989  3126 I sysui_multi_action: [757,1093,758,4,793,4370,1094,9486336,1095,4]
07-30 09:09:44.178 10034  2989  3126 I sysui_multi_action: [757,1093,758,4,793,2000,1094,9486336,1095,4]
07-30 09:09:46.939 10034  2989  3126 I sysui_multi_action: [757,1093,758,4,793,2760,1094,9486336,1095,4]
07-30 09:09:50.197 10034  2989  3126 I sysui_multi_action: [757,1093,758,4,793,3259,1094,9486336,1095,4]
07-30 09:09:53.197 10034  2989  3126 I sysui_multi_action: [757,1093,758,4,793,3000,1094,9486336,1095,4]
07-30 09:09:55.012  1000  2741  2767 I sysui_multi_action: [757,803,799,window_time_0,802,95]
07-30 09:09:56.899  1000  2741  2767 I sysui_multi_action: [757,803,799,window_time_0,802,2]
07-30 09:09:56.956  1000  2741  2767 I sysui_multi_action: [757,803,799,window_time_0,802,0]
07-30 09:10:01.197 10034  2989  3126 I sysui_multi_action: [757,1093,758,4,793,8001,1094,9486336,1095,4]
07-30 09:10:04.227 10034  2989  3126 I sysui_multi_action: [757,1093,758,4,793,3029,1094,9486336,1095,4]
07-30 09:10:06.233 10034  2989  3126 I sysui_multi_action: [757,1093,758,4,793,2007,1094,9486336,1095,4]
07-30 09:10:09.238 10034  2989  3126 I sysui_multi_action: [757,1093,758,4,793,3004,1094,9486336,1095,4]
07-30 09:10:14.786 10034  2989  3126 I sysui_multi_action: [757,1093,758,4,793,5548,1094,9486336,1095,4]
07-30 09:10:33.287 10034  2989  3126 I sysui_multi_action: [757,1093,758,4,793,18501,1094,9486336,1095,4]
07-30 09:10:35.287 10034  2989  3126 I sysui_multi_action: [757,1093,758,4,793,2001,1094,9486336,1095,4]
07-30 09:10:45.007 10034  2989  3126 I sysui_multi_action: [757,1093,758,4,793,9719,1094,9486336,1095,4]
07-30 09:10:46.317 10034  2989  3126 I sysui_multi_action: [757,1093,758,4,793,1311,1094,9486336,1095,4]
07-30 09:10:51.125 10034  2989  3126 I sysui_multi_action: [757,1093,758,4,793,4808,1094,9486336,1095,4]
07-30 09:11:03.354 10034  2989  3126 I sysui_multi_action: [757,1093,758,4,793,12229,1094,9486336,1095,4]
07-30 09:11:05.343 10034  2989  3126 I sysui_multi_action: [757,1093,758,4,793,1989,1094,9486336,1095,4]
07-30 09:11:06.377 10034  2989  3126 I sysui_multi_action: [757,1093,758,4,793,1034,1094,9486336,1095,4]
07-30 09:11:18.397 10034  2989  3126 I sysui_multi_action: [757,1093,758,4,793,12020,1094,9486336,1095,4]
07-30 09:11:28.391 10034  2989  3126 I sysui_multi_action: [757,1093,758,4,793,9994,1094,9486336,1095,4]
07-30 09:11:29.441 10034  2989  3126 I sysui_multi_action: [757,1093,758,4,793,1049,1094,9486336,1095,4]
07-30 09:11:33.437 10034  2989  3126 I sysui_multi_action: [757,1093,758,4,793,3997,1094,9486336,1095,4]
07-30 09:11:35.439 10034  2989  3126 I sysui_multi_action: [757,1093,758,4,793,2002,1094,9486336,1095,4]
07-30 09:11:40.063 10034  2989  3126 I sysui_multi_action: [757,1093,758,4,793,4624,1094,9486336,1095,4]
07-30 09:11:43.117 10034  2989  3126 I sysui_multi_action: [757,1093,758,4,793,3054,1094,9486336,1095,4]
07-30 09:11:45.443 10034  2989  3126 I sysui_multi_action: [757,1093,758,4,793,2326,1094,9486336,1095,4]
07-30 09:11:46.484 10034  2989  3126 I sysui_multi_action: [757,1093,758,4,793,1041,1094,9486336,1095,4]
07-30 09:11:49.231 10034  2989  3126 I sysui_multi_action: [757,1093,758,4,793,2747,1094,9486336,1095,4]
07-30 09:11:50.479 10034  2989  3126 I sysui_multi_action: [757,1093,758,4,793,1247,1094,9486336,1095,4]
07-30 09:11:58.369 10034  2989  3126 I sysui_multi_action: [757,1093,758,4,793,7891,1094,9486336,1095,4]
07-30 09:12:03.515 10034  2989  3126 I sysui_multi_action: [757,1093,758,4,793,5146,1094,9486336,1095,4]
07-30 09:12:05.517 10034  2989  3126 I sysui_multi_action: [757,1093,758,4,793,2001,1094,9486336,1095,4]
07-30 09:12:08.277 10034  2989  3126 I sysui_multi_action: [757,1093,758,4,793,2761,1094,9486336,1095,4]
07-30 09:12:10.507 10034  2989  3126 I sysui_multi_action: [757,1093,758,4,793,2229,1094,9486336,1095,4]
07-30 09:12:11.547 10034  2989  3126 I sysui_multi_action: [757,1093,758,4,793,1040,1094,9486336,1095,4]
07-30 09:12:15.523 10034  2989  3126 I sysui_multi_action: [757,1093,758,4,793,3977,1094,9486336,1095,4]
07-30 09:12:18.545 10034  2989  3126 I sysui_multi_action: [757,1093,758,4,793,3022,1094,9486336,1095,4]
07-30 09:12:20.530 10034  2989  3126 I sysui_multi_action: [757,1093,758,4,793,1985,1094,9486336,1095,4]
07-30 09:12:21.567 10034  2989  3126 I sysui_multi_action: [757,1093,758,4,793,1037,1094,9486336,1095,4]
07-30 09:12:27.577 10034  2989  3126 I sysui_multi_action: [757,1093,758,4,793,6009,1094,9486336,1095,4]
07-30 09:12:29.549 10034  2989  3126 I sysui_multi_action: [757,1093,758,4,793,1973,1094,9486336,1095,4]
07-30 09:12:31.893 10034  2989  3126 I sysui_multi_action: [757,1093,758,4,793,2344,1094,9486336,1095,4]
07-30 09:12:33.587 10034  2989  3126 I sysui_multi_action: [757,1093,758,4,793,1694,1094,9486336,1095,4]
07-30 09:12:34.978 10034  2989  3126 I sysui_multi_action: [757,1093,758,4,793,1391,1094,9486336,1095,4]
07-30 09:12:37.598 10034  2989  3126 I sysui_multi_action: [757,1093,758,4,793,2620,1094,9486336,1095,4]
07-30 09:12:38.169  1000  2741  2741 I sysui_multi_action: [757,199,758,1,759,1,793,14,794,0,795,14,796,3,797,low_battery,806,com.android.systemui,857,BAT,858,5,947,0]
07-30 09:12:38.317 10034  2989  2989 I sysui_multi_action: [757,803,799,note_peek,802,1]
07-30 09:12:38.337  1000  2741  3593 I sysui_multi_action: [757,127,758,1]
07-30 09:12:38.337  1000  2741  3593 I sysui_multi_action: [757,804,799,note_load,801,1,802,1]
07-30 09:12:39.071  1000  2741  3962 I sysui_multi_action: [757,128,758,1,793,916,794,0,795,916,796,3,797,low_battery,798,0,806,com.android.systemui,857,BAT,858,5,947,0]
07-30 09:12:39.071  1000  2741  3962 I sysui_multi_action: [757,804,799,note_freshness,801,916,802,1]
07-30 09:12:39.727 10034  2989  3126 I sysui_multi_action: [757,1093,758,4,793,2129,1094,9486336,1095,4]
07-30 09:12:40.069  1000  2741  3593 I sysui_multi_action: [757,128,758,4,793,1913,794,997,795,1913,796,3,797,low_battery,806,com.android.systemui,857,BAT,858,5,947,0]
07-30 09:12:40.070  1000  2741  2741 I sysui_multi_action: [757,804,799,note_click_longevity,801,0,802,1]
07-30 09:12:40.075  1000  2741  2741 I sysui_multi_action: [757,128,758,5,759,8,793,1920,794,1004,795,1920,796,3,797,low_battery,806,com.android.systemui,857,BAT,858,5,947,0]
07-30 09:12:40.460  1000  2741  3324 I sysui_multi_action: [757,127,758,2]
07-30 09:12:40.565  1000 15601 15619 I sysui_multi_action: [757,803,799,fuelgauge.PowerUsageSummary/screen_timeout_battery|60000,802,1]
07-30 09:12:40.647  1000 15601 15601 I sysui_multi_action: [757,54,758,1,833,0]
07-30 09:12:40.809  1000  2741  2779 I sysui_multi_action: [319,161,321,134,322,732,325,2603,757,761,758,7,759,1,806,com.android.settings,871,com.android.settings.Settings$PowerUsageSummaryActivity,904,com.android.systemui,905,0,945,88]
07-30 09:12:41.458 10034  2989  2989 I sysui_multi_action: [757,931,758,4,759,3,932,0,933,0]
07-30 09:12:41.514  1000  2741  3324 I sysui_multi_action: [324,0,757,1090,758,12,806,com.android.settings,871,com.android.settings.Settings$PowerUsageSummaryActivity,1091,1439]
07-30 09:12:41.602 10034  2989  3126 I sysui_multi_action: [757,1093,758,4,793,1875,1094,9486336,1095,4]
07-30 09:12:41.626 10034  2989  2989 I sysui_multi_action: [757,931,758,4,759,3,932,0,933,1]
07-30 09:12:41.641  1000 15601 15601 I sysui_multi_action: [757,54,758,2]
07-30 09:12:41.811  1000  2741  2767 I sysui_multi_action: [757,803,799,window_time_0,802,165]
07-30 09:12:41.811  1000  2741  2767 I sysui_multi_action: [757,803,799,window_time_0,802,0]
07-30 09:12:42.438  1000  2741  2779 I sysui_multi_action: [319,791,322,285,325,2604,757,761,758,9,759,2,806,com.smartron.tronxlauncher,871,com.smartron.smextension.TronxLauncher,905,0]
07-30 09:12:43.023 10034  2989  3126 I sysui_multi_action: [757,1093,758,4,793,1420,1094,9486336,1095,4]
07-30 09:12:45.617 10034  2989  3126 I sysui_multi_action: [757,1093,758,4,793,2595,1094,9486336,1095,4]
07-30 09:12:47.073  1000  2741  2767 I sysui_multi_action: [757,803,799,window_time_0,802,5]
07-30 09:12:47.429  1000  2741  2779 I sysui_multi_action: [319,418,322,417,325,2610,757,761,758,9,759,2,806,com.google.android.youtube,871,com.google.android.apps.youtube.app.WatchWhileActivity,904,com.google.android.youtube,905,0]
07-30 09:12:48.628 10034  2989  3126 I sysui_multi_action: [757,1093,758,4,793,3011,1094,9486336,1095,4]
07-30 09:12:49.009 10034  2989  2989 I sysui_multi_action: [757,803,799,panel_open,802,1]
07-30 09:12:49.046  1000  2741  3953 I sysui_multi_action: [757,127,758,1]
07-30 09:12:49.046  1000  2741  3953 I sysui_multi_action: [757,804,799,note_load,801,18,802,1]
07-30 09:12:49.564  1000  2741  3953 I sysui_multi_action: [757,128,758,1,793,3307362,794,0,795,3307362,796,0,797,com.google.android.apps.messaging:sms:116,798,0,806,com.google.android.apps.messaging,857,bugle_default_channel,858,4,946,bugle_notification_group_key,947,0]
07-30 09:12:49.564  1000  2741  3953 I sysui_multi_action: [757,804,799,note_freshness,801,3307362,802,1]
07-30 09:12:49.875  1000  2741  3953 I sysui_multi_action: [757,128,758,2,793,3307673,794,311,795,3307673,796,0,797,com.google.android.apps.messaging:sms:116,798,0,806,com.google.android.apps.messaging,857,bugle_default_channel,858,4,946,bugle_notification_group_key,947,0]
07-30 09:12:49.876  1000  2741  7024 I sysui_multi_action: [757,127,758,2]
07-30 09:12:53.631 10034  2989  3126 I sysui_multi_action: [757,1093,758,4,793,5003,1094,9486336,1095,4]
07-30 09:12:55.647 10034  2989  3126 I sysui_multi_action: [757,1093,758,4,793,2016,1094,9486336,1095,4]
07-30 09:13:03.667 10034  2989  3126 I sysui_multi_action: [757,1093,758,4,793,8020,1094,9486336,1095,4]
07-30 09:13:06.677 10034  2989  3126 I sysui_multi_action: [757,1093,758,4,793,3010,1094,9486336,1095,4]
07-30 09:13:08.827 10034  2989  3126 I sysui_multi_action: [757,1093,758,4,793,2150,1094,9486336,1095,4]
07-30 09:13:10.687 10034  2989  3126 I sysui_multi_action: [757,1093,758,4,793,1859,1094,9486336,1095,4]
07-30 09:13:16.701 10034  2989  3126 I sysui_multi_action: [757,1093,758,4,793,6015,1094,9486336,1095,4]
07-30 09:13:18.704 10034  2989  3126 I sysui_multi_action: [757,1093,758,4,793,2003,1094,9486336,1095,4]
07-30 09:13:20.707 10034  2989  3126 I sysui_multi_action: [757,1093,758,4,793,2003,1094,9486336,1095,4]
07-30 09:13:22.717 10034  2989  3126 I sysui_multi_action: [757,1093,758,4,793,2010,1094,9486336,1095,4]
07-30 09:13:23.824 10034  2989  3126 I sysui_multi_action: [757,1093,758,4,793,1107,1094,9486336,1095,4]
07-30 09:13:26.877 10034  2989  3126 I sysui_multi_action: [757,1093,758,4,793,3052,1094,9486336,1095,4]
07-30 09:13:28.725 10034  2989  3126 I sysui_multi_action: [757,1093,758,4,793,1849,1094,9486336,1095,4]
07-30 09:13:29.922 10034  2989  3126 I sysui_multi_action: [757,1093,758,4,793,1196,1094,9486336,1095,4]
07-30 09:13:33.039 10034  2989  3126 I sysui_multi_action: [757,1093,758,4,793,3118,1094,9486336,1095,4]
07-30 09:13:35.713 10034  2989  3126 I sysui_multi_action: [757,1093,758,4,793,2674,1094,9486336,1095,4]
07-30 09:13:37.467 10034  2989  3126 I sysui_multi_action: [757,1093,758,4,793,1754,1094,9486336,1095,4]
07-30 09:13:38.754 10034  2989  3126 I sysui_multi_action: [757,1093,758,4,793,1287,1094,9486336,1095,4]
07-30 09:13:41.771 10034  2989  3126 I sysui_multi_action: [757,1093,758,4,793,3016,1094,9486336,1095,4]
07-30 09:13:45.138 10034  2989  3126 I sysui_multi_action: [757,1093,758,4,793,3368,1094,9486336,1095,4]
07-30 09:13:46.779 10034  2989  3126 I sysui_multi_action: [757,1093,758,4,793,1641,1094,9486336,1095,4]
07-30 09:13:48.238 10034  2989  3126 I sysui_multi_action: [757,1093,758,4,793,1458,1094,9486336,1095,4]
07-30 09:13:49.777 10034  2989  3126 I sysui_multi_action: [757,1093,758,4,793,1539,1094,9486336,1095,4]
07-30 09:13:54.287 10034  2989  3126 I sysui_multi_action: [757,1093,758,4,793,4510,1094,9486336,1095,4]
07-30 09:13:57.378 10034  2989  3126 I sysui_multi_action: [757,1093,758,4,793,3091,1094,9486336,1095,4]
07-30 09:13:58.807 10034  2989  3126 I sysui_multi_action: [757,1093,758,4,793,1430,1094,9486336,1095,4]
07-30 09:14:00.422 10034  2989  3126 I sysui_multi_action: [757,1093,758,4,793,1615,1094,9486336,1095,4]
07-30 09:14:01.807 10034  2989  3126 I sysui_multi_action: [757,1093,758,4,793,1384,1094,9486336,1095,4]
07-30 09:14:06.805 10034  2989  3126 I sysui_multi_action: [757,1093,758,4,793,4999,1094,9486336,1095,4]
07-30 09:14:08.804 10034  2989  3126 I sysui_multi_action: [757,1093,758,4,793,1999,1094,9486336,1095,4]
07-30 09:14:10.827 10034  2989  3126 I sysui_multi_action: [757,1093,758,4,793,2022,1094,9486336,1095,4]
07-30 09:14:12.607 10034  2989  3126 I sysui_multi_action: [757,1093,758,4,793,1781,1094,9486336,1095,4]
07-30 09:14:12.824  1000  2741  2741 I sysui_multi_action: [757,199,758,1,759,5,793,4223914,794,2913890,795,13,796,0,806,com.twitter.android,857,1141110380-tweet_notifications,858,3,947,0]
07-30 09:14:18.678 10034  2989  3126 I sysui_multi_action: [757,1093,758,4,793,6071,1094,9486336,1095,4]
07-30 09:14:31.887 10034  2989  3126 I sysui_multi_action: [757,1093,758,4,793,13209,1094,9486336,1095,4]
07-30 09:14:33.887 10034  2989  3126 I sysui_multi_action: [757,1093,758,4,793,2000,1094,9486336,1095,4]
07-30 09:14:37.907 10034  2989  3126 I sysui_multi_action: [757,1093,758,4,793,4020,1094,9486336,1095,4]
07-30 09:14:39.913 10034  2989  3126 I sysui_multi_action: [757,1093,758,4,793,2006,1094,9486336,1095,4]
07-30 09:14:42.918 10034  2989  3126 I sysui_multi_action: [757,1093,758,4,793,3004,1094,9486336,1095,4]
07-30 09:14:45.922 10034  2989  3126 I sysui_multi_action: [757,1093,758,4,793,3005,1094,9486336,1095,4]
07-30 09:14:47.930 10034  2989  3126 I sysui_multi_action: [757,1093,758,4,793,2008,1094,9486336,1095,4]
07-30 09:14:49.123 10034  2989  3126 I sysui_multi_action: [757,1093,758,4,793,1192,1094,9486336,1095,4]
07-30 09:14:50.938 10034  2989  3126 I sysui_multi_action: [757,1093,758,4,793,1816,1094,9486336,1095,4]
07-30 09:14:52.185 10034  2989  3126 I sysui_multi_action: [757,1093,758,4,793,1246,1094,9486336,1095,4]
07-30 09:14:54.939 10034  2989  3126 I sysui_multi_action: [757,1093,758,4,793,2752,1094,9486336,1095,4]
07-30 09:14:57.947 10034  2989  3126 I sysui_multi_action: [757,1093,758,4,793,3011,1094,9486336,1095,4]
07-30 09:15:00.347 10034  2989  3126 I sysui_multi_action: [757,1093,758,4,793,2400,1094,9486336,1095,4]
07-30 09:15:02.957 10034  2989  3126 I sysui_multi_action: [757,1093,758,4,793,2610,1094,9486336,1095,4]
07-30 09:15:04.968 10034  2989  3126 I sysui_multi_action: [757,1093,758,4,793,2010,1094,9486336,1095,4]
07-30 09:15:07.941 10034  2989  3126 I sysui_multi_action: [757,1093,758,4,793,2974,1094,9486336,1095,4]
07-30 09:15:08.967 10034  2989  3126 I sysui_multi_action: [757,1093,758,4,793,1026,1094,9486336,1095,4]
07-30 09:15:10.976 10034  2989  3126 I sysui_multi_action: [757,1093,758,4,793,2009,1094,9486336,1095,4]
07-30 09:15:12.966 10034  2989  3126 I sysui_multi_action: [757,1093,758,4,793,1989,1094,9486336,1095,4]
07-30 09:15:15.987 10034  2989  3126 I sysui_multi_action: [757,1093,758,4,793,3022,1094,9486336,1095,4]
07-30 09:15:17.978 10034  2989  3126 I sysui_multi_action: [757,1093,758,4,793,1991,1094,9486336,1095,4]
07-30 09:15:19.017 10034  2989  3126 I sysui_multi_action: [757,1093,758,4,793,1039,1094,9486336,1095,4]
07-30 09:15:22.010 10034  2989  3126 I sysui_multi_action: [757,1093,758,4,793,2993,1094,9486336,1095,4]
07-30 09:15:24.017 10034  2989  3126 I sysui_multi_action: [757,1093,758,4,793,2007,1094,9486336,1095,4]
07-30 09:15:26.017 10034  2989  3126 I sysui_multi_action: [757,1093,758,4,793,2000,1094,9486336,1095,4]
07-30 09:15:27.990 10034  2989  3126 I sysui_multi_action: [757,1093,758,4,793,1973,1094,9486336,1095,4]
07-30 09:15:29.027 10034  2989  3126 I sysui_multi_action: [757,1093,758,4,793,1037,1094,9486336,1095,4]
07-30 09:15:31.035 10034  2989  3126 I sysui_multi_action: [757,1093,758,4,793,2007,1094,9486336,1095,4]
07-30 09:15:33.037 10034  2989  3126 I sysui_multi_action: [757,1093,758,4,793,2002,1094,9486336,1095,4]
07-30 09:15:35.047 10034  2989  3126 I sysui_multi_action: [757,1093,758,4,793,2011,1094,9486336,1095,4]
07-30 09:15:37.015 10034  2989  3126 I sysui_multi_action: [757,1093,758,4,793,1967,1094,9486336,1095,4]
07-30 09:15:39.057 10034  2989  3126 I sysui_multi_action: [757,1093,758,4,793,2043,1094,9486336,1095,4]
07-30 09:15:41.057 10034  2989  3126 I sysui_multi_action: [757,1093,758,4,793,2000,1094,9486336,1095,4]
07-30 09:15:44.077 10034  2989  3126 I sysui_multi_action: [757,1093,758,4,793,3019,1094,9486336,1095,4]
07-30 09:15:46.067 10034  2989  3126 I sysui_multi_action: [757,1093,758,4,793,1991,1094,9486336,1095,4]
07-30 09:15:49.058 10034  2989  3126 I sysui_multi_action: [757,1093,758,4,793,2991,1094,9486336,1095,4]
07-30 09:15:53.081 10034  2989  3126 I sysui_multi_action: [757,1093,758,4,793,4023,1094,9486336,1095,4]
07-30 09:15:55.087 10034  2989  3126 I sysui_multi_action: [757,1093,758,4,793,2006,1094,9486336,1095,4]
07-30 09:15:58.078 10034  2989  3126 I sysui_multi_action: [757,1093,758,4,793,2991,1094,9486336,1095,4]
07-30 09:15:59.320 10034  2989  3126 I sysui_multi_action: [757,1093,758,4,793,1242,1094,9486336,1095,4]
07-30 09:16:01.107 10034  2989  3126 I sysui_multi_action: [757,1093,758,4,793,1786,1094,9486336,1095,4]
07-30 09:16:02.388 10034  2989  3126 I sysui_multi_action: [757,1093,758,4,793,1282,1094,9486336,1095,4]
07-30 09:16:05.113 10034  2989  3126 I sysui_multi_action: [757,1093,758,4,793,2725,1094,9486336,1095,4]
07-30 09:16:07.117 10034  2989  3126 I sysui_multi_action: [757,1093,758,4,793,2004,1094,9486336,1095,4]
07-30 09:16:09.121 10034  2989  3126 I sysui_multi_action: [757,1093,758,4,793,2004,1094,9486336,1095,4]
07-30 09:16:11.110 10034  2989  3126 I sysui_multi_action: [757,1093,758,4,793,1989,1094,9486336,1095,4]
07-30 09:16:13.680 10034  2989  3126 I sysui_multi_action: [757,1093,758,4,793,2569,1094,9486336,1095,4]
07-30 09:16:16.139 10034  2989  3126 I sysui_multi_action: [757,1093,758,4,793,2459,1094,9486336,1095,4]
07-30 09:16:18.145 10034  2989  3126 I sysui_multi_action: [757,1093,758,4,793,2007,1094,9486336,1095,4]
07-30 09:16:20.149 10034  2989  3126 I sysui_multi_action: [757,1093,758,4,793,2004,1094,9486336,1095,4]
07-30 09:16:22.154 10034  2989  3126 I sysui_multi_action: [757,1093,758,4,793,2005,1094,9486336,1095,4]
07-30 09:16:23.823 10034  2989  3126 I sysui_multi_action: [757,1093,758,4,793,1669,1094,9486336,1095,4]
07-30 09:16:25.161 10034  2989  3126 I sysui_multi_action: [757,1093,758,4,793,1338,1094,9486336,1095,4]
07-30 09:16:27.152 10034  2989  3126 I sysui_multi_action: [757,1093,758,4,793,1991,1094,9486336,1095,4]
07-30 09:16:29.168 10034  2989  3126 I sysui_multi_action: [757,1093,758,4,793,2015,1094,9486336,1095,4]
07-30 09:16:31.175 10034  2989  3126 I sysui_multi_action: [757,1093,758,4,793,2008,1094,9486336,1095,4]
07-30 09:16:33.038 10034  2989  3126 I sysui_multi_action: [757,1093,758,4,793,1862,1094,9486336,1095,4]
07-30 09:16:35.177 10034  2989  3126 I sysui_multi_action: [757,1093,758,4,793,2139,1094,9486336,1095,4]
07-30 09:16:38.179 10034  2989  3126 I sysui_multi_action: [757,1093,758,4,793,3002,1094,9486336,1095,4]
07-30 09:16:42.201 10034  2989  3126 I sysui_multi_action: [757,1093,758,4,793,4023,1094,9486336,1095,4]
07-30 09:16:46.227 10034  2989  3126 I sysui_multi_action: [757,1093,758,4,793,4026,1094,9486336,1095,4]
07-30 09:16:48.204 10034  2989  3126 I sysui_multi_action: [757,1093,758,4,793,1977,1094,9486336,1095,4]
07-30 09:16:51.211 10034  2989  3126 I sysui_multi_action: [757,1093,758,4,793,3007,1094,9486336,1095,4]
07-30 09:16:54.203 10034  2989  3126 I sysui_multi_action: [757,1093,758,4,793,2992,1094,9486336,1095,4]
07-30 09:16:57.209 10034  2989  3126 I sysui_multi_action: [757,1093,758,4,793,3006,1094,9486336,1095,4]
07-30 09:16:59.237 10034  2989  3126 I sysui_multi_action: [757,1093,758,4,793,2028,1094,9486336,1095,4]
07-30 09:17:01.396  1000  2741  2741 I sysui_multi_action: [757,199,758,1,759,5,793,4392485,794,3082461,795,7,796,0,806,com.twitter.android,857,1141110380-tweet_notifications,858,3,947,0]
07-30 09:17:03.242 10034  2989  3126 I sysui_multi_action: [757,1093,758,4,793,4005,1094,9486336,1095,4]
07-30 09:17:04.055  1000  2741  2741 I sysui_multi_action: [757,199,758,1,759,5,793,4395145,794,3085121,795,8,796,0,806,com.twitter.android,857,1141110380-tweet_notifications,858,3,947,0]
07-30 09:17:05.257 10034  2989  3126 I sysui_multi_action: [757,1093,758,4,793,2015,1094,9486336,1095,4]
07-30 09:17:06.657 10034  2989  3126 I sysui_multi_action: [757,1093,758,4,793,1399,1094,9486336,1095,4]
07-30 09:17:09.257 10034  2989  3126 I sysui_multi_action: [757,1093,758,4,793,2601,1094,9486336,1095,4]
07-30 09:17:11.269 10034  2989  3126 I sysui_multi_action: [757,1093,758,4,793,2012,1094,9486336,1095,4]
07-30 09:17:16.288 10034  2989  3126 I sysui_multi_action: [757,1093,758,4,793,5018,1094,9486336,1095,4]
07-30 09:17:19.272 10034  2989  3126 I sysui_multi_action: [757,1093,758,4,793,2984,1094,9486336,1095,4]
07-30 09:17:22.297 10034  2989  3126 I sysui_multi_action: [757,1093,758,4,793,3025,1094,9486336,1095,4]
07-30 09:17:25.309 10034  2989  3126 I sysui_multi_action: [757,1093,758,4,793,3013,1094,9486336,1095,4]
07-30 09:17:27.326 10034  2989  3126 I sysui_multi_action: [757,1093,758,4,793,2017,1094,9486336,1095,4]
07-30 09:17:28.743 10034  2989  3126 I sysui_multi_action: [757,1093,758,4,793,1417,1094,9486336,1095,5]
07-30 09:17:30.153 10034  2989  3126 I sysui_multi_action: [757,1093,758,4,793,1410,1094,9486336,1095,5]
07-30 09:17:31.428 10034  2989  3126 I sysui_multi_action: [757,1093,758,4,793,1275,1094,9486336,1095,5]
07-30 09:17:32.688 10034  2989  3126 I sysui_multi_action: [757,1093,758,4,793,1260,1094,9486336,1095,5]
07-30 09:17:35.536 10034  2989  3126 I sysui_multi_action: [757,1093,758,4,793,2847,1094,9486336,1095,5]
07-30 09:17:36.584 10034  2989  3126 I sysui_multi_action: [757,1093,758,4,793,1049,1094,9486336,1095,5]
07-30 09:17:38.685 10034  2989  3126 I sysui_multi_action: [757,1093,758,4,793,2101,1094,9486336,1095,5]
07-30 09:17:39.725 10034  2989  3126 I sysui_multi_action: [757,1093,758,4,793,1040,1094,9486336,1095,5]
07-30 09:17:42.718 10034  2989  3126 I sysui_multi_action: [757,1093,758,4,793,2993,1094,9486336,1095,5]
07-30 09:17:43.798 10034  2989  3126 I sysui_multi_action: [757,1093,758,4,793,1080,1094,9486336,1095,5]
07-30 09:17:45.508 10034  2989  3126 I sysui_multi_action: [757,1093,758,4,793,1710,1094,9486336,1095,5]
07-30 09:17:46.729 10034  2989  3126 I sysui_multi_action: [757,1093,758,4,793,1221,1094,9486336,1095,5]
07-30 09:17:48.510 10034  2989  3126 I sysui_multi_action: [757,1093,758,4,793,1780,1094,9486336,1095,5]
07-30 09:17:49.736 10034  2989  3126 I sysui_multi_action: [757,1093,758,4,793,1227,1094,9486336,1095,5]
07-30 09:17:51.740 10034  2989  3126 I sysui_multi_action: [757,1093,758,4,793,2004,1094,9486336,1095,5]
07-30 09:17:54.503 10034  2989  3126 I sysui_multi_action: [757,1093,758,4,793,2763,1094,9486336,1095,5]
07-30 09:17:55.734 10034  2989  3126 I sysui_multi_action: [757,1093,758,4,793,1231,1094,9486336,1095,5]
07-30 09:17:57.483 10034  2989  3126 I sysui_multi_action: [757,1093,758,4,793,1749,1094,9486336,1095,5]
07-30 09:17:58.651 10034  2989  3126 I sysui_multi_action: [757,1093,758,4,793,1167,1094,9486336,1095,5]
07-30 09:17:59.763 10034  2989  3126 I sysui_multi_action: [757,1093,758,4,793,1113,1094,9486336,1095,5]
07-30 09:18:01.771 10034  2989  3126 I sysui_multi_action: [757,1093,758,4,793,2008,1094,9486336,1095,5]
07-30 09:18:03.740 10034  2989  3126 I sysui_multi_action: [757,1093,758,4,793,1968,1094,9486336,1095,5]
07-30 09:18:05.058 10034  2989  3126 I sysui_multi_action: [757,1093,758,4,793,1319,1094,9486336,1095,5]
07-30 09:18:08.604 10034  2989  3126 I sysui_multi_action: [757,1093,758,4,793,3546,1094,9486336,1095,5]
07-30 09:18:09.778 10034  2989  3126 I sysui_multi_action: [757,1093,758,4,793,1174,1094,9486336,1095,5]
07-30 09:18:12.799 10034  2989  3126 I sysui_multi_action: [757,1093,758,4,793,3021,1094,9486336,1095,5]
07-30 09:18:14.238 10034  2989  3126 I sysui_multi_action: [757,1093,758,4,793,1439,1094,9486336,1095,5]
07-30 09:18:16.778 10034  2989  3126 I sysui_multi_action: [757,1093,758,4,793,2540,1094,9486336,1095,5]
07-30 09:18:17.818 10034  2989  3126 I sysui_multi_action: [757,1093,758,4,793,1040,1094,9486336,1095,5]
07-30 09:18:19.792 10034  2989  3126 I sysui_multi_action: [757,1093,758,4,793,1974,1094,9486336,1095,5]
07-30 09:18:21.798 10034  2989  3126 I sysui_multi_action: [757,1093,758,4,793,2006,1094,9486336,1095,5]
07-30 09:18:23.446 10034  2989  3126 I sysui_multi_action: [757,1093,758,4,793,1648,1094,9486336,1095,5]
07-30 09:18:25.159 10034  2989  3126 I sysui_multi_action: [757,1093,758,4,793,1713,1094,9486336,1095,5]
07-30 09:18:27.529 10034  2989  3126 I sysui_multi_action: [757,1093,758,4,793,2370,1094,9486336,1095,5]
07-30 09:18:29.528 10034  2989  3126 I sysui_multi_action: [757,1093,758,4,793,1999,1094,9486336,1095,5]
07-30 09:18:30.848 10034  2989  3126 I sysui_multi_action: [757,1093,758,4,793,1320,1094,9486336,1095,5]
07-30 09:18:32.503 10034  2989  3126 I sysui_multi_action: [757,1093,758,4,793,1655,1094,9486336,1095,5]
07-30 09:18:33.539 10034  2989  3126 I sysui_multi_action: [757,1093,758,4,793,1035,1094,9486336,1095,5]
07-30 09:18:35.558 10034  2989  3126 I sysui_multi_action: [757,1093,758,4,793,2020,1094,9486336,1095,5]
07-30 09:18:37.858 10034  2989  3126 I sysui_multi_action: [757,1093,758,4,793,2300,1094,9486336,1095,5]
07-30 09:18:39.856 10034  2989  3126 I sysui_multi_action: [757,1093,758,4,793,1997,1094,9486336,1095,5]
07-30 09:18:42.878 10034  2989  3126 I sysui_multi_action: [757,1093,758,4,793,3023,1094,9486336,1095,5]
07-30 09:18:46.884 10034  2989  3126 I sysui_multi_action: [757,1093,758,4,793,4006,1094,9486336,1095,5]
07-30 09:18:49.889 10034  2989  3126 I sysui_multi_action: [757,1093,758,4,793,3005,1094,9486336,1095,5]
07-30 09:18:51.869 10034  2989  3126 I sysui_multi_action: [757,1093,758,4,793,1980,1094,9486336,1095,5]
07-30 09:18:52.871 10034  2989  3126 I sysui_multi_action: [757,1093,758,4,793,1002,1094,9486336,1095,5]
07-30 09:18:53.937 10034  2989  3126 I sysui_multi_action: [757,1093,758,4,793,1066,1094,9486336,1095,5]
07-30 09:18:55.889 10034  2989  3126 I sysui_multi_action: [757,1093,758,4,793,1952,1094,9486336,1095,5]
07-30 09:18:57.009 10034  2989  3126 I sysui_multi_action: [757,1093,758,4,793,1119,1094,9486336,1095,5]
07-30 09:18:59.891 10034  2989  3126 I sysui_multi_action: [757,1093,758,4,793,2883,1094,9486336,1095,5]
07-30 09:19:01.922 10034  2989  3126 I sysui_multi_action: [757,1093,758,4,793,2031,1094,9486336,1095,5]
07-30 09:19:05.904 10034  2989  3126 I sysui_multi_action: [757,1093,758,4,793,3982,1094,9486336,1095,5]
07-30 09:19:07.931 10034  2989  3126 I sysui_multi_action: [757,1093,758,4,793,2027,1094,9486336,1095,5]
07-30 09:19:09.161 10034  2989  3126 I sysui_multi_action: [757,1093,758,4,793,1230,1094,9486336,1095,5]
07-30 09:19:10.941 10034  2989  3126 I sysui_multi_action: [757,1093,758,4,793,1780,1094,9486336,1095,5]
07-30 09:19:12.593 10034  2989  3126 I sysui_multi_action: [757,1093,758,4,793,1652,1094,9486336,1095,5]
07-30 09:19:15.929 10034  2989  3126 I sysui_multi_action: [757,1093,758,4,793,3336,1094,9486336,1095,5]
07-30 09:19:17.958 10034  2989  3126 I sysui_multi_action: [757,1093,758,4,793,2029,1094,9486336,1095,5]
07-30 09:19:19.957 10034  2989  3126 I sysui_multi_action: [757,1093,758,4,793,1998,1094,9486336,1095,5]
07-30 09:19:21.576 10034  2989  3126 I sysui_multi_action: [757,1093,758,4,793,1620,1094,9486336,1095,5]
07-30 09:19:22.969 10034  2989  3126 I sysui_multi_action: [757,1093,758,4,793,1392,1094,9486336,1095,5]
